Archive member included to satisfy reference by file (symbol)

C:\Users\lucho\Documents\MCUXpressoIDE_11.4.0_6237\workspace_drivers\CMSISv2p00_LPC17xx\Debug\libCMSISv2p00_LPC17xx.a(system_LPC17xx.o)
                              ./src/cr_startup_lpc175x_6x.o (SystemInit)
C:\Users\lucho\Documents\MCUXpressoIDE_11.4.0_6237\workspace_drivers\CMSISv2p00_LPC17xx\Debug\libCMSISv2p00_LPC17xx.a(lpc17xx_adc.o)
                              ./src/main.o (ADC_Init)
C:\Users\lucho\Documents\MCUXpressoIDE_11.4.0_6237\workspace_drivers\CMSISv2p00_LPC17xx\Debug\libCMSISv2p00_LPC17xx.a(lpc17xx_clkpwr.o)
                              C:\Users\lucho\Documents\MCUXpressoIDE_11.4.0_6237\workspace_drivers\CMSISv2p00_LPC17xx\Debug\libCMSISv2p00_LPC17xx.a(lpc17xx_adc.o) (CLKPWR_GetPCLK)
C:\Users\lucho\Documents\MCUXpressoIDE_11.4.0_6237\workspace_drivers\CMSISv2p00_LPC17xx\Debug\libCMSISv2p00_LPC17xx.a(lpc17xx_gpio.o)
                              ./src/main.o (GPIO_SetDir)
C:\Users\lucho\Documents\MCUXpressoIDE_11.4.0_6237\workspace_drivers\CMSISv2p00_LPC17xx\Debug\libCMSISv2p00_LPC17xx.a(lpc17xx_libcfg_default.o)
                              C:\Users\lucho\Documents\MCUXpressoIDE_11.4.0_6237\workspace_drivers\CMSISv2p00_LPC17xx\Debug\libCMSISv2p00_LPC17xx.a(lpc17xx_adc.o) (check_failed)
C:\Users\lucho\Documents\MCUXpressoIDE_11.4.0_6237\workspace_drivers\CMSISv2p00_LPC17xx\Debug\libCMSISv2p00_LPC17xx.a(lpc17xx_pinsel.o)
                              ./src/main.o (PINSEL_ConfigPin)
C:\Users\lucho\Documents\MCUXpressoIDE_11.4.0_6237\workspace_drivers\CMSISv2p00_LPC17xx\Debug\libCMSISv2p00_LPC17xx.a(lpc17xx_timer.o)
                              ./src/main.o (TIM_Init)
C:\Users\lucho\Documents\MCUXpressoIDE_11.4.0_6237\workspace_drivers\CMSISv2p00_LPC17xx\Debug\libCMSISv2p00_LPC17xx.a(lpc17xx_uart.o)
                              ./src/main.o (UART_Init)
c:/nxp/mcuxpressoide_11.4.0_6237/ide/plugins/com.nxp.mcuxpresso.tools.win32_11.4.0.202103011116/tools/bin/../lib/gcc/arm-none-eabi/10.2.1/../../../../arm-none-eabi/lib/thumb/v7-m/nofp\libcr_c.a(__weak__main.o)
                              ./src/cr_startup_lpc175x_6x.o (__main)
c:/nxp/mcuxpressoide_11.4.0_6237/ide/plugins/com.nxp.mcuxpresso.tools.win32_11.4.0.202103011116/tools/bin/../lib/gcc/arm-none-eabi/10.2.1/thumb/v7-m/nofp\libcr_eabihelpers.a(division_64.o)
                              C:\Users\lucho\Documents\MCUXpressoIDE_11.4.0_6237\workspace_drivers\CMSISv2p00_LPC17xx\Debug\libCMSISv2p00_LPC17xx.a(system_LPC17xx.o) (__aeabi_ldivmod)
c:/nxp/mcuxpressoide_11.4.0_6237/ide/plugins/com.nxp.mcuxpresso.tools.win32_11.4.0.202103011116/tools/bin/../lib/gcc/arm-none-eabi/10.2.1/thumb/v7-m/nofp\libcr_eabihelpers.a(division_idiv0.o)
                              c:/nxp/mcuxpressoide_11.4.0_6237/ide/plugins/com.nxp.mcuxpresso.tools.win32_11.4.0.202103011116/tools/bin/../lib/gcc/arm-none-eabi/10.2.1/thumb/v7-m/nofp\libcr_eabihelpers.a(division_64.o) (__aeabi_idiv0)

Discarded input sections

 .group         0x00000000        0xc ./src/cr_startup_lpc175x_6x.o
 .text          0x00000000        0x0 ./src/cr_startup_lpc175x_6x.o
 .data          0x00000000        0x0 ./src/cr_startup_lpc175x_6x.o
 .bss           0x00000000        0x0 ./src/cr_startup_lpc175x_6x.o
 .group         0x00000000        0xc ./src/crp.o
 .group         0x00000000        0xc ./src/crp.o
 .text          0x00000000        0x0 ./src/crp.o
 .data          0x00000000        0x0 ./src/crp.o
 .bss           0x00000000        0x0 ./src/crp.o
 .debug_macro   0x00000000      0xa7e ./src/crp.o
 .group         0x00000000        0xc ./src/main.o
 .group         0x00000000        0xc ./src/main.o
 .group         0x00000000        0xc ./src/main.o
 .group         0x00000000        0xc ./src/main.o
 .group         0x00000000        0xc ./src/main.o
 .group         0x00000000        0xc ./src/main.o
 .group         0x00000000        0xc ./src/main.o
 .group         0x00000000        0xc ./src/main.o
 .group         0x00000000        0xc ./src/main.o
 .group         0x00000000        0xc ./src/main.o
 .group         0x00000000        0xc ./src/main.o
 .group         0x00000000        0xc ./src/main.o
 .group         0x00000000        0xc ./src/main.o
 .group         0x00000000        0xc ./src/main.o
 .group         0x00000000        0xc ./src/main.o
 .text          0x00000000        0x0 ./src/main.o
 .data          0x00000000        0x0 ./src/main.o
 .bss           0x00000000        0x0 ./src/main.o
 .text.Antirebote
                0x00000000       0x2c ./src/main.o
 .bss.keypress  0x00000000        0x1 ./src/main.o
 .data.keypad   0x00000000       0x14 ./src/main.o
 .text.readkey  0x00000000       0x9c ./src/main.o
 .text.retardo  0x00000000       0x2c ./src/main.o
 .data.clear    0x00000000        0x7 ./src/main.o
 .bss.data      0x00000000        0x1 ./src/main.o
 .text.consoleclear
                0x00000000       0x1c ./src/main.o
 .text.sendData
                0x00000000       0x1c ./src/main.o
[...]
Memory Configuration

Name             Origin             Length             Attributes
MFlash512        0x00000000         0x00080000         xr
RamLoc32         0x10000000         0x00008000         xrw
RamAHB32         0x2007c000         0x00008000         xrw
*default*        0x00000000         0xffffffff

Linker script and memory map

LOAD ./src/cr_startup_lpc175x_6x.o
LOAD ./src/crp.o
LOAD ./src/main.o
LOAD C:\Users\lucho\Documents\MCUXpressoIDE_11.4.0_6237\workspace_drivers\CMSISv2p00_LPC17xx\Debug\libCMSISv2p00_LPC17xx.a
START GROUP
LOAD c:/nxp/mcuxpressoide_11.4.0_6237/ide/plugins/com.nxp.mcuxpresso.tools.win32_11.4.0.202103011116/tools/bin/../lib/gcc/arm-none-eabi/10.2.1/../../../../arm-none-eabi/lib/thumb/v7-m/nofp\libcr_c.a
LOAD c:/nxp/mcuxpressoide_11.4.0_6237/ide/plugins/com.nxp.mcuxpresso.tools.win32_11.4.0.202103011116/tools/bin/../lib/gcc/arm-none-eabi/10.2.1/thumb/v7-m/nofp\libcr_eabihelpers.a
LOAD c:/nxp/mcuxpressoide_11.4.0_6237/ide/plugins/com.nxp.mcuxpresso.tools.win32_11.4.0.202103011116/tools/bin/../lib/gcc/arm-none-eabi/10.2.1/thumb/v7-m/nofp\libgcc.a
END GROUP
                0x00000000                __base_MFlash512 = 0x0
                0x00000000                __base_Flash = 0x0
                0x00080000                __top_MFlash512 = 0x80000
                0x00080000                __top_Flash = 0x80000
                0x10000000                __base_RamLoc32 = 0x10000000
                0x10000000                __base_RAM = 0x10000000
                0x10008000                __top_RamLoc32 = 0x10008000
                0x10008000                __top_RAM = 0x10008000
                0x2007c000                __base_RamAHB32 = 0x2007c000
                0x2007c000                __base_RAM2 = 0x2007c000
                0x20084000                __top_RamAHB32 = 0x20084000
                0x20084000                __top_RAM2 = 0x20084000

.text           0x00000000     0x12d8
 FILL mask 0xff
                0x00000000                __vectors_start__ = ABSOLUTE (.)
 *(.isr_vector)
 .isr_vector    0x00000000       0xcc ./src/cr_startup_lpc175x_6x.o
                0x00000000                g_pfnVectors
                0x000000cc                . = ALIGN (0x4)
                0x000000cc                __section_table_start = .
                0x000000cc                __data_section_table = .
                0x000000cc        0x4 LONG 0x12d8 LOADADDR (.data)
                0x000000d0        0x4 LONG 0x10000000 ADDR (.data)
                0x000000d4        0x4 LONG 0x4 SIZEOF (.data)
                0x000000d8        0x4 LONG 0x12d8 LOADADDR (.data_RAM2)
                0x000000dc        0x4 LONG 0x2007c000 ADDR (.data_RAM2)
                0x000000e0        0x4 LONG 0x0 SIZEOF (.data_RAM2)
                0x000000e4                __data_section_table_end = .
                0x000000e4                __bss_section_table = .
                0x000000e4        0x4 LONG 0x10000004 ADDR (.bss)
                0x000000e8        0x4 LONG 0xc SIZEOF (.bss)
                0x000000ec        0x4 LONG 0x2007c000 ADDR (.bss_RAM2)
                0x000000f0        0x4 LONG 0x0 SIZEOF (.bss_RAM2)
                0x000000f4                __bss_section_table_end = .
                0x000000f4                __section_table_end = .
 *(.after_vectors*)
 .after_vectors
                0x000000f4      0x130 ./src/cr_startup_lpc175x_6x.o
                0x000000f4                data_init
                0x00000138                bss_init
                0x00000170                ResetISR
                0x000001e8                NMI_Handler
                0x000001ee                HardFault_Handler
                0x000001f4                MemManage_Handler
                0x000001fa                BusFault_Handler
                0x00000200                UsageFault_Handler
                0x00000206                SVC_Handler
                0x0000020c                DebugMon_Handler
                0x00000212                PendSV_Handler
                0x00000218                SysTick_Handler
                0x0000021e                UART1_IRQHandler
                0x0000021e                CANActivity_IRQHandler
                0x0000021e                TIMER3_IRQHandler
                0x0000021e                UART0_IRQHandler
                0x0000021e                EINT2_IRQHandler
                0x0000021e                USBActivity_IRQHandler
                0x0000021e                IntDefaultHandler
                0x0000021e                PLL0_IRQHandler
                0x0000021e                I2C0_IRQHandler
                0x0000021e                I2C1_IRQHandler
                0x0000021e                SSP0_IRQHandler
                0x0000021e                I2S_IRQHandler
                0x0000021e                I2C2_IRQHandler
                0x0000021e                RTC_IRQHandler
                0x0000021e                SPI_IRQHandler
                0x0000021e                RIT_IRQHandler
                0x0000021e                EINT1_IRQHandler
                0x0000021e                TIMER1_IRQHandler
                0x0000021e                UART2_IRQHandler
                0x0000021e                ADC_IRQHandler
                0x0000021e                SSP1_IRQHandler
                0x0000021e                USB_IRQHandler
                0x0000021e                BOD_IRQHandler
                0x0000021e                PLL1_IRQHandler
                0x0000021e                WDT_IRQHandler
                0x0000021e                PWM1_IRQHandler
                0x0000021e                QEI_IRQHandler
                0x0000021e                EINT0_IRQHandler
                0x0000021e                CAN_IRQHandler
                0x0000021e                DMA_IRQHandler
                0x0000021e                TIMER2_IRQHandler
                0x0000021e                UART3_IRQHandler
                0x0000021e                MCPWM_IRQHandler
                0x0000021e                ENET_IRQHandler
                0x000002fc                . = 0x2fc
 *fill*         0x00000224       0xd8 ff
                0x000002fc                PROVIDE (__CRP_WORD_START__ = .)
 *(.crp)
 .crp           0x000002fc        0x4 ./src/crp.o
                0x000002fc                CRP_WORD
                0x00000300                PROVIDE (__CRP_WORD_END__ = .)
                0x00000001                ASSERT (! ((__CRP_WORD_START__ == __CRP_WORD_END__)), Linker CRP Enabled, but no CRP_WORD provided within application)
 *(.text*)
 .text.NVIC_EnableIRQ
                0x00000300       0x30 ./src/main.o
 .text.config_GPIO
                0x00000330       0xc6 ./src/main.o
                0x00000330                config_GPIO
 *fill*         0x000003f6        0x2 ff
 .text.confUart
                0x000003f8       0x44 ./src/main.o
                0x000003f8                confUart
 .text.confTimers
                0x0000043c       0xa8 ./src/main.o
                0x0000043c                confTimers
 .text.TIMER0_IRQHandler
                0x000004e4       0xa0 ./src/main.o
                0x000004e4                TIMER0_IRQHandler
 .text.confADC  0x00000584       0x44 ./src/main.o
                0x00000584                confADC
 .text.main     0x000005c8       0x34 ./src/main.o
                0x000005c8                main
 .text.EINT3_IRQHandler
                0x000005fc       0x6c ./src/main.o
                0x000005fc                EINT3_IRQHandler
 .text.SetAlarma
                0x00000668        0xc ./src/main.o
                0x00000668                SetAlarma
 .text.SetHora  0x00000674        0xc ./src/main.o
                0x00000674                SetHora
 .text.CambiarMenu
                0x00000680       0x28 ./src/main.o
                0x00000680                CambiarMenu
 .text.VerificarAlarma
                0x000006a8       0x34 ./src/main.o
                0x000006a8                VerificarAlarma
 .text.MostrarTemp
                0x000006dc        0xc ./src/main.o
                0x000006dc                MostrarTemp
 .text.MostrarHora
                0x000006e8        0xc ./src/main.o
                0x000006e8                MostrarHora
 .text.SonarAlarma
                0x000006f4        0xc ./src/main.o
                0x000006f4                SonarAlarma
 .text.SystemInit
                0x00000700       0xd8 C:\Users\lucho\Documents\MCUXpressoIDE_11.4.0_6237\workspace_drivers\CMSISv2p00_LPC17xx\Debug\libCMSISv2p00_LPC17xx.a(system_LPC17xx.o)
                0x00000700                SystemInit
 .text.ADC_Init
                0x000007d8       0x58 C:\Users\lucho\Documents\MCUXpressoIDE_11.4.0_6237\workspace_drivers\CMSISv2p00_LPC17xx\Debug\libCMSISv2p00_LPC17xx.a(lpc17xx_adc.o)
                0x000007d8                ADC_Init
 .text.ADC_StartCmd
                0x00000830       0x3c C:\Users\lucho\Documents\MCUXpressoIDE_11.4.0_6237\workspace_drivers\CMSISv2p00_LPC17xx\Debug\libCMSISv2p00_LPC17xx.a(lpc17xx_adc.o)
                0x00000830                ADC_StartCmd
 .text.ADC_BurstCmd
                0x0000086c       0x30 C:\Users\lucho\Documents\MCUXpressoIDE_11.4.0_6237\workspace_drivers\CMSISv2p00_LPC17xx\Debug\libCMSISv2p00_LPC17xx.a(lpc17xx_adc.o)
                0x0000086c                ADC_BurstCmd
 .text.ADC_EdgeStartConfig
                0x0000089c       0x3c C:\Users\lucho\Documents\MCUXpressoIDE_11.4.0_6237\workspace_drivers\CMSISv2p00_LPC17xx\Debug\libCMSISv2p00_LPC17xx.a(lpc17xx_adc.o)
                0x0000089c                ADC_EdgeStartConfig
 .text.ADC_IntConfig
                0x000008d8       0x44 C:\Users\lucho\Documents\MCUXpressoIDE_11.4.0_6237\workspace_drivers\CMSISv2p00_LPC17xx\Debug\libCMSISv2p00_LPC17xx.a(lpc17xx_adc.o)
                0x000008d8                ADC_IntConfig
 .text.ADC_ChannelCmd
                0x0000091c       0x34 C:\Users\lucho\Documents\MCUXpressoIDE_11.4.0_6237\workspace_drivers\CMSISv2p00_LPC17xx\Debug\libCMSISv2p00_LPC17xx.a(lpc17xx_adc.o)
                0x0000091c                ADC_ChannelCmd
 .text.ADC_ChannelGetStatus
                0x00000950       0x48 C:\Users\lucho\Documents\MCUXpressoIDE_11.4.0_6237\workspace_drivers\CMSISv2p00_LPC17xx\Debug\libCMSISv2p00_LPC17xx.a(lpc17xx_adc.o)
                0x00000950                ADC_ChannelGetStatus
 .text.CLKPWR_SetPCLKDiv
                0x00000998       0x4c C:\Users\lucho\Documents\MCUXpressoIDE_11.4.0_6237\workspace_drivers\CMSISv2p00_LPC17xx\Debug\libCMSISv2p00_LPC17xx.a(lpc17xx_clkpwr.o)
                0x00000998                CLKPWR_SetPCLKDiv
 .text.CLKPWR_GetPCLKSEL
                0x000009e4       0x20 C:\Users\lucho\Documents\MCUXpressoIDE_11.4.0_6237\workspace_drivers\CMSISv2p00_LPC17xx\Debug\libCMSISv2p00_LPC17xx.a(lpc17xx_clkpwr.o)
                0x000009e4                CLKPWR_GetPCLKSEL
 .text.CLKPWR_GetPCLK
                0x00000a04       0x20 C:\Users\lucho\Documents\MCUXpressoIDE_11.4.0_6237\workspace_drivers\CMSISv2p00_LPC17xx\Debug\libCMSISv2p00_LPC17xx.a(lpc17xx_clkpwr.o)
                0x00000a04                CLKPWR_GetPCLK
 .text.CLKPWR_ConfigPPWR
                0x00000a24       0x34 C:\Users\lucho\Documents\MCUXpressoIDE_11.4.0_6237\workspace_drivers\CMSISv2p00_LPC17xx\Debug\libCMSISv2p00_LPC17xx.a(lpc17xx_clkpwr.o)
                0x00000a24                CLKPWR_ConfigPPWR
 .text.GPIO_GetPointer
                0x00000a58       0x12 C:\Users\lucho\Documents\MCUXpressoIDE_11.4.0_6237\workspace_drivers\CMSISv2p00_LPC17xx\Debug\libCMSISv2p00_LPC17xx.a(lpc17xx_gpio.o)
 .text.GPIO_SetDir
                0x00000a6a       0x18 C:\Users\lucho\Documents\MCUXpressoIDE_11.4.0_6237\workspace_drivers\CMSISv2p00_LPC17xx\Debug\libCMSISv2p00_LPC17xx.a(lpc17xx_gpio.o)
                0x00000a6a                GPIO_SetDir
 .text.check_failed
                0x00000a82        0x2 C:\Users\lucho\Documents\MCUXpressoIDE_11.4.0_6237\workspace_drivers\CMSISv2p00_LPC17xx\Debug\libCMSISv2p00_LPC17xx.a(lpc17xx_libcfg_default.o)
                0x00000a82                check_failed
 .text.PINSEL_ConfigPin
                0x00000a84       0x7c C:\Users\lucho\Documents\MCUXpressoIDE_11.4.0_6237\workspace_drivers\CMSISv2p00_LPC17xx\Debug\libCMSISv2p00_LPC17xx.a(lpc17xx_pinsel.o)
                0x00000a84                PINSEL_ConfigPin
 .text.TIM_Init
                0x00000b00      0x15c C:\Users\lucho\Documents\MCUXpressoIDE_11.4.0_6237\workspace_drivers\CMSISv2p00_LPC17xx\Debug\libCMSISv2p00_LPC17xx.a(lpc17xx_timer.o)
                0x00000b00                TIM_Init
 .text.TIM_Cmd  0x00000c5c       0x48 C:\Users\lucho\Documents\MCUXpressoIDE_11.4.0_6237\workspace_drivers\CMSISv2p00_LPC17xx\Debug\libCMSISv2p00_LPC17xx.a(lpc17xx_timer.o)
                0x00000c5c                TIM_Cmd
 .text.TIM_ConfigMatch
                0x00000ca4       0xcc C:\Users\lucho\Documents\MCUXpressoIDE_11.4.0_6237\workspace_drivers\CMSISv2p00_LPC17xx\Debug\libCMSISv2p00_LPC17xx.a(lpc17xx_timer.o)
                0x00000ca4                TIM_ConfigMatch
 .text.UART_Init
                0x00000d70      0x28c C:\Users\lucho\Documents\MCUXpressoIDE_11.4.0_6237\workspace_drivers\CMSISv2p00_LPC17xx\Debug\libCMSISv2p00_LPC17xx.a(lpc17xx_uart.o)
                0x00000d70                UART_Init
 .text.UART_ConfigStructInit
                0x00000ffc       0x12 C:\Users\lucho\Documents\MCUXpressoIDE_11.4.0_6237\workspace_drivers\CMSISv2p00_LPC17xx\Debug\libCMSISv2p00_LPC17xx.a(lpc17xx_uart.o)
                0x00000ffc                UART_ConfigStructInit
 *fill*         0x0000100e        0x2 ff
 .text.UART_FIFOConfig
                0x00001010       0xa8 C:\Users\lucho\Documents\MCUXpressoIDE_11.4.0_6237\workspace_drivers\CMSISv2p00_LPC17xx\Debug\libCMSISv2p00_LPC17xx.a(lpc17xx_uart.o)
                0x00001010                UART_FIFOConfig
 .text.UART_FIFOConfigStructInit
                0x000010b8        0xe C:\Users\lucho\Documents\MCUXpressoIDE_11.4.0_6237\workspace_drivers\CMSISv2p00_LPC17xx\Debug\libCMSISv2p00_LPC17xx.a(lpc17xx_uart.o)
                0x000010b8                UART_FIFOConfigStructInit
 *fill*         0x000010c6        0x2 ff
 .text.UART_TxCmd
                0x000010c8       0x60 C:\Users\lucho\Documents\MCUXpressoIDE_11.4.0_6237\workspace_drivers\CMSISv2p00_LPC17xx\Debug\libCMSISv2p00_LPC17xx.a(lpc17xx_uart.o)
                0x000010c8                UART_TxCmd
 .text.__weak_main
                0x00001128        0x4 c:/nxp/mcuxpressoide_11.4.0_6237/ide/plugins/com.nxp.mcuxpresso.tools.win32_11.4.0.202103011116/tools/bin/../lib/gcc/arm-none-eabi/10.2.1/../../../../arm-none-eabi/lib/thumb/v7-m/nofp\libcr_c.a(__weak__main.o)
                0x00001128                __weak_main
                0x00001128                __main
 .text.__aeabi_division_uldivmod
                0x0000112c      0x174 c:/nxp/mcuxpressoide_11.4.0_6237/ide/plugins/com.nxp.mcuxpresso.tools.win32_11.4.0.202103011116/tools/bin/../lib/gcc/arm-none-eabi/10.2.1/thumb/v7-m/nofp\libcr_eabihelpers.a(division_64.o)
                0x0000112c                __aeabi_uldivmod
                0x00001130                __bhs_ldivmod1
 .text.__aeabi_division_idiv0
                0x000012a0        0x2 c:/nxp/mcuxpressoide_11.4.0_6237/ide/plugins/com.nxp.mcuxpresso.tools.win32_11.4.0.202103011116/tools/bin/../lib/gcc/arm-none-eabi/10.2.1/thumb/v7-m/nofp\libcr_eabihelpers.a(division_idiv0.o)
                0x000012a0                __aeabi_idiv0
 *(.rodata .rodata.* .constdata .constdata.*)
 .rodata.ADC_Init.str1.1
                0x000012a2        0xf C:\Users\lucho\Documents\MCUXpressoIDE_11.4.0_6237\workspace_drivers\CMSISv2p00_LPC17xx\Debug\libCMSISv2p00_LPC17xx.a(lpc17xx_adc.o)
 .rodata.CSWTCH.5
                0x000012b1        0x4 C:\Users\lucho\Documents\MCUXpressoIDE_11.4.0_6237\workspace_drivers\CMSISv2p00_LPC17xx\Debug\libCMSISv2p00_LPC17xx.a(lpc17xx_clkpwr.o)
 .rodata.TIM_GetIntStatus.str1.1
                0x000012b5       0x11 C:\Users\lucho\Documents\MCUXpressoIDE_11.4.0_6237\workspace_drivers\CMSISv2p00_LPC17xx\Debug\libCMSISv2p00_LPC17xx.a(lpc17xx_timer.o)
 .rodata.UART_Init.str1.1
                0x000012c6       0x10 C:\Users\lucho\Documents\MCUXpressoIDE_11.4.0_6237\workspace_drivers\CMSISv2p00_LPC17xx\Debug\libCMSISv2p00_LPC17xx.a(lpc17xx_uart.o)
                0x000012d8                . = ALIGN (0x4)
 *fill*         0x000012d6        0x2 ff

.glue_7         0x000012d8        0x0
 .glue_7        0x000012d8        0x0 linker stubs

.glue_7t        0x000012d8        0x0
 .glue_7t       0x000012d8        0x0 linker stubs

.vfp11_veneer   0x000012d8        0x0
 .vfp11_veneer  0x000012d8        0x0 linker stubs

.v4_bx          0x000012d8        0x0
 .v4_bx         0x000012d8        0x0 linker stubs

.iplt           0x000012d8        0x0
 .iplt          0x000012d8        0x0 ./src/cr_startup_lpc175x_6x.o

.rel.dyn        0x000012d8        0x0
 .rel.iplt      0x000012d8        0x0 ./src/cr_startup_lpc175x_6x.o

.ARM.extab
 *(.ARM.extab* .gnu.linkonce.armextab.*)

.ARM.exidx      0x000012d8        0x0
                0x000012d8                __exidx_start = .
 *(.ARM.exidx* .gnu.linkonce.armexidx.*)
                0x000012d8                __exidx_end = .
                0x000012d8                _etext = .

.data_RAM2      0x2007c000        0x0 load address 0x000012d8
 FILL mask 0xff
                [!provide]                PROVIDE (__start_data_RAM2 = .)
                [!provide]                PROVIDE (__start_data_RamAHB32 = .)
 *(.ramfunc.$RAM2)
 *(.ramfunc.$RamAHB32)
 *(.data.$RAM2)
 *(.data.$RamAHB32)
 *(.data.$RAM2.*)
 *(.data.$RamAHB32.*)
                0x2007c000                . = ALIGN (0x4)
                [!provide]                PROVIDE (__end_data_RAM2 = .)
                [!provide]                PROVIDE (__end_data_RamAHB32 = .)

.uninit_RESERVED
                0x10000000        0x0
                0x10000000                _start_uninit_RESERVED = .
 *(.bss.$RESERVED*)
                0x10000000                . = ALIGN (0x4)
                0x10000000                _end_uninit_RESERVED = .

.data           0x10000000        0x4 load address 0x000012d8
 FILL mask 0xff
                0x10000000                _data = .
                [!provide]                PROVIDE (__start_data_RAM = .)
                [!provide]                PROVIDE (__start_data_RamLoc32 = .)
 *(vtable)
 *(.ramfunc*)
 *(CodeQuickAccess)
 *(DataQuickAccess)
 *(RamFunction)
 *(.data*)
 .data.SystemCoreClock
                0x10000000        0x4 C:\Users\lucho\Documents\MCUXpressoIDE_11.4.0_6237\workspace_drivers\CMSISv2p00_LPC17xx\Debug\libCMSISv2p00_LPC17xx.a(system_LPC17xx.o)
                0x10000000                SystemCoreClock
                0x10000004                . = ALIGN (0x4)
                0x10000004                _edata = .
                [!provide]                PROVIDE (__end_data_RAM = .)
                [!provide]                PROVIDE (__end_data_RamLoc32 = .)

.igot.plt       0x10000004        0x0 load address 0x000012dc
 .igot.plt      0x10000004        0x0 ./src/cr_startup_lpc175x_6x.o

.bss_RAM2       0x2007c000        0x0
                [!provide]                PROVIDE (__start_bss_RAM2 = .)
                [!provide]                PROVIDE (__start_bss_RamAHB32 = .)
 *(.bss.$RAM2)
 *(.bss.$RamAHB32)
 *(.bss.$RAM2.*)
 *(.bss.$RamAHB32.*)
                0x2007c000                . = ALIGN ((. != 0x0)?0x4:0x1)
                [!provide]                PROVIDE (__end_bss_RAM2 = .)
                [!provide]                PROVIDE (__end_bss_RamAHB32 = .)

.bss            0x10000004        0xc
                0x10000004                _bss = .
                [!provide]                PROVIDE (__start_bss_RAM = .)
                [!provide]                PROVIDE (__start_bss_RamLoc32 = .)
 *(.bss*)
 .bss.HoraAlarma
                0x10000004        0x1 ./src/main.o
                0x10000004                HoraAlarma
 .bss.HoraReloj
                0x10000005        0x1 ./src/main.o
                0x10000005                HoraReloj
 .bss.MinutosAlarma
                0x10000006        0x1 ./src/main.o
                0x10000006                MinutosAlarma
 .bss.MinutosReloj
                0x10000007        0x1 ./src/main.o
                0x10000007                MinutosReloj
 .bss.Temp      0x10000008        0x2 ./src/main.o
                0x10000008                Temp
 .bss.ADC0Value
                0x1000000a        0x2 ./src/main.o
                0x1000000a                ADC0Value
 .bss.menu      0x1000000c        0x1 ./src/main.o
                0x1000000c                menu
 *(COMMON)
                0x10000010                . = ALIGN (0x4)
 *fill*         0x1000000d        0x3 
                0x10000010                _ebss = .
                [!provide]                PROVIDE (__end_bss_RAM = .)
                [!provide]                PROVIDE (__end_bss_RamLoc32 = .)
                [!provide]                PROVIDE (end = .)

.noinit_RAM2    0x2007c000        0x0
                [!provide]                PROVIDE (__start_noinit_RAM2 = .)
                [!provide]                PROVIDE (__start_noinit_RamAHB32 = .)
 *(.noinit.$RAM2)
 *(.noinit.$RamAHB32)
 *(.noinit.$RAM2.*)
 *(.noinit.$RamAHB32.*)
                0x2007c000                . = ALIGN (0x4)
                [!provide]                PROVIDE (__end_noinit_RAM2 = .)
                [!provide]                PROVIDE (__end_noinit_RamAHB32 = .)

.noinit         0x10000010        0x0
                0x10000010                _noinit = .
                [!provide]                PROVIDE (__start_noinit_RAM = .)
                [!provide]                PROVIDE (__start_noinit_RamLoc32 = .)
 *(.noinit*)
                0x10000010                . = ALIGN (0x4)
                0x10000010                _end_noinit = .
                [!provide]                PROVIDE (__end_noinit_RAM = .)
                [!provide]                PROVIDE (__end_noinit_RamLoc32 = .)
                [!provide]                PROVIDE (_pvHeapStart = DEFINED (__user_heap_base)?__user_heap_base:.)
                0x10008000                PROVIDE (_vStackTop = DEFINED (__user_stack_top)?__user_stack_top:(__top_RamLoc32 - 0x0))
                0xefff74c6                PROVIDE (__valid_user_code_checksum = (0x0 - ((((((_vStackTop + (ResetISR + 0x1)) + (NMI_Handler + 0x1)) + (HardFault_Handler + 0x1)) + (DEFINED (MemManage_Handler)?MemManage_Handler:0x0 + 0x1)) + (DEFINED (BusFault_Handler)?BusFault_Handler:0x0 + 0x1)) + (DEFINED (UsageFault_Handler)?UsageFault_Handler:0x0 + 0x1))))
                0x00000000                _image_start = LOADADDR (.text)
                0x000012dc                _image_end = (LOADADDR (.data) + SIZEOF (.data))
                0x000012dc                _image_size = (_image_end - _image_start)
OUTPUT(TPFinalDigital3.axf elf32-littlearm)
LOAD linker stubs

.debug_info     0x00000000     0x65ea
 .debug_info    0x00000000      0x27f ./src/cr_startup_lpc175x_6x.o
 .debug_info    0x0000027f       0x40 ./src/crp.o
 .debug_info    0x000002bf     0x116f ./src/main.o
 .debug_info    0x0000142e      0x347 C:\Users\lucho\Documents\MCUXpressoIDE_11.4.0_6237\workspace_drivers\CMSISv2p00_LPC17xx\Debug\libCMSISv2p00_LPC17xx.a(system_LPC17xx.o)
 .debug_info    0x00001775      0x8f0 C:\Users\lucho\Documents\MCUXpressoIDE_11.4.0_6237\workspace_drivers\CMSISv2p00_LPC17xx\Debug\libCMSISv2p00_LPC17xx.a(lpc17xx_adc.o)
 .debug_info    0x00002065      0x6ca C:\Users\lucho\Documents\MCUXpressoIDE_11.4.0_6237\workspace_drivers\CMSISv2p00_LPC17xx\Debug\libCMSISv2p00_LPC17xx.a(lpc17xx_clkpwr.o)
 .debug_info    0x0000272f      0xfb3 C:\Users\lucho\Documents\MCUXpressoIDE_11.4.0_6237\workspace_drivers\CMSISv2p00_LPC17xx\Debug\libCMSISv2p00_LPC17xx.a(lpc17xx_gpio.o)
 .debug_info    0x000036e2       0xd4 C:\Users\lucho\Documents\MCUXpressoIDE_11.4.0_6237\workspace_drivers\CMSISv2p00_LPC17xx\Debug\libCMSISv2p00_LPC17xx.a(lpc17xx_libcfg_default.o)
 .debug_info    0x000037b6      0x544 C:\Users\lucho\Documents\MCUXpressoIDE_11.4.0_6237\workspace_drivers\CMSISv2p00_LPC17xx\Debug\libCMSISv2p00_LPC17xx.a(lpc17xx_pinsel.o)
 .debug_info    0x00003cfa      0xc54 C:\Users\lucho\Documents\MCUXpressoIDE_11.4.0_6237\workspace_drivers\CMSISv2p00_LPC17xx\Debug\libCMSISv2p00_LPC17xx.a(lpc17xx_timer.o)
 .debug_info    0x0000494e     0x1c9c C:\Users\lucho\Documents\MCUXpressoIDE_11.4.0_6237\workspace_drivers\CMSISv2p00_LPC17xx\Debug\libCMSISv2p00_LPC17xx.a(lpc17xx_uart.o)

.debug_abbrev   0x00000000     0x1427
 .debug_abbrev  0x00000000      0x122 ./src/cr_startup_lpc175x_6x.o
 .debug_abbrev  0x00000122       0x38 ./src/crp.o
 .debug_abbrev  0x0000015a      0x2b6 ./src/main.o
 .debug_abbrev  0x00000410      0x10e C:\Users\lucho\Documents\MCUXpressoIDE_11.4.0_6237\workspace_drivers\CMSISv2p00_LPC17xx\Debug\libCMSISv2p00_LPC17xx.a(system_LPC17xx.o)
 .debug_abbrev  0x0000051e      0x1bb C:\Users\lucho\Documents\MCUXpressoIDE_11.4.0_6237\workspace_drivers\CMSISv2p00_LPC17xx\Debug\libCMSISv2p00_LPC17xx.a(lpc17xx_adc.o)
 .debug_abbrev  0x000006d9      0x1f1 C:\Users\lucho\Documents\MCUXpressoIDE_11.4.0_6237\workspace_drivers\CMSISv2p00_LPC17xx\Debug\libCMSISv2p00_LPC17xx.a(lpc17xx_clkpwr.o)
 .debug_abbrev  0x000008ca      0x303 C:\Users\lucho\Documents\MCUXpressoIDE_11.4.0_6237\workspace_drivers\CMSISv2p00_LPC17xx\Debug\libCMSISv2p00_LPC17xx.a(lpc17xx_gpio.o)
 .debug_abbrev  0x00000bcd       0x75 C:\Users\lucho\Documents\MCUXpressoIDE_11.4.0_6237\workspace_drivers\CMSISv2p00_LPC17xx\Debug\libCMSISv2p00_LPC17xx.a(lpc17xx_libcfg_default.o)
 .debug_abbrev  0x00000c42      0x1b9 C:\Users\lucho\Documents\MCUXpressoIDE_11.4.0_6237\workspace_drivers\CMSISv2p00_LPC17xx\Debug\libCMSISv2p00_LPC17xx.a(lpc17xx_pinsel.o)
 .debug_abbrev  0x00000dfb      0x2c8 C:\Users\lucho\Documents\MCUXpressoIDE_11.4.0_6237\workspace_drivers\CMSISv2p00_LPC17xx\Debug\libCMSISv2p00_LPC17xx.a(lpc17xx_timer.o)
 .debug_abbrev  0x000010c3      0x364 C:\Users\lucho\Documents\MCUXpressoIDE_11.4.0_6237\workspace_drivers\CMSISv2p00_LPC17xx\Debug\libCMSISv2p00_LPC17xx.a(lpc17xx_uart.o)

.debug_aranges  0x00000000      0x500
 .debug_aranges
                0x00000000       0x80 ./src/cr_startup_lpc175x_6x.o
 .debug_aranges
                0x00000080       0x18 ./src/crp.o
 .debug_aranges
                0x00000098       0xb8 ./src/main.o
 .debug_aranges
                0x00000150       0x28 C:\Users\lucho\Documents\MCUXpressoIDE_11.4.0_6237\workspace_drivers\CMSISv2p00_LPC17xx\Debug\libCMSISv2p00_LPC17xx.a(system_LPC17xx.o)
 .debug_aranges
                0x00000178       0x80 C:\Users\lucho\Documents\MCUXpressoIDE_11.4.0_6237\workspace_drivers\CMSISv2p00_LPC17xx\Debug\libCMSISv2p00_LPC17xx.a(lpc17xx_adc.o)
 .debug_aranges
                0x000001f8       0x58 C:\Users\lucho\Documents\MCUXpressoIDE_11.4.0_6237\workspace_drivers\CMSISv2p00_LPC17xx\Debug\libCMSISv2p00_LPC17xx.a(lpc17xx_clkpwr.o)
 .debug_aranges
                0x00000250       0xe8 C:\Users\lucho\Documents\MCUXpressoIDE_11.4.0_6237\workspace_drivers\CMSISv2p00_LPC17xx\Debug\libCMSISv2p00_LPC17xx.a(lpc17xx_gpio.o)
 .debug_aranges
                0x00000338       0x20 C:\Users\lucho\Documents\MCUXpressoIDE_11.4.0_6237\workspace_drivers\CMSISv2p00_LPC17xx\Debug\libCMSISv2p00_LPC17xx.a(lpc17xx_libcfg_default.o)
 .debug_aranges
                0x00000358       0x30 C:\Users\lucho\Documents\MCUXpressoIDE_11.4.0_6237\workspace_drivers\CMSISv2p00_LPC17xx\Debug\libCMSISv2p00_LPC17xx.a(lpc17xx_pinsel.o)
 .debug_aranges
                0x00000388       0x80 C:\Users\lucho\Documents\MCUXpressoIDE_11.4.0_6237\workspace_drivers\CMSISv2p00_LPC17xx\Debug\libCMSISv2p00_LPC17xx.a(lpc17xx_timer.o)
 .debug_aranges
                0x00000408       0xf8 C:\Users\lucho\Documents\MCUXpressoIDE_11.4.0_6237\workspace_drivers\CMSISv2p00_LPC17xx\Debug\libCMSISv2p00_LPC17xx.a(lpc17xx_uart.o)

.debug_ranges   0x00000000      0x560
 .debug_ranges  0x00000000       0x70 ./src/cr_startup_lpc175x_6x.o
 .debug_ranges  0x00000070       0xa8 ./src/main.o
 .debug_ranges  0x00000118       0x18 C:\Users\lucho\Documents\MCUXpressoIDE_11.4.0_6237\workspace_drivers\CMSISv2p00_LPC17xx\Debug\libCMSISv2p00_LPC17xx.a(system_LPC17xx.o)
 .debug_ranges  0x00000130       0x70 C:\Users\lucho\Documents\MCUXpressoIDE_11.4.0_6237\workspace_drivers\CMSISv2p00_LPC17xx\Debug\libCMSISv2p00_LPC17xx.a(lpc17xx_adc.o)
 .debug_ranges  0x000001a0       0x48 C:\Users\lucho\Documents\MCUXpressoIDE_11.4.0_6237\workspace_drivers\CMSISv2p00_LPC17xx\Debug\libCMSISv2p00_LPC17xx.a(lpc17xx_clkpwr.o)
 .debug_ranges  0x000001e8       0xf0 C:\Users\lucho\Documents\MCUXpressoIDE_11.4.0_6237\workspace_drivers\CMSISv2p00_LPC17xx\Debug\libCMSISv2p00_LPC17xx.a(lpc17xx_gpio.o)
 .debug_ranges  0x000002d8       0x10 C:\Users\lucho\Documents\MCUXpressoIDE_11.4.0_6237\workspace_drivers\CMSISv2p00_LPC17xx\Debug\libCMSISv2p00_LPC17xx.a(lpc17xx_libcfg_default.o)
 .debug_ranges  0x000002e8       0x60 C:\Users\lucho\Documents\MCUXpressoIDE_11.4.0_6237\workspace_drivers\CMSISv2p00_LPC17xx\Debug\libCMSISv2p00_LPC17xx.a(lpc17xx_pinsel.o)
 .debug_ranges  0x00000348       0xe8 C:\Users\lucho\Documents\MCUXpressoIDE_11.4.0_6237\workspace_drivers\CMSISv2p00_LPC17xx\Debug\libCMSISv2p00_LPC17xx.a(lpc17xx_timer.o)
 .debug_ranges  0x00000430      0x130 C:\Users\lucho\Documents\MCUXpressoIDE_11.4.0_6237\workspace_drivers\CMSISv2p00_LPC17xx\Debug\libCMSISv2p00_LPC17xx.a(lpc17xx_uart.o)

.debug_macro    0x00000000     0x424a
 .debug_macro   0x00000000       0x1d ./src/cr_startup_lpc175x_6x.o
 .debug_macro   0x0000001d      0xa7e ./src/cr_startup_lpc175x_6x.o
 .debug_macro   0x00000a9b       0x1a ./src/crp.o
 .debug_macro   0x00000ab5       0x34 ./src/crp.o
 .debug_macro   0x00000ae9       0xcf ./src/main.o
 .debug_macro   0x00000bb8       0x1c ./src/main.o
 .debug_macro   0x00000bd4       0x2e ./src/main.o
 .debug_macro   0x00000c02       0x10 ./src/main.o
 .debug_macro   0x00000c12      0x12e ./src/main.o
 .debug_macro   0x00000d40      0x5b3 ./src/main.o
 .debug_macro   0x000012f3       0x18 ./src/main.o
 .debug_macro   0x0000130b      0x7af ./src/main.o
 .debug_macro   0x00001aba      0x2c7 ./src/main.o
 .debug_macro   0x00001d81       0x63 ./src/main.o
 .debug_macro   0x00001de4       0x40 ./src/main.o
 .debug_macro   0x00001e24      0x13f ./src/main.o
 .debug_macro   0x00001f63      0x33a ./src/main.o
 .debug_macro   0x0000229d       0xea ./src/main.o
 .debug_macro   0x00002387       0xeb ./src/main.o
 .debug_macro   0x00002472      0x12b C:\Users\lucho\Documents\MCUXpressoIDE_11.4.0_6237\workspace_drivers\CMSISv2p00_LPC17xx\Debug\libCMSISv2p00_LPC17xx.a(system_LPC17xx.o)
 .debug_macro   0x0000259d      0xa78 C:\Users\lucho\Documents\MCUXpressoIDE_11.4.0_6237\workspace_drivers\CMSISv2p00_LPC17xx\Debug\libCMSISv2p00_LPC17xx.a(system_LPC17xx.o)
 .debug_macro   0x00003015       0xa9 C:\Users\lucho\Documents\MCUXpressoIDE_11.4.0_6237\workspace_drivers\CMSISv2p00_LPC17xx\Debug\libCMSISv2p00_LPC17xx.a(lpc17xx_adc.o)
 .debug_macro   0x000030be       0xe5 C:\Users\lucho\Documents\MCUXpressoIDE_11.4.0_6237\workspace_drivers\CMSISv2p00_LPC17xx\Debug\libCMSISv2p00_LPC17xx.a(lpc17xx_adc.o)
 .debug_macro   0x000031a3      0x2f1 C:\Users\lucho\Documents\MCUXpressoIDE_11.4.0_6237\workspace_drivers\CMSISv2p00_LPC17xx\Debug\libCMSISv2p00_LPC17xx.a(lpc17xx_adc.o)
 .debug_macro   0x00003494       0xdd C:\Users\lucho\Documents\MCUXpressoIDE_11.4.0_6237\workspace_drivers\CMSISv2p00_LPC17xx\Debug\libCMSISv2p00_LPC17xx.a(lpc17xx_adc.o)
 .debug_macro   0x00003571       0x8d C:\Users\lucho\Documents\MCUXpressoIDE_11.4.0_6237\workspace_drivers\CMSISv2p00_LPC17xx\Debug\libCMSISv2p00_LPC17xx.a(lpc17xx_clkpwr.o)
 .debug_macro   0x000035fe       0x1c C:\Users\lucho\Documents\MCUXpressoIDE_11.4.0_6237\workspace_drivers\CMSISv2p00_LPC17xx\Debug\libCMSISv2p00_LPC17xx.a(lpc17xx_clkpwr.o)
 .debug_macro   0x0000361a      0x2c7 C:\Users\lucho\Documents\MCUXpressoIDE_11.4.0_6237\workspace_drivers\CMSISv2p00_LPC17xx\Debug\libCMSISv2p00_LPC17xx.a(lpc17xx_clkpwr.o)
 .debug_macro   0x000038e1       0x96 C:\Users\lucho\Documents\MCUXpressoIDE_11.4.0_6237\workspace_drivers\CMSISv2p00_LPC17xx\Debug\libCMSISv2p00_LPC17xx.a(lpc17xx_gpio.o)
 .debug_macro   0x00003977       0x5a C:\Users\lucho\Documents\MCUXpressoIDE_11.4.0_6237\workspace_drivers\CMSISv2p00_LPC17xx\Debug\libCMSISv2p00_LPC17xx.a(lpc17xx_libcfg_default.o)
 .debug_macro   0x000039d1       0x5d C:\Users\lucho\Documents\MCUXpressoIDE_11.4.0_6237\workspace_drivers\CMSISv2p00_LPC17xx\Debug\libCMSISv2p00_LPC17xx.a(lpc17xx_libcfg_default.o)
 .debug_macro   0x00003a2e       0xd7 C:\Users\lucho\Documents\MCUXpressoIDE_11.4.0_6237\workspace_drivers\CMSISv2p00_LPC17xx\Debug\libCMSISv2p00_LPC17xx.a(lpc17xx_libcfg_default.o)
 .debug_macro   0x00003b05       0x8d C:\Users\lucho\Documents\MCUXpressoIDE_11.4.0_6237\workspace_drivers\CMSISv2p00_LPC17xx\Debug\libCMSISv2p00_LPC17xx.a(lpc17xx_pinsel.o)
 .debug_macro   0x00003b92       0xb2 C:\Users\lucho\Documents\MCUXpressoIDE_11.4.0_6237\workspace_drivers\CMSISv2p00_LPC17xx\Debug\libCMSISv2p00_LPC17xx.a(lpc17xx_timer.o)
 .debug_macro   0x00003c44       0xe4 C:\Users\lucho\Documents\MCUXpressoIDE_11.4.0_6237\workspace_drivers\CMSISv2p00_LPC17xx\Debug\libCMSISv2p00_LPC17xx.a(lpc17xx_timer.o)
 .debug_macro   0x00003d28      0x145 C:\Users\lucho\Documents\MCUXpressoIDE_11.4.0_6237\workspace_drivers\CMSISv2p00_LPC17xx\Debug\libCMSISv2p00_LPC17xx.a(lpc17xx_timer.o)
 .debug_macro   0x00003e6d       0xa9 C:\Users\lucho\Documents\MCUXpressoIDE_11.4.0_6237\workspace_drivers\CMSISv2p00_LPC17xx\Debug\libCMSISv2p00_LPC17xx.a(lpc17xx_uart.o)
 .debug_macro   0x00003f16      0x334 C:\Users\lucho\Documents\MCUXpressoIDE_11.4.0_6237\workspace_drivers\CMSISv2p00_LPC17xx\Debug\libCMSISv2p00_LPC17xx.a(lpc17xx_uart.o)

.debug_line     0x00000000     0x41ff
 .debug_line    0x00000000      0x160 ./src/cr_startup_lpc175x_6x.o
 .debug_line    0x00000160       0xb1 ./src/crp.o
 .debug_line    0x00000211      0x71a ./src/main.o
 .debug_line    0x0000092b      0x434 C:\Users\lucho\Documents\MCUXpressoIDE_11.4.0_6237\workspace_drivers\CMSISv2p00_LPC17xx\Debug\libCMSISv2p00_LPC17xx.a(system_LPC17xx.o)
 .debug_line    0x00000d5f      0x6af C:\Users\lucho\Documents\MCUXpressoIDE_11.4.0_6237\workspace_drivers\CMSISv2p00_LPC17xx\Debug\libCMSISv2p00_LPC17xx.a(lpc17xx_adc.o)
 .debug_line    0x0000140e      0x473 C:\Users\lucho\Documents\MCUXpressoIDE_11.4.0_6237\workspace_drivers\CMSISv2p00_LPC17xx\Debug\libCMSISv2p00_LPC17xx.a(lpc17xx_clkpwr.o)
 .debug_line    0x00001881      0x866 C:\Users\lucho\Documents\MCUXpressoIDE_11.4.0_6237\workspace_drivers\CMSISv2p00_LPC17xx\Debug\libCMSISv2p00_LPC17xx.a(lpc17xx_gpio.o)
 .debug_line    0x000020e7      0x22d C:\Users\lucho\Documents\MCUXpressoIDE_11.4.0_6237\workspace_drivers\CMSISv2p00_LPC17xx\Debug\libCMSISv2p00_LPC17xx.a(lpc17xx_libcfg_default.o)
 .debug_line    0x00002314      0x389 C:\Users\lucho\Documents\MCUXpressoIDE_11.4.0_6237\workspace_drivers\CMSISv2p00_LPC17xx\Debug\libCMSISv2p00_LPC17xx.a(lpc17xx_pinsel.o)
 .debug_line    0x0000269d      0x95d C:\Users\lucho\Documents\MCUXpressoIDE_11.4.0_6237\workspace_drivers\CMSISv2p00_LPC17xx\Debug\libCMSISv2p00_LPC17xx.a(lpc17xx_timer.o)
 .debug_line    0x00002ffa     0x1205 C:\Users\lucho\Documents\MCUXpressoIDE_11.4.0_6237\workspace_drivers\CMSISv2p00_LPC17xx\Debug\libCMSISv2p00_LPC17xx.a(lpc17xx_uart.o)

.debug_str      0x00000000     0xebd6
 .debug_str     0x00000000     0x2ec7 ./src/cr_startup_lpc175x_6x.o
                               0x2eda (size before relaxing)
 .debug_str     0x00002ec7       0xe9 ./src/crp.o
                               0x2dfb (size before relaxing)
 .debug_str     0x00002fb0     0x916a ./src/main.o
                               0xbf23 (size before relaxing)
 .debug_str     0x0000c11a      0x550 C:\Users\lucho\Documents\MCUXpressoIDE_11.4.0_6237\workspace_drivers\CMSISv2p00_LPC17xx\Debug\libCMSISv2p00_LPC17xx.a(system_LPC17xx.o)
                               0x88c4 (size before relaxing)
 .debug_str     0x0000c66a     0x150f C:\Users\lucho\Documents\MCUXpressoIDE_11.4.0_6237\workspace_drivers\CMSISv2p00_LPC17xx\Debug\libCMSISv2p00_LPC17xx.a(lpc17xx_adc.o)
                               0xa4ab (size before relaxing)
 .debug_str     0x0000db79      0x100 C:\Users\lucho\Documents\MCUXpressoIDE_11.4.0_6237\workspace_drivers\CMSISv2p00_LPC17xx\Debug\libCMSISv2p00_LPC17xx.a(lpc17xx_clkpwr.o)
                               0x9abe (size before relaxing)
 .debug_str     0x0000dc79      0x281 C:\Users\lucho\Documents\MCUXpressoIDE_11.4.0_6237\workspace_drivers\CMSISv2p00_LPC17xx\Debug\libCMSISv2p00_LPC17xx.a(lpc17xx_gpio.o)
                               0x8e1d (size before relaxing)
 .debug_str     0x0000defa       0x2d C:\Users\lucho\Documents\MCUXpressoIDE_11.4.0_6237\workspace_drivers\CMSISv2p00_LPC17xx\Debug\libCMSISv2p00_LPC17xx.a(lpc17xx_libcfg_default.o)
                               0x46eb (size before relaxing)
 .debug_str     0x0000df27      0x211 C:\Users\lucho\Documents\MCUXpressoIDE_11.4.0_6237\workspace_drivers\CMSISv2p00_LPC17xx\Debug\libCMSISv2p00_LPC17xx.a(lpc17xx_pinsel.o)
                               0x8d36 (size before relaxing)
 .debug_str     0x0000e138      0x2dc C:\Users\lucho\Documents\MCUXpressoIDE_11.4.0_6237\workspace_drivers\CMSISv2p00_LPC17xx\Debug\libCMSISv2p00_LPC17xx.a(lpc17xx_timer.o)
                               0xaae3 (size before relaxing)
 .debug_str     0x0000e414      0x7c2 C:\Users\lucho\Documents\MCUXpressoIDE_11.4.0_6237\workspace_drivers\CMSISv2p00_LPC17xx\Debug\libCMSISv2p00_LPC17xx.a(lpc17xx_uart.o)
                               0xbb73 (size before relaxing)

.comment        0x00000000       0x4d
 .comment       0x00000000       0x4d ./src/cr_startup_lpc175x_6x.o
                                 0x4e (size before relaxing)
 .comment       0x0000004d       0x4e ./src/crp.o
 .comment       0x0000004d       0x4e ./src/main.o
 .comment       0x0000004d       0x4e C:\Users\lucho\Documents\MCUXpressoIDE_11.4.0_6237\workspace_drivers\CMSISv2p00_LPC17xx\Debug\libCMSISv2p00_LPC17xx.a(system_LPC17xx.o)
 .comment       0x0000004d       0x4e C:\Users\lucho\Documents\MCUXpressoIDE_11.4.0_6237\workspace_drivers\CMSISv2p00_LPC17xx\Debug\libCMSISv2p00_LPC17xx.a(lpc17xx_adc.o)
 .comment       0x0000004d       0x4e C:\Users\lucho\Documents\MCUXpressoIDE_11.4.0_6237\workspace_drivers\CMSISv2p00_LPC17xx\Debug\libCMSISv2p00_LPC17xx.a(lpc17xx_clkpwr.o)
 .comment       0x0000004d       0x4e C:\Users\lucho\Documents\MCUXpressoIDE_11.4.0_6237\workspace_drivers\CMSISv2p00_LPC17xx\Debug\libCMSISv2p00_LPC17xx.a(lpc17xx_gpio.o)
 .comment       0x0000004d       0x4e C:\Users\lucho\Documents\MCUXpressoIDE_11.4.0_6237\workspace_drivers\CMSISv2p00_LPC17xx\Debug\libCMSISv2p00_LPC17xx.a(lpc17xx_libcfg_default.o)
 .comment       0x0000004d       0x4e C:\Users\lucho\Documents\MCUXpressoIDE_11.4.0_6237\workspace_drivers\CMSISv2p00_LPC17xx\Debug\libCMSISv2p00_LPC17xx.a(lpc17xx_pinsel.o)
 .comment       0x0000004d       0x4e C:\Users\lucho\Documents\MCUXpressoIDE_11.4.0_6237\workspace_drivers\CMSISv2p00_LPC17xx\Debug\libCMSISv2p00_LPC17xx.a(lpc17xx_timer.o)
 .comment       0x0000004d       0x4e C:\Users\lucho\Documents\MCUXpressoIDE_11.4.0_6237\workspace_drivers\CMSISv2p00_LPC17xx\Debug\libCMSISv2p00_LPC17xx.a(lpc17xx_uart.o)
 .comment       0x0000004d       0x4e c:/nxp/mcuxpressoide_11.4.0_6237/ide/plugins/com.nxp.mcuxpresso.tools.win32_11.4.0.202103011116/tools/bin/../lib/gcc/arm-none-eabi/10.2.1/../../../../arm-none-eabi/lib/thumb/v7-m/nofp\libcr_c.a(__weak__main.o)

.ARM.attributes
                0x00000000       0x2b
 .ARM.attributes
                0x00000000       0x2d ./src/cr_startup_lpc175x_6x.o
 .ARM.attributes
                0x0000002d       0x33 ./src/crp.o
 .ARM.attributes
                0x00000060       0x2d ./src/main.o
 .ARM.attributes
                0x0000008d       0x2d C:\Users\lucho\Documents\MCUXpressoIDE_11.4.0_6237\workspace_drivers\CMSISv2p00_LPC17xx\Debug\libCMSISv2p00_LPC17xx.a(system_LPC17xx.o)
 .ARM.attributes
                0x000000ba       0x2d C:\Users\lucho\Documents\MCUXpressoIDE_11.4.0_6237\workspace_drivers\CMSISv2p00_LPC17xx\Debug\libCMSISv2p00_LPC17xx.a(lpc17xx_adc.o)
 .ARM.attributes
                0x000000e7       0x2d C:\Users\lucho\Documents\MCUXpressoIDE_11.4.0_6237\workspace_drivers\CMSISv2p00_LPC17xx\Debug\libCMSISv2p00_LPC17xx.a(lpc17xx_clkpwr.o)
 .ARM.attributes
                0x00000114       0x2d C:\Users\lucho\Documents\MCUXpressoIDE_11.4.0_6237\workspace_drivers\CMSISv2p00_LPC17xx\Debug\libCMSISv2p00_LPC17xx.a(lpc17xx_gpio.o)
 .ARM.attributes
                0x00000141       0x2d C:\Users\lucho\Documents\MCUXpressoIDE_11.4.0_6237\workspace_drivers\CMSISv2p00_LPC17xx\Debug\libCMSISv2p00_LPC17xx.a(lpc17xx_libcfg_default.o)
 .ARM.attributes
                0x0000016e       0x2d C:\Users\lucho\Documents\MCUXpressoIDE_11.4.0_6237\workspace_drivers\CMSISv2p00_LPC17xx\Debug\libCMSISv2p00_LPC17xx.a(lpc17xx_pinsel.o)
 .ARM.attributes
                0x0000019b       0x2d C:\Users\lucho\Documents\MCUXpressoIDE_11.4.0_6237\workspace_drivers\CMSISv2p00_LPC17xx\Debug\libCMSISv2p00_LPC17xx.a(lpc17xx_timer.o)
 .ARM.attributes
                0x000001c8       0x2d C:\Users\lucho\Documents\MCUXpressoIDE_11.4.0_6237\workspace_drivers\CMSISv2p00_LPC17xx\Debug\libCMSISv2p00_LPC17xx.a(lpc17xx_uart.o)
 .ARM.attributes
                0x000001f5       0x2d c:/nxp/mcuxpressoide_11.4.0_6237/ide/plugins/com.nxp.mcuxpresso.tools.win32_11.4.0.202103011116/tools/bin/../lib/gcc/arm-none-eabi/10.2.1/../../../../arm-none-eabi/lib/thumb/v7-m/nofp\libcr_c.a(__weak__main.o)
 .ARM.attributes
                0x00000222       0x1b c:/nxp/mcuxpressoide_11.4.0_6237/ide/plugins/com.nxp.mcuxpresso.tools.win32_11.4.0.202103011116/tools/bin/../lib/gcc/arm-none-eabi/10.2.1/thumb/v7-m/nofp\libcr_eabihelpers.a(division_64.o)
 .ARM.attributes
                0x0000023d       0x1b c:/nxp/mcuxpressoide_11.4.0_6237/ide/plugins/com.nxp.mcuxpresso.tools.win32_11.4.0.202103011116/tools/bin/../lib/gcc/arm-none-eabi/10.2.1/thumb/v7-m/nofp\libcr_eabihelpers.a(division_idiv0.o)

.debug_frame    0x00000000      0xd6c
 .debug_frame   0x00000000      0x170 ./src/cr_startup_lpc175x_6x.o
 .debug_frame   0x00000170      0x2a4 ./src/main.o
 .debug_frame   0x00000414       0x3c C:\Users\lucho\Documents\MCUXpressoIDE_11.4.0_6237\workspace_drivers\CMSISv2p00_LPC17xx\Debug\libCMSISv2p00_LPC17xx.a(system_LPC17xx.o)
 .debug_frame   0x00000450      0x16c C:\Users\lucho\Documents\MCUXpressoIDE_11.4.0_6237\workspace_drivers\CMSISv2p00_LPC17xx\Debug\libCMSISv2p00_LPC17xx.a(lpc17xx_adc.o)
 .debug_frame   0x000005bc       0xa0 C:\Users\lucho\Documents\MCUXpressoIDE_11.4.0_6237\workspace_drivers\CMSISv2p00_LPC17xx\Debug\libCMSISv2p00_LPC17xx.a(lpc17xx_clkpwr.o)
 .debug_frame   0x0000065c      0x228 C:\Users\lucho\Documents\MCUXpressoIDE_11.4.0_6237\workspace_drivers\CMSISv2p00_LPC17xx\Debug\libCMSISv2p00_LPC17xx.a(lpc17xx_gpio.o)
 .debug_frame   0x00000884       0x20 C:\Users\lucho\Documents\MCUXpressoIDE_11.4.0_6237\workspace_drivers\CMSISv2p00_LPC17xx\Debug\libCMSISv2p00_LPC17xx.a(lpc17xx_libcfg_default.o)
 .debug_frame   0x000008a4       0x50 C:\Users\lucho\Documents\MCUXpressoIDE_11.4.0_6237\workspace_drivers\CMSISv2p00_LPC17xx\Debug\libCMSISv2p00_LPC17xx.a(lpc17xx_pinsel.o)
 .debug_frame   0x000008f4      0x174 C:\Users\lucho\Documents\MCUXpressoIDE_11.4.0_6237\workspace_drivers\CMSISv2p00_LPC17xx\Debug\libCMSISv2p00_LPC17xx.a(lpc17xx_timer.o)
 .debug_frame   0x00000a68      0x304 C:\Users\lucho\Documents\MCUXpressoIDE_11.4.0_6237\workspace_drivers\CMSISv2p00_LPC17xx\Debug\libCMSISv2p00_LPC17xx.a(lpc17xx_uart.o)

.debug_loc      0x00000000     0x2d4e
 .debug_loc     0x00000000      0x5a9 C:\Users\lucho\Documents\MCUXpressoIDE_11.4.0_6237\workspace_drivers\CMSISv2p00_LPC17xx\Debug\libCMSISv2p00_LPC17xx.a(lpc17xx_adc.o)
 .debug_loc     0x000005a9      0x1fa C:\Users\lucho\Documents\MCUXpressoIDE_11.4.0_6237\workspace_drivers\CMSISv2p00_LPC17xx\Debug\libCMSISv2p00_LPC17xx.a(lpc17xx_clkpwr.o)
 .debug_loc     0x000007a3      0x88e C:\Users\lucho\Documents\MCUXpressoIDE_11.4.0_6237\workspace_drivers\CMSISv2p00_LPC17xx\Debug\libCMSISv2p00_LPC17xx.a(lpc17xx_gpio.o)
 .debug_loc     0x00001031       0x2a C:\Users\lucho\Documents\MCUXpressoIDE_11.4.0_6237\workspace_drivers\CMSISv2p00_LPC17xx\Debug\libCMSISv2p00_LPC17xx.a(lpc17xx_libcfg_default.o)
 .debug_loc     0x0000105b      0x1a1 C:\Users\lucho\Documents\MCUXpressoIDE_11.4.0_6237\workspace_drivers\CMSISv2p00_LPC17xx\Debug\libCMSISv2p00_LPC17xx.a(lpc17xx_pinsel.o)
 .debug_loc     0x000011fc      0x6ca C:\Users\lucho\Documents\MCUXpressoIDE_11.4.0_6237\workspace_drivers\CMSISv2p00_LPC17xx\Debug\libCMSISv2p00_LPC17xx.a(lpc17xx_timer.o)
 .debug_loc     0x000018c6     0x1488 C:\Users\lucho\Documents\MCUXpressoIDE_11.4.0_6237\workspace_drivers\CMSISv2p00_LPC17xx\Debug\libCMSISv2p00_LPC17xx.a(lpc17xx_uart.o)

Cross Reference Table

Symbol                                            File
ADC0Value                                         ./src/main.o
ADC_BurstCmd                                      C:\Users\lucho\Documents\MCUXpressoIDE_11.4.0_6237\workspace_drivers\CMSISv2p00_LPC17xx\Debug\libCMSISv2p00_LPC17xx.a(lpc17xx_adc.o)
                                                  ./src/main.o
ADC_ChannelCmd                                    C:\Users\lucho\Documents\MCUXpressoIDE_11.4.0_6237\workspace_drivers\CMSISv2p00_LPC17xx\Debug\libCMSISv2p00_LPC17xx.a(lpc17xx_adc.o)
                                                  ./src/main.o
ADC_ChannelGetData                                C:\Users\lucho\Documents\MCUXpressoIDE_11.4.0_6237\workspace_drivers\CMSISv2p00_LPC17xx\Debug\libCMSISv2p00_LPC17xx.a(lpc17xx_adc.o)
ADC_ChannelGetStatus                              C:\Users\lucho\Documents\MCUXpressoIDE_11.4.0_6237\workspace_drivers\CMSISv2p00_LPC17xx\Debug\libCMSISv2p00_LPC17xx.a(lpc17xx_adc.o)
                                                  ./src/main.o
ADC_DeInit                                        C:\Users\lucho\Documents\MCUXpressoIDE_11.4.0_6237\workspace_drivers\CMSISv2p00_LPC17xx\Debug\libCMSISv2p00_LPC17xx.a(lpc17xx_adc.o)
ADC_EdgeStartConfig                               C:\Users\lucho\Documents\MCUXpressoIDE_11.4.0_6237\workspace_drivers\CMSISv2p00_LPC17xx\Debug\libCMSISv2p00_LPC17xx.a(lpc17xx_adc.o)
                                                  ./src/main.o
ADC_GetData                                       C:\Users\lucho\Documents\MCUXpressoIDE_11.4.0_6237\workspace_drivers\CMSISv2p00_LPC17xx\Debug\libCMSISv2p00_LPC17xx.a(lpc17xx_adc.o)
ADC_GlobalGetData                                 C:\Users\lucho\Documents\MCUXpressoIDE_11.4.0_6237\workspace_drivers\CMSISv2p00_LPC17xx\Debug\libCMSISv2p00_LPC17xx.a(lpc17xx_adc.o)
ADC_GlobalGetStatus                               C:\Users\lucho\Documents\MCUXpressoIDE_11.4.0_6237\workspace_drivers\CMSISv2p00_LPC17xx\Debug\libCMSISv2p00_LPC17xx.a(lpc17xx_adc.o)
ADC_IRQHandler                                    ./src/cr_startup_lpc175x_6x.o
ADC_Init                                          C:\Users\lucho\Documents\MCUXpressoIDE_11.4.0_6237\workspace_drivers\CMSISv2p00_LPC17xx\Debug\libCMSISv2p00_LPC17xx.a(lpc17xx_adc.o)
                                                  ./src/main.o
ADC_IntConfig                                     C:\Users\lucho\Documents\MCUXpressoIDE_11.4.0_6237\workspace_drivers\CMSISv2p00_LPC17xx\Debug\libCMSISv2p00_LPC17xx.a(lpc17xx_adc.o)
                                                  ./src/main.o
ADC_PowerdownCmd                                  C:\Users\lucho\Documents\MCUXpressoIDE_11.4.0_6237\workspace_drivers\CMSISv2p00_LPC17xx\Debug\libCMSISv2p00_LPC17xx.a(lpc17xx_adc.o)
ADC_StartCmd                                      C:\Users\lucho\Documents\MCUXpressoIDE_11.4.0_6237\workspace_drivers\CMSISv2p00_LPC17xx\Debug\libCMSISv2p00_LPC17xx.a(lpc17xx_adc.o)
                                                  ./src/main.o
Antirebote                                        ./src/main.o
BOD_IRQHandler                                    ./src/cr_startup_lpc175x_6x.o
BusFault_Handler                                  ./src/cr_startup_lpc175x_6x.o
CANActivity_IRQHandler                            ./src/cr_startup_lpc175x_6x.o
CAN_IRQHandler                                    ./src/cr_startup_lpc175x_6x.o
CLKPWR_ConfigPPWR                                 C:\Users\lucho\Documents\MCUXpressoIDE_11.4.0_6237\workspace_drivers\CMSISv2p00_LPC17xx\Debug\libCMSISv2p00_LPC17xx.a(lpc17xx_clkpwr.o)
                                                  C:\Users\lucho\Documents\MCUXpressoIDE_11.4.0_6237\workspace_drivers\CMSISv2p00_LPC17xx\Debug\libCMSISv2p00_LPC17xx.a(lpc17xx_uart.o)
                                                  C:\Users\lucho\Documents\MCUXpressoIDE_11.4.0_6237\workspace_drivers\CMSISv2p00_LPC17xx\Debug\libCMSISv2p00_LPC17xx.a(lpc17xx_timer.o)
                                                  C:\Users\lucho\Documents\MCUXpressoIDE_11.4.0_6237\workspace_drivers\CMSISv2p00_LPC17xx\Debug\libCMSISv2p00_LPC17xx.a(lpc17xx_adc.o)
CLKPWR_DeepPowerDown                              C:\Users\lucho\Documents\MCUXpressoIDE_11.4.0_6237\workspace_drivers\CMSISv2p00_LPC17xx\Debug\libCMSISv2p00_LPC17xx.a(lpc17xx_clkpwr.o)
CLKPWR_DeepSleep                                  C:\Users\lucho\Documents\MCUXpressoIDE_11.4.0_6237\workspace_drivers\CMSISv2p00_LPC17xx\Debug\libCMSISv2p00_LPC17xx.a(lpc17xx_clkpwr.o)
CLKPWR_GetPCLK                                    C:\Users\lucho\Documents\MCUXpressoIDE_11.4.0_6237\workspace_drivers\CMSISv2p00_LPC17xx\Debug\libCMSISv2p00_LPC17xx.a(lpc17xx_clkpwr.o)
                                                  C:\Users\lucho\Documents\MCUXpressoIDE_11.4.0_6237\workspace_drivers\CMSISv2p00_LPC17xx\Debug\libCMSISv2p00_LPC17xx.a(lpc17xx_uart.o)
                                                  C:\Users\lucho\Documents\MCUXpressoIDE_11.4.0_6237\workspace_drivers\CMSISv2p00_LPC17xx\Debug\libCMSISv2p00_LPC17xx.a(lpc17xx_timer.o)
                                                  C:\Users\lucho\Documents\MCUXpressoIDE_11.4.0_6237\workspace_drivers\CMSISv2p00_LPC17xx\Debug\libCMSISv2p00_LPC17xx.a(lpc17xx_adc.o)
CLKPWR_GetPCLKSEL                                 C:\Users\lucho\Documents\MCUXpressoIDE_11.4.0_6237\workspace_drivers\CMSISv2p00_LPC17xx\Debug\libCMSISv2p00_LPC17xx.a(lpc17xx_clkpwr.o)
CLKPWR_PowerDown                                  C:\Users\lucho\Documents\MCUXpressoIDE_11.4.0_6237\workspace_drivers\CMSISv2p00_LPC17xx\Debug\libCMSISv2p00_LPC17xx.a(lpc17xx_clkpwr.o)
CLKPWR_SetPCLKDiv                                 C:\Users\lucho\Documents\MCUXpressoIDE_11.4.0_6237\workspace_drivers\CMSISv2p00_LPC17xx\Debug\libCMSISv2p00_LPC17xx.a(lpc17xx_clkpwr.o)
                                                  C:\Users\lucho\Documents\MCUXpressoIDE_11.4.0_6237\workspace_drivers\CMSISv2p00_LPC17xx\Debug\libCMSISv2p00_LPC17xx.a(lpc17xx_timer.o)
CLKPWR_Sleep                                      C:\Users\lucho\Documents\MCUXpressoIDE_11.4.0_6237\workspace_drivers\CMSISv2p00_LPC17xx\Debug\libCMSISv2p00_LPC17xx.a(lpc17xx_clkpwr.o)
CRP_WORD                                          ./src/crp.o
CambiarMenu                                       ./src/main.o
DMA_IRQHandler                                    ./src/cr_startup_lpc175x_6x.o
DebugMon_Handler                                  ./src/cr_startup_lpc175x_6x.o
EINT0_IRQHandler                                  ./src/cr_startup_lpc175x_6x.o
EINT1_IRQHandler                                  ./src/cr_startup_lpc175x_6x.o
EINT2_IRQHandler                                  ./src/cr_startup_lpc175x_6x.o
EINT3_IRQHandler                                  ./src/main.o
                                                  ./src/cr_startup_lpc175x_6x.o
ENET_IRQHandler                                   ./src/cr_startup_lpc175x_6x.o
FIO_ByteClearValue                                C:\Users\lucho\Documents\MCUXpressoIDE_11.4.0_6237\workspace_drivers\CMSISv2p00_LPC17xx\Debug\libCMSISv2p00_LPC17xx.a(lpc17xx_gpio.o)
FIO_ByteReadValue                                 C:\Users\lucho\Documents\MCUXpressoIDE_11.4.0_6237\workspace_drivers\CMSISv2p00_LPC17xx\Debug\libCMSISv2p00_LPC17xx.a(lpc17xx_gpio.o)
FIO_ByteSetDir                                    C:\Users\lucho\Documents\MCUXpressoIDE_11.4.0_6237\workspace_drivers\CMSISv2p00_LPC17xx\Debug\libCMSISv2p00_LPC17xx.a(lpc17xx_gpio.o)
FIO_ByteSetMask                                   C:\Users\lucho\Documents\MCUXpressoIDE_11.4.0_6237\workspace_drivers\CMSISv2p00_LPC17xx\Debug\libCMSISv2p00_LPC17xx.a(lpc17xx_gpio.o)
FIO_ByteSetValue                                  C:\Users\lucho\Documents\MCUXpressoIDE_11.4.0_6237\workspace_drivers\CMSISv2p00_LPC17xx\Debug\libCMSISv2p00_LPC17xx.a(lpc17xx_gpio.o)
FIO_ClearInt                                      C:\Users\lucho\Documents\MCUXpressoIDE_11.4.0_6237\workspace_drivers\CMSISv2p00_LPC17xx\Debug\libCMSISv2p00_LPC17xx.a(lpc17xx_gpio.o)
FIO_ClearValue                                    C:\Users\lucho\Documents\MCUXpressoIDE_11.4.0_6237\workspace_drivers\CMSISv2p00_LPC17xx\Debug\libCMSISv2p00_LPC17xx.a(lpc17xx_gpio.o)
FIO_GetIntStatus                                  C:\Users\lucho\Documents\MCUXpressoIDE_11.4.0_6237\workspace_drivers\CMSISv2p00_LPC17xx\Debug\libCMSISv2p00_LPC17xx.a(lpc17xx_gpio.o)
FIO_HalfWordClearValue                            C:\Users\lucho\Documents\MCUXpressoIDE_11.4.0_6237\workspace_drivers\CMSISv2p00_LPC17xx\Debug\libCMSISv2p00_LPC17xx.a(lpc17xx_gpio.o)
FIO_HalfWordReadValue                             C:\Users\lucho\Documents\MCUXpressoIDE_11.4.0_6237\workspace_drivers\CMSISv2p00_LPC17xx\Debug\libCMSISv2p00_LPC17xx.a(lpc17xx_gpio.o)
FIO_HalfWordSetDir                                C:\Users\lucho\Documents\MCUXpressoIDE_11.4.0_6237\workspace_drivers\CMSISv2p00_LPC17xx\Debug\libCMSISv2p00_LPC17xx.a(lpc17xx_gpio.o)
FIO_HalfWordSetMask                               C:\Users\lucho\Documents\MCUXpressoIDE_11.4.0_6237\workspace_drivers\CMSISv2p00_LPC17xx\Debug\libCMSISv2p00_LPC17xx.a(lpc17xx_gpio.o)
FIO_HalfWordSetValue                              C:\Users\lucho\Documents\MCUXpressoIDE_11.4.0_6237\workspace_drivers\CMSISv2p00_LPC17xx\Debug\libCMSISv2p00_LPC17xx.a(lpc17xx_gpio.o)
FIO_IntCmd                                        C:\Users\lucho\Documents\MCUXpressoIDE_11.4.0_6237\workspace_drivers\CMSISv2p00_LPC17xx\Debug\libCMSISv2p00_LPC17xx.a(lpc17xx_gpio.o)
FIO_ReadValue                                     C:\Users\lucho\Documents\MCUXpressoIDE_11.4.0_6237\workspace_drivers\CMSISv2p00_LPC17xx\Debug\libCMSISv2p00_LPC17xx.a(lpc17xx_gpio.o)
FIO_SetDir                                        C:\Users\lucho\Documents\MCUXpressoIDE_11.4.0_6237\workspace_drivers\CMSISv2p00_LPC17xx\Debug\libCMSISv2p00_LPC17xx.a(lpc17xx_gpio.o)
FIO_SetMask                                       C:\Users\lucho\Documents\MCUXpressoIDE_11.4.0_6237\workspace_drivers\CMSISv2p00_LPC17xx\Debug\libCMSISv2p00_LPC17xx.a(lpc17xx_gpio.o)
FIO_SetValue                                      C:\Users\lucho\Documents\MCUXpressoIDE_11.4.0_6237\workspace_drivers\CMSISv2p00_LPC17xx\Debug\libCMSISv2p00_LPC17xx.a(lpc17xx_gpio.o)
GPIO_ClearInt                                     C:\Users\lucho\Documents\MCUXpressoIDE_11.4.0_6237\workspace_drivers\CMSISv2p00_LPC17xx\Debug\libCMSISv2p00_LPC17xx.a(lpc17xx_gpio.o)
GPIO_ClearValue                                   C:\Users\lucho\Documents\MCUXpressoIDE_11.4.0_6237\workspace_drivers\CMSISv2p00_LPC17xx\Debug\libCMSISv2p00_LPC17xx.a(lpc17xx_gpio.o)
GPIO_GetIntStatus                                 C:\Users\lucho\Documents\MCUXpressoIDE_11.4.0_6237\workspace_drivers\CMSISv2p00_LPC17xx\Debug\libCMSISv2p00_LPC17xx.a(lpc17xx_gpio.o)
GPIO_IntCmd                                       C:\Users\lucho\Documents\MCUXpressoIDE_11.4.0_6237\workspace_drivers\CMSISv2p00_LPC17xx\Debug\libCMSISv2p00_LPC17xx.a(lpc17xx_gpio.o)
GPIO_ReadValue                                    C:\Users\lucho\Documents\MCUXpressoIDE_11.4.0_6237\workspace_drivers\CMSISv2p00_LPC17xx\Debug\libCMSISv2p00_LPC17xx.a(lpc17xx_gpio.o)
GPIO_SetDir                                       C:\Users\lucho\Documents\MCUXpressoIDE_11.4.0_6237\workspace_drivers\CMSISv2p00_LPC17xx\Debug\libCMSISv2p00_LPC17xx.a(lpc17xx_gpio.o)
                                                  ./src/main.o
GPIO_SetValue                                     C:\Users\lucho\Documents\MCUXpressoIDE_11.4.0_6237\workspace_drivers\CMSISv2p00_LPC17xx\Debug\libCMSISv2p00_LPC17xx.a(lpc17xx_gpio.o)
HardFault_Handler                                 ./src/cr_startup_lpc175x_6x.o
HoraAlarma                                        ./src/main.o
HoraReloj                                         ./src/main.o
I2C0_IRQHandler                                   ./src/cr_startup_lpc175x_6x.o
I2C1_IRQHandler                                   ./src/cr_startup_lpc175x_6x.o
I2C2_IRQHandler                                   ./src/cr_startup_lpc175x_6x.o
I2S_IRQHandler                                    ./src/cr_startup_lpc175x_6x.o
IntDefaultHandler                                 ./src/cr_startup_lpc175x_6x.o
MCPWM_IRQHandler                                  ./src/cr_startup_lpc175x_6x.o
MemManage_Handler                                 ./src/cr_startup_lpc175x_6x.o
MinutosAlarma                                     ./src/main.o
MinutosReloj                                      ./src/main.o
MostrarHora                                       ./src/main.o
MostrarTemp                                       ./src/main.o
NMI_Handler                                       ./src/cr_startup_lpc175x_6x.o
PINSEL_ConfigPin                                  C:\Users\lucho\Documents\MCUXpressoIDE_11.4.0_6237\workspace_drivers\CMSISv2p00_LPC17xx\Debug\libCMSISv2p00_LPC17xx.a(lpc17xx_pinsel.o)
                                                  ./src/main.o
PINSEL_ConfigTraceFunc                            C:\Users\lucho\Documents\MCUXpressoIDE_11.4.0_6237\workspace_drivers\CMSISv2p00_LPC17xx\Debug\libCMSISv2p00_LPC17xx.a(lpc17xx_pinsel.o)
PINSEL_SetI2C0Pins                                C:\Users\lucho\Documents\MCUXpressoIDE_11.4.0_6237\workspace_drivers\CMSISv2p00_LPC17xx\Debug\libCMSISv2p00_LPC17xx.a(lpc17xx_pinsel.o)
PLL0_IRQHandler                                   ./src/cr_startup_lpc175x_6x.o
PLL1_IRQHandler                                   ./src/cr_startup_lpc175x_6x.o
PWM1_IRQHandler                                   ./src/cr_startup_lpc175x_6x.o
PendSV_Handler                                    ./src/cr_startup_lpc175x_6x.o
QEI_IRQHandler                                    ./src/cr_startup_lpc175x_6x.o
RIT_IRQHandler                                    ./src/cr_startup_lpc175x_6x.o
RTC_IRQHandler                                    ./src/cr_startup_lpc175x_6x.o
ResetISR                                          ./src/cr_startup_lpc175x_6x.o
SPI_IRQHandler                                    ./src/cr_startup_lpc175x_6x.o
SSP0_IRQHandler                                   ./src/cr_startup_lpc175x_6x.o
SSP1_IRQHandler                                   ./src/cr_startup_lpc175x_6x.o
SVC_Handler                                       ./src/cr_startup_lpc175x_6x.o
SetAlarma                                         ./src/main.o
SetHora                                           ./src/main.o
SonarAlarma                                       ./src/main.o
SysTick_Handler                                   ./src/cr_startup_lpc175x_6x.o
SystemCoreClock                                   C:\Users\lucho\Documents\MCUXpressoIDE_11.4.0_6237\workspace_drivers\CMSISv2p00_LPC17xx\Debug\libCMSISv2p00_LPC17xx.a(system_LPC17xx.o)
                                                  C:\Users\lucho\Documents\MCUXpressoIDE_11.4.0_6237\workspace_drivers\CMSISv2p00_LPC17xx\Debug\libCMSISv2p00_LPC17xx.a(lpc17xx_clkpwr.o)
SystemCoreClockUpdate                             C:\Users\lucho\Documents\MCUXpressoIDE_11.4.0_6237\workspace_drivers\CMSISv2p00_LPC17xx\Debug\libCMSISv2p00_LPC17xx.a(system_LPC17xx.o)
SystemInit                                        C:\Users\lucho\Documents\MCUXpressoIDE_11.4.0_6237\workspace_drivers\CMSISv2p00_LPC17xx\Debug\libCMSISv2p00_LPC17xx.a(system_LPC17xx.o)
                                                  ./src/cr_startup_lpc175x_6x.o
TIMER0_IRQHandler                                 ./src/main.o
                                                  ./src/cr_startup_lpc175x_6x.o
TIMER1_IRQHandler                                 ./src/cr_startup_lpc175x_6x.o
TIMER2_IRQHandler                                 ./src/cr_startup_lpc175x_6x.o
TIMER3_IRQHandler                                 ./src/cr_startup_lpc175x_6x.o
TIM_ClearIntCapturePending                        C:\Users\lucho\Documents\MCUXpressoIDE_11.4.0_6237\workspace_drivers\CMSISv2p00_LPC17xx\Debug\libCMSISv2p00_LPC17xx.a(lpc17xx_timer.o)
TIM_ClearIntPending                               C:\Users\lucho\Documents\MCUXpressoIDE_11.4.0_6237\workspace_drivers\CMSISv2p00_LPC17xx\Debug\libCMSISv2p00_LPC17xx.a(lpc17xx_timer.o)
TIM_Cmd                                           C:\Users\lucho\Documents\MCUXpressoIDE_11.4.0_6237\workspace_drivers\CMSISv2p00_LPC17xx\Debug\libCMSISv2p00_LPC17xx.a(lpc17xx_timer.o)
                                                  ./src/main.o
TIM_ConfigCapture                                 C:\Users\lucho\Documents\MCUXpressoIDE_11.4.0_6237\workspace_drivers\CMSISv2p00_LPC17xx\Debug\libCMSISv2p00_LPC17xx.a(lpc17xx_timer.o)
TIM_ConfigMatch                                   C:\Users\lucho\Documents\MCUXpressoIDE_11.4.0_6237\workspace_drivers\CMSISv2p00_LPC17xx\Debug\libCMSISv2p00_LPC17xx.a(lpc17xx_timer.o)
                                                  ./src/main.o
TIM_ConfigStructInit                              C:\Users\lucho\Documents\MCUXpressoIDE_11.4.0_6237\workspace_drivers\CMSISv2p00_LPC17xx\Debug\libCMSISv2p00_LPC17xx.a(lpc17xx_timer.o)
TIM_DeInit                                        C:\Users\lucho\Documents\MCUXpressoIDE_11.4.0_6237\workspace_drivers\CMSISv2p00_LPC17xx\Debug\libCMSISv2p00_LPC17xx.a(lpc17xx_timer.o)
TIM_GetCaptureValue                               C:\Users\lucho\Documents\MCUXpressoIDE_11.4.0_6237\workspace_drivers\CMSISv2p00_LPC17xx\Debug\libCMSISv2p00_LPC17xx.a(lpc17xx_timer.o)
TIM_GetIntCaptureStatus                           C:\Users\lucho\Documents\MCUXpressoIDE_11.4.0_6237\workspace_drivers\CMSISv2p00_LPC17xx\Debug\libCMSISv2p00_LPC17xx.a(lpc17xx_timer.o)
TIM_GetIntStatus                                  C:\Users\lucho\Documents\MCUXpressoIDE_11.4.0_6237\workspace_drivers\CMSISv2p00_LPC17xx\Debug\libCMSISv2p00_LPC17xx.a(lpc17xx_timer.o)
TIM_Init                                          C:\Users\lucho\Documents\MCUXpressoIDE_11.4.0_6237\workspace_drivers\CMSISv2p00_LPC17xx\Debug\libCMSISv2p00_LPC17xx.a(lpc17xx_timer.o)
                                                  ./src/main.o
TIM_ResetCounter                                  C:\Users\lucho\Documents\MCUXpressoIDE_11.4.0_6237\workspace_drivers\CMSISv2p00_LPC17xx\Debug\libCMSISv2p00_LPC17xx.a(lpc17xx_timer.o)
TIM_UpdateMatchValue                              C:\Users\lucho\Documents\MCUXpressoIDE_11.4.0_6237\workspace_drivers\CMSISv2p00_LPC17xx\Debug\libCMSISv2p00_LPC17xx.a(lpc17xx_timer.o)
Temp                                              ./src/main.o
UART0_IRQHandler                                  ./src/cr_startup_lpc175x_6x.o
UART1_IRQHandler                                  ./src/cr_startup_lpc175x_6x.o
UART2_IRQHandler                                  ./src/cr_startup_lpc175x_6x.o
UART3_IRQHandler                                  ./src/cr_startup_lpc175x_6x.o
UART_ABClearIntPending                            C:\Users\lucho\Documents\MCUXpressoIDE_11.4.0_6237\workspace_drivers\CMSISv2p00_LPC17xx\Debug\libCMSISv2p00_LPC17xx.a(lpc17xx_uart.o)
UART_ABCmd                                        C:\Users\lucho\Documents\MCUXpressoIDE_11.4.0_6237\workspace_drivers\CMSISv2p00_LPC17xx\Debug\libCMSISv2p00_LPC17xx.a(lpc17xx_uart.o)
UART_CheckBusy                                    C:\Users\lucho\Documents\MCUXpressoIDE_11.4.0_6237\workspace_drivers\CMSISv2p00_LPC17xx\Debug\libCMSISv2p00_LPC17xx.a(lpc17xx_uart.o)
UART_ConfigStructInit                             C:\Users\lucho\Documents\MCUXpressoIDE_11.4.0_6237\workspace_drivers\CMSISv2p00_LPC17xx\Debug\libCMSISv2p00_LPC17xx.a(lpc17xx_uart.o)
                                                  ./src/main.o
UART_DeInit                                       C:\Users\lucho\Documents\MCUXpressoIDE_11.4.0_6237\workspace_drivers\CMSISv2p00_LPC17xx\Debug\libCMSISv2p00_LPC17xx.a(lpc17xx_uart.o)
UART_FIFOConfig                                   C:\Users\lucho\Documents\MCUXpressoIDE_11.4.0_6237\workspace_drivers\CMSISv2p00_LPC17xx\Debug\libCMSISv2p00_LPC17xx.a(lpc17xx_uart.o)
                                                  ./src/main.o
UART_FIFOConfigStructInit                         C:\Users\lucho\Documents\MCUXpressoIDE_11.4.0_6237\workspace_drivers\CMSISv2p00_LPC17xx\Debug\libCMSISv2p00_LPC17xx.a(lpc17xx_uart.o)
                                                  ./src/main.o
UART_ForceBreak                                   C:\Users\lucho\Documents\MCUXpressoIDE_11.4.0_6237\workspace_drivers\CMSISv2p00_LPC17xx\Debug\libCMSISv2p00_LPC17xx.a(lpc17xx_uart.o)
UART_FullModemConfigMode                          C:\Users\lucho\Documents\MCUXpressoIDE_11.4.0_6237\workspace_drivers\CMSISv2p00_LPC17xx\Debug\libCMSISv2p00_LPC17xx.a(lpc17xx_uart.o)
UART_FullModemForcePinState                       C:\Users\lucho\Documents\MCUXpressoIDE_11.4.0_6237\workspace_drivers\CMSISv2p00_LPC17xx\Debug\libCMSISv2p00_LPC17xx.a(lpc17xx_uart.o)
UART_FullModemGetStatus                           C:\Users\lucho\Documents\MCUXpressoIDE_11.4.0_6237\workspace_drivers\CMSISv2p00_LPC17xx\Debug\libCMSISv2p00_LPC17xx.a(lpc17xx_uart.o)
UART_GetIntId                                     C:\Users\lucho\Documents\MCUXpressoIDE_11.4.0_6237\workspace_drivers\CMSISv2p00_LPC17xx\Debug\libCMSISv2p00_LPC17xx.a(lpc17xx_uart.o)
UART_GetLineStatus                                C:\Users\lucho\Documents\MCUXpressoIDE_11.4.0_6237\workspace_drivers\CMSISv2p00_LPC17xx\Debug\libCMSISv2p00_LPC17xx.a(lpc17xx_uart.o)
UART_Init                                         C:\Users\lucho\Documents\MCUXpressoIDE_11.4.0_6237\workspace_drivers\CMSISv2p00_LPC17xx\Debug\libCMSISv2p00_LPC17xx.a(lpc17xx_uart.o)
                                                  ./src/main.o
UART_IntConfig                                    C:\Users\lucho\Documents\MCUXpressoIDE_11.4.0_6237\workspace_drivers\CMSISv2p00_LPC17xx\Debug\libCMSISv2p00_LPC17xx.a(lpc17xx_uart.o)
UART_IrDACmd                                      C:\Users\lucho\Documents\MCUXpressoIDE_11.4.0_6237\workspace_drivers\CMSISv2p00_LPC17xx\Debug\libCMSISv2p00_LPC17xx.a(lpc17xx_uart.o)
UART_IrDAInvtInputCmd                             C:\Users\lucho\Documents\MCUXpressoIDE_11.4.0_6237\workspace_drivers\CMSISv2p00_LPC17xx\Debug\libCMSISv2p00_LPC17xx.a(lpc17xx_uart.o)
UART_IrDAPulseDivConfig                           C:\Users\lucho\Documents\MCUXpressoIDE_11.4.0_6237\workspace_drivers\CMSISv2p00_LPC17xx\Debug\libCMSISv2p00_LPC17xx.a(lpc17xx_uart.o)
UART_RS485Config                                  C:\Users\lucho\Documents\MCUXpressoIDE_11.4.0_6237\workspace_drivers\CMSISv2p00_LPC17xx\Debug\libCMSISv2p00_LPC17xx.a(lpc17xx_uart.o)
UART_RS485ReceiverCmd                             C:\Users\lucho\Documents\MCUXpressoIDE_11.4.0_6237\workspace_drivers\CMSISv2p00_LPC17xx\Debug\libCMSISv2p00_LPC17xx.a(lpc17xx_uart.o)
UART_RS485Send                                    C:\Users\lucho\Documents\MCUXpressoIDE_11.4.0_6237\workspace_drivers\CMSISv2p00_LPC17xx\Debug\libCMSISv2p00_LPC17xx.a(lpc17xx_uart.o)
UART_RS485SendData                                C:\Users\lucho\Documents\MCUXpressoIDE_11.4.0_6237\workspace_drivers\CMSISv2p00_LPC17xx\Debug\libCMSISv2p00_LPC17xx.a(lpc17xx_uart.o)
UART_RS485SendSlvAddr                             C:\Users\lucho\Documents\MCUXpressoIDE_11.4.0_6237\workspace_drivers\CMSISv2p00_LPC17xx\Debug\libCMSISv2p00_LPC17xx.a(lpc17xx_uart.o)
UART_Receive                                      C:\Users\lucho\Documents\MCUXpressoIDE_11.4.0_6237\workspace_drivers\CMSISv2p00_LPC17xx\Debug\libCMSISv2p00_LPC17xx.a(lpc17xx_uart.o)
UART_ReceiveByte                                  C:\Users\lucho\Documents\MCUXpressoIDE_11.4.0_6237\workspace_drivers\CMSISv2p00_LPC17xx\Debug\libCMSISv2p00_LPC17xx.a(lpc17xx_uart.o)
UART_Send                                         C:\Users\lucho\Documents\MCUXpressoIDE_11.4.0_6237\workspace_drivers\CMSISv2p00_LPC17xx\Debug\libCMSISv2p00_LPC17xx.a(lpc17xx_uart.o)
                                                  ./src/main.o
UART_SendByte                                     C:\Users\lucho\Documents\MCUXpressoIDE_11.4.0_6237\workspace_drivers\CMSISv2p00_LPC17xx\Debug\libCMSISv2p00_LPC17xx.a(lpc17xx_uart.o)
UART_TxCmd                                        C:\Users\lucho\Documents\MCUXpressoIDE_11.4.0_6237\workspace_drivers\CMSISv2p00_LPC17xx\Debug\libCMSISv2p00_LPC17xx.a(lpc17xx_uart.o)
                                                  ./src/main.o
USBActivity_IRQHandler                            ./src/cr_startup_lpc175x_6x.o
USB_IRQHandler                                    ./src/cr_startup_lpc175x_6x.o
UsageFault_Handler                                ./src/cr_startup_lpc175x_6x.o
VerificarAlarma                                   ./src/main.o
WDT_IRQHandler                                    ./src/cr_startup_lpc175x_6x.o
__aeabi_idiv0                                     c:/nxp/mcuxpressoide_11.4.0_6237/ide/plugins/com.nxp.mcuxpresso.tools.win32_11.4.0.202103011116/tools/bin/../lib/gcc/arm-none-eabi/10.2.1/thumb/v7-m/nofp\libcr_eabihelpers.a(division_idiv0.o)
                                                  c:/nxp/mcuxpressoide_11.4.0_6237/ide/plugins/com.nxp.mcuxpresso.tools.win32_11.4.0.202103011116/tools/bin/../lib/gcc/arm-none-eabi/10.2.1/thumb/v7-m/nofp\libcr_eabihelpers.a(division_64.o)
__aeabi_ldivmod                                   c:/nxp/mcuxpressoide_11.4.0_6237/ide/plugins/com.nxp.mcuxpresso.tools.win32_11.4.0.202103011116/tools/bin/../lib/gcc/arm-none-eabi/10.2.1/thumb/v7-m/nofp\libcr_eabihelpers.a(division_64.o)
                                                  C:\Users\lucho\Documents\MCUXpressoIDE_11.4.0_6237\workspace_drivers\CMSISv2p00_LPC17xx\Debug\libCMSISv2p00_LPC17xx.a(system_LPC17xx.o)
__aeabi_uldivmod                                  c:/nxp/mcuxpressoide_11.4.0_6237/ide/plugins/com.nxp.mcuxpresso.tools.win32_11.4.0.202103011116/tools/bin/../lib/gcc/arm-none-eabi/10.2.1/thumb/v7-m/nofp\libcr_eabihelpers.a(division_64.o)
                                                  C:\Users\lucho\Documents\MCUXpressoIDE_11.4.0_6237\workspace_drivers\CMSISv2p00_LPC17xx\Debug\libCMSISv2p00_LPC17xx.a(lpc17xx_timer.o)
                                                  C:\Users\lucho\Documents\MCUXpressoIDE_11.4.0_6237\workspace_drivers\CMSISv2p00_LPC17xx\Debug\libCMSISv2p00_LPC17xx.a(system_LPC17xx.o)
__bhs_ldivmod1                                    c:/nxp/mcuxpressoide_11.4.0_6237/ide/plugins/com.nxp.mcuxpresso.tools.win32_11.4.0.202103011116/tools/bin/../lib/gcc/arm-none-eabi/10.2.1/thumb/v7-m/nofp\libcr_eabihelpers.a(division_64.o)
__bss_section_table_end                           ./src/cr_startup_lpc175x_6x.o
__data_section_table                              ./src/cr_startup_lpc175x_6x.o
__data_section_table_end                          ./src/cr_startup_lpc175x_6x.o
__main                                            c:/nxp/mcuxpressoide_11.4.0_6237/ide/plugins/com.nxp.mcuxpresso.tools.win32_11.4.0.202103011116/tools/bin/../lib/gcc/arm-none-eabi/10.2.1/../../../../arm-none-eabi/lib/thumb/v7-m/nofp\libcr_c.a(__weak__main.o)
                                                  ./src/cr_startup_lpc175x_6x.o
__valid_user_code_checksum                        ./src/cr_startup_lpc175x_6x.o
__weak_main                                       c:/nxp/mcuxpressoide_11.4.0_6237/ide/plugins/com.nxp.mcuxpresso.tools.win32_11.4.0.202103011116/tools/bin/../lib/gcc/arm-none-eabi/10.2.1/../../../../arm-none-eabi/lib/thumb/v7-m/nofp\libcr_c.a(__weak__main.o)
_vStackTop                                        ./src/cr_startup_lpc175x_6x.o
bss_init                                          ./src/cr_startup_lpc175x_6x.o
check_failed                                      C:\Users\lucho\Documents\MCUXpressoIDE_11.4.0_6237\workspace_drivers\CMSISv2p00_LPC17xx\Debug\libCMSISv2p00_LPC17xx.a(lpc17xx_libcfg_default.o)
                                                  C:\Users\lucho\Documents\MCUXpressoIDE_11.4.0_6237\workspace_drivers\CMSISv2p00_LPC17xx\Debug\libCMSISv2p00_LPC17xx.a(lpc17xx_uart.o)
                                                  C:\Users\lucho\Documents\MCUXpressoIDE_11.4.0_6237\workspace_drivers\CMSISv2p00_LPC17xx\Debug\libCMSISv2p00_LPC17xx.a(lpc17xx_timer.o)
                                                  C:\Users\lucho\Documents\MCUXpressoIDE_11.4.0_6237\workspace_drivers\CMSISv2p00_LPC17xx\Debug\libCMSISv2p00_LPC17xx.a(lpc17xx_adc.o)
clear                                             ./src/main.o
confADC                                           ./src/main.o
confTimers                                        ./src/main.o
confUart                                          ./src/main.o
config_GPIO                                       ./src/main.o
consoleclear                                      ./src/main.o
data                                              ./src/main.o
data_init                                         ./src/cr_startup_lpc175x_6x.o
g_pfnVectors                                      ./src/cr_startup_lpc175x_6x.o
keypad                                            ./src/main.o
keypress                                          ./src/main.o
main                                              ./src/main.o
                                                  c:/nxp/mcuxpressoide_11.4.0_6237/ide/plugins/com.nxp.mcuxpresso.tools.win32_11.4.0.202103011116/tools/bin/../lib/gcc/arm-none-eabi/10.2.1/../../../../arm-none-eabi/lib/thumb/v7-m/nofp\libcr_c.a(__weak__main.o)
menu                                              ./src/main.o
readkey                                           ./src/main.o
retardo                                           ./src/main.o
sendData                                          ./src/main.o
