Archive member included to satisfy reference by file (symbol)

C:\Users\lucho\Documents\MCUXpressoIDE_11.4.0_6237\workspace_drivers\CMSISv2p00_LPC17xx\Debug\libCMSISv2p00_LPC17xx.a(system_LPC17xx.o)
                              ./src/cr_startup_lpc175x_6x.o (SystemInit)
C:\Users\lucho\Documents\MCUXpressoIDE_11.4.0_6237\workspace_drivers\CMSISv2p00_LPC17xx\Debug\libCMSISv2p00_LPC17xx.a(lpc17xx_adc.o)
                              ./src/main.o (ADC_Init)
C:\Users\lucho\Documents\MCUXpressoIDE_11.4.0_6237\workspace_drivers\CMSISv2p00_LPC17xx\Debug\libCMSISv2p00_LPC17xx.a(lpc17xx_clkpwr.o)
                              C:\Users\lucho\Documents\MCUXpressoIDE_11.4.0_6237\workspace_drivers\CMSISv2p00_LPC17xx\Debug\libCMSISv2p00_LPC17xx.a(lpc17xx_adc.o) (CLKPWR_GetPCLK)
C:\Users\lucho\Documents\MCUXpressoIDE_11.4.0_6237\workspace_drivers\CMSISv2p00_LPC17xx\Debug\libCMSISv2p00_LPC17xx.a(lpc17xx_gpdma.o)
                              ./src/main.o (GPDMA_Init)
C:\Users\lucho\Documents\MCUXpressoIDE_11.4.0_6237\workspace_drivers\CMSISv2p00_LPC17xx\Debug\libCMSISv2p00_LPC17xx.a(lpc17xx_gpio.o)
                              ./src/main.o (GPIO_SetDir)
C:\Users\lucho\Documents\MCUXpressoIDE_11.4.0_6237\workspace_drivers\CMSISv2p00_LPC17xx\Debug\libCMSISv2p00_LPC17xx.a(lpc17xx_libcfg_default.o)
                              C:\Users\lucho\Documents\MCUXpressoIDE_11.4.0_6237\workspace_drivers\CMSISv2p00_LPC17xx\Debug\libCMSISv2p00_LPC17xx.a(lpc17xx_adc.o) (check_failed)
C:\Users\lucho\Documents\MCUXpressoIDE_11.4.0_6237\workspace_drivers\CMSISv2p00_LPC17xx\Debug\libCMSISv2p00_LPC17xx.a(lpc17xx_pinsel.o)
                              ./src/main.o (PINSEL_ConfigPin)
C:\Users\lucho\Documents\MCUXpressoIDE_11.4.0_6237\workspace_drivers\CMSISv2p00_LPC17xx\Debug\libCMSISv2p00_LPC17xx.a(lpc17xx_timer.o)
                              ./src/main.o (TIM_Init)
C:\Users\lucho\Documents\MCUXpressoIDE_11.4.0_6237\workspace_drivers\CMSISv2p00_LPC17xx\Debug\libCMSISv2p00_LPC17xx.a(lpc17xx_uart.o)
                              ./src/main.o (UART_Init)
c:/nxp/mcuxpressoide_11.4.0_6237/ide/plugins/com.nxp.mcuxpresso.tools.win32_11.4.0.202103011116/tools/bin/../lib/gcc/arm-none-eabi/10.2.1/../../../../arm-none-eabi/lib/thumb/v7-m/nofp\libcr_c.a(__weak__main.o)
                              ./src/cr_startup_lpc175x_6x.o (__main)
c:/nxp/mcuxpressoide_11.4.0_6237/ide/plugins/com.nxp.mcuxpresso.tools.win32_11.4.0.202103011116/tools/bin/../lib/gcc/arm-none-eabi/10.2.1/thumb/v7-m/nofp\libcr_eabihelpers.a(division_64.o)
                              C:\Users\lucho\Documents\MCUXpressoIDE_11.4.0_6237\workspace_drivers\CMSISv2p00_LPC17xx\Debug\libCMSISv2p00_LPC17xx.a(system_LPC17xx.o) (__aeabi_ldivmod)
c:/nxp/mcuxpressoide_11.4.0_6237/ide/plugins/com.nxp.mcuxpresso.tools.win32_11.4.0.202103011116/tools/bin/../lib/gcc/arm-none-eabi/10.2.1/thumb/v7-m/nofp\libcr_eabihelpers.a(division_idiv0.o)
                              c:/nxp/mcuxpressoide_11.4.0_6237/ide/plugins/com.nxp.mcuxpresso.tools.win32_11.4.0.202103011116/tools/bin/../lib/gcc/arm-none-eabi/10.2.1/thumb/v7-m/nofp\libcr_eabihelpers.a(division_64.o) (__aeabi_idiv0)

Discarded input sections

 .group         0x00000000        0xc ./src/cr_startup_lpc175x_6x.o
 .text          0x00000000        0x0 ./src/cr_startup_lpc175x_6x.o
 .data          0x00000000        0x0 ./src/cr_startup_lpc175x_6x.o
 .bss           0x00000000        0x0 ./src/cr_startup_lpc175x_6x.o
 .group         0x00000000        0xc ./src/crp.o
 .group         0x00000000        0xc ./src/crp.o
 .text          0x00000000        0x0 ./src/crp.o
 .data          0x00000000        0x0 ./src/crp.o
 .bss           0x00000000        0x0 ./src/crp.o
 .debug_macro   0x00000000      0xa7e ./src/crp.o
 .group         0x00000000        0xc ./src/main.o
 .group         0x00000000        0xc ./src/main.o
 .group         0x00000000        0xc ./src/main.o
 .group         0x00000000        0xc ./src/main.o
 .group         0x00000000        0xc ./src/main.o
 .group         0x00000000        0xc ./src/main.o
 .group         0x00000000        0xc ./src/main.o
 .group         0x00000000        0xc ./src/main.o
 .group         0x00000000        0xc ./src/main.o
 .group         0x00000000        0xc ./src/main.o
 .group         0x00000000        0xc ./src/main.o
 .group         0x00000000        0xc ./src/main.o
 .group         0x00000000        0xc ./src/main.o
 .group         0x00000000        0xc ./src/main.o
 .group         0x00000000        0xc ./src/main.o
 .group         0x00000000        0xc ./src/main.o
 .text          0x00000000        0x0 ./src/main.o
 .data          0x00000000        0x0 ./src/main.o
 .bss           0x00000000        0x0 ./src/main.o
 .data.mostrar  0x00000000        0x1 ./src/main.o
 .text.Antirebote
                0x00000000       0x2c ./src/main.o
 .bss.cvalue    0x00000000        0x1 ./src/main.o
 .text.retardo  0x00000000       0x2c ./src/main.o
 .debug_macro   0x00000000      0xa7e ./src/main.o
[...]
Memory Configuration

Name             Origin             Length             Attributes
MFlash512        0x00000000         0x00080000         xr
RamLoc32         0x10000000         0x00008000         xrw
RamAHB32         0x2007c000         0x00008000         xrw
*default*        0x00000000         0xffffffff

Linker script and memory map

LOAD ./src/cr_startup_lpc175x_6x.o
LOAD ./src/crp.o
LOAD ./src/main.o
LOAD C:\Users\lucho\Documents\MCUXpressoIDE_11.4.0_6237\workspace_drivers\CMSISv2p00_LPC17xx\Debug\libCMSISv2p00_LPC17xx.a
START GROUP
LOAD c:/nxp/mcuxpressoide_11.4.0_6237/ide/plugins/com.nxp.mcuxpresso.tools.win32_11.4.0.202103011116/tools/bin/../lib/gcc/arm-none-eabi/10.2.1/../../../../arm-none-eabi/lib/thumb/v7-m/nofp\libcr_c.a
LOAD c:/nxp/mcuxpressoide_11.4.0_6237/ide/plugins/com.nxp.mcuxpresso.tools.win32_11.4.0.202103011116/tools/bin/../lib/gcc/arm-none-eabi/10.2.1/thumb/v7-m/nofp\libcr_eabihelpers.a
LOAD c:/nxp/mcuxpressoide_11.4.0_6237/ide/plugins/com.nxp.mcuxpresso.tools.win32_11.4.0.202103011116/tools/bin/../lib/gcc/arm-none-eabi/10.2.1/thumb/v7-m/nofp\libgcc.a
END GROUP
                0x00000000                __base_MFlash512 = 0x0
                0x00000000                __base_Flash = 0x0
                0x00080000                __top_MFlash512 = 0x80000
                0x00080000                __top_Flash = 0x80000
                0x10000000                __base_RamLoc32 = 0x10000000
                0x10000000                __base_RAM = 0x10000000
                0x10008000                __top_RamLoc32 = 0x10008000
                0x10008000                __top_RAM = 0x10008000
                0x2007c000                __base_RamAHB32 = 0x2007c000
                0x2007c000                __base_RAM2 = 0x2007c000
                0x20084000                __top_RamAHB32 = 0x20084000
                0x20084000                __top_RAM2 = 0x20084000

.text           0x00000000     0x22bc
 FILL mask 0xff
                0x00000000                __vectors_start__ = ABSOLUTE (.)
 *(.isr_vector)
 .isr_vector    0x00000000       0xcc ./src/cr_startup_lpc175x_6x.o
                0x00000000                g_pfnVectors
                0x000000cc                . = ALIGN (0x4)
                0x000000cc                __section_table_start = .
                0x000000cc                __data_section_table = .
                0x000000cc        0x4 LONG 0x22bc LOADADDR (.data)
                0x000000d0        0x4 LONG 0x10000000 ADDR (.data)
                0x000000d4        0x4 LONG 0x40 SIZEOF (.data)
                0x000000d8        0x4 LONG 0x22bc LOADADDR (.data_RAM2)
                0x000000dc        0x4 LONG 0x2007c000 ADDR (.data_RAM2)
                0x000000e0        0x4 LONG 0x0 SIZEOF (.data_RAM2)
                0x000000e4                __data_section_table_end = .
                0x000000e4                __bss_section_table = .
                0x000000e4        0x4 LONG 0x10000040 ADDR (.bss)
                0x000000e8        0x4 LONG 0x24 SIZEOF (.bss)
                0x000000ec        0x4 LONG 0x2007c000 ADDR (.bss_RAM2)
                0x000000f0        0x4 LONG 0x0 SIZEOF (.bss_RAM2)
                0x000000f4                __bss_section_table_end = .
                0x000000f4                __section_table_end = .
 *(.after_vectors*)
 .after_vectors
                0x000000f4      0x130 ./src/cr_startup_lpc175x_6x.o
                0x000000f4                data_init
                0x00000138                bss_init
                0x00000170                ResetISR
                0x000001e8                NMI_Handler
                0x000001ee                HardFault_Handler
                0x000001f4                MemManage_Handler
                0x000001fa                BusFault_Handler
                0x00000200                UsageFault_Handler
                0x00000206                SVC_Handler
                0x0000020c                DebugMon_Handler
                0x00000212                PendSV_Handler
                0x00000218                SysTick_Handler
                0x0000021e                UART1_IRQHandler
                0x0000021e                CANActivity_IRQHandler
                0x0000021e                TIMER3_IRQHandler
                0x0000021e                UART0_IRQHandler
                0x0000021e                EINT2_IRQHandler
                0x0000021e                USBActivity_IRQHandler
                0x0000021e                IntDefaultHandler
                0x0000021e                PLL0_IRQHandler
                0x0000021e                I2C0_IRQHandler
                0x0000021e                I2C1_IRQHandler
                0x0000021e                SSP0_IRQHandler
                0x0000021e                I2S_IRQHandler
                0x0000021e                I2C2_IRQHandler
                0x0000021e                RTC_IRQHandler
                0x0000021e                SPI_IRQHandler
                0x0000021e                RIT_IRQHandler
                0x0000021e                EINT1_IRQHandler
                0x0000021e                UART2_IRQHandler
                0x0000021e                ADC_IRQHandler
                0x0000021e                SSP1_IRQHandler
                0x0000021e                USB_IRQHandler
                0x0000021e                BOD_IRQHandler
                0x0000021e                PLL1_IRQHandler
                0x0000021e                WDT_IRQHandler
                0x0000021e                PWM1_IRQHandler
                0x0000021e                QEI_IRQHandler
                0x0000021e                EINT0_IRQHandler
                0x0000021e                CAN_IRQHandler
                0x0000021e                DMA_IRQHandler
                0x0000021e                TIMER2_IRQHandler
                0x0000021e                UART3_IRQHandler
                0x0000021e                MCPWM_IRQHandler
                0x0000021e                ENET_IRQHandler
                0x000002fc                . = 0x2fc
 *fill*         0x00000224       0xd8 ff
                0x000002fc                PROVIDE (__CRP_WORD_START__ = .)
 *(.crp)
 .crp           0x000002fc        0x4 ./src/crp.o
                0x000002fc                CRP_WORD
                0x00000300                PROVIDE (__CRP_WORD_END__ = .)
                0x00000001                ASSERT (! ((__CRP_WORD_START__ == __CRP_WORD_END__)), Linker CRP Enabled, but no CRP_WORD provided within application)
 *(.text*)
 .text.NVIC_EnableIRQ
                0x00000300       0x30 ./src/main.o
 .text.NVIC_SetPriority
                0x00000330       0x54 ./src/main.o
 .text.config_GPIO
                0x00000384       0xee ./src/main.o
                0x00000384                config_GPIO
 *fill*         0x00000472        0x2 ff
 .text.configINT
                0x00000474       0x44 ./src/main.o
                0x00000474                configINT
 .text.retardo10ms
                0x000004b8       0x2c ./src/main.o
                0x000004b8                retardo10ms
 .text.presiona
                0x000004e4       0xf4 ./src/main.o
                0x000004e4                presiona
 .text.readkey  0x000005d8      0x108 ./src/main.o
                0x000005d8                readkey
 .text.suelta   0x000006e0       0x84 ./src/main.o
                0x000006e0                suelta
 .text.setReloj
                0x00000764       0xd8 ./src/main.o
                0x00000764                setReloj
 .text.setTemperatura
                0x0000083c       0xbc ./src/main.o
                0x0000083c                setTemperatura
 .text.confUart
                0x000008f8       0x44 ./src/main.o
                0x000008f8                confUart
 .text.consoleclear
                0x0000093c       0x1c ./src/main.o
                0x0000093c                consoleclear
 .text.enviarReloj
                0x00000958       0x1c ./src/main.o
                0x00000958                enviarReloj
 .text.enviarRTemperatura
                0x00000974       0x1c ./src/main.o
                0x00000974                enviarRTemperatura
 .text.confTimers
                0x00000990       0xb4 ./src/main.o
                0x00000990                confTimers
 .text.TIMER0_IRQHandler
                0x00000a44       0x58 ./src/main.o
                0x00000a44                TIMER0_IRQHandler
 .text.TIMER1_IRQHandler
                0x00000a9c       0x4c ./src/main.o
                0x00000a9c                TIMER1_IRQHandler
 .text.confADC  0x00000ae8       0x3c ./src/main.o
                0x00000ae8                confADC
 .text.confDMA  0x00000b24       0x4c ./src/main.o
                0x00000b24                confDMA
 .text.main     0x00000b70       0x3c ./src/main.o
                0x00000b70                main
 .text.EINT3_IRQHandler
                0x00000bac       0xb4 ./src/main.o
                0x00000bac                EINT3_IRQHandler
 .text.SetAlarma
                0x00000c60      0x2b4 ./src/main.o
                0x00000c60                SetAlarma
 .text.SetHora  0x00000f14      0x24c ./src/main.o
                0x00000f14                SetHora
 .text.CambiarMenu
                0x00001160       0x28 ./src/main.o
                0x00001160                CambiarMenu
 .text.VerificarAlarma
                0x00001188       0x40 ./src/main.o
                0x00001188                VerificarAlarma
 .text.MostrarTemp
                0x000011c8       0x60 ./src/main.o
                0x000011c8                MostrarTemp
 .text.MostrarHora
                0x00001228       0x30 ./src/main.o
                0x00001228                MostrarHora
 .text.SonarAlarma
                0x00001258       0x20 ./src/main.o
                0x00001258                SonarAlarma
 .text.SystemInit
                0x00001278       0xd8 C:\Users\lucho\Documents\MCUXpressoIDE_11.4.0_6237\workspace_drivers\CMSISv2p00_LPC17xx\Debug\libCMSISv2p00_LPC17xx.a(system_LPC17xx.o)
                0x00001278                SystemInit
 .text.ADC_Init
                0x00001350       0x58 C:\Users\lucho\Documents\MCUXpressoIDE_11.4.0_6237\workspace_drivers\CMSISv2p00_LPC17xx\Debug\libCMSISv2p00_LPC17xx.a(lpc17xx_adc.o)
                0x00001350                ADC_Init
 .text.ADC_StartCmd
                0x000013a8       0x3c C:\Users\lucho\Documents\MCUXpressoIDE_11.4.0_6237\workspace_drivers\CMSISv2p00_LPC17xx\Debug\libCMSISv2p00_LPC17xx.a(lpc17xx_adc.o)
                0x000013a8                ADC_StartCmd
 .text.ADC_BurstCmd
                0x000013e4       0x30 C:\Users\lucho\Documents\MCUXpressoIDE_11.4.0_6237\workspace_drivers\CMSISv2p00_LPC17xx\Debug\libCMSISv2p00_LPC17xx.a(lpc17xx_adc.o)
                0x000013e4                ADC_BurstCmd
 .text.ADC_EdgeStartConfig
                0x00001414       0x3c C:\Users\lucho\Documents\MCUXpressoIDE_11.4.0_6237\workspace_drivers\CMSISv2p00_LPC17xx\Debug\libCMSISv2p00_LPC17xx.a(lpc17xx_adc.o)
                0x00001414                ADC_EdgeStartConfig
 .text.ADC_ChannelCmd
                0x00001450       0x34 C:\Users\lucho\Documents\MCUXpressoIDE_11.4.0_6237\workspace_drivers\CMSISv2p00_LPC17xx\Debug\libCMSISv2p00_LPC17xx.a(lpc17xx_adc.o)
                0x00001450                ADC_ChannelCmd
 .text.CLKPWR_SetPCLKDiv
                0x00001484       0x4c C:\Users\lucho\Documents\MCUXpressoIDE_11.4.0_6237\workspace_drivers\CMSISv2p00_LPC17xx\Debug\libCMSISv2p00_LPC17xx.a(lpc17xx_clkpwr.o)
                0x00001484                CLKPWR_SetPCLKDiv
 .text.CLKPWR_GetPCLKSEL
                0x000014d0       0x20 C:\Users\lucho\Documents\MCUXpressoIDE_11.4.0_6237\workspace_drivers\CMSISv2p00_LPC17xx\Debug\libCMSISv2p00_LPC17xx.a(lpc17xx_clkpwr.o)
                0x000014d0                CLKPWR_GetPCLKSEL
 .text.CLKPWR_GetPCLK
                0x000014f0       0x20 C:\Users\lucho\Documents\MCUXpressoIDE_11.4.0_6237\workspace_drivers\CMSISv2p00_LPC17xx\Debug\libCMSISv2p00_LPC17xx.a(lpc17xx_clkpwr.o)
                0x000014f0                CLKPWR_GetPCLK
 .text.CLKPWR_ConfigPPWR
                0x00001510       0x34 C:\Users\lucho\Documents\MCUXpressoIDE_11.4.0_6237\workspace_drivers\CMSISv2p00_LPC17xx\Debug\libCMSISv2p00_LPC17xx.a(lpc17xx_clkpwr.o)
                0x00001510                CLKPWR_ConfigPPWR
 .text.GPDMA_Init
                0x00001544       0x38 C:\Users\lucho\Documents\MCUXpressoIDE_11.4.0_6237\workspace_drivers\CMSISv2p00_LPC17xx\Debug\libCMSISv2p00_LPC17xx.a(lpc17xx_gpdma.o)
                0x00001544                GPDMA_Init
 .text.GPDMA_Setup
                0x0000157c      0x1d8 C:\Users\lucho\Documents\MCUXpressoIDE_11.4.0_6237\workspace_drivers\CMSISv2p00_LPC17xx\Debug\libCMSISv2p00_LPC17xx.a(lpc17xx_gpdma.o)
                0x0000157c                GPDMA_Setup
 .text.GPDMA_ChannelCmd
                0x00001754       0x1c C:\Users\lucho\Documents\MCUXpressoIDE_11.4.0_6237\workspace_drivers\CMSISv2p00_LPC17xx\Debug\libCMSISv2p00_LPC17xx.a(lpc17xx_gpdma.o)
                0x00001754                GPDMA_ChannelCmd
 .text.GPIO_GetPointer
                0x00001770       0x12 C:\Users\lucho\Documents\MCUXpressoIDE_11.4.0_6237\workspace_drivers\CMSISv2p00_LPC17xx\Debug\libCMSISv2p00_LPC17xx.a(lpc17xx_gpio.o)
 .text.GPIO_SetDir
                0x00001782       0x18 C:\Users\lucho\Documents\MCUXpressoIDE_11.4.0_6237\workspace_drivers\CMSISv2p00_LPC17xx\Debug\libCMSISv2p00_LPC17xx.a(lpc17xx_gpio.o)
                0x00001782                GPIO_SetDir
 .text.check_failed
                0x0000179a        0x2 C:\Users\lucho\Documents\MCUXpressoIDE_11.4.0_6237\workspace_drivers\CMSISv2p00_LPC17xx\Debug\libCMSISv2p00_LPC17xx.a(lpc17xx_libcfg_default.o)
                0x0000179a                check_failed
 .text.PINSEL_ConfigPin
                0x0000179c       0x7c C:\Users\lucho\Documents\MCUXpressoIDE_11.4.0_6237\workspace_drivers\CMSISv2p00_LPC17xx\Debug\libCMSISv2p00_LPC17xx.a(lpc17xx_pinsel.o)
                0x0000179c                PINSEL_ConfigPin
 .text.TIM_Init
                0x00001818      0x15c C:\Users\lucho\Documents\MCUXpressoIDE_11.4.0_6237\workspace_drivers\CMSISv2p00_LPC17xx\Debug\libCMSISv2p00_LPC17xx.a(lpc17xx_timer.o)
                0x00001818                TIM_Init
 .text.TIM_Cmd  0x00001974       0x48 C:\Users\lucho\Documents\MCUXpressoIDE_11.4.0_6237\workspace_drivers\CMSISv2p00_LPC17xx\Debug\libCMSISv2p00_LPC17xx.a(lpc17xx_timer.o)
                0x00001974                TIM_Cmd
 .text.TIM_ConfigMatch
                0x000019bc       0xcc C:\Users\lucho\Documents\MCUXpressoIDE_11.4.0_6237\workspace_drivers\CMSISv2p00_LPC17xx\Debug\libCMSISv2p00_LPC17xx.a(lpc17xx_timer.o)
                0x000019bc                TIM_ConfigMatch
 .text.UART_Init
                0x00001a88      0x28c C:\Users\lucho\Documents\MCUXpressoIDE_11.4.0_6237\workspace_drivers\CMSISv2p00_LPC17xx\Debug\libCMSISv2p00_LPC17xx.a(lpc17xx_uart.o)
                0x00001a88                UART_Init
 .text.UART_ConfigStructInit
                0x00001d14       0x12 C:\Users\lucho\Documents\MCUXpressoIDE_11.4.0_6237\workspace_drivers\CMSISv2p00_LPC17xx\Debug\libCMSISv2p00_LPC17xx.a(lpc17xx_uart.o)
                0x00001d14                UART_ConfigStructInit
 *fill*         0x00001d26        0x2 ff
 .text.UART_SendByte
                0x00001d28       0x3c C:\Users\lucho\Documents\MCUXpressoIDE_11.4.0_6237\workspace_drivers\CMSISv2p00_LPC17xx\Debug\libCMSISv2p00_LPC17xx.a(lpc17xx_uart.o)
                0x00001d28                UART_SendByte
 .text.UART_Send
                0x00001d64       0x84 C:\Users\lucho\Documents\MCUXpressoIDE_11.4.0_6237\workspace_drivers\CMSISv2p00_LPC17xx\Debug\libCMSISv2p00_LPC17xx.a(lpc17xx_uart.o)
                0x00001d64                UART_Send
 .text.UART_FIFOConfig
                0x00001de8       0xa8 C:\Users\lucho\Documents\MCUXpressoIDE_11.4.0_6237\workspace_drivers\CMSISv2p00_LPC17xx\Debug\libCMSISv2p00_LPC17xx.a(lpc17xx_uart.o)
                0x00001de8                UART_FIFOConfig
 .text.UART_FIFOConfigStructInit
                0x00001e90        0xe C:\Users\lucho\Documents\MCUXpressoIDE_11.4.0_6237\workspace_drivers\CMSISv2p00_LPC17xx\Debug\libCMSISv2p00_LPC17xx.a(lpc17xx_uart.o)
                0x00001e90                UART_FIFOConfigStructInit
 *fill*         0x00001e9e        0x2 ff
 .text.UART_TxCmd
                0x00001ea0       0x60 C:\Users\lucho\Documents\MCUXpressoIDE_11.4.0_6237\workspace_drivers\CMSISv2p00_LPC17xx\Debug\libCMSISv2p00_LPC17xx.a(lpc17xx_uart.o)
                0x00001ea0                UART_TxCmd
 .text.__weak_main
                0x00001f00        0x4 c:/nxp/mcuxpressoide_11.4.0_6237/ide/plugins/com.nxp.mcuxpresso.tools.win32_11.4.0.202103011116/tools/bin/../lib/gcc/arm-none-eabi/10.2.1/../../../../arm-none-eabi/lib/thumb/v7-m/nofp\libcr_c.a(__weak__main.o)
                0x00001f00                __weak_main
                0x00001f00                __main
 .text.__aeabi_division_uldivmod
                0x00001f04      0x174 c:/nxp/mcuxpressoide_11.4.0_6237/ide/plugins/com.nxp.mcuxpresso.tools.win32_11.4.0.202103011116/tools/bin/../lib/gcc/arm-none-eabi/10.2.1/thumb/v7-m/nofp\libcr_eabihelpers.a(division_64.o)
                0x00001f04                __aeabi_uldivmod
                0x00001f08                __bhs_ldivmod1
 .text.__aeabi_division_idiv0
                0x00002078        0x2 c:/nxp/mcuxpressoide_11.4.0_6237/ide/plugins/com.nxp.mcuxpresso.tools.win32_11.4.0.202103011116/tools/bin/../lib/gcc/arm-none-eabi/10.2.1/thumb/v7-m/nofp\libcr_eabihelpers.a(division_idiv0.o)
                0x00002078                __aeabi_idiv0
 *(.rodata .rodata.* .constdata .constdata.*)
 *fill*         0x0000207a        0x2 ff
 .rodata.SetAlarma.str1.4
                0x0000207c      0x138 ./src/main.o
 .rodata.SetHora.str1.4
                0x000021b4       0x3e ./src/main.o
 .rodata.ADC_Init.str1.1
                0x000021f2        0xf C:\Users\lucho\Documents\MCUXpressoIDE_11.4.0_6237\workspace_drivers\CMSISv2p00_LPC17xx\Debug\libCMSISv2p00_LPC17xx.a(lpc17xx_adc.o)
 .rodata.CSWTCH.5
                0x00002201        0x4 C:\Users\lucho\Documents\MCUXpressoIDE_11.4.0_6237\workspace_drivers\CMSISv2p00_LPC17xx\Debug\libCMSISv2p00_LPC17xx.a(lpc17xx_clkpwr.o)
 *fill*         0x00002205        0x3 ff
 .rodata.GPDMA_LUTPerAddr
                0x00002208       0x60 C:\Users\lucho\Documents\MCUXpressoIDE_11.4.0_6237\workspace_drivers\CMSISv2p00_LPC17xx\Debug\libCMSISv2p00_LPC17xx.a(lpc17xx_gpdma.o)
                0x00002208                GPDMA_LUTPerAddr
 .rodata.GPDMA_LUTPerBurst
                0x00002268       0x18 C:\Users\lucho\Documents\MCUXpressoIDE_11.4.0_6237\workspace_drivers\CMSISv2p00_LPC17xx\Debug\libCMSISv2p00_LPC17xx.a(lpc17xx_gpdma.o)
                0x00002268                GPDMA_LUTPerBurst
 .rodata.GPDMA_LUTPerWid
                0x00002280       0x18 C:\Users\lucho\Documents\MCUXpressoIDE_11.4.0_6237\workspace_drivers\CMSISv2p00_LPC17xx\Debug\libCMSISv2p00_LPC17xx.a(lpc17xx_gpdma.o)
                0x00002280                GPDMA_LUTPerWid
 .rodata.TIM_GetIntStatus.str1.1
                0x00002298       0x11 C:\Users\lucho\Documents\MCUXpressoIDE_11.4.0_6237\workspace_drivers\CMSISv2p00_LPC17xx\Debug\libCMSISv2p00_LPC17xx.a(lpc17xx_timer.o)
 .rodata.UART_Init.str1.1
                0x000022a9       0x10 C:\Users\lucho\Documents\MCUXpressoIDE_11.4.0_6237\workspace_drivers\CMSISv2p00_LPC17xx\Debug\libCMSISv2p00_LPC17xx.a(lpc17xx_uart.o)
                0x000022bc                . = ALIGN (0x4)
 *fill*         0x000022b9        0x3 ff

.glue_7         0x000022bc        0x0
 .glue_7        0x000022bc        0x0 linker stubs

.glue_7t        0x000022bc        0x0
 .glue_7t       0x000022bc        0x0 linker stubs

.vfp11_veneer   0x000022bc        0x0
 .vfp11_veneer  0x000022bc        0x0 linker stubs

.v4_bx          0x000022bc        0x0
 .v4_bx         0x000022bc        0x0 linker stubs

.iplt           0x000022bc        0x0
 .iplt          0x000022bc        0x0 ./src/cr_startup_lpc175x_6x.o

.rel.dyn        0x000022bc        0x0
 .rel.iplt      0x000022bc        0x0 ./src/cr_startup_lpc175x_6x.o

.ARM.extab
 *(.ARM.extab* .gnu.linkonce.armextab.*)

.ARM.exidx      0x000022bc        0x0
                0x000022bc                __exidx_start = .
 *(.ARM.exidx* .gnu.linkonce.armexidx.*)
                0x000022bc                __exidx_end = .
                0x000022bc                _etext = .

.data_RAM2      0x2007c000        0x0 load address 0x000022bc
 FILL mask 0xff
                [!provide]                PROVIDE (__start_data_RAM2 = .)
                [!provide]                PROVIDE (__start_data_RamAHB32 = .)
 *(.ramfunc.$RAM2)
 *(.ramfunc.$RamAHB32)
 *(.data.$RAM2)
 *(.data.$RamAHB32)
 *(.data.$RAM2.*)
 *(.data.$RamAHB32.*)
                0x2007c000                . = ALIGN (0x4)
                [!provide]                PROVIDE (__end_data_RAM2 = .)
                [!provide]                PROVIDE (__end_data_RamAHB32 = .)

.uninit_RESERVED
                0x10000000        0x0
                0x10000000                _start_uninit_RESERVED = .
 *(.bss.$RESERVED*)
                0x10000000                . = ALIGN (0x4)
                0x10000000                _end_uninit_RESERVED = .

.data           0x10000000       0x40 load address 0x000022bc
 FILL mask 0xff
                0x10000000                _data = .
                [!provide]                PROVIDE (__start_data_RAM = .)
                [!provide]                PROVIDE (__start_data_RamLoc32 = .)
 *(vtable)
 *(.ramfunc*)
 *(CodeQuickAccess)
 *(DataQuickAccess)
 *(RamFunction)
 *(.data*)
 .data.keypad   0x10000000       0x14 ./src/main.o
                0x10000000                keypad
 .data.clear    0x10000014        0x7 ./src/main.o
                0x10000014                clear
 *fill*         0x1000001b        0x1 ff
 .data.SystemCoreClock
                0x1000001c        0x4 C:\Users\lucho\Documents\MCUXpressoIDE_11.4.0_6237\workspace_drivers\CMSISv2p00_LPC17xx\Debug\libCMSISv2p00_LPC17xx.a(system_LPC17xx.o)
                0x1000001c                SystemCoreClock
 .data.pGPDMACh
                0x10000020       0x20 C:\Users\lucho\Documents\MCUXpressoIDE_11.4.0_6237\workspace_drivers\CMSISv2p00_LPC17xx\Debug\libCMSISv2p00_LPC17xx.a(lpc17xx_gpdma.o)
                0x10000020                pGPDMACh
                0x10000040                . = ALIGN (0x4)
                0x10000040                _edata = .
                [!provide]                PROVIDE (__end_data_RAM = .)
                [!provide]                PROVIDE (__end_data_RamLoc32 = .)

.igot.plt       0x10000040        0x0 load address 0x000022fc
 .igot.plt      0x10000040        0x0 ./src/cr_startup_lpc175x_6x.o

.bss_RAM2       0x2007c000        0x0
                [!provide]                PROVIDE (__start_bss_RAM2 = .)
                [!provide]                PROVIDE (__start_bss_RamAHB32 = .)
 *(.bss.$RAM2)
 *(.bss.$RamAHB32)
 *(.bss.$RAM2.*)
 *(.bss.$RamAHB32.*)
                0x2007c000                . = ALIGN ((. != 0x0)?0x4:0x1)
                [!provide]                PROVIDE (__end_bss_RAM2 = .)
                [!provide]                PROVIDE (__end_bss_RamAHB32 = .)

.bss            0x10000040       0x24
                0x10000040                _bss = .
                [!provide]                PROVIDE (__start_bss_RAM = .)
                [!provide]                PROVIDE (__start_bss_RamLoc32 = .)
 *(.bss*)
 .bss.HoraAlarma
                0x10000040        0x1 ./src/main.o
                0x10000040                HoraAlarma
 .bss.HoraReloj
                0x10000041        0x1 ./src/main.o
                0x10000041                HoraReloj
 .bss.MinutosAlarma
                0x10000042        0x1 ./src/main.o
                0x10000042                MinutosAlarma
 .bss.MinutosReloj
                0x10000043        0x1 ./src/main.o
                0x10000043                MinutosReloj
 .bss.alarma    0x10000044        0x1 ./src/main.o
                0x10000044                alarma
 .bss.led       0x10000045        0x1 ./src/main.o
                0x10000045                led
 .bss.Temp      0x10000046        0x2 ./src/main.o
                0x10000046                Temp
 .bss.ADC0Value
                0x10000048        0x2 ./src/main.o
                0x10000048                ADC0Value
 .bss.keypress  0x1000004a        0x1 ./src/main.o
                0x1000004a                keypress
 *fill*         0x1000004b        0x1 
 .bss.reloj     0x1000004c        0x5 ./src/main.o
                0x1000004c                reloj
 *fill*         0x10000051        0x3 
 .bss.temperatura
                0x10000054        0xa ./src/main.o
                0x10000054                temperatura
 .bss.menu      0x1000005e        0x1 ./src/main.o
                0x1000005e                menu
 .bss.hora      0x1000005f        0x1 ./src/main.o
                0x1000005f                hora
 .bss.minutos   0x10000060        0x1 ./src/main.o
                0x10000060                minutos
 *(COMMON)
                0x10000064                . = ALIGN (0x4)
 *fill*         0x10000061        0x3 
                0x10000064                _ebss = .
                [!provide]                PROVIDE (__end_bss_RAM = .)
                [!provide]                PROVIDE (__end_bss_RamLoc32 = .)
                [!provide]                PROVIDE (end = .)

.noinit_RAM2    0x2007c000        0x0
                [!provide]                PROVIDE (__start_noinit_RAM2 = .)
                [!provide]                PROVIDE (__start_noinit_RamAHB32 = .)
 *(.noinit.$RAM2)
 *(.noinit.$RamAHB32)
 *(.noinit.$RAM2.*)
 *(.noinit.$RamAHB32.*)
                0x2007c000                . = ALIGN (0x4)
                [!provide]                PROVIDE (__end_noinit_RAM2 = .)
                [!provide]                PROVIDE (__end_noinit_RamAHB32 = .)

.noinit         0x10000064        0x0
                0x10000064                _noinit = .
                [!provide]                PROVIDE (__start_noinit_RAM = .)
                [!provide]                PROVIDE (__start_noinit_RamLoc32 = .)
 *(.noinit*)
                0x10000064                . = ALIGN (0x4)
                0x10000064                _end_noinit = .
                [!provide]                PROVIDE (__end_noinit_RAM = .)
                [!provide]                PROVIDE (__end_noinit_RamLoc32 = .)
                [!provide]                PROVIDE (_pvHeapStart = DEFINED (__user_heap_base)?__user_heap_base:.)
                0x10008000                PROVIDE (_vStackTop = DEFINED (__user_stack_top)?__user_stack_top:(__top_RamLoc32 - 0x0))
                0xefff74c6                PROVIDE (__valid_user_code_checksum = (0x0 - ((((((_vStackTop + (ResetISR + 0x1)) + (NMI_Handler + 0x1)) + (HardFault_Handler + 0x1)) + (DEFINED (MemManage_Handler)?MemManage_Handler:0x0 + 0x1)) + (DEFINED (BusFault_Handler)?BusFault_Handler:0x0 + 0x1)) + (DEFINED (UsageFault_Handler)?UsageFault_Handler:0x0 + 0x1))))
                0x00000000                _image_start = LOADADDR (.text)
                0x000022fc                _image_end = (LOADADDR (.data) + SIZEOF (.data))
                0x000022fc                _image_size = (_image_end - _image_start)
OUTPUT(TPFinalDigital3.axf elf32-littlearm)
LOAD linker stubs

.debug_info     0x00000000     0x7d28
 .debug_info    0x00000000      0x27f ./src/cr_startup_lpc175x_6x.o
 .debug_info    0x0000027f       0x40 ./src/crp.o
 .debug_info    0x000002bf     0x1782 ./src/main.o
 .debug_info    0x00001a41      0x347 C:\Users\lucho\Documents\MCUXpressoIDE_11.4.0_6237\workspace_drivers\CMSISv2p00_LPC17xx\Debug\libCMSISv2p00_LPC17xx.a(system_LPC17xx.o)
 .debug_info    0x00001d88      0x8f0 C:\Users\lucho\Documents\MCUXpressoIDE_11.4.0_6237\workspace_drivers\CMSISv2p00_LPC17xx\Debug\libCMSISv2p00_LPC17xx.a(lpc17xx_adc.o)
 .debug_info    0x00002678      0x6ca C:\Users\lucho\Documents\MCUXpressoIDE_11.4.0_6237\workspace_drivers\CMSISv2p00_LPC17xx\Debug\libCMSISv2p00_LPC17xx.a(lpc17xx_clkpwr.o)
 .debug_info    0x00002d42     0x112b C:\Users\lucho\Documents\MCUXpressoIDE_11.4.0_6237\workspace_drivers\CMSISv2p00_LPC17xx\Debug\libCMSISv2p00_LPC17xx.a(lpc17xx_gpdma.o)
 .debug_info    0x00003e6d      0xfb3 C:\Users\lucho\Documents\MCUXpressoIDE_11.4.0_6237\workspace_drivers\CMSISv2p00_LPC17xx\Debug\libCMSISv2p00_LPC17xx.a(lpc17xx_gpio.o)
 .debug_info    0x00004e20       0xd4 C:\Users\lucho\Documents\MCUXpressoIDE_11.4.0_6237\workspace_drivers\CMSISv2p00_LPC17xx\Debug\libCMSISv2p00_LPC17xx.a(lpc17xx_libcfg_default.o)
 .debug_info    0x00004ef4      0x544 C:\Users\lucho\Documents\MCUXpressoIDE_11.4.0_6237\workspace_drivers\CMSISv2p00_LPC17xx\Debug\libCMSISv2p00_LPC17xx.a(lpc17xx_pinsel.o)
 .debug_info    0x00005438      0xc54 C:\Users\lucho\Documents\MCUXpressoIDE_11.4.0_6237\workspace_drivers\CMSISv2p00_LPC17xx\Debug\libCMSISv2p00_LPC17xx.a(lpc17xx_timer.o)
 .debug_info    0x0000608c     0x1c9c C:\Users\lucho\Documents\MCUXpressoIDE_11.4.0_6237\workspace_drivers\CMSISv2p00_LPC17xx\Debug\libCMSISv2p00_LPC17xx.a(lpc17xx_uart.o)

.debug_abbrev   0x00000000     0x1736
 .debug_abbrev  0x00000000      0x122 ./src/cr_startup_lpc175x_6x.o
 .debug_abbrev  0x00000122       0x38 ./src/crp.o
 .debug_abbrev  0x0000015a      0x33e ./src/main.o
 .debug_abbrev  0x00000498      0x10e C:\Users\lucho\Documents\MCUXpressoIDE_11.4.0_6237\workspace_drivers\CMSISv2p00_LPC17xx\Debug\libCMSISv2p00_LPC17xx.a(system_LPC17xx.o)
 .debug_abbrev  0x000005a6      0x1bb C:\Users\lucho\Documents\MCUXpressoIDE_11.4.0_6237\workspace_drivers\CMSISv2p00_LPC17xx\Debug\libCMSISv2p00_LPC17xx.a(lpc17xx_adc.o)
 .debug_abbrev  0x00000761      0x1f1 C:\Users\lucho\Documents\MCUXpressoIDE_11.4.0_6237\workspace_drivers\CMSISv2p00_LPC17xx\Debug\libCMSISv2p00_LPC17xx.a(lpc17xx_clkpwr.o)
 .debug_abbrev  0x00000952      0x287 C:\Users\lucho\Documents\MCUXpressoIDE_11.4.0_6237\workspace_drivers\CMSISv2p00_LPC17xx\Debug\libCMSISv2p00_LPC17xx.a(lpc17xx_gpdma.o)
 .debug_abbrev  0x00000bd9      0x303 C:\Users\lucho\Documents\MCUXpressoIDE_11.4.0_6237\workspace_drivers\CMSISv2p00_LPC17xx\Debug\libCMSISv2p00_LPC17xx.a(lpc17xx_gpio.o)
 .debug_abbrev  0x00000edc       0x75 C:\Users\lucho\Documents\MCUXpressoIDE_11.4.0_6237\workspace_drivers\CMSISv2p00_LPC17xx\Debug\libCMSISv2p00_LPC17xx.a(lpc17xx_libcfg_default.o)
 .debug_abbrev  0x00000f51      0x1b9 C:\Users\lucho\Documents\MCUXpressoIDE_11.4.0_6237\workspace_drivers\CMSISv2p00_LPC17xx\Debug\libCMSISv2p00_LPC17xx.a(lpc17xx_pinsel.o)
 .debug_abbrev  0x0000110a      0x2c8 C:\Users\lucho\Documents\MCUXpressoIDE_11.4.0_6237\workspace_drivers\CMSISv2p00_LPC17xx\Debug\libCMSISv2p00_LPC17xx.a(lpc17xx_timer.o)
 .debug_abbrev  0x000013d2      0x364 C:\Users\lucho\Documents\MCUXpressoIDE_11.4.0_6237\workspace_drivers\CMSISv2p00_LPC17xx\Debug\libCMSISv2p00_LPC17xx.a(lpc17xx_uart.o)

.debug_aranges  0x00000000      0x590
 .debug_aranges
                0x00000000       0x80 ./src/cr_startup_lpc175x_6x.o
 .debug_aranges
                0x00000080       0x18 ./src/crp.o
 .debug_aranges
                0x00000098      0x108 ./src/main.o
 .debug_aranges
                0x000001a0       0x28 C:\Users\lucho\Documents\MCUXpressoIDE_11.4.0_6237\workspace_drivers\CMSISv2p00_LPC17xx\Debug\libCMSISv2p00_LPC17xx.a(system_LPC17xx.o)
 .debug_aranges
                0x000001c8       0x80 C:\Users\lucho\Documents\MCUXpressoIDE_11.4.0_6237\workspace_drivers\CMSISv2p00_LPC17xx\Debug\libCMSISv2p00_LPC17xx.a(lpc17xx_adc.o)
 .debug_aranges
                0x00000248       0x58 C:\Users\lucho\Documents\MCUXpressoIDE_11.4.0_6237\workspace_drivers\CMSISv2p00_LPC17xx\Debug\libCMSISv2p00_LPC17xx.a(lpc17xx_clkpwr.o)
 .debug_aranges
                0x000002a0       0x40 C:\Users\lucho\Documents\MCUXpressoIDE_11.4.0_6237\workspace_drivers\CMSISv2p00_LPC17xx\Debug\libCMSISv2p00_LPC17xx.a(lpc17xx_gpdma.o)
 .debug_aranges
                0x000002e0       0xe8 C:\Users\lucho\Documents\MCUXpressoIDE_11.4.0_6237\workspace_drivers\CMSISv2p00_LPC17xx\Debug\libCMSISv2p00_LPC17xx.a(lpc17xx_gpio.o)
 .debug_aranges
                0x000003c8       0x20 C:\Users\lucho\Documents\MCUXpressoIDE_11.4.0_6237\workspace_drivers\CMSISv2p00_LPC17xx\Debug\libCMSISv2p00_LPC17xx.a(lpc17xx_libcfg_default.o)
 .debug_aranges
                0x000003e8       0x30 C:\Users\lucho\Documents\MCUXpressoIDE_11.4.0_6237\workspace_drivers\CMSISv2p00_LPC17xx\Debug\libCMSISv2p00_LPC17xx.a(lpc17xx_pinsel.o)
 .debug_aranges
                0x00000418       0x80 C:\Users\lucho\Documents\MCUXpressoIDE_11.4.0_6237\workspace_drivers\CMSISv2p00_LPC17xx\Debug\libCMSISv2p00_LPC17xx.a(lpc17xx_timer.o)
 .debug_aranges
                0x00000498       0xf8 C:\Users\lucho\Documents\MCUXpressoIDE_11.4.0_6237\workspace_drivers\CMSISv2p00_LPC17xx\Debug\libCMSISv2p00_LPC17xx.a(lpc17xx_uart.o)

.debug_ranges   0x00000000      0x5e0
 .debug_ranges  0x00000000       0x70 ./src/cr_startup_lpc175x_6x.o
 .debug_ranges  0x00000070       0xf8 ./src/main.o
 .debug_ranges  0x00000168       0x18 C:\Users\lucho\Documents\MCUXpressoIDE_11.4.0_6237\workspace_drivers\CMSISv2p00_LPC17xx\Debug\libCMSISv2p00_LPC17xx.a(system_LPC17xx.o)
 .debug_ranges  0x00000180       0x70 C:\Users\lucho\Documents\MCUXpressoIDE_11.4.0_6237\workspace_drivers\CMSISv2p00_LPC17xx\Debug\libCMSISv2p00_LPC17xx.a(lpc17xx_adc.o)
 .debug_ranges  0x000001f0       0x48 C:\Users\lucho\Documents\MCUXpressoIDE_11.4.0_6237\workspace_drivers\CMSISv2p00_LPC17xx\Debug\libCMSISv2p00_LPC17xx.a(lpc17xx_clkpwr.o)
 .debug_ranges  0x00000238       0x30 C:\Users\lucho\Documents\MCUXpressoIDE_11.4.0_6237\workspace_drivers\CMSISv2p00_LPC17xx\Debug\libCMSISv2p00_LPC17xx.a(lpc17xx_gpdma.o)
 .debug_ranges  0x00000268       0xf0 C:\Users\lucho\Documents\MCUXpressoIDE_11.4.0_6237\workspace_drivers\CMSISv2p00_LPC17xx\Debug\libCMSISv2p00_LPC17xx.a(lpc17xx_gpio.o)
 .debug_ranges  0x00000358       0x10 C:\Users\lucho\Documents\MCUXpressoIDE_11.4.0_6237\workspace_drivers\CMSISv2p00_LPC17xx\Debug\libCMSISv2p00_LPC17xx.a(lpc17xx_libcfg_default.o)
 .debug_ranges  0x00000368       0x60 C:\Users\lucho\Documents\MCUXpressoIDE_11.4.0_6237\workspace_drivers\CMSISv2p00_LPC17xx\Debug\libCMSISv2p00_LPC17xx.a(lpc17xx_pinsel.o)
 .debug_ranges  0x000003c8       0xe8 C:\Users\lucho\Documents\MCUXpressoIDE_11.4.0_6237\workspace_drivers\CMSISv2p00_LPC17xx\Debug\libCMSISv2p00_LPC17xx.a(lpc17xx_timer.o)
 .debug_ranges  0x000004b0      0x130 C:\Users\lucho\Documents\MCUXpressoIDE_11.4.0_6237\workspace_drivers\CMSISv2p00_LPC17xx\Debug\libCMSISv2p00_LPC17xx.a(lpc17xx_uart.o)

.debug_macro    0x00000000     0x485c
 .debug_macro   0x00000000       0x1d ./src/cr_startup_lpc175x_6x.o
 .debug_macro   0x0000001d      0xa7e ./src/cr_startup_lpc175x_6x.o
 .debug_macro   0x00000a9b       0x1a ./src/crp.o
 .debug_macro   0x00000ab5       0x34 ./src/crp.o
 .debug_macro   0x00000ae9       0xe2 ./src/main.o
 .debug_macro   0x00000bcb       0x1c ./src/main.o
 .debug_macro   0x00000be7       0x2e ./src/main.o
 .debug_macro   0x00000c15       0x10 ./src/main.o
 .debug_macro   0x00000c25      0x12e ./src/main.o
 .debug_macro   0x00000d53      0x5b3 ./src/main.o
 .debug_macro   0x00001306       0x18 ./src/main.o
 .debug_macro   0x0000131e      0x7af ./src/main.o
 .debug_macro   0x00001acd      0x2c7 ./src/main.o
 .debug_macro   0x00001d94       0x63 ./src/main.o
 .debug_macro   0x00001df7       0x40 ./src/main.o
 .debug_macro   0x00001e37      0x13f ./src/main.o
 .debug_macro   0x00001f76      0x33a ./src/main.o
 .debug_macro   0x000022b0       0xea ./src/main.o
 .debug_macro   0x0000239a       0xeb ./src/main.o
 .debug_macro   0x00002485      0x2ae ./src/main.o
 .debug_macro   0x00002733      0x12b C:\Users\lucho\Documents\MCUXpressoIDE_11.4.0_6237\workspace_drivers\CMSISv2p00_LPC17xx\Debug\libCMSISv2p00_LPC17xx.a(system_LPC17xx.o)
 .debug_macro   0x0000285e      0xa78 C:\Users\lucho\Documents\MCUXpressoIDE_11.4.0_6237\workspace_drivers\CMSISv2p00_LPC17xx\Debug\libCMSISv2p00_LPC17xx.a(system_LPC17xx.o)
 .debug_macro   0x000032d6       0xa9 C:\Users\lucho\Documents\MCUXpressoIDE_11.4.0_6237\workspace_drivers\CMSISv2p00_LPC17xx\Debug\libCMSISv2p00_LPC17xx.a(lpc17xx_adc.o)
 .debug_macro   0x0000337f       0xe5 C:\Users\lucho\Documents\MCUXpressoIDE_11.4.0_6237\workspace_drivers\CMSISv2p00_LPC17xx\Debug\libCMSISv2p00_LPC17xx.a(lpc17xx_adc.o)
 .debug_macro   0x00003464      0x2f1 C:\Users\lucho\Documents\MCUXpressoIDE_11.4.0_6237\workspace_drivers\CMSISv2p00_LPC17xx\Debug\libCMSISv2p00_LPC17xx.a(lpc17xx_adc.o)
 .debug_macro   0x00003755       0xdd C:\Users\lucho\Documents\MCUXpressoIDE_11.4.0_6237\workspace_drivers\CMSISv2p00_LPC17xx\Debug\libCMSISv2p00_LPC17xx.a(lpc17xx_adc.o)
 .debug_macro   0x00003832       0x8d C:\Users\lucho\Documents\MCUXpressoIDE_11.4.0_6237\workspace_drivers\CMSISv2p00_LPC17xx\Debug\libCMSISv2p00_LPC17xx.a(lpc17xx_clkpwr.o)
 .debug_macro   0x000038bf       0x1c C:\Users\lucho\Documents\MCUXpressoIDE_11.4.0_6237\workspace_drivers\CMSISv2p00_LPC17xx\Debug\libCMSISv2p00_LPC17xx.a(lpc17xx_clkpwr.o)
 .debug_macro   0x000038db      0x2c7 C:\Users\lucho\Documents\MCUXpressoIDE_11.4.0_6237\workspace_drivers\CMSISv2p00_LPC17xx\Debug\libCMSISv2p00_LPC17xx.a(lpc17xx_clkpwr.o)
 .debug_macro   0x00003ba2       0xa9 C:\Users\lucho\Documents\MCUXpressoIDE_11.4.0_6237\workspace_drivers\CMSISv2p00_LPC17xx\Debug\libCMSISv2p00_LPC17xx.a(lpc17xx_gpdma.o)
 .debug_macro   0x00003c4b      0x2a8 C:\Users\lucho\Documents\MCUXpressoIDE_11.4.0_6237\workspace_drivers\CMSISv2p00_LPC17xx\Debug\libCMSISv2p00_LPC17xx.a(lpc17xx_gpdma.o)
 .debug_macro   0x00003ef3       0x96 C:\Users\lucho\Documents\MCUXpressoIDE_11.4.0_6237\workspace_drivers\CMSISv2p00_LPC17xx\Debug\libCMSISv2p00_LPC17xx.a(lpc17xx_gpio.o)
 .debug_macro   0x00003f89       0x5a C:\Users\lucho\Documents\MCUXpressoIDE_11.4.0_6237\workspace_drivers\CMSISv2p00_LPC17xx\Debug\libCMSISv2p00_LPC17xx.a(lpc17xx_libcfg_default.o)
 .debug_macro   0x00003fe3       0x5d C:\Users\lucho\Documents\MCUXpressoIDE_11.4.0_6237\workspace_drivers\CMSISv2p00_LPC17xx\Debug\libCMSISv2p00_LPC17xx.a(lpc17xx_libcfg_default.o)
 .debug_macro   0x00004040       0xd7 C:\Users\lucho\Documents\MCUXpressoIDE_11.4.0_6237\workspace_drivers\CMSISv2p00_LPC17xx\Debug\libCMSISv2p00_LPC17xx.a(lpc17xx_libcfg_default.o)
 .debug_macro   0x00004117       0x8d C:\Users\lucho\Documents\MCUXpressoIDE_11.4.0_6237\workspace_drivers\CMSISv2p00_LPC17xx\Debug\libCMSISv2p00_LPC17xx.a(lpc17xx_pinsel.o)
 .debug_macro   0x000041a4       0xb2 C:\Users\lucho\Documents\MCUXpressoIDE_11.4.0_6237\workspace_drivers\CMSISv2p00_LPC17xx\Debug\libCMSISv2p00_LPC17xx.a(lpc17xx_timer.o)
 .debug_macro   0x00004256       0xe4 C:\Users\lucho\Documents\MCUXpressoIDE_11.4.0_6237\workspace_drivers\CMSISv2p00_LPC17xx\Debug\libCMSISv2p00_LPC17xx.a(lpc17xx_timer.o)
 .debug_macro   0x0000433a      0x145 C:\Users\lucho\Documents\MCUXpressoIDE_11.4.0_6237\workspace_drivers\CMSISv2p00_LPC17xx\Debug\libCMSISv2p00_LPC17xx.a(lpc17xx_timer.o)
 .debug_macro   0x0000447f       0xa9 C:\Users\lucho\Documents\MCUXpressoIDE_11.4.0_6237\workspace_drivers\CMSISv2p00_LPC17xx\Debug\libCMSISv2p00_LPC17xx.a(lpc17xx_uart.o)
 .debug_macro   0x00004528      0x334 C:\Users\lucho\Documents\MCUXpressoIDE_11.4.0_6237\workspace_drivers\CMSISv2p00_LPC17xx\Debug\libCMSISv2p00_LPC17xx.a(lpc17xx_uart.o)

.debug_line     0x00000000     0x4d2f
 .debug_line    0x00000000      0x160 ./src/cr_startup_lpc175x_6x.o
 .debug_line    0x00000160       0xb1 ./src/crp.o
 .debug_line    0x00000211      0xbff ./src/main.o
 .debug_line    0x00000e10      0x434 C:\Users\lucho\Documents\MCUXpressoIDE_11.4.0_6237\workspace_drivers\CMSISv2p00_LPC17xx\Debug\libCMSISv2p00_LPC17xx.a(system_LPC17xx.o)
 .debug_line    0x00001244      0x6af C:\Users\lucho\Documents\MCUXpressoIDE_11.4.0_6237\workspace_drivers\CMSISv2p00_LPC17xx\Debug\libCMSISv2p00_LPC17xx.a(lpc17xx_adc.o)
 .debug_line    0x000018f3      0x473 C:\Users\lucho\Documents\MCUXpressoIDE_11.4.0_6237\workspace_drivers\CMSISv2p00_LPC17xx\Debug\libCMSISv2p00_LPC17xx.a(lpc17xx_clkpwr.o)
 .debug_line    0x00001d66      0x64b C:\Users\lucho\Documents\MCUXpressoIDE_11.4.0_6237\workspace_drivers\CMSISv2p00_LPC17xx\Debug\libCMSISv2p00_LPC17xx.a(lpc17xx_gpdma.o)
 .debug_line    0x000023b1      0x866 C:\Users\lucho\Documents\MCUXpressoIDE_11.4.0_6237\workspace_drivers\CMSISv2p00_LPC17xx\Debug\libCMSISv2p00_LPC17xx.a(lpc17xx_gpio.o)
 .debug_line    0x00002c17      0x22d C:\Users\lucho\Documents\MCUXpressoIDE_11.4.0_6237\workspace_drivers\CMSISv2p00_LPC17xx\Debug\libCMSISv2p00_LPC17xx.a(lpc17xx_libcfg_default.o)
 .debug_line    0x00002e44      0x389 C:\Users\lucho\Documents\MCUXpressoIDE_11.4.0_6237\workspace_drivers\CMSISv2p00_LPC17xx\Debug\libCMSISv2p00_LPC17xx.a(lpc17xx_pinsel.o)
 .debug_line    0x000031cd      0x95d C:\Users\lucho\Documents\MCUXpressoIDE_11.4.0_6237\workspace_drivers\CMSISv2p00_LPC17xx\Debug\libCMSISv2p00_LPC17xx.a(lpc17xx_timer.o)
 .debug_line    0x00003b2a     0x1205 C:\Users\lucho\Documents\MCUXpressoIDE_11.4.0_6237\workspace_drivers\CMSISv2p00_LPC17xx\Debug\libCMSISv2p00_LPC17xx.a(lpc17xx_uart.o)

.debug_str      0x00000000    0x103dc
 .debug_str     0x00000000     0x2ec7 ./src/cr_startup_lpc175x_6x.o
                               0x2eda (size before relaxing)
 .debug_str     0x00002ec7       0xe9 ./src/crp.o
                               0x2dfb (size before relaxing)
 .debug_str     0x00002fb0     0xa590 ./src/main.o
                               0xd349 (size before relaxing)
 .debug_str     0x0000d540      0x550 C:\Users\lucho\Documents\MCUXpressoIDE_11.4.0_6237\workspace_drivers\CMSISv2p00_LPC17xx\Debug\libCMSISv2p00_LPC17xx.a(system_LPC17xx.o)
                               0x88c4 (size before relaxing)
 .debug_str     0x0000da90     0x15a1 C:\Users\lucho\Documents\MCUXpressoIDE_11.4.0_6237\workspace_drivers\CMSISv2p00_LPC17xx\Debug\libCMSISv2p00_LPC17xx.a(lpc17xx_adc.o)
                               0xa4ab (size before relaxing)
 .debug_str     0x0000f031       0xb2 C:\Users\lucho\Documents\MCUXpressoIDE_11.4.0_6237\workspace_drivers\CMSISv2p00_LPC17xx\Debug\libCMSISv2p00_LPC17xx.a(lpc17xx_clkpwr.o)
                               0x9abe (size before relaxing)
 .debug_str     0x0000f0e3      0x40e C:\Users\lucho\Documents\MCUXpressoIDE_11.4.0_6237\workspace_drivers\CMSISv2p00_LPC17xx\Debug\libCMSISv2p00_LPC17xx.a(lpc17xx_gpdma.o)
                               0xb30f (size before relaxing)
 .debug_str     0x0000f4f1      0x281 C:\Users\lucho\Documents\MCUXpressoIDE_11.4.0_6237\workspace_drivers\CMSISv2p00_LPC17xx\Debug\libCMSISv2p00_LPC17xx.a(lpc17xx_gpio.o)
                               0x8e1d (size before relaxing)
 .debug_str     0x0000f772       0x2d C:\Users\lucho\Documents\MCUXpressoIDE_11.4.0_6237\workspace_drivers\CMSISv2p00_LPC17xx\Debug\libCMSISv2p00_LPC17xx.a(lpc17xx_libcfg_default.o)
                               0x46eb (size before relaxing)
 .debug_str     0x0000f79f      0x211 C:\Users\lucho\Documents\MCUXpressoIDE_11.4.0_6237\workspace_drivers\CMSISv2p00_LPC17xx\Debug\libCMSISv2p00_LPC17xx.a(lpc17xx_pinsel.o)
                               0x8d36 (size before relaxing)
 .debug_str     0x0000f9b0      0x2dc C:\Users\lucho\Documents\MCUXpressoIDE_11.4.0_6237\workspace_drivers\CMSISv2p00_LPC17xx\Debug\libCMSISv2p00_LPC17xx.a(lpc17xx_timer.o)
                               0xaae3 (size before relaxing)
 .debug_str     0x0000fc8c      0x750 C:\Users\lucho\Documents\MCUXpressoIDE_11.4.0_6237\workspace_drivers\CMSISv2p00_LPC17xx\Debug\libCMSISv2p00_LPC17xx.a(lpc17xx_uart.o)
                               0xbb73 (size before relaxing)

.comment        0x00000000       0x4d
 .comment       0x00000000       0x4d ./src/cr_startup_lpc175x_6x.o
                                 0x4e (size before relaxing)
 .comment       0x0000004d       0x4e ./src/crp.o
 .comment       0x0000004d       0x4e ./src/main.o
 .comment       0x0000004d       0x4e C:\Users\lucho\Documents\MCUXpressoIDE_11.4.0_6237\workspace_drivers\CMSISv2p00_LPC17xx\Debug\libCMSISv2p00_LPC17xx.a(system_LPC17xx.o)
 .comment       0x0000004d       0x4e C:\Users\lucho\Documents\MCUXpressoIDE_11.4.0_6237\workspace_drivers\CMSISv2p00_LPC17xx\Debug\libCMSISv2p00_LPC17xx.a(lpc17xx_adc.o)
 .comment       0x0000004d       0x4e C:\Users\lucho\Documents\MCUXpressoIDE_11.4.0_6237\workspace_drivers\CMSISv2p00_LPC17xx\Debug\libCMSISv2p00_LPC17xx.a(lpc17xx_clkpwr.o)
 .comment       0x0000004d       0x4e C:\Users\lucho\Documents\MCUXpressoIDE_11.4.0_6237\workspace_drivers\CMSISv2p00_LPC17xx\Debug\libCMSISv2p00_LPC17xx.a(lpc17xx_gpdma.o)
 .comment       0x0000004d       0x4e C:\Users\lucho\Documents\MCUXpressoIDE_11.4.0_6237\workspace_drivers\CMSISv2p00_LPC17xx\Debug\libCMSISv2p00_LPC17xx.a(lpc17xx_gpio.o)
 .comment       0x0000004d       0x4e C:\Users\lucho\Documents\MCUXpressoIDE_11.4.0_6237\workspace_drivers\CMSISv2p00_LPC17xx\Debug\libCMSISv2p00_LPC17xx.a(lpc17xx_libcfg_default.o)
 .comment       0x0000004d       0x4e C:\Users\lucho\Documents\MCUXpressoIDE_11.4.0_6237\workspace_drivers\CMSISv2p00_LPC17xx\Debug\libCMSISv2p00_LPC17xx.a(lpc17xx_pinsel.o)
 .comment       0x0000004d       0x4e C:\Users\lucho\Documents\MCUXpressoIDE_11.4.0_6237\workspace_drivers\CMSISv2p00_LPC17xx\Debug\libCMSISv2p00_LPC17xx.a(lpc17xx_timer.o)
 .comment       0x0000004d       0x4e C:\Users\lucho\Documents\MCUXpressoIDE_11.4.0_6237\workspace_drivers\CMSISv2p00_LPC17xx\Debug\libCMSISv2p00_LPC17xx.a(lpc17xx_uart.o)
 .comment       0x0000004d       0x4e c:/nxp/mcuxpressoide_11.4.0_6237/ide/plugins/com.nxp.mcuxpresso.tools.win32_11.4.0.202103011116/tools/bin/../lib/gcc/arm-none-eabi/10.2.1/../../../../arm-none-eabi/lib/thumb/v7-m/nofp\libcr_c.a(__weak__main.o)

.ARM.attributes
                0x00000000       0x2b
 .ARM.attributes
                0x00000000       0x2d ./src/cr_startup_lpc175x_6x.o
 .ARM.attributes
                0x0000002d       0x33 ./src/crp.o
 .ARM.attributes
                0x00000060       0x2d ./src/main.o
 .ARM.attributes
                0x0000008d       0x2d C:\Users\lucho\Documents\MCUXpressoIDE_11.4.0_6237\workspace_drivers\CMSISv2p00_LPC17xx\Debug\libCMSISv2p00_LPC17xx.a(system_LPC17xx.o)
 .ARM.attributes
                0x000000ba       0x2d C:\Users\lucho\Documents\MCUXpressoIDE_11.4.0_6237\workspace_drivers\CMSISv2p00_LPC17xx\Debug\libCMSISv2p00_LPC17xx.a(lpc17xx_adc.o)
 .ARM.attributes
                0x000000e7       0x2d C:\Users\lucho\Documents\MCUXpressoIDE_11.4.0_6237\workspace_drivers\CMSISv2p00_LPC17xx\Debug\libCMSISv2p00_LPC17xx.a(lpc17xx_clkpwr.o)
 .ARM.attributes
                0x00000114       0x2d C:\Users\lucho\Documents\MCUXpressoIDE_11.4.0_6237\workspace_drivers\CMSISv2p00_LPC17xx\Debug\libCMSISv2p00_LPC17xx.a(lpc17xx_gpdma.o)
 .ARM.attributes
                0x00000141       0x2d C:\Users\lucho\Documents\MCUXpressoIDE_11.4.0_6237\workspace_drivers\CMSISv2p00_LPC17xx\Debug\libCMSISv2p00_LPC17xx.a(lpc17xx_gpio.o)
 .ARM.attributes
                0x0000016e       0x2d C:\Users\lucho\Documents\MCUXpressoIDE_11.4.0_6237\workspace_drivers\CMSISv2p00_LPC17xx\Debug\libCMSISv2p00_LPC17xx.a(lpc17xx_libcfg_default.o)
 .ARM.attributes
                0x0000019b       0x2d C:\Users\lucho\Documents\MCUXpressoIDE_11.4.0_6237\workspace_drivers\CMSISv2p00_LPC17xx\Debug\libCMSISv2p00_LPC17xx.a(lpc17xx_pinsel.o)
 .ARM.attributes
                0x000001c8       0x2d C:\Users\lucho\Documents\MCUXpressoIDE_11.4.0_6237\workspace_drivers\CMSISv2p00_LPC17xx\Debug\libCMSISv2p00_LPC17xx.a(lpc17xx_timer.o)
 .ARM.attributes
                0x000001f5       0x2d C:\Users\lucho\Documents\MCUXpressoIDE_11.4.0_6237\workspace_drivers\CMSISv2p00_LPC17xx\Debug\libCMSISv2p00_LPC17xx.a(lpc17xx_uart.o)
 .ARM.attributes
                0x00000222       0x2d c:/nxp/mcuxpressoide_11.4.0_6237/ide/plugins/com.nxp.mcuxpresso.tools.win32_11.4.0.202103011116/tools/bin/../lib/gcc/arm-none-eabi/10.2.1/../../../../arm-none-eabi/lib/thumb/v7-m/nofp\libcr_c.a(__weak__main.o)
 .ARM.attributes
                0x0000024f       0x1b c:/nxp/mcuxpressoide_11.4.0_6237/ide/plugins/com.nxp.mcuxpresso.tools.win32_11.4.0.202103011116/tools/bin/../lib/gcc/arm-none-eabi/10.2.1/thumb/v7-m/nofp\libcr_eabihelpers.a(division_64.o)
 .ARM.attributes
                0x0000026a       0x1b c:/nxp/mcuxpressoide_11.4.0_6237/ide/plugins/com.nxp.mcuxpresso.tools.win32_11.4.0.202103011116/tools/bin/../lib/gcc/arm-none-eabi/10.2.1/thumb/v7-m/nofp\libcr_eabihelpers.a(division_idiv0.o)

.debug_frame    0x00000000      0xf70
 .debug_frame   0x00000000      0x170 ./src/cr_startup_lpc175x_6x.o
 .debug_frame   0x00000170      0x418 ./src/main.o
 .debug_frame   0x00000588       0x3c C:\Users\lucho\Documents\MCUXpressoIDE_11.4.0_6237\workspace_drivers\CMSISv2p00_LPC17xx\Debug\libCMSISv2p00_LPC17xx.a(system_LPC17xx.o)
 .debug_frame   0x000005c4      0x16c C:\Users\lucho\Documents\MCUXpressoIDE_11.4.0_6237\workspace_drivers\CMSISv2p00_LPC17xx\Debug\libCMSISv2p00_LPC17xx.a(lpc17xx_adc.o)
 .debug_frame   0x00000730       0xa0 C:\Users\lucho\Documents\MCUXpressoIDE_11.4.0_6237\workspace_drivers\CMSISv2p00_LPC17xx\Debug\libCMSISv2p00_LPC17xx.a(lpc17xx_clkpwr.o)
 .debug_frame   0x000007d0       0x90 C:\Users\lucho\Documents\MCUXpressoIDE_11.4.0_6237\workspace_drivers\CMSISv2p00_LPC17xx\Debug\libCMSISv2p00_LPC17xx.a(lpc17xx_gpdma.o)
 .debug_frame   0x00000860      0x228 C:\Users\lucho\Documents\MCUXpressoIDE_11.4.0_6237\workspace_drivers\CMSISv2p00_LPC17xx\Debug\libCMSISv2p00_LPC17xx.a(lpc17xx_gpio.o)
 .debug_frame   0x00000a88       0x20 C:\Users\lucho\Documents\MCUXpressoIDE_11.4.0_6237\workspace_drivers\CMSISv2p00_LPC17xx\Debug\libCMSISv2p00_LPC17xx.a(lpc17xx_libcfg_default.o)
 .debug_frame   0x00000aa8       0x50 C:\Users\lucho\Documents\MCUXpressoIDE_11.4.0_6237\workspace_drivers\CMSISv2p00_LPC17xx\Debug\libCMSISv2p00_LPC17xx.a(lpc17xx_pinsel.o)
 .debug_frame   0x00000af8      0x174 C:\Users\lucho\Documents\MCUXpressoIDE_11.4.0_6237\workspace_drivers\CMSISv2p00_LPC17xx\Debug\libCMSISv2p00_LPC17xx.a(lpc17xx_timer.o)
 .debug_frame   0x00000c6c      0x304 C:\Users\lucho\Documents\MCUXpressoIDE_11.4.0_6237\workspace_drivers\CMSISv2p00_LPC17xx\Debug\libCMSISv2p00_LPC17xx.a(lpc17xx_uart.o)

.debug_loc      0x00000000     0x2ef9
 .debug_loc     0x00000000      0x5a9 C:\Users\lucho\Documents\MCUXpressoIDE_11.4.0_6237\workspace_drivers\CMSISv2p00_LPC17xx\Debug\libCMSISv2p00_LPC17xx.a(lpc17xx_adc.o)
 .debug_loc     0x000005a9      0x1fa C:\Users\lucho\Documents\MCUXpressoIDE_11.4.0_6237\workspace_drivers\CMSISv2p00_LPC17xx\Debug\libCMSISv2p00_LPC17xx.a(lpc17xx_clkpwr.o)
 .debug_loc     0x000007a3      0x1ab C:\Users\lucho\Documents\MCUXpressoIDE_11.4.0_6237\workspace_drivers\CMSISv2p00_LPC17xx\Debug\libCMSISv2p00_LPC17xx.a(lpc17xx_gpdma.o)
 .debug_loc     0x0000094e      0x88e C:\Users\lucho\Documents\MCUXpressoIDE_11.4.0_6237\workspace_drivers\CMSISv2p00_LPC17xx\Debug\libCMSISv2p00_LPC17xx.a(lpc17xx_gpio.o)
 .debug_loc     0x000011dc       0x2a C:\Users\lucho\Documents\MCUXpressoIDE_11.4.0_6237\workspace_drivers\CMSISv2p00_LPC17xx\Debug\libCMSISv2p00_LPC17xx.a(lpc17xx_libcfg_default.o)
 .debug_loc     0x00001206      0x1a1 C:\Users\lucho\Documents\MCUXpressoIDE_11.4.0_6237\workspace_drivers\CMSISv2p00_LPC17xx\Debug\libCMSISv2p00_LPC17xx.a(lpc17xx_pinsel.o)
 .debug_loc     0x000013a7      0x6ca C:\Users\lucho\Documents\MCUXpressoIDE_11.4.0_6237\workspace_drivers\CMSISv2p00_LPC17xx\Debug\libCMSISv2p00_LPC17xx.a(lpc17xx_timer.o)
 .debug_loc     0x00001a71     0x1488 C:\Users\lucho\Documents\MCUXpressoIDE_11.4.0_6237\workspace_drivers\CMSISv2p00_LPC17xx\Debug\libCMSISv2p00_LPC17xx.a(lpc17xx_uart.o)

Cross Reference Table

Symbol                                            File
ADC0Value                                         ./src/main.o
ADC_BurstCmd                                      C:\Users\lucho\Documents\MCUXpressoIDE_11.4.0_6237\workspace_drivers\CMSISv2p00_LPC17xx\Debug\libCMSISv2p00_LPC17xx.a(lpc17xx_adc.o)
                                                  ./src/main.o
ADC_ChannelCmd                                    C:\Users\lucho\Documents\MCUXpressoIDE_11.4.0_6237\workspace_drivers\CMSISv2p00_LPC17xx\Debug\libCMSISv2p00_LPC17xx.a(lpc17xx_adc.o)
                                                  ./src/main.o
ADC_ChannelGetData                                C:\Users\lucho\Documents\MCUXpressoIDE_11.4.0_6237\workspace_drivers\CMSISv2p00_LPC17xx\Debug\libCMSISv2p00_LPC17xx.a(lpc17xx_adc.o)
ADC_ChannelGetStatus                              C:\Users\lucho\Documents\MCUXpressoIDE_11.4.0_6237\workspace_drivers\CMSISv2p00_LPC17xx\Debug\libCMSISv2p00_LPC17xx.a(lpc17xx_adc.o)
ADC_DeInit                                        C:\Users\lucho\Documents\MCUXpressoIDE_11.4.0_6237\workspace_drivers\CMSISv2p00_LPC17xx\Debug\libCMSISv2p00_LPC17xx.a(lpc17xx_adc.o)
ADC_EdgeStartConfig                               C:\Users\lucho\Documents\MCUXpressoIDE_11.4.0_6237\workspace_drivers\CMSISv2p00_LPC17xx\Debug\libCMSISv2p00_LPC17xx.a(lpc17xx_adc.o)
                                                  ./src/main.o
ADC_GetData                                       C:\Users\lucho\Documents\MCUXpressoIDE_11.4.0_6237\workspace_drivers\CMSISv2p00_LPC17xx\Debug\libCMSISv2p00_LPC17xx.a(lpc17xx_adc.o)
ADC_GlobalGetData                                 C:\Users\lucho\Documents\MCUXpressoIDE_11.4.0_6237\workspace_drivers\CMSISv2p00_LPC17xx\Debug\libCMSISv2p00_LPC17xx.a(lpc17xx_adc.o)
ADC_GlobalGetStatus                               C:\Users\lucho\Documents\MCUXpressoIDE_11.4.0_6237\workspace_drivers\CMSISv2p00_LPC17xx\Debug\libCMSISv2p00_LPC17xx.a(lpc17xx_adc.o)
ADC_IRQHandler                                    ./src/cr_startup_lpc175x_6x.o
ADC_Init                                          C:\Users\lucho\Documents\MCUXpressoIDE_11.4.0_6237\workspace_drivers\CMSISv2p00_LPC17xx\Debug\libCMSISv2p00_LPC17xx.a(lpc17xx_adc.o)
                                                  ./src/main.o
ADC_IntConfig                                     C:\Users\lucho\Documents\MCUXpressoIDE_11.4.0_6237\workspace_drivers\CMSISv2p00_LPC17xx\Debug\libCMSISv2p00_LPC17xx.a(lpc17xx_adc.o)
ADC_PowerdownCmd                                  C:\Users\lucho\Documents\MCUXpressoIDE_11.4.0_6237\workspace_drivers\CMSISv2p00_LPC17xx\Debug\libCMSISv2p00_LPC17xx.a(lpc17xx_adc.o)
ADC_StartCmd                                      C:\Users\lucho\Documents\MCUXpressoIDE_11.4.0_6237\workspace_drivers\CMSISv2p00_LPC17xx\Debug\libCMSISv2p00_LPC17xx.a(lpc17xx_adc.o)
                                                  ./src/main.o
Antirebote                                        ./src/main.o
BOD_IRQHandler                                    ./src/cr_startup_lpc175x_6x.o
BusFault_Handler                                  ./src/cr_startup_lpc175x_6x.o
CANActivity_IRQHandler                            ./src/cr_startup_lpc175x_6x.o
CAN_IRQHandler                                    ./src/cr_startup_lpc175x_6x.o
CLKPWR_ConfigPPWR                                 C:\Users\lucho\Documents\MCUXpressoIDE_11.4.0_6237\workspace_drivers\CMSISv2p00_LPC17xx\Debug\libCMSISv2p00_LPC17xx.a(lpc17xx_clkpwr.o)
                                                  C:\Users\lucho\Documents\MCUXpressoIDE_11.4.0_6237\workspace_drivers\CMSISv2p00_LPC17xx\Debug\libCMSISv2p00_LPC17xx.a(lpc17xx_uart.o)
                                                  C:\Users\lucho\Documents\MCUXpressoIDE_11.4.0_6237\workspace_drivers\CMSISv2p00_LPC17xx\Debug\libCMSISv2p00_LPC17xx.a(lpc17xx_timer.o)
                                                  C:\Users\lucho\Documents\MCUXpressoIDE_11.4.0_6237\workspace_drivers\CMSISv2p00_LPC17xx\Debug\libCMSISv2p00_LPC17xx.a(lpc17xx_gpdma.o)
                                                  C:\Users\lucho\Documents\MCUXpressoIDE_11.4.0_6237\workspace_drivers\CMSISv2p00_LPC17xx\Debug\libCMSISv2p00_LPC17xx.a(lpc17xx_adc.o)
CLKPWR_DeepPowerDown                              C:\Users\lucho\Documents\MCUXpressoIDE_11.4.0_6237\workspace_drivers\CMSISv2p00_LPC17xx\Debug\libCMSISv2p00_LPC17xx.a(lpc17xx_clkpwr.o)
CLKPWR_DeepSleep                                  C:\Users\lucho\Documents\MCUXpressoIDE_11.4.0_6237\workspace_drivers\CMSISv2p00_LPC17xx\Debug\libCMSISv2p00_LPC17xx.a(lpc17xx_clkpwr.o)
CLKPWR_GetPCLK                                    C:\Users\lucho\Documents\MCUXpressoIDE_11.4.0_6237\workspace_drivers\CMSISv2p00_LPC17xx\Debug\libCMSISv2p00_LPC17xx.a(lpc17xx_clkpwr.o)
                                                  C:\Users\lucho\Documents\MCUXpressoIDE_11.4.0_6237\workspace_drivers\CMSISv2p00_LPC17xx\Debug\libCMSISv2p00_LPC17xx.a(lpc17xx_uart.o)
                                                  C:\Users\lucho\Documents\MCUXpressoIDE_11.4.0_6237\workspace_drivers\CMSISv2p00_LPC17xx\Debug\libCMSISv2p00_LPC17xx.a(lpc17xx_timer.o)
                                                  C:\Users\lucho\Documents\MCUXpressoIDE_11.4.0_6237\workspace_drivers\CMSISv2p00_LPC17xx\Debug\libCMSISv2p00_LPC17xx.a(lpc17xx_adc.o)
CLKPWR_GetPCLKSEL                                 C:\Users\lucho\Documents\MCUXpressoIDE_11.4.0_6237\workspace_drivers\CMSISv2p00_LPC17xx\Debug\libCMSISv2p00_LPC17xx.a(lpc17xx_clkpwr.o)
CLKPWR_PowerDown                                  C:\Users\lucho\Documents\MCUXpressoIDE_11.4.0_6237\workspace_drivers\CMSISv2p00_LPC17xx\Debug\libCMSISv2p00_LPC17xx.a(lpc17xx_clkpwr.o)
CLKPWR_SetPCLKDiv                                 C:\Users\lucho\Documents\MCUXpressoIDE_11.4.0_6237\workspace_drivers\CMSISv2p00_LPC17xx\Debug\libCMSISv2p00_LPC17xx.a(lpc17xx_clkpwr.o)
                                                  C:\Users\lucho\Documents\MCUXpressoIDE_11.4.0_6237\workspace_drivers\CMSISv2p00_LPC17xx\Debug\libCMSISv2p00_LPC17xx.a(lpc17xx_timer.o)
CLKPWR_Sleep                                      C:\Users\lucho\Documents\MCUXpressoIDE_11.4.0_6237\workspace_drivers\CMSISv2p00_LPC17xx\Debug\libCMSISv2p00_LPC17xx.a(lpc17xx_clkpwr.o)
CRP_WORD                                          ./src/crp.o
CambiarMenu                                       ./src/main.o
DMA_IRQHandler                                    ./src/cr_startup_lpc175x_6x.o
DebugMon_Handler                                  ./src/cr_startup_lpc175x_6x.o
EINT0_IRQHandler                                  ./src/cr_startup_lpc175x_6x.o
EINT1_IRQHandler                                  ./src/cr_startup_lpc175x_6x.o
EINT2_IRQHandler                                  ./src/cr_startup_lpc175x_6x.o
EINT3_IRQHandler                                  ./src/main.o
                                                  ./src/cr_startup_lpc175x_6x.o
ENET_IRQHandler                                   ./src/cr_startup_lpc175x_6x.o
FIO_ByteClearValue                                C:\Users\lucho\Documents\MCUXpressoIDE_11.4.0_6237\workspace_drivers\CMSISv2p00_LPC17xx\Debug\libCMSISv2p00_LPC17xx.a(lpc17xx_gpio.o)
FIO_ByteReadValue                                 C:\Users\lucho\Documents\MCUXpressoIDE_11.4.0_6237\workspace_drivers\CMSISv2p00_LPC17xx\Debug\libCMSISv2p00_LPC17xx.a(lpc17xx_gpio.o)
FIO_ByteSetDir                                    C:\Users\lucho\Documents\MCUXpressoIDE_11.4.0_6237\workspace_drivers\CMSISv2p00_LPC17xx\Debug\libCMSISv2p00_LPC17xx.a(lpc17xx_gpio.o)
FIO_ByteSetMask                                   C:\Users\lucho\Documents\MCUXpressoIDE_11.4.0_6237\workspace_drivers\CMSISv2p00_LPC17xx\Debug\libCMSISv2p00_LPC17xx.a(lpc17xx_gpio.o)
FIO_ByteSetValue                                  C:\Users\lucho\Documents\MCUXpressoIDE_11.4.0_6237\workspace_drivers\CMSISv2p00_LPC17xx\Debug\libCMSISv2p00_LPC17xx.a(lpc17xx_gpio.o)
FIO_ClearInt                                      C:\Users\lucho\Documents\MCUXpressoIDE_11.4.0_6237\workspace_drivers\CMSISv2p00_LPC17xx\Debug\libCMSISv2p00_LPC17xx.a(lpc17xx_gpio.o)
FIO_ClearValue                                    C:\Users\lucho\Documents\MCUXpressoIDE_11.4.0_6237\workspace_drivers\CMSISv2p00_LPC17xx\Debug\libCMSISv2p00_LPC17xx.a(lpc17xx_gpio.o)
FIO_GetIntStatus                                  C:\Users\lucho\Documents\MCUXpressoIDE_11.4.0_6237\workspace_drivers\CMSISv2p00_LPC17xx\Debug\libCMSISv2p00_LPC17xx.a(lpc17xx_gpio.o)
FIO_HalfWordClearValue                            C:\Users\lucho\Documents\MCUXpressoIDE_11.4.0_6237\workspace_drivers\CMSISv2p00_LPC17xx\Debug\libCMSISv2p00_LPC17xx.a(lpc17xx_gpio.o)
FIO_HalfWordReadValue                             C:\Users\lucho\Documents\MCUXpressoIDE_11.4.0_6237\workspace_drivers\CMSISv2p00_LPC17xx\Debug\libCMSISv2p00_LPC17xx.a(lpc17xx_gpio.o)
FIO_HalfWordSetDir                                C:\Users\lucho\Documents\MCUXpressoIDE_11.4.0_6237\workspace_drivers\CMSISv2p00_LPC17xx\Debug\libCMSISv2p00_LPC17xx.a(lpc17xx_gpio.o)
FIO_HalfWordSetMask                               C:\Users\lucho\Documents\MCUXpressoIDE_11.4.0_6237\workspace_drivers\CMSISv2p00_LPC17xx\Debug\libCMSISv2p00_LPC17xx.a(lpc17xx_gpio.o)
FIO_HalfWordSetValue                              C:\Users\lucho\Documents\MCUXpressoIDE_11.4.0_6237\workspace_drivers\CMSISv2p00_LPC17xx\Debug\libCMSISv2p00_LPC17xx.a(lpc17xx_gpio.o)
FIO_IntCmd                                        C:\Users\lucho\Documents\MCUXpressoIDE_11.4.0_6237\workspace_drivers\CMSISv2p00_LPC17xx\Debug\libCMSISv2p00_LPC17xx.a(lpc17xx_gpio.o)
FIO_ReadValue                                     C:\Users\lucho\Documents\MCUXpressoIDE_11.4.0_6237\workspace_drivers\CMSISv2p00_LPC17xx\Debug\libCMSISv2p00_LPC17xx.a(lpc17xx_gpio.o)
FIO_SetDir                                        C:\Users\lucho\Documents\MCUXpressoIDE_11.4.0_6237\workspace_drivers\CMSISv2p00_LPC17xx\Debug\libCMSISv2p00_LPC17xx.a(lpc17xx_gpio.o)
FIO_SetMask                                       C:\Users\lucho\Documents\MCUXpressoIDE_11.4.0_6237\workspace_drivers\CMSISv2p00_LPC17xx\Debug\libCMSISv2p00_LPC17xx.a(lpc17xx_gpio.o)
FIO_SetValue                                      C:\Users\lucho\Documents\MCUXpressoIDE_11.4.0_6237\workspace_drivers\CMSISv2p00_LPC17xx\Debug\libCMSISv2p00_LPC17xx.a(lpc17xx_gpio.o)
GPDMA_ChannelCmd                                  C:\Users\lucho\Documents\MCUXpressoIDE_11.4.0_6237\workspace_drivers\CMSISv2p00_LPC17xx\Debug\libCMSISv2p00_LPC17xx.a(lpc17xx_gpdma.o)
                                                  ./src/main.o
GPDMA_ClearIntPending                             C:\Users\lucho\Documents\MCUXpressoIDE_11.4.0_6237\workspace_drivers\CMSISv2p00_LPC17xx\Debug\libCMSISv2p00_LPC17xx.a(lpc17xx_gpdma.o)
GPDMA_Init                                        C:\Users\lucho\Documents\MCUXpressoIDE_11.4.0_6237\workspace_drivers\CMSISv2p00_LPC17xx\Debug\libCMSISv2p00_LPC17xx.a(lpc17xx_gpdma.o)
                                                  ./src/main.o
GPDMA_IntGetStatus                                C:\Users\lucho\Documents\MCUXpressoIDE_11.4.0_6237\workspace_drivers\CMSISv2p00_LPC17xx\Debug\libCMSISv2p00_LPC17xx.a(lpc17xx_gpdma.o)
GPDMA_LUTPerAddr                                  C:\Users\lucho\Documents\MCUXpressoIDE_11.4.0_6237\workspace_drivers\CMSISv2p00_LPC17xx\Debug\libCMSISv2p00_LPC17xx.a(lpc17xx_gpdma.o)
GPDMA_LUTPerBurst                                 C:\Users\lucho\Documents\MCUXpressoIDE_11.4.0_6237\workspace_drivers\CMSISv2p00_LPC17xx\Debug\libCMSISv2p00_LPC17xx.a(lpc17xx_gpdma.o)
GPDMA_LUTPerWid                                   C:\Users\lucho\Documents\MCUXpressoIDE_11.4.0_6237\workspace_drivers\CMSISv2p00_LPC17xx\Debug\libCMSISv2p00_LPC17xx.a(lpc17xx_gpdma.o)
GPDMA_Setup                                       C:\Users\lucho\Documents\MCUXpressoIDE_11.4.0_6237\workspace_drivers\CMSISv2p00_LPC17xx\Debug\libCMSISv2p00_LPC17xx.a(lpc17xx_gpdma.o)
                                                  ./src/main.o
GPIO_ClearInt                                     C:\Users\lucho\Documents\MCUXpressoIDE_11.4.0_6237\workspace_drivers\CMSISv2p00_LPC17xx\Debug\libCMSISv2p00_LPC17xx.a(lpc17xx_gpio.o)
GPIO_ClearValue                                   C:\Users\lucho\Documents\MCUXpressoIDE_11.4.0_6237\workspace_drivers\CMSISv2p00_LPC17xx\Debug\libCMSISv2p00_LPC17xx.a(lpc17xx_gpio.o)
GPIO_GetIntStatus                                 C:\Users\lucho\Documents\MCUXpressoIDE_11.4.0_6237\workspace_drivers\CMSISv2p00_LPC17xx\Debug\libCMSISv2p00_LPC17xx.a(lpc17xx_gpio.o)
GPIO_IntCmd                                       C:\Users\lucho\Documents\MCUXpressoIDE_11.4.0_6237\workspace_drivers\CMSISv2p00_LPC17xx\Debug\libCMSISv2p00_LPC17xx.a(lpc17xx_gpio.o)
GPIO_ReadValue                                    C:\Users\lucho\Documents\MCUXpressoIDE_11.4.0_6237\workspace_drivers\CMSISv2p00_LPC17xx\Debug\libCMSISv2p00_LPC17xx.a(lpc17xx_gpio.o)
GPIO_SetDir                                       C:\Users\lucho\Documents\MCUXpressoIDE_11.4.0_6237\workspace_drivers\CMSISv2p00_LPC17xx\Debug\libCMSISv2p00_LPC17xx.a(lpc17xx_gpio.o)
                                                  ./src/main.o
GPIO_SetValue                                     C:\Users\lucho\Documents\MCUXpressoIDE_11.4.0_6237\workspace_drivers\CMSISv2p00_LPC17xx\Debug\libCMSISv2p00_LPC17xx.a(lpc17xx_gpio.o)
HardFault_Handler                                 ./src/cr_startup_lpc175x_6x.o
HoraAlarma                                        ./src/main.o
HoraReloj                                         ./src/main.o
I2C0_IRQHandler                                   ./src/cr_startup_lpc175x_6x.o
I2C1_IRQHandler                                   ./src/cr_startup_lpc175x_6x.o
I2C2_IRQHandler                                   ./src/cr_startup_lpc175x_6x.o
I2S_IRQHandler                                    ./src/cr_startup_lpc175x_6x.o
IntDefaultHandler                                 ./src/cr_startup_lpc175x_6x.o
MCPWM_IRQHandler                                  ./src/cr_startup_lpc175x_6x.o
MemManage_Handler                                 ./src/cr_startup_lpc175x_6x.o
MinutosAlarma                                     ./src/main.o
MinutosReloj                                      ./src/main.o
MostrarHora                                       ./src/main.o
MostrarTemp                                       ./src/main.o
NMI_Handler                                       ./src/cr_startup_lpc175x_6x.o
PINSEL_ConfigPin                                  C:\Users\lucho\Documents\MCUXpressoIDE_11.4.0_6237\workspace_drivers\CMSISv2p00_LPC17xx\Debug\libCMSISv2p00_LPC17xx.a(lpc17xx_pinsel.o)
                                                  ./src/main.o
PINSEL_ConfigTraceFunc                            C:\Users\lucho\Documents\MCUXpressoIDE_11.4.0_6237\workspace_drivers\CMSISv2p00_LPC17xx\Debug\libCMSISv2p00_LPC17xx.a(lpc17xx_pinsel.o)
PINSEL_SetI2C0Pins                                C:\Users\lucho\Documents\MCUXpressoIDE_11.4.0_6237\workspace_drivers\CMSISv2p00_LPC17xx\Debug\libCMSISv2p00_LPC17xx.a(lpc17xx_pinsel.o)
PLL0_IRQHandler                                   ./src/cr_startup_lpc175x_6x.o
PLL1_IRQHandler                                   ./src/cr_startup_lpc175x_6x.o
PWM1_IRQHandler                                   ./src/cr_startup_lpc175x_6x.o
PendSV_Handler                                    ./src/cr_startup_lpc175x_6x.o
QEI_IRQHandler                                    ./src/cr_startup_lpc175x_6x.o
RIT_IRQHandler                                    ./src/cr_startup_lpc175x_6x.o
RTC_IRQHandler                                    ./src/cr_startup_lpc175x_6x.o
ResetISR                                          ./src/cr_startup_lpc175x_6x.o
SPI_IRQHandler                                    ./src/cr_startup_lpc175x_6x.o
SSP0_IRQHandler                                   ./src/cr_startup_lpc175x_6x.o
SSP1_IRQHandler                                   ./src/cr_startup_lpc175x_6x.o
SVC_Handler                                       ./src/cr_startup_lpc175x_6x.o
SetAlarma                                         ./src/main.o
SetHora                                           ./src/main.o
SonarAlarma                                       ./src/main.o
SysTick_Handler                                   ./src/cr_startup_lpc175x_6x.o
SystemCoreClock                                   C:\Users\lucho\Documents\MCUXpressoIDE_11.4.0_6237\workspace_drivers\CMSISv2p00_LPC17xx\Debug\libCMSISv2p00_LPC17xx.a(system_LPC17xx.o)
                                                  C:\Users\lucho\Documents\MCUXpressoIDE_11.4.0_6237\workspace_drivers\CMSISv2p00_LPC17xx\Debug\libCMSISv2p00_LPC17xx.a(lpc17xx_clkpwr.o)
SystemCoreClockUpdate                             C:\Users\lucho\Documents\MCUXpressoIDE_11.4.0_6237\workspace_drivers\CMSISv2p00_LPC17xx\Debug\libCMSISv2p00_LPC17xx.a(system_LPC17xx.o)
SystemInit                                        C:\Users\lucho\Documents\MCUXpressoIDE_11.4.0_6237\workspace_drivers\CMSISv2p00_LPC17xx\Debug\libCMSISv2p00_LPC17xx.a(system_LPC17xx.o)
                                                  ./src/cr_startup_lpc175x_6x.o
TIMER0_IRQHandler                                 ./src/main.o
                                                  ./src/cr_startup_lpc175x_6x.o
TIMER1_IRQHandler                                 ./src/main.o
                                                  ./src/cr_startup_lpc175x_6x.o
TIMER2_IRQHandler                                 ./src/cr_startup_lpc175x_6x.o
TIMER3_IRQHandler                                 ./src/cr_startup_lpc175x_6x.o
TIM_ClearIntCapturePending                        C:\Users\lucho\Documents\MCUXpressoIDE_11.4.0_6237\workspace_drivers\CMSISv2p00_LPC17xx\Debug\libCMSISv2p00_LPC17xx.a(lpc17xx_timer.o)
TIM_ClearIntPending                               C:\Users\lucho\Documents\MCUXpressoIDE_11.4.0_6237\workspace_drivers\CMSISv2p00_LPC17xx\Debug\libCMSISv2p00_LPC17xx.a(lpc17xx_timer.o)
TIM_Cmd                                           C:\Users\lucho\Documents\MCUXpressoIDE_11.4.0_6237\workspace_drivers\CMSISv2p00_LPC17xx\Debug\libCMSISv2p00_LPC17xx.a(lpc17xx_timer.o)
                                                  ./src/main.o
TIM_ConfigCapture                                 C:\Users\lucho\Documents\MCUXpressoIDE_11.4.0_6237\workspace_drivers\CMSISv2p00_LPC17xx\Debug\libCMSISv2p00_LPC17xx.a(lpc17xx_timer.o)
TIM_ConfigMatch                                   C:\Users\lucho\Documents\MCUXpressoIDE_11.4.0_6237\workspace_drivers\CMSISv2p00_LPC17xx\Debug\libCMSISv2p00_LPC17xx.a(lpc17xx_timer.o)
                                                  ./src/main.o
TIM_ConfigStructInit                              C:\Users\lucho\Documents\MCUXpressoIDE_11.4.0_6237\workspace_drivers\CMSISv2p00_LPC17xx\Debug\libCMSISv2p00_LPC17xx.a(lpc17xx_timer.o)
TIM_DeInit                                        C:\Users\lucho\Documents\MCUXpressoIDE_11.4.0_6237\workspace_drivers\CMSISv2p00_LPC17xx\Debug\libCMSISv2p00_LPC17xx.a(lpc17xx_timer.o)
TIM_GetCaptureValue                               C:\Users\lucho\Documents\MCUXpressoIDE_11.4.0_6237\workspace_drivers\CMSISv2p00_LPC17xx\Debug\libCMSISv2p00_LPC17xx.a(lpc17xx_timer.o)
TIM_GetIntCaptureStatus                           C:\Users\lucho\Documents\MCUXpressoIDE_11.4.0_6237\workspace_drivers\CMSISv2p00_LPC17xx\Debug\libCMSISv2p00_LPC17xx.a(lpc17xx_timer.o)
TIM_GetIntStatus                                  C:\Users\lucho\Documents\MCUXpressoIDE_11.4.0_6237\workspace_drivers\CMSISv2p00_LPC17xx\Debug\libCMSISv2p00_LPC17xx.a(lpc17xx_timer.o)
TIM_Init                                          C:\Users\lucho\Documents\MCUXpressoIDE_11.4.0_6237\workspace_drivers\CMSISv2p00_LPC17xx\Debug\libCMSISv2p00_LPC17xx.a(lpc17xx_timer.o)
                                                  ./src/main.o
TIM_ResetCounter                                  C:\Users\lucho\Documents\MCUXpressoIDE_11.4.0_6237\workspace_drivers\CMSISv2p00_LPC17xx\Debug\libCMSISv2p00_LPC17xx.a(lpc17xx_timer.o)
TIM_UpdateMatchValue                              C:\Users\lucho\Documents\MCUXpressoIDE_11.4.0_6237\workspace_drivers\CMSISv2p00_LPC17xx\Debug\libCMSISv2p00_LPC17xx.a(lpc17xx_timer.o)
Temp                                              ./src/main.o
UART0_IRQHandler                                  ./src/cr_startup_lpc175x_6x.o
UART1_IRQHandler                                  ./src/cr_startup_lpc175x_6x.o
UART2_IRQHandler                                  ./src/cr_startup_lpc175x_6x.o
UART3_IRQHandler                                  ./src/cr_startup_lpc175x_6x.o
UART_ABClearIntPending                            C:\Users\lucho\Documents\MCUXpressoIDE_11.4.0_6237\workspace_drivers\CMSISv2p00_LPC17xx\Debug\libCMSISv2p00_LPC17xx.a(lpc17xx_uart.o)
UART_ABCmd                                        C:\Users\lucho\Documents\MCUXpressoIDE_11.4.0_6237\workspace_drivers\CMSISv2p00_LPC17xx\Debug\libCMSISv2p00_LPC17xx.a(lpc17xx_uart.o)
UART_CheckBusy                                    C:\Users\lucho\Documents\MCUXpressoIDE_11.4.0_6237\workspace_drivers\CMSISv2p00_LPC17xx\Debug\libCMSISv2p00_LPC17xx.a(lpc17xx_uart.o)
UART_ConfigStructInit                             C:\Users\lucho\Documents\MCUXpressoIDE_11.4.0_6237\workspace_drivers\CMSISv2p00_LPC17xx\Debug\libCMSISv2p00_LPC17xx.a(lpc17xx_uart.o)
                                                  ./src/main.o
UART_DeInit                                       C:\Users\lucho\Documents\MCUXpressoIDE_11.4.0_6237\workspace_drivers\CMSISv2p00_LPC17xx\Debug\libCMSISv2p00_LPC17xx.a(lpc17xx_uart.o)
UART_FIFOConfig                                   C:\Users\lucho\Documents\MCUXpressoIDE_11.4.0_6237\workspace_drivers\CMSISv2p00_LPC17xx\Debug\libCMSISv2p00_LPC17xx.a(lpc17xx_uart.o)
                                                  ./src/main.o
UART_FIFOConfigStructInit                         C:\Users\lucho\Documents\MCUXpressoIDE_11.4.0_6237\workspace_drivers\CMSISv2p00_LPC17xx\Debug\libCMSISv2p00_LPC17xx.a(lpc17xx_uart.o)
                                                  ./src/main.o
UART_ForceBreak                                   C:\Users\lucho\Documents\MCUXpressoIDE_11.4.0_6237\workspace_drivers\CMSISv2p00_LPC17xx\Debug\libCMSISv2p00_LPC17xx.a(lpc17xx_uart.o)
UART_FullModemConfigMode                          C:\Users\lucho\Documents\MCUXpressoIDE_11.4.0_6237\workspace_drivers\CMSISv2p00_LPC17xx\Debug\libCMSISv2p00_LPC17xx.a(lpc17xx_uart.o)
UART_FullModemForcePinState                       C:\Users\lucho\Documents\MCUXpressoIDE_11.4.0_6237\workspace_drivers\CMSISv2p00_LPC17xx\Debug\libCMSISv2p00_LPC17xx.a(lpc17xx_uart.o)
UART_FullModemGetStatus                           C:\Users\lucho\Documents\MCUXpressoIDE_11.4.0_6237\workspace_drivers\CMSISv2p00_LPC17xx\Debug\libCMSISv2p00_LPC17xx.a(lpc17xx_uart.o)
UART_GetIntId                                     C:\Users\lucho\Documents\MCUXpressoIDE_11.4.0_6237\workspace_drivers\CMSISv2p00_LPC17xx\Debug\libCMSISv2p00_LPC17xx.a(lpc17xx_uart.o)
UART_GetLineStatus                                C:\Users\lucho\Documents\MCUXpressoIDE_11.4.0_6237\workspace_drivers\CMSISv2p00_LPC17xx\Debug\libCMSISv2p00_LPC17xx.a(lpc17xx_uart.o)
UART_Init                                         C:\Users\lucho\Documents\MCUXpressoIDE_11.4.0_6237\workspace_drivers\CMSISv2p00_LPC17xx\Debug\libCMSISv2p00_LPC17xx.a(lpc17xx_uart.o)
                                                  ./src/main.o
UART_IntConfig                                    C:\Users\lucho\Documents\MCUXpressoIDE_11.4.0_6237\workspace_drivers\CMSISv2p00_LPC17xx\Debug\libCMSISv2p00_LPC17xx.a(lpc17xx_uart.o)
UART_IrDACmd                                      C:\Users\lucho\Documents\MCUXpressoIDE_11.4.0_6237\workspace_drivers\CMSISv2p00_LPC17xx\Debug\libCMSISv2p00_LPC17xx.a(lpc17xx_uart.o)
UART_IrDAInvtInputCmd                             C:\Users\lucho\Documents\MCUXpressoIDE_11.4.0_6237\workspace_drivers\CMSISv2p00_LPC17xx\Debug\libCMSISv2p00_LPC17xx.a(lpc17xx_uart.o)
UART_IrDAPulseDivConfig                           C:\Users\lucho\Documents\MCUXpressoIDE_11.4.0_6237\workspace_drivers\CMSISv2p00_LPC17xx\Debug\libCMSISv2p00_LPC17xx.a(lpc17xx_uart.o)
UART_RS485Config                                  C:\Users\lucho\Documents\MCUXpressoIDE_11.4.0_6237\workspace_drivers\CMSISv2p00_LPC17xx\Debug\libCMSISv2p00_LPC17xx.a(lpc17xx_uart.o)
UART_RS485ReceiverCmd                             C:\Users\lucho\Documents\MCUXpressoIDE_11.4.0_6237\workspace_drivers\CMSISv2p00_LPC17xx\Debug\libCMSISv2p00_LPC17xx.a(lpc17xx_uart.o)
UART_RS485Send                                    C:\Users\lucho\Documents\MCUXpressoIDE_11.4.0_6237\workspace_drivers\CMSISv2p00_LPC17xx\Debug\libCMSISv2p00_LPC17xx.a(lpc17xx_uart.o)
UART_RS485SendData                                C:\Users\lucho\Documents\MCUXpressoIDE_11.4.0_6237\workspace_drivers\CMSISv2p00_LPC17xx\Debug\libCMSISv2p00_LPC17xx.a(lpc17xx_uart.o)
UART_RS485SendSlvAddr                             C:\Users\lucho\Documents\MCUXpressoIDE_11.4.0_6237\workspace_drivers\CMSISv2p00_LPC17xx\Debug\libCMSISv2p00_LPC17xx.a(lpc17xx_uart.o)
UART_Receive                                      C:\Users\lucho\Documents\MCUXpressoIDE_11.4.0_6237\workspace_drivers\CMSISv2p00_LPC17xx\Debug\libCMSISv2p00_LPC17xx.a(lpc17xx_uart.o)
UART_ReceiveByte                                  C:\Users\lucho\Documents\MCUXpressoIDE_11.4.0_6237\workspace_drivers\CMSISv2p00_LPC17xx\Debug\libCMSISv2p00_LPC17xx.a(lpc17xx_uart.o)
UART_Send                                         C:\Users\lucho\Documents\MCUXpressoIDE_11.4.0_6237\workspace_drivers\CMSISv2p00_LPC17xx\Debug\libCMSISv2p00_LPC17xx.a(lpc17xx_uart.o)
                                                  ./src/main.o
UART_SendByte                                     C:\Users\lucho\Documents\MCUXpressoIDE_11.4.0_6237\workspace_drivers\CMSISv2p00_LPC17xx\Debug\libCMSISv2p00_LPC17xx.a(lpc17xx_uart.o)
UART_TxCmd                                        C:\Users\lucho\Documents\MCUXpressoIDE_11.4.0_6237\workspace_drivers\CMSISv2p00_LPC17xx\Debug\libCMSISv2p00_LPC17xx.a(lpc17xx_uart.o)
                                                  ./src/main.o
USBActivity_IRQHandler                            ./src/cr_startup_lpc175x_6x.o
USB_IRQHandler                                    ./src/cr_startup_lpc175x_6x.o
UsageFault_Handler                                ./src/cr_startup_lpc175x_6x.o
VerificarAlarma                                   ./src/main.o
WDT_IRQHandler                                    ./src/cr_startup_lpc175x_6x.o
__aeabi_idiv0                                     c:/nxp/mcuxpressoide_11.4.0_6237/ide/plugins/com.nxp.mcuxpresso.tools.win32_11.4.0.202103011116/tools/bin/../lib/gcc/arm-none-eabi/10.2.1/thumb/v7-m/nofp\libcr_eabihelpers.a(division_idiv0.o)
                                                  c:/nxp/mcuxpressoide_11.4.0_6237/ide/plugins/com.nxp.mcuxpresso.tools.win32_11.4.0.202103011116/tools/bin/../lib/gcc/arm-none-eabi/10.2.1/thumb/v7-m/nofp\libcr_eabihelpers.a(division_64.o)
__aeabi_ldivmod                                   c:/nxp/mcuxpressoide_11.4.0_6237/ide/plugins/com.nxp.mcuxpresso.tools.win32_11.4.0.202103011116/tools/bin/../lib/gcc/arm-none-eabi/10.2.1/thumb/v7-m/nofp\libcr_eabihelpers.a(division_64.o)
                                                  C:\Users\lucho\Documents\MCUXpressoIDE_11.4.0_6237\workspace_drivers\CMSISv2p00_LPC17xx\Debug\libCMSISv2p00_LPC17xx.a(system_LPC17xx.o)
__aeabi_uldivmod                                  c:/nxp/mcuxpressoide_11.4.0_6237/ide/plugins/com.nxp.mcuxpresso.tools.win32_11.4.0.202103011116/tools/bin/../lib/gcc/arm-none-eabi/10.2.1/thumb/v7-m/nofp\libcr_eabihelpers.a(division_64.o)
                                                  C:\Users\lucho\Documents\MCUXpressoIDE_11.4.0_6237\workspace_drivers\CMSISv2p00_LPC17xx\Debug\libCMSISv2p00_LPC17xx.a(lpc17xx_timer.o)
                                                  C:\Users\lucho\Documents\MCUXpressoIDE_11.4.0_6237\workspace_drivers\CMSISv2p00_LPC17xx\Debug\libCMSISv2p00_LPC17xx.a(system_LPC17xx.o)
__bhs_ldivmod1                                    c:/nxp/mcuxpressoide_11.4.0_6237/ide/plugins/com.nxp.mcuxpresso.tools.win32_11.4.0.202103011116/tools/bin/../lib/gcc/arm-none-eabi/10.2.1/thumb/v7-m/nofp\libcr_eabihelpers.a(division_64.o)
__bss_section_table_end                           ./src/cr_startup_lpc175x_6x.o
__data_section_table                              ./src/cr_startup_lpc175x_6x.o
__data_section_table_end                          ./src/cr_startup_lpc175x_6x.o
__main                                            c:/nxp/mcuxpressoide_11.4.0_6237/ide/plugins/com.nxp.mcuxpresso.tools.win32_11.4.0.202103011116/tools/bin/../lib/gcc/arm-none-eabi/10.2.1/../../../../arm-none-eabi/lib/thumb/v7-m/nofp\libcr_c.a(__weak__main.o)
                                                  ./src/cr_startup_lpc175x_6x.o
__valid_user_code_checksum                        ./src/cr_startup_lpc175x_6x.o
__weak_main                                       c:/nxp/mcuxpressoide_11.4.0_6237/ide/plugins/com.nxp.mcuxpresso.tools.win32_11.4.0.202103011116/tools/bin/../lib/gcc/arm-none-eabi/10.2.1/../../../../arm-none-eabi/lib/thumb/v7-m/nofp\libcr_c.a(__weak__main.o)
_vStackTop                                        ./src/cr_startup_lpc175x_6x.o
alarma                                            ./src/main.o
bss_init                                          ./src/cr_startup_lpc175x_6x.o
check_failed                                      C:\Users\lucho\Documents\MCUXpressoIDE_11.4.0_6237\workspace_drivers\CMSISv2p00_LPC17xx\Debug\libCMSISv2p00_LPC17xx.a(lpc17xx_libcfg_default.o)
                                                  C:\Users\lucho\Documents\MCUXpressoIDE_11.4.0_6237\workspace_drivers\CMSISv2p00_LPC17xx\Debug\libCMSISv2p00_LPC17xx.a(lpc17xx_uart.o)
                                                  C:\Users\lucho\Documents\MCUXpressoIDE_11.4.0_6237\workspace_drivers\CMSISv2p00_LPC17xx\Debug\libCMSISv2p00_LPC17xx.a(lpc17xx_timer.o)
                                                  C:\Users\lucho\Documents\MCUXpressoIDE_11.4.0_6237\workspace_drivers\CMSISv2p00_LPC17xx\Debug\libCMSISv2p00_LPC17xx.a(lpc17xx_gpdma.o)
                                                  C:\Users\lucho\Documents\MCUXpressoIDE_11.4.0_6237\workspace_drivers\CMSISv2p00_LPC17xx\Debug\libCMSISv2p00_LPC17xx.a(lpc17xx_adc.o)
clear                                             ./src/main.o
confADC                                           ./src/main.o
confDMA                                           ./src/main.o
confTimers                                        ./src/main.o
confUart                                          ./src/main.o
configINT                                         ./src/main.o
config_GPIO                                       ./src/main.o
consoleclear                                      ./src/main.o
cvalue                                            ./src/main.o
data_init                                         ./src/cr_startup_lpc175x_6x.o
enviarRTemperatura                                ./src/main.o
enviarReloj                                       ./src/main.o
g_pfnVectors                                      ./src/cr_startup_lpc175x_6x.o
hora                                              ./src/main.o
keypad                                            ./src/main.o
keypress                                          ./src/main.o
led                                               ./src/main.o
main                                              ./src/main.o
                                                  c:/nxp/mcuxpressoide_11.4.0_6237/ide/plugins/com.nxp.mcuxpresso.tools.win32_11.4.0.202103011116/tools/bin/../lib/gcc/arm-none-eabi/10.2.1/../../../../arm-none-eabi/lib/thumb/v7-m/nofp\libcr_c.a(__weak__main.o)
menu                                              ./src/main.o
minutos                                           ./src/main.o
mostrar                                           ./src/main.o
pGPDMACh                                          C:\Users\lucho\Documents\MCUXpressoIDE_11.4.0_6237\workspace_drivers\CMSISv2p00_LPC17xx\Debug\libCMSISv2p00_LPC17xx.a(lpc17xx_gpdma.o)
presiona                                          ./src/main.o
readkey                                           ./src/main.o
reloj                                             ./src/main.o
retardo                                           ./src/main.o
retardo10ms                                       ./src/main.o
setReloj                                          ./src/main.o
setTemperatura                                    ./src/main.o
suelta                                            ./src/main.o
temperatura                                       ./src/main.o
