Archive member included to satisfy reference by file (symbol)

F:\Users\Matias Garcia\Documents\MCUXpressoIDE_11.4.0_6237\workspace - copia\CMSISv2p00_LPC17xx\Debug\libCMSISv2p00_LPC17xx.a(system_LPC17xx.o)
                              ./src/cr_startup_lpc175x_6x.o (SystemInit)
F:\Users\Matias Garcia\Documents\MCUXpressoIDE_11.4.0_6237\workspace - copia\CMSISv2p00_LPC17xx\Debug\libCMSISv2p00_LPC17xx.a(lpc17xx_adc.o)
                              ./src/main.o (ADC_Init)
F:\Users\Matias Garcia\Documents\MCUXpressoIDE_11.4.0_6237\workspace - copia\CMSISv2p00_LPC17xx\Debug\libCMSISv2p00_LPC17xx.a(lpc17xx_clkpwr.o)
                              F:\Users\Matias Garcia\Documents\MCUXpressoIDE_11.4.0_6237\workspace - copia\CMSISv2p00_LPC17xx\Debug\libCMSISv2p00_LPC17xx.a(lpc17xx_adc.o) (CLKPWR_GetPCLK)
F:\Users\Matias Garcia\Documents\MCUXpressoIDE_11.4.0_6237\workspace - copia\CMSISv2p00_LPC17xx\Debug\libCMSISv2p00_LPC17xx.a(lpc17xx_gpio.o)
                              ./src/main.o (GPIO_SetDir)
F:\Users\Matias Garcia\Documents\MCUXpressoIDE_11.4.0_6237\workspace - copia\CMSISv2p00_LPC17xx\Debug\libCMSISv2p00_LPC17xx.a(lpc17xx_libcfg_default.o)
                              F:\Users\Matias Garcia\Documents\MCUXpressoIDE_11.4.0_6237\workspace - copia\CMSISv2p00_LPC17xx\Debug\libCMSISv2p00_LPC17xx.a(lpc17xx_adc.o) (check_failed)
F:\Users\Matias Garcia\Documents\MCUXpressoIDE_11.4.0_6237\workspace - copia\CMSISv2p00_LPC17xx\Debug\libCMSISv2p00_LPC17xx.a(lpc17xx_pinsel.o)
                              ./src/main.o (PINSEL_ConfigPin)
F:\Users\Matias Garcia\Documents\MCUXpressoIDE_11.4.0_6237\workspace - copia\CMSISv2p00_LPC17xx\Debug\libCMSISv2p00_LPC17xx.a(lpc17xx_timer.o)
                              ./src/main.o (TIM_Init)
F:\Users\Matias Garcia\Documents\MCUXpressoIDE_11.4.0_6237\workspace - copia\CMSISv2p00_LPC17xx\Debug\libCMSISv2p00_LPC17xx.a(lpc17xx_uart.o)
                              ./src/main.o (UART_Init)
f:/nxp/mcuxpressoide_11.4.0_6237/ide/plugins/com.nxp.mcuxpresso.tools.win32_11.4.0.202103011116/tools/bin/../lib/gcc/arm-none-eabi/10.2.1/../../../../arm-none-eabi/lib/thumb/v7-m/nofp\libcr_c.a(__weak__main.o)
                              ./src/cr_startup_lpc175x_6x.o (__main)
f:/nxp/mcuxpressoide_11.4.0_6237/ide/plugins/com.nxp.mcuxpresso.tools.win32_11.4.0.202103011116/tools/bin/../lib/gcc/arm-none-eabi/10.2.1/thumb/v7-m/nofp\libcr_eabihelpers.a(division_64.o)
                              F:\Users\Matias Garcia\Documents\MCUXpressoIDE_11.4.0_6237\workspace - copia\CMSISv2p00_LPC17xx\Debug\libCMSISv2p00_LPC17xx.a(system_LPC17xx.o) (__aeabi_ldivmod)
f:/nxp/mcuxpressoide_11.4.0_6237/ide/plugins/com.nxp.mcuxpresso.tools.win32_11.4.0.202103011116/tools/bin/../lib/gcc/arm-none-eabi/10.2.1/thumb/v7-m/nofp\libcr_eabihelpers.a(division_idiv0.o)
                              f:/nxp/mcuxpressoide_11.4.0_6237/ide/plugins/com.nxp.mcuxpresso.tools.win32_11.4.0.202103011116/tools/bin/../lib/gcc/arm-none-eabi/10.2.1/thumb/v7-m/nofp\libcr_eabihelpers.a(division_64.o) (__aeabi_idiv0)

Discarded input sections

 .group         0x00000000        0xc ./src/cr_startup_lpc175x_6x.o
 .text          0x00000000        0x0 ./src/cr_startup_lpc175x_6x.o
 .data          0x00000000        0x0 ./src/cr_startup_lpc175x_6x.o
 .bss           0x00000000        0x0 ./src/cr_startup_lpc175x_6x.o
 .group         0x00000000        0xc ./src/crp.o
 .group         0x00000000        0xc ./src/crp.o
 .text          0x00000000        0x0 ./src/crp.o
 .data          0x00000000        0x0 ./src/crp.o
 .bss           0x00000000        0x0 ./src/crp.o
 .debug_macro   0x00000000      0xa7e ./src/crp.o
 .group         0x00000000        0xc ./src/main.o
 .group         0x00000000        0xc ./src/main.o
 .group         0x00000000        0xc ./src/main.o
 .group         0x00000000        0xc ./src/main.o
 .group         0x00000000        0xc ./src/main.o
 .group         0x00000000        0xc ./src/main.o
 .group         0x00000000        0xc ./src/main.o
 .group         0x00000000        0xc ./src/main.o
 .group         0x00000000        0xc ./src/main.o
 .group         0x00000000        0xc ./src/main.o
 .group         0x00000000        0xc ./src/main.o
 .group         0x00000000        0xc ./src/main.o
 .group         0x00000000        0xc ./src/main.o
 .group         0x00000000        0xc ./src/main.o
 .group         0x00000000        0xc ./src/main.o
 .text          0x00000000        0x0 ./src/main.o
 .data          0x00000000        0x0 ./src/main.o
 .bss           0x00000000        0x0 ./src/main.o
 .text.Antirebote
                0x00000000       0x2c ./src/main.o
 .bss.keypress  0x00000000        0x1 ./src/main.o
 .text.confADC  0x00000000       0x44 ./src/main.o
 .debug_macro   0x00000000      0xa7e ./src/main.o
 .group         0x00000000        0xc F:\Users\Matias Garcia\Documents\MCUXpressoIDE_11.4.0_6237\workspace - copia\CMSISv2p00_LPC17xx\Debug\libCMSISv2p00_LPC17xx.a(system_LPC17xx.o)
[...]
Memory Configuration

Name             Origin             Length             Attributes
MFlash512        0x00000000         0x00080000         xr
RamLoc32         0x10000000         0x00008000         xrw
RamAHB32         0x2007c000         0x00008000         xrw
*default*        0x00000000         0xffffffff

Linker script and memory map

LOAD ./src/cr_startup_lpc175x_6x.o
LOAD ./src/crp.o
LOAD ./src/main.o
LOAD F:\Users\Matias Garcia\Documents\MCUXpressoIDE_11.4.0_6237\workspace - copia\CMSISv2p00_LPC17xx\Debug\libCMSISv2p00_LPC17xx.a
START GROUP
LOAD f:/nxp/mcuxpressoide_11.4.0_6237/ide/plugins/com.nxp.mcuxpresso.tools.win32_11.4.0.202103011116/tools/bin/../lib/gcc/arm-none-eabi/10.2.1/../../../../arm-none-eabi/lib/thumb/v7-m/nofp\libcr_c.a
LOAD f:/nxp/mcuxpressoide_11.4.0_6237/ide/plugins/com.nxp.mcuxpresso.tools.win32_11.4.0.202103011116/tools/bin/../lib/gcc/arm-none-eabi/10.2.1/thumb/v7-m/nofp\libcr_eabihelpers.a
LOAD f:/nxp/mcuxpressoide_11.4.0_6237/ide/plugins/com.nxp.mcuxpresso.tools.win32_11.4.0.202103011116/tools/bin/../lib/gcc/arm-none-eabi/10.2.1/thumb/v7-m/nofp\libgcc.a
END GROUP
                0x00000000                __base_MFlash512 = 0x0
                0x00000000                __base_Flash = 0x0
                0x00080000                __top_MFlash512 = 0x80000
                0x00080000                __top_Flash = 0x80000
                0x10000000                __base_RamLoc32 = 0x10000000
                0x10000000                __base_RAM = 0x10000000
                0x10008000                __top_RamLoc32 = 0x10008000
                0x10008000                __top_RAM = 0x10008000
                0x2007c000                __base_RamAHB32 = 0x2007c000
                0x2007c000                __base_RAM2 = 0x2007c000
                0x20084000                __top_RamAHB32 = 0x20084000
                0x20084000                __top_RAM2 = 0x20084000

.text           0x00000000     0x13e4
 FILL mask 0xff
                0x00000000                __vectors_start__ = ABSOLUTE (.)
 *(.isr_vector)
 .isr_vector    0x00000000       0xcc ./src/cr_startup_lpc175x_6x.o
                0x00000000                g_pfnVectors
                0x000000cc                . = ALIGN (0x4)
                0x000000cc                __section_table_start = .
                0x000000cc                __data_section_table = .
                0x000000cc        0x4 LONG 0x13e4 LOADADDR (.data)
                0x000000d0        0x4 LONG 0x10000000 ADDR (.data)
                0x000000d4        0x4 LONG 0x20 SIZEOF (.data)
                0x000000d8        0x4 LONG 0x13e4 LOADADDR (.data_RAM2)
                0x000000dc        0x4 LONG 0x2007c000 ADDR (.data_RAM2)
                0x000000e0        0x4 LONG 0x0 SIZEOF (.data_RAM2)
                0x000000e4                __data_section_table_end = .
                0x000000e4                __bss_section_table = .
                0x000000e4        0x4 LONG 0x10000020 ADDR (.bss)
                0x000000e8        0x4 LONG 0x10 SIZEOF (.bss)
                0x000000ec        0x4 LONG 0x2007c000 ADDR (.bss_RAM2)
                0x000000f0        0x4 LONG 0x0 SIZEOF (.bss_RAM2)
                0x000000f4                __bss_section_table_end = .
                0x000000f4                __section_table_end = .
 *(.after_vectors*)
 .after_vectors
                0x000000f4      0x130 ./src/cr_startup_lpc175x_6x.o
                0x000000f4                data_init
                0x00000138                bss_init
                0x00000170                ResetISR
                0x000001e8                NMI_Handler
                0x000001ee                HardFault_Handler
                0x000001f4                MemManage_Handler
                0x000001fa                BusFault_Handler
                0x00000200                UsageFault_Handler
                0x00000206                SVC_Handler
                0x0000020c                DebugMon_Handler
                0x00000212                PendSV_Handler
                0x00000218                SysTick_Handler
                0x0000021e                UART1_IRQHandler
                0x0000021e                CANActivity_IRQHandler
                0x0000021e                TIMER3_IRQHandler
                0x0000021e                UART0_IRQHandler
                0x0000021e                EINT2_IRQHandler
                0x0000021e                USBActivity_IRQHandler
                0x0000021e                IntDefaultHandler
                0x0000021e                PLL0_IRQHandler
                0x0000021e                I2C0_IRQHandler
                0x0000021e                I2C1_IRQHandler
                0x0000021e                SSP0_IRQHandler
                0x0000021e                I2S_IRQHandler
                0x0000021e                I2C2_IRQHandler
                0x0000021e                RTC_IRQHandler
                0x0000021e                SPI_IRQHandler
                0x0000021e                RIT_IRQHandler
                0x0000021e                EINT1_IRQHandler
                0x0000021e                TIMER1_IRQHandler
                0x0000021e                UART2_IRQHandler
                0x0000021e                ADC_IRQHandler
                0x0000021e                SSP1_IRQHandler
                0x0000021e                USB_IRQHandler
                0x0000021e                BOD_IRQHandler
                0x0000021e                PLL1_IRQHandler
                0x0000021e                WDT_IRQHandler
                0x0000021e                PWM1_IRQHandler
                0x0000021e                QEI_IRQHandler
                0x0000021e                EINT0_IRQHandler
                0x0000021e                CAN_IRQHandler
                0x0000021e                DMA_IRQHandler
                0x0000021e                TIMER2_IRQHandler
                0x0000021e                UART3_IRQHandler
                0x0000021e                MCPWM_IRQHandler
                0x0000021e                ENET_IRQHandler
                0x000002fc                . = 0x2fc
 *fill*         0x00000224       0xd8 ff
                0x000002fc                PROVIDE (__CRP_WORD_START__ = .)
 *(.crp)
 .crp           0x000002fc        0x4 ./src/crp.o
                0x000002fc                CRP_WORD
                0x00000300                PROVIDE (__CRP_WORD_END__ = .)
                0x00000001                ASSERT (! ((__CRP_WORD_START__ == __CRP_WORD_END__)), Linker CRP Enabled, but no CRP_WORD provided within application)
 *(.text*)
 .text.NVIC_EnableIRQ
                0x00000300       0x30 ./src/main.o
 .text.config_GPIO
                0x00000330       0xd2 ./src/main.o
                0x00000330                config_GPIO
 *fill*         0x00000402        0x2 ff
 .text.readkey  0x00000404       0x98 ./src/main.o
                0x00000404                readkey
 .text.retardo  0x0000049c       0x2c ./src/main.o
                0x0000049c                retardo
 .text.setReloj
                0x000004c8       0xd8 ./src/main.o
                0x000004c8                setReloj
 .text.confUart
                0x000005a0       0x44 ./src/main.o
                0x000005a0                confUart
 .text.consoleclear
                0x000005e4       0x1c ./src/main.o
                0x000005e4                consoleclear
 .text.sendData
                0x00000600       0x20 ./src/main.o
                0x00000600                sendData
 .text.confTimers
                0x00000620       0xa4 ./src/main.o
                0x00000620                confTimers
 .text.TIMER0_IRQHandler
                0x000006c4       0xa0 ./src/main.o
                0x000006c4                TIMER0_IRQHandler
 .text.main     0x00000764       0x30 ./src/main.o
                0x00000764                main
 .text.EINT3_IRQHandler
                0x00000794       0x74 ./src/main.o
                0x00000794                EINT3_IRQHandler
 .text.SetAlarma
                0x00000808        0xc ./src/main.o
                0x00000808                SetAlarma
 .text.SetHora  0x00000814        0xc ./src/main.o
                0x00000814                SetHora
 .text.CambiarMenu
                0x00000820       0x28 ./src/main.o
                0x00000820                CambiarMenu
 .text.VerificarAlarma
                0x00000848       0x34 ./src/main.o
                0x00000848                VerificarAlarma
 .text.MostrarTemp
                0x0000087c        0xc ./src/main.o
                0x0000087c                MostrarTemp
 .text.MostrarHora
                0x00000888       0x30 ./src/main.o
                0x00000888                MostrarHora
 .text.SonarAlarma
                0x000008b8        0xc ./src/main.o
                0x000008b8                SonarAlarma
 .text.SystemInit
                0x000008c4       0xd8 F:\Users\Matias Garcia\Documents\MCUXpressoIDE_11.4.0_6237\workspace - copia\CMSISv2p00_LPC17xx\Debug\libCMSISv2p00_LPC17xx.a(system_LPC17xx.o)
                0x000008c4                SystemInit
 .text.ADC_ChannelGetStatus
                0x0000099c       0x48 F:\Users\Matias Garcia\Documents\MCUXpressoIDE_11.4.0_6237\workspace - copia\CMSISv2p00_LPC17xx\Debug\libCMSISv2p00_LPC17xx.a(lpc17xx_adc.o)
                0x0000099c                ADC_ChannelGetStatus
 .text.CLKPWR_SetPCLKDiv
                0x000009e4       0x4c F:\Users\Matias Garcia\Documents\MCUXpressoIDE_11.4.0_6237\workspace - copia\CMSISv2p00_LPC17xx\Debug\libCMSISv2p00_LPC17xx.a(lpc17xx_clkpwr.o)
                0x000009e4                CLKPWR_SetPCLKDiv
 .text.CLKPWR_GetPCLKSEL
                0x00000a30       0x20 F:\Users\Matias Garcia\Documents\MCUXpressoIDE_11.4.0_6237\workspace - copia\CMSISv2p00_LPC17xx\Debug\libCMSISv2p00_LPC17xx.a(lpc17xx_clkpwr.o)
                0x00000a30                CLKPWR_GetPCLKSEL
 .text.CLKPWR_GetPCLK
                0x00000a50       0x20 F:\Users\Matias Garcia\Documents\MCUXpressoIDE_11.4.0_6237\workspace - copia\CMSISv2p00_LPC17xx\Debug\libCMSISv2p00_LPC17xx.a(lpc17xx_clkpwr.o)
                0x00000a50                CLKPWR_GetPCLK
 .text.CLKPWR_ConfigPPWR
                0x00000a70       0x34 F:\Users\Matias Garcia\Documents\MCUXpressoIDE_11.4.0_6237\workspace - copia\CMSISv2p00_LPC17xx\Debug\libCMSISv2p00_LPC17xx.a(lpc17xx_clkpwr.o)
                0x00000a70                CLKPWR_ConfigPPWR
 .text.GPIO_GetPointer
                0x00000aa4       0x12 F:\Users\Matias Garcia\Documents\MCUXpressoIDE_11.4.0_6237\workspace - copia\CMSISv2p00_LPC17xx\Debug\libCMSISv2p00_LPC17xx.a(lpc17xx_gpio.o)
 .text.GPIO_SetDir
                0x00000ab6       0x18 F:\Users\Matias Garcia\Documents\MCUXpressoIDE_11.4.0_6237\workspace - copia\CMSISv2p00_LPC17xx\Debug\libCMSISv2p00_LPC17xx.a(lpc17xx_gpio.o)
                0x00000ab6                GPIO_SetDir
 .text.check_failed
                0x00000ace        0x2 F:\Users\Matias Garcia\Documents\MCUXpressoIDE_11.4.0_6237\workspace - copia\CMSISv2p00_LPC17xx\Debug\libCMSISv2p00_LPC17xx.a(lpc17xx_libcfg_default.o)
                0x00000ace                check_failed
 .text.PINSEL_ConfigPin
                0x00000ad0       0x7c F:\Users\Matias Garcia\Documents\MCUXpressoIDE_11.4.0_6237\workspace - copia\CMSISv2p00_LPC17xx\Debug\libCMSISv2p00_LPC17xx.a(lpc17xx_pinsel.o)
                0x00000ad0                PINSEL_ConfigPin
 .text.TIM_Init
                0x00000b4c      0x15c F:\Users\Matias Garcia\Documents\MCUXpressoIDE_11.4.0_6237\workspace - copia\CMSISv2p00_LPC17xx\Debug\libCMSISv2p00_LPC17xx.a(lpc17xx_timer.o)
                0x00000b4c                TIM_Init
 .text.TIM_Cmd  0x00000ca8       0x48 F:\Users\Matias Garcia\Documents\MCUXpressoIDE_11.4.0_6237\workspace - copia\CMSISv2p00_LPC17xx\Debug\libCMSISv2p00_LPC17xx.a(lpc17xx_timer.o)
                0x00000ca8                TIM_Cmd
 .text.TIM_ConfigMatch
                0x00000cf0       0xcc F:\Users\Matias Garcia\Documents\MCUXpressoIDE_11.4.0_6237\workspace - copia\CMSISv2p00_LPC17xx\Debug\libCMSISv2p00_LPC17xx.a(lpc17xx_timer.o)
                0x00000cf0                TIM_ConfigMatch
 .text.UART_Init
                0x00000dbc      0x28c F:\Users\Matias Garcia\Documents\MCUXpressoIDE_11.4.0_6237\workspace - copia\CMSISv2p00_LPC17xx\Debug\libCMSISv2p00_LPC17xx.a(lpc17xx_uart.o)
                0x00000dbc                UART_Init
 .text.UART_ConfigStructInit
                0x00001048       0x12 F:\Users\Matias Garcia\Documents\MCUXpressoIDE_11.4.0_6237\workspace - copia\CMSISv2p00_LPC17xx\Debug\libCMSISv2p00_LPC17xx.a(lpc17xx_uart.o)
                0x00001048                UART_ConfigStructInit
 *fill*         0x0000105a        0x2 ff
 .text.UART_SendByte
                0x0000105c       0x3c F:\Users\Matias Garcia\Documents\MCUXpressoIDE_11.4.0_6237\workspace - copia\CMSISv2p00_LPC17xx\Debug\libCMSISv2p00_LPC17xx.a(lpc17xx_uart.o)
                0x0000105c                UART_SendByte
 .text.UART_Send
                0x00001098       0x84 F:\Users\Matias Garcia\Documents\MCUXpressoIDE_11.4.0_6237\workspace - copia\CMSISv2p00_LPC17xx\Debug\libCMSISv2p00_LPC17xx.a(lpc17xx_uart.o)
                0x00001098                UART_Send
 .text.UART_FIFOConfig
                0x0000111c       0xa8 F:\Users\Matias Garcia\Documents\MCUXpressoIDE_11.4.0_6237\workspace - copia\CMSISv2p00_LPC17xx\Debug\libCMSISv2p00_LPC17xx.a(lpc17xx_uart.o)
                0x0000111c                UART_FIFOConfig
 .text.UART_FIFOConfigStructInit
                0x000011c4        0xe F:\Users\Matias Garcia\Documents\MCUXpressoIDE_11.4.0_6237\workspace - copia\CMSISv2p00_LPC17xx\Debug\libCMSISv2p00_LPC17xx.a(lpc17xx_uart.o)
                0x000011c4                UART_FIFOConfigStructInit
 *fill*         0x000011d2        0x2 ff
 .text.UART_TxCmd
                0x000011d4       0x60 F:\Users\Matias Garcia\Documents\MCUXpressoIDE_11.4.0_6237\workspace - copia\CMSISv2p00_LPC17xx\Debug\libCMSISv2p00_LPC17xx.a(lpc17xx_uart.o)
                0x000011d4                UART_TxCmd
 .text.__weak_main
                0x00001234        0x4 f:/nxp/mcuxpressoide_11.4.0_6237/ide/plugins/com.nxp.mcuxpresso.tools.win32_11.4.0.202103011116/tools/bin/../lib/gcc/arm-none-eabi/10.2.1/../../../../arm-none-eabi/lib/thumb/v7-m/nofp\libcr_c.a(__weak__main.o)
                0x00001234                __weak_main
                0x00001234                __main
 .text.__aeabi_division_uldivmod
                0x00001238      0x174 f:/nxp/mcuxpressoide_11.4.0_6237/ide/plugins/com.nxp.mcuxpresso.tools.win32_11.4.0.202103011116/tools/bin/../lib/gcc/arm-none-eabi/10.2.1/thumb/v7-m/nofp\libcr_eabihelpers.a(division_64.o)
                0x00001238                __aeabi_uldivmod
                0x0000123c                __bhs_ldivmod1
 .text.__aeabi_division_idiv0
                0x000013ac        0x2 f:/nxp/mcuxpressoide_11.4.0_6237/ide/plugins/com.nxp.mcuxpresso.tools.win32_11.4.0.202103011116/tools/bin/../lib/gcc/arm-none-eabi/10.2.1/thumb/v7-m/nofp\libcr_eabihelpers.a(division_idiv0.o)
                0x000013ac                __aeabi_idiv0
 *(.rodata .rodata.* .constdata .constdata.*)
 .rodata.ADC_Init.str1.1
                0x000013ae        0xf F:\Users\Matias Garcia\Documents\MCUXpressoIDE_11.4.0_6237\workspace - copia\CMSISv2p00_LPC17xx\Debug\libCMSISv2p00_LPC17xx.a(lpc17xx_adc.o)
 .rodata.CSWTCH.5
                0x000013bd        0x4 F:\Users\Matias Garcia\Documents\MCUXpressoIDE_11.4.0_6237\workspace - copia\CMSISv2p00_LPC17xx\Debug\libCMSISv2p00_LPC17xx.a(lpc17xx_clkpwr.o)
 .rodata.TIM_GetIntStatus.str1.1
                0x000013c1       0x11 F:\Users\Matias Garcia\Documents\MCUXpressoIDE_11.4.0_6237\workspace - copia\CMSISv2p00_LPC17xx\Debug\libCMSISv2p00_LPC17xx.a(lpc17xx_timer.o)
 .rodata.UART_Init.str1.1
                0x000013d2       0x10 F:\Users\Matias Garcia\Documents\MCUXpressoIDE_11.4.0_6237\workspace - copia\CMSISv2p00_LPC17xx\Debug\libCMSISv2p00_LPC17xx.a(lpc17xx_uart.o)
                0x000013e4                . = ALIGN (0x4)
 *fill*         0x000013e2        0x2 ff

.glue_7         0x000013e4        0x0
 .glue_7        0x000013e4        0x0 linker stubs

.glue_7t        0x000013e4        0x0
 .glue_7t       0x000013e4        0x0 linker stubs

.vfp11_veneer   0x000013e4        0x0
 .vfp11_veneer  0x000013e4        0x0 linker stubs

.v4_bx          0x000013e4        0x0
 .v4_bx         0x000013e4        0x0 linker stubs

.iplt           0x000013e4        0x0
 .iplt          0x000013e4        0x0 ./src/cr_startup_lpc175x_6x.o

.rel.dyn        0x000013e4        0x0
 .rel.iplt      0x000013e4        0x0 ./src/cr_startup_lpc175x_6x.o

.ARM.extab
 *(.ARM.extab* .gnu.linkonce.armextab.*)

.ARM.exidx      0x000013e4        0x0
                0x000013e4                __exidx_start = .
 *(.ARM.exidx* .gnu.linkonce.armexidx.*)
                0x000013e4                __exidx_end = .
                0x000013e4                _etext = .

.data_RAM2      0x2007c000        0x0 load address 0x000013e4
 FILL mask 0xff
                [!provide]                PROVIDE (__start_data_RAM2 = .)
                [!provide]                PROVIDE (__start_data_RamAHB32 = .)
 *(.ramfunc.$RAM2)
 *(.ramfunc.$RamAHB32)
 *(.data.$RAM2)
 *(.data.$RamAHB32)
 *(.data.$RAM2.*)
 *(.data.$RamAHB32.*)
                0x2007c000                . = ALIGN (0x4)
                [!provide]                PROVIDE (__end_data_RAM2 = .)
                [!provide]                PROVIDE (__end_data_RamAHB32 = .)

.uninit_RESERVED
                0x10000000        0x0
                0x10000000                _start_uninit_RESERVED = .
 *(.bss.$RESERVED*)
                0x10000000                . = ALIGN (0x4)
                0x10000000                _end_uninit_RESERVED = .

.data           0x10000000       0x20 load address 0x000013e4
 FILL mask 0xff
                0x10000000                _data = .
                [!provide]                PROVIDE (__start_data_RAM = .)
                [!provide]                PROVIDE (__start_data_RamLoc32 = .)
 *(vtable)
 *(.ramfunc*)
 *(CodeQuickAccess)
 *(DataQuickAccess)
 *(RamFunction)
 *(.data*)
 .data.keypad   0x10000000       0x14 ./src/main.o
                0x10000000                keypad
 .data.clear    0x10000014        0x7 ./src/main.o
                0x10000014                clear
 *fill*         0x1000001b        0x1 ff
 .data.SystemCoreClock
                0x1000001c        0x4 F:\Users\Matias Garcia\Documents\MCUXpressoIDE_11.4.0_6237\workspace - copia\CMSISv2p00_LPC17xx\Debug\libCMSISv2p00_LPC17xx.a(system_LPC17xx.o)
                0x1000001c                SystemCoreClock
                0x10000020                . = ALIGN (0x4)
                0x10000020                _edata = .
                [!provide]                PROVIDE (__end_data_RAM = .)
                [!provide]                PROVIDE (__end_data_RamLoc32 = .)

.igot.plt       0x10000020        0x0 load address 0x00001404
 .igot.plt      0x10000020        0x0 ./src/cr_startup_lpc175x_6x.o

.bss_RAM2       0x2007c000        0x0
                [!provide]                PROVIDE (__start_bss_RAM2 = .)
                [!provide]                PROVIDE (__start_bss_RamAHB32 = .)
 *(.bss.$RAM2)
 *(.bss.$RamAHB32)
 *(.bss.$RAM2.*)
 *(.bss.$RamAHB32.*)
                0x2007c000                . = ALIGN ((. != 0x0)?0x4:0x1)
                [!provide]                PROVIDE (__end_bss_RAM2 = .)
                [!provide]                PROVIDE (__end_bss_RamAHB32 = .)

.bss            0x10000020       0x10
                0x10000020                _bss = .
                [!provide]                PROVIDE (__start_bss_RAM = .)
                [!provide]                PROVIDE (__start_bss_RamLoc32 = .)
 *(.bss*)
 .bss.HoraAlarma
                0x10000020        0x1 ./src/main.o
                0x10000020                HoraAlarma
 .bss.HoraReloj
                0x10000021        0x1 ./src/main.o
                0x10000021                HoraReloj
 .bss.MinutosAlarma
                0x10000022        0x1 ./src/main.o
                0x10000022                MinutosAlarma
 .bss.MinutosReloj
                0x10000023        0x1 ./src/main.o
                0x10000023                MinutosReloj
 .bss.Temp      0x10000024        0x2 ./src/main.o
                0x10000024                Temp
 .bss.ADC0Value
                0x10000026        0x2 ./src/main.o
                0x10000026                ADC0Value
 .bss.reloj     0x10000028        0x5 ./src/main.o
                0x10000028                reloj
 .bss.menu      0x1000002d        0x1 ./src/main.o
                0x1000002d                menu
 *(COMMON)
                0x10000030                . = ALIGN (0x4)
 *fill*         0x1000002e        0x2 
                0x10000030                _ebss = .
                [!provide]                PROVIDE (__end_bss_RAM = .)
                [!provide]                PROVIDE (__end_bss_RamLoc32 = .)
                [!provide]                PROVIDE (end = .)

.noinit_RAM2    0x2007c000        0x0
                [!provide]                PROVIDE (__start_noinit_RAM2 = .)
                [!provide]                PROVIDE (__start_noinit_RamAHB32 = .)
 *(.noinit.$RAM2)
 *(.noinit.$RamAHB32)
 *(.noinit.$RAM2.*)
 *(.noinit.$RamAHB32.*)
                0x2007c000                . = ALIGN (0x4)
                [!provide]                PROVIDE (__end_noinit_RAM2 = .)
                [!provide]                PROVIDE (__end_noinit_RamAHB32 = .)

.noinit         0x10000030        0x0
                0x10000030                _noinit = .
                [!provide]                PROVIDE (__start_noinit_RAM = .)
                [!provide]                PROVIDE (__start_noinit_RamLoc32 = .)
 *(.noinit*)
                0x10000030                . = ALIGN (0x4)
                0x10000030                _end_noinit = .
                [!provide]                PROVIDE (__end_noinit_RAM = .)
                [!provide]                PROVIDE (__end_noinit_RamLoc32 = .)
                [!provide]                PROVIDE (_pvHeapStart = DEFINED (__user_heap_base)?__user_heap_base:.)
                0x10008000                PROVIDE (_vStackTop = DEFINED (__user_stack_top)?__user_stack_top:(__top_RamLoc32 - 0x0))
                0xefff74c6                PROVIDE (__valid_user_code_checksum = (0x0 - ((((((_vStackTop + (ResetISR + 0x1)) + (NMI_Handler + 0x1)) + (HardFault_Handler + 0x1)) + (DEFINED (MemManage_Handler)?MemManage_Handler:0x0 + 0x1)) + (DEFINED (BusFault_Handler)?BusFault_Handler:0x0 + 0x1)) + (DEFINED (UsageFault_Handler)?UsageFault_Handler:0x0 + 0x1))))
                0x00000000                _image_start = LOADADDR (.text)
                0x00001404                _image_end = (LOADADDR (.data) + SIZEOF (.data))
                0x00001404                _image_size = (_image_end - _image_start)
OUTPUT(TPFinalDigital3.axf elf32-littlearm)
LOAD linker stubs

.debug_info     0x00000000     0x665b
 .debug_info    0x00000000      0x27f ./src/cr_startup_lpc175x_6x.o
 .debug_info    0x0000027f       0x40 ./src/crp.o
 .debug_info    0x000002bf     0x11e0 ./src/main.o
 .debug_info    0x0000149f      0x347 F:\Users\Matias Garcia\Documents\MCUXpressoIDE_11.4.0_6237\workspace - copia\CMSISv2p00_LPC17xx\Debug\libCMSISv2p00_LPC17xx.a(system_LPC17xx.o)
 .debug_info    0x000017e6      0x8f0 F:\Users\Matias Garcia\Documents\MCUXpressoIDE_11.4.0_6237\workspace - copia\CMSISv2p00_LPC17xx\Debug\libCMSISv2p00_LPC17xx.a(lpc17xx_adc.o)
 .debug_info    0x000020d6      0x6ca F:\Users\Matias Garcia\Documents\MCUXpressoIDE_11.4.0_6237\workspace - copia\CMSISv2p00_LPC17xx\Debug\libCMSISv2p00_LPC17xx.a(lpc17xx_clkpwr.o)
 .debug_info    0x000027a0      0xfb3 F:\Users\Matias Garcia\Documents\MCUXpressoIDE_11.4.0_6237\workspace - copia\CMSISv2p00_LPC17xx\Debug\libCMSISv2p00_LPC17xx.a(lpc17xx_gpio.o)
 .debug_info    0x00003753       0xd4 F:\Users\Matias Garcia\Documents\MCUXpressoIDE_11.4.0_6237\workspace - copia\CMSISv2p00_LPC17xx\Debug\libCMSISv2p00_LPC17xx.a(lpc17xx_libcfg_default.o)
 .debug_info    0x00003827      0x544 F:\Users\Matias Garcia\Documents\MCUXpressoIDE_11.4.0_6237\workspace - copia\CMSISv2p00_LPC17xx\Debug\libCMSISv2p00_LPC17xx.a(lpc17xx_pinsel.o)
 .debug_info    0x00003d6b      0xc54 F:\Users\Matias Garcia\Documents\MCUXpressoIDE_11.4.0_6237\workspace - copia\CMSISv2p00_LPC17xx\Debug\libCMSISv2p00_LPC17xx.a(lpc17xx_timer.o)
 .debug_info    0x000049bf     0x1c9c F:\Users\Matias Garcia\Documents\MCUXpressoIDE_11.4.0_6237\workspace - copia\CMSISv2p00_LPC17xx\Debug\libCMSISv2p00_LPC17xx.a(lpc17xx_uart.o)

.debug_abbrev   0x00000000     0x145d
 .debug_abbrev  0x00000000      0x122 ./src/cr_startup_lpc175x_6x.o
 .debug_abbrev  0x00000122       0x38 ./src/crp.o
 .debug_abbrev  0x0000015a      0x2ec ./src/main.o
 .debug_abbrev  0x00000446      0x10e F:\Users\Matias Garcia\Documents\MCUXpressoIDE_11.4.0_6237\workspace - copia\CMSISv2p00_LPC17xx\Debug\libCMSISv2p00_LPC17xx.a(system_LPC17xx.o)
 .debug_abbrev  0x00000554      0x1bb F:\Users\Matias Garcia\Documents\MCUXpressoIDE_11.4.0_6237\workspace - copia\CMSISv2p00_LPC17xx\Debug\libCMSISv2p00_LPC17xx.a(lpc17xx_adc.o)
 .debug_abbrev  0x0000070f      0x1f1 F:\Users\Matias Garcia\Documents\MCUXpressoIDE_11.4.0_6237\workspace - copia\CMSISv2p00_LPC17xx\Debug\libCMSISv2p00_LPC17xx.a(lpc17xx_clkpwr.o)
 .debug_abbrev  0x00000900      0x303 F:\Users\Matias Garcia\Documents\MCUXpressoIDE_11.4.0_6237\workspace - copia\CMSISv2p00_LPC17xx\Debug\libCMSISv2p00_LPC17xx.a(lpc17xx_gpio.o)
 .debug_abbrev  0x00000c03       0x75 F:\Users\Matias Garcia\Documents\MCUXpressoIDE_11.4.0_6237\workspace - copia\CMSISv2p00_LPC17xx\Debug\libCMSISv2p00_LPC17xx.a(lpc17xx_libcfg_default.o)
 .debug_abbrev  0x00000c78      0x1b9 F:\Users\Matias Garcia\Documents\MCUXpressoIDE_11.4.0_6237\workspace - copia\CMSISv2p00_LPC17xx\Debug\libCMSISv2p00_LPC17xx.a(lpc17xx_pinsel.o)
 .debug_abbrev  0x00000e31      0x2c8 F:\Users\Matias Garcia\Documents\MCUXpressoIDE_11.4.0_6237\workspace - copia\CMSISv2p00_LPC17xx\Debug\libCMSISv2p00_LPC17xx.a(lpc17xx_timer.o)
 .debug_abbrev  0x000010f9      0x364 F:\Users\Matias Garcia\Documents\MCUXpressoIDE_11.4.0_6237\workspace - copia\CMSISv2p00_LPC17xx\Debug\libCMSISv2p00_LPC17xx.a(lpc17xx_uart.o)

.debug_aranges  0x00000000      0x508
 .debug_aranges
                0x00000000       0x80 ./src/cr_startup_lpc175x_6x.o
 .debug_aranges
                0x00000080       0x18 ./src/crp.o
 .debug_aranges
                0x00000098       0xc0 ./src/main.o
 .debug_aranges
                0x00000158       0x28 F:\Users\Matias Garcia\Documents\MCUXpressoIDE_11.4.0_6237\workspace - copia\CMSISv2p00_LPC17xx\Debug\libCMSISv2p00_LPC17xx.a(system_LPC17xx.o)
 .debug_aranges
                0x00000180       0x80 F:\Users\Matias Garcia\Documents\MCUXpressoIDE_11.4.0_6237\workspace - copia\CMSISv2p00_LPC17xx\Debug\libCMSISv2p00_LPC17xx.a(lpc17xx_adc.o)
 .debug_aranges
                0x00000200       0x58 F:\Users\Matias Garcia\Documents\MCUXpressoIDE_11.4.0_6237\workspace - copia\CMSISv2p00_LPC17xx\Debug\libCMSISv2p00_LPC17xx.a(lpc17xx_clkpwr.o)
 .debug_aranges
                0x00000258       0xe8 F:\Users\Matias Garcia\Documents\MCUXpressoIDE_11.4.0_6237\workspace - copia\CMSISv2p00_LPC17xx\Debug\libCMSISv2p00_LPC17xx.a(lpc17xx_gpio.o)
 .debug_aranges
                0x00000340       0x20 F:\Users\Matias Garcia\Documents\MCUXpressoIDE_11.4.0_6237\workspace - copia\CMSISv2p00_LPC17xx\Debug\libCMSISv2p00_LPC17xx.a(lpc17xx_libcfg_default.o)
 .debug_aranges
                0x00000360       0x30 F:\Users\Matias Garcia\Documents\MCUXpressoIDE_11.4.0_6237\workspace - copia\CMSISv2p00_LPC17xx\Debug\libCMSISv2p00_LPC17xx.a(lpc17xx_pinsel.o)
 .debug_aranges
                0x00000390       0x80 F:\Users\Matias Garcia\Documents\MCUXpressoIDE_11.4.0_6237\workspace - copia\CMSISv2p00_LPC17xx\Debug\libCMSISv2p00_LPC17xx.a(lpc17xx_timer.o)
 .debug_aranges
                0x00000410       0xf8 F:\Users\Matias Garcia\Documents\MCUXpressoIDE_11.4.0_6237\workspace - copia\CMSISv2p00_LPC17xx\Debug\libCMSISv2p00_LPC17xx.a(lpc17xx_uart.o)

.debug_ranges   0x00000000      0x568
 .debug_ranges  0x00000000       0x70 ./src/cr_startup_lpc175x_6x.o
 .debug_ranges  0x00000070       0xb0 ./src/main.o
 .debug_ranges  0x00000120       0x18 F:\Users\Matias Garcia\Documents\MCUXpressoIDE_11.4.0_6237\workspace - copia\CMSISv2p00_LPC17xx\Debug\libCMSISv2p00_LPC17xx.a(system_LPC17xx.o)
 .debug_ranges  0x00000138       0x70 F:\Users\Matias Garcia\Documents\MCUXpressoIDE_11.4.0_6237\workspace - copia\CMSISv2p00_LPC17xx\Debug\libCMSISv2p00_LPC17xx.a(lpc17xx_adc.o)
 .debug_ranges  0x000001a8       0x48 F:\Users\Matias Garcia\Documents\MCUXpressoIDE_11.4.0_6237\workspace - copia\CMSISv2p00_LPC17xx\Debug\libCMSISv2p00_LPC17xx.a(lpc17xx_clkpwr.o)
 .debug_ranges  0x000001f0       0xf0 F:\Users\Matias Garcia\Documents\MCUXpressoIDE_11.4.0_6237\workspace - copia\CMSISv2p00_LPC17xx\Debug\libCMSISv2p00_LPC17xx.a(lpc17xx_gpio.o)
 .debug_ranges  0x000002e0       0x10 F:\Users\Matias Garcia\Documents\MCUXpressoIDE_11.4.0_6237\workspace - copia\CMSISv2p00_LPC17xx\Debug\libCMSISv2p00_LPC17xx.a(lpc17xx_libcfg_default.o)
 .debug_ranges  0x000002f0       0x60 F:\Users\Matias Garcia\Documents\MCUXpressoIDE_11.4.0_6237\workspace - copia\CMSISv2p00_LPC17xx\Debug\libCMSISv2p00_LPC17xx.a(lpc17xx_pinsel.o)
 .debug_ranges  0x00000350       0xe8 F:\Users\Matias Garcia\Documents\MCUXpressoIDE_11.4.0_6237\workspace - copia\CMSISv2p00_LPC17xx\Debug\libCMSISv2p00_LPC17xx.a(lpc17xx_timer.o)
 .debug_ranges  0x00000438      0x130 F:\Users\Matias Garcia\Documents\MCUXpressoIDE_11.4.0_6237\workspace - copia\CMSISv2p00_LPC17xx\Debug\libCMSISv2p00_LPC17xx.a(lpc17xx_uart.o)

.debug_macro    0x00000000     0x424a
 .debug_macro   0x00000000       0x1d ./src/cr_startup_lpc175x_6x.o
 .debug_macro   0x0000001d      0xa7e ./src/cr_startup_lpc175x_6x.o
 .debug_macro   0x00000a9b       0x1a ./src/crp.o
 .debug_macro   0x00000ab5       0x34 ./src/crp.o
 .debug_macro   0x00000ae9       0xcf ./src/main.o
 .debug_macro   0x00000bb8       0x1c ./src/main.o
 .debug_macro   0x00000bd4       0x2e ./src/main.o
 .debug_macro   0x00000c02       0x10 ./src/main.o
 .debug_macro   0x00000c12      0x12e ./src/main.o
 .debug_macro   0x00000d40      0x5b3 ./src/main.o
 .debug_macro   0x000012f3       0x18 ./src/main.o
 .debug_macro   0x0000130b      0x7af ./src/main.o
 .debug_macro   0x00001aba      0x2c7 ./src/main.o
 .debug_macro   0x00001d81       0x63 ./src/main.o
 .debug_macro   0x00001de4       0x40 ./src/main.o
 .debug_macro   0x00001e24      0x13f ./src/main.o
 .debug_macro   0x00001f63      0x33a ./src/main.o
 .debug_macro   0x0000229d       0xea ./src/main.o
 .debug_macro   0x00002387       0xeb ./src/main.o
 .debug_macro   0x00002472      0x12b F:\Users\Matias Garcia\Documents\MCUXpressoIDE_11.4.0_6237\workspace - copia\CMSISv2p00_LPC17xx\Debug\libCMSISv2p00_LPC17xx.a(system_LPC17xx.o)
 .debug_macro   0x0000259d      0xa78 F:\Users\Matias Garcia\Documents\MCUXpressoIDE_11.4.0_6237\workspace - copia\CMSISv2p00_LPC17xx\Debug\libCMSISv2p00_LPC17xx.a(system_LPC17xx.o)
 .debug_macro   0x00003015       0xa9 F:\Users\Matias Garcia\Documents\MCUXpressoIDE_11.4.0_6237\workspace - copia\CMSISv2p00_LPC17xx\Debug\libCMSISv2p00_LPC17xx.a(lpc17xx_adc.o)
 .debug_macro   0x000030be       0xe5 F:\Users\Matias Garcia\Documents\MCUXpressoIDE_11.4.0_6237\workspace - copia\CMSISv2p00_LPC17xx\Debug\libCMSISv2p00_LPC17xx.a(lpc17xx_adc.o)
 .debug_macro   0x000031a3      0x2f1 F:\Users\Matias Garcia\Documents\MCUXpressoIDE_11.4.0_6237\workspace - copia\CMSISv2p00_LPC17xx\Debug\libCMSISv2p00_LPC17xx.a(lpc17xx_adc.o)
 .debug_macro   0x00003494       0xdd F:\Users\Matias Garcia\Documents\MCUXpressoIDE_11.4.0_6237\workspace - copia\CMSISv2p00_LPC17xx\Debug\libCMSISv2p00_LPC17xx.a(lpc17xx_adc.o)
 .debug_macro   0x00003571       0x8d F:\Users\Matias Garcia\Documents\MCUXpressoIDE_11.4.0_6237\workspace - copia\CMSISv2p00_LPC17xx\Debug\libCMSISv2p00_LPC17xx.a(lpc17xx_clkpwr.o)
 .debug_macro   0x000035fe       0x1c F:\Users\Matias Garcia\Documents\MCUXpressoIDE_11.4.0_6237\workspace - copia\CMSISv2p00_LPC17xx\Debug\libCMSISv2p00_LPC17xx.a(lpc17xx_clkpwr.o)
 .debug_macro   0x0000361a      0x2c7 F:\Users\Matias Garcia\Documents\MCUXpressoIDE_11.4.0_6237\workspace - copia\CMSISv2p00_LPC17xx\Debug\libCMSISv2p00_LPC17xx.a(lpc17xx_clkpwr.o)
 .debug_macro   0x000038e1       0x96 F:\Users\Matias Garcia\Documents\MCUXpressoIDE_11.4.0_6237\workspace - copia\CMSISv2p00_LPC17xx\Debug\libCMSISv2p00_LPC17xx.a(lpc17xx_gpio.o)
 .debug_macro   0x00003977       0x5a F:\Users\Matias Garcia\Documents\MCUXpressoIDE_11.4.0_6237\workspace - copia\CMSISv2p00_LPC17xx\Debug\libCMSISv2p00_LPC17xx.a(lpc17xx_libcfg_default.o)
 .debug_macro   0x000039d1       0x5d F:\Users\Matias Garcia\Documents\MCUXpressoIDE_11.4.0_6237\workspace - copia\CMSISv2p00_LPC17xx\Debug\libCMSISv2p00_LPC17xx.a(lpc17xx_libcfg_default.o)
 .debug_macro   0x00003a2e       0xd7 F:\Users\Matias Garcia\Documents\MCUXpressoIDE_11.4.0_6237\workspace - copia\CMSISv2p00_LPC17xx\Debug\libCMSISv2p00_LPC17xx.a(lpc17xx_libcfg_default.o)
 .debug_macro   0x00003b05       0x8d F:\Users\Matias Garcia\Documents\MCUXpressoIDE_11.4.0_6237\workspace - copia\CMSISv2p00_LPC17xx\Debug\libCMSISv2p00_LPC17xx.a(lpc17xx_pinsel.o)
 .debug_macro   0x00003b92       0xb2 F:\Users\Matias Garcia\Documents\MCUXpressoIDE_11.4.0_6237\workspace - copia\CMSISv2p00_LPC17xx\Debug\libCMSISv2p00_LPC17xx.a(lpc17xx_timer.o)
 .debug_macro   0x00003c44       0xe4 F:\Users\Matias Garcia\Documents\MCUXpressoIDE_11.4.0_6237\workspace - copia\CMSISv2p00_LPC17xx\Debug\libCMSISv2p00_LPC17xx.a(lpc17xx_timer.o)
 .debug_macro   0x00003d28      0x145 F:\Users\Matias Garcia\Documents\MCUXpressoIDE_11.4.0_6237\workspace - copia\CMSISv2p00_LPC17xx\Debug\libCMSISv2p00_LPC17xx.a(lpc17xx_timer.o)
 .debug_macro   0x00003e6d       0xa9 F:\Users\Matias Garcia\Documents\MCUXpressoIDE_11.4.0_6237\workspace - copia\CMSISv2p00_LPC17xx\Debug\libCMSISv2p00_LPC17xx.a(lpc17xx_uart.o)
 .debug_macro   0x00003f16      0x334 F:\Users\Matias Garcia\Documents\MCUXpressoIDE_11.4.0_6237\workspace - copia\CMSISv2p00_LPC17xx\Debug\libCMSISv2p00_LPC17xx.a(lpc17xx_uart.o)

.debug_line     0x00000000     0x4292
 .debug_line    0x00000000      0x160 ./src/cr_startup_lpc175x_6x.o
 .debug_line    0x00000160       0xb1 ./src/crp.o
 .debug_line    0x00000211      0x78d ./src/main.o
 .debug_line    0x0000099e      0x434 F:\Users\Matias Garcia\Documents\MCUXpressoIDE_11.4.0_6237\workspace - copia\CMSISv2p00_LPC17xx\Debug\libCMSISv2p00_LPC17xx.a(system_LPC17xx.o)
 .debug_line    0x00000dd2      0x6b7 F:\Users\Matias Garcia\Documents\MCUXpressoIDE_11.4.0_6237\workspace - copia\CMSISv2p00_LPC17xx\Debug\libCMSISv2p00_LPC17xx.a(lpc17xx_adc.o)
 .debug_line    0x00001489      0x47b F:\Users\Matias Garcia\Documents\MCUXpressoIDE_11.4.0_6237\workspace - copia\CMSISv2p00_LPC17xx\Debug\libCMSISv2p00_LPC17xx.a(lpc17xx_clkpwr.o)
 .debug_line    0x00001904      0x866 F:\Users\Matias Garcia\Documents\MCUXpressoIDE_11.4.0_6237\workspace - copia\CMSISv2p00_LPC17xx\Debug\libCMSISv2p00_LPC17xx.a(lpc17xx_gpio.o)
 .debug_line    0x0000216a      0x22d F:\Users\Matias Garcia\Documents\MCUXpressoIDE_11.4.0_6237\workspace - copia\CMSISv2p00_LPC17xx\Debug\libCMSISv2p00_LPC17xx.a(lpc17xx_libcfg_default.o)
 .debug_line    0x00002397      0x389 F:\Users\Matias Garcia\Documents\MCUXpressoIDE_11.4.0_6237\workspace - copia\CMSISv2p00_LPC17xx\Debug\libCMSISv2p00_LPC17xx.a(lpc17xx_pinsel.o)
 .debug_line    0x00002720      0x965 F:\Users\Matias Garcia\Documents\MCUXpressoIDE_11.4.0_6237\workspace - copia\CMSISv2p00_LPC17xx\Debug\libCMSISv2p00_LPC17xx.a(lpc17xx_timer.o)
 .debug_line    0x00003085     0x120d F:\Users\Matias Garcia\Documents\MCUXpressoIDE_11.4.0_6237\workspace - copia\CMSISv2p00_LPC17xx\Debug\libCMSISv2p00_LPC17xx.a(lpc17xx_uart.o)

.debug_str      0x00000000     0xec6b
 .debug_str     0x00000000     0x2ecf ./src/cr_startup_lpc175x_6x.o
                               0x2ee2 (size before relaxing)
 .debug_str     0x00002ecf       0xe9 ./src/crp.o
                               0x2e03 (size before relaxing)
 .debug_str     0x00002fb8     0x9191 ./src/main.o
                               0xbf52 (size before relaxing)
 .debug_str     0x0000c149      0x550 F:\Users\Matias Garcia\Documents\MCUXpressoIDE_11.4.0_6237\workspace - copia\CMSISv2p00_LPC17xx\Debug\libCMSISv2p00_LPC17xx.a(system_LPC17xx.o)
                               0x88c4 (size before relaxing)
 .debug_str     0x0000c699     0x1575 F:\Users\Matias Garcia\Documents\MCUXpressoIDE_11.4.0_6237\workspace - copia\CMSISv2p00_LPC17xx\Debug\libCMSISv2p00_LPC17xx.a(lpc17xx_adc.o)
                               0xa4b3 (size before relaxing)
 .debug_str     0x0000dc0e      0x100 F:\Users\Matias Garcia\Documents\MCUXpressoIDE_11.4.0_6237\workspace - copia\CMSISv2p00_LPC17xx\Debug\libCMSISv2p00_LPC17xx.a(lpc17xx_clkpwr.o)
                               0x9ac6 (size before relaxing)
 .debug_str     0x0000dd0e      0x281 F:\Users\Matias Garcia\Documents\MCUXpressoIDE_11.4.0_6237\workspace - copia\CMSISv2p00_LPC17xx\Debug\libCMSISv2p00_LPC17xx.a(lpc17xx_gpio.o)
                               0x8e1d (size before relaxing)
 .debug_str     0x0000df8f       0x2d F:\Users\Matias Garcia\Documents\MCUXpressoIDE_11.4.0_6237\workspace - copia\CMSISv2p00_LPC17xx\Debug\libCMSISv2p00_LPC17xx.a(lpc17xx_libcfg_default.o)
                               0x46eb (size before relaxing)
 .debug_str     0x0000dfbc      0x211 F:\Users\Matias Garcia\Documents\MCUXpressoIDE_11.4.0_6237\workspace - copia\CMSISv2p00_LPC17xx\Debug\libCMSISv2p00_LPC17xx.a(lpc17xx_pinsel.o)
                               0x8d36 (size before relaxing)
 .debug_str     0x0000e1cd      0x2dc F:\Users\Matias Garcia\Documents\MCUXpressoIDE_11.4.0_6237\workspace - copia\CMSISv2p00_LPC17xx\Debug\libCMSISv2p00_LPC17xx.a(lpc17xx_timer.o)
                               0xaaeb (size before relaxing)
 .debug_str     0x0000e4a9      0x7c2 F:\Users\Matias Garcia\Documents\MCUXpressoIDE_11.4.0_6237\workspace - copia\CMSISv2p00_LPC17xx\Debug\libCMSISv2p00_LPC17xx.a(lpc17xx_uart.o)
                               0xbb7b (size before relaxing)

.comment        0x00000000       0x4d
 .comment       0x00000000       0x4d ./src/cr_startup_lpc175x_6x.o
                                 0x4e (size before relaxing)
 .comment       0x0000004d       0x4e ./src/crp.o
 .comment       0x0000004d       0x4e ./src/main.o
 .comment       0x0000004d       0x4e F:\Users\Matias Garcia\Documents\MCUXpressoIDE_11.4.0_6237\workspace - copia\CMSISv2p00_LPC17xx\Debug\libCMSISv2p00_LPC17xx.a(system_LPC17xx.o)
 .comment       0x0000004d       0x4e F:\Users\Matias Garcia\Documents\MCUXpressoIDE_11.4.0_6237\workspace - copia\CMSISv2p00_LPC17xx\Debug\libCMSISv2p00_LPC17xx.a(lpc17xx_adc.o)
 .comment       0x0000004d       0x4e F:\Users\Matias Garcia\Documents\MCUXpressoIDE_11.4.0_6237\workspace - copia\CMSISv2p00_LPC17xx\Debug\libCMSISv2p00_LPC17xx.a(lpc17xx_clkpwr.o)
 .comment       0x0000004d       0x4e F:\Users\Matias Garcia\Documents\MCUXpressoIDE_11.4.0_6237\workspace - copia\CMSISv2p00_LPC17xx\Debug\libCMSISv2p00_LPC17xx.a(lpc17xx_gpio.o)
 .comment       0x0000004d       0x4e F:\Users\Matias Garcia\Documents\MCUXpressoIDE_11.4.0_6237\workspace - copia\CMSISv2p00_LPC17xx\Debug\libCMSISv2p00_LPC17xx.a(lpc17xx_libcfg_default.o)
 .comment       0x0000004d       0x4e F:\Users\Matias Garcia\Documents\MCUXpressoIDE_11.4.0_6237\workspace - copia\CMSISv2p00_LPC17xx\Debug\libCMSISv2p00_LPC17xx.a(lpc17xx_pinsel.o)
 .comment       0x0000004d       0x4e F:\Users\Matias Garcia\Documents\MCUXpressoIDE_11.4.0_6237\workspace - copia\CMSISv2p00_LPC17xx\Debug\libCMSISv2p00_LPC17xx.a(lpc17xx_timer.o)
 .comment       0x0000004d       0x4e F:\Users\Matias Garcia\Documents\MCUXpressoIDE_11.4.0_6237\workspace - copia\CMSISv2p00_LPC17xx\Debug\libCMSISv2p00_LPC17xx.a(lpc17xx_uart.o)
 .comment       0x0000004d       0x4e f:/nxp/mcuxpressoide_11.4.0_6237/ide/plugins/com.nxp.mcuxpresso.tools.win32_11.4.0.202103011116/tools/bin/../lib/gcc/arm-none-eabi/10.2.1/../../../../arm-none-eabi/lib/thumb/v7-m/nofp\libcr_c.a(__weak__main.o)

.ARM.attributes
                0x00000000       0x2b
 .ARM.attributes
                0x00000000       0x2d ./src/cr_startup_lpc175x_6x.o
 .ARM.attributes
                0x0000002d       0x33 ./src/crp.o
 .ARM.attributes
                0x00000060       0x2d ./src/main.o
 .ARM.attributes
                0x0000008d       0x2d F:\Users\Matias Garcia\Documents\MCUXpressoIDE_11.4.0_6237\workspace - copia\CMSISv2p00_LPC17xx\Debug\libCMSISv2p00_LPC17xx.a(system_LPC17xx.o)
 .ARM.attributes
                0x000000ba       0x2d F:\Users\Matias Garcia\Documents\MCUXpressoIDE_11.4.0_6237\workspace - copia\CMSISv2p00_LPC17xx\Debug\libCMSISv2p00_LPC17xx.a(lpc17xx_adc.o)
 .ARM.attributes
                0x000000e7       0x2d F:\Users\Matias Garcia\Documents\MCUXpressoIDE_11.4.0_6237\workspace - copia\CMSISv2p00_LPC17xx\Debug\libCMSISv2p00_LPC17xx.a(lpc17xx_clkpwr.o)
 .ARM.attributes
                0x00000114       0x2d F:\Users\Matias Garcia\Documents\MCUXpressoIDE_11.4.0_6237\workspace - copia\CMSISv2p00_LPC17xx\Debug\libCMSISv2p00_LPC17xx.a(lpc17xx_gpio.o)
 .ARM.attributes
                0x00000141       0x2d F:\Users\Matias Garcia\Documents\MCUXpressoIDE_11.4.0_6237\workspace - copia\CMSISv2p00_LPC17xx\Debug\libCMSISv2p00_LPC17xx.a(lpc17xx_libcfg_default.o)
 .ARM.attributes
                0x0000016e       0x2d F:\Users\Matias Garcia\Documents\MCUXpressoIDE_11.4.0_6237\workspace - copia\CMSISv2p00_LPC17xx\Debug\libCMSISv2p00_LPC17xx.a(lpc17xx_pinsel.o)
 .ARM.attributes
                0x0000019b       0x2d F:\Users\Matias Garcia\Documents\MCUXpressoIDE_11.4.0_6237\workspace - copia\CMSISv2p00_LPC17xx\Debug\libCMSISv2p00_LPC17xx.a(lpc17xx_timer.o)
 .ARM.attributes
                0x000001c8       0x2d F:\Users\Matias Garcia\Documents\MCUXpressoIDE_11.4.0_6237\workspace - copia\CMSISv2p00_LPC17xx\Debug\libCMSISv2p00_LPC17xx.a(lpc17xx_uart.o)
 .ARM.attributes
                0x000001f5       0x2d f:/nxp/mcuxpressoide_11.4.0_6237/ide/plugins/com.nxp.mcuxpresso.tools.win32_11.4.0.202103011116/tools/bin/../lib/gcc/arm-none-eabi/10.2.1/../../../../arm-none-eabi/lib/thumb/v7-m/nofp\libcr_c.a(__weak__main.o)
 .ARM.attributes
                0x00000222       0x1b f:/nxp/mcuxpressoide_11.4.0_6237/ide/plugins/com.nxp.mcuxpresso.tools.win32_11.4.0.202103011116/tools/bin/../lib/gcc/arm-none-eabi/10.2.1/thumb/v7-m/nofp\libcr_eabihelpers.a(division_64.o)
 .ARM.attributes
                0x0000023d       0x1b f:/nxp/mcuxpressoide_11.4.0_6237/ide/plugins/com.nxp.mcuxpresso.tools.win32_11.4.0.202103011116/tools/bin/../lib/gcc/arm-none-eabi/10.2.1/thumb/v7-m/nofp\libcr_eabihelpers.a(division_idiv0.o)

.debug_frame    0x00000000      0xd98
 .debug_frame   0x00000000      0x170 ./src/cr_startup_lpc175x_6x.o
 .debug_frame   0x00000170      0x2d0 ./src/main.o
 .debug_frame   0x00000440       0x3c F:\Users\Matias Garcia\Documents\MCUXpressoIDE_11.4.0_6237\workspace - copia\CMSISv2p00_LPC17xx\Debug\libCMSISv2p00_LPC17xx.a(system_LPC17xx.o)
 .debug_frame   0x0000047c      0x16c F:\Users\Matias Garcia\Documents\MCUXpressoIDE_11.4.0_6237\workspace - copia\CMSISv2p00_LPC17xx\Debug\libCMSISv2p00_LPC17xx.a(lpc17xx_adc.o)
 .debug_frame   0x000005e8       0xa0 F:\Users\Matias Garcia\Documents\MCUXpressoIDE_11.4.0_6237\workspace - copia\CMSISv2p00_LPC17xx\Debug\libCMSISv2p00_LPC17xx.a(lpc17xx_clkpwr.o)
 .debug_frame   0x00000688      0x228 F:\Users\Matias Garcia\Documents\MCUXpressoIDE_11.4.0_6237\workspace - copia\CMSISv2p00_LPC17xx\Debug\libCMSISv2p00_LPC17xx.a(lpc17xx_gpio.o)
 .debug_frame   0x000008b0       0x20 F:\Users\Matias Garcia\Documents\MCUXpressoIDE_11.4.0_6237\workspace - copia\CMSISv2p00_LPC17xx\Debug\libCMSISv2p00_LPC17xx.a(lpc17xx_libcfg_default.o)
 .debug_frame   0x000008d0       0x50 F:\Users\Matias Garcia\Documents\MCUXpressoIDE_11.4.0_6237\workspace - copia\CMSISv2p00_LPC17xx\Debug\libCMSISv2p00_LPC17xx.a(lpc17xx_pinsel.o)
 .debug_frame   0x00000920      0x174 F:\Users\Matias Garcia\Documents\MCUXpressoIDE_11.4.0_6237\workspace - copia\CMSISv2p00_LPC17xx\Debug\libCMSISv2p00_LPC17xx.a(lpc17xx_timer.o)
 .debug_frame   0x00000a94      0x304 F:\Users\Matias Garcia\Documents\MCUXpressoIDE_11.4.0_6237\workspace - copia\CMSISv2p00_LPC17xx\Debug\libCMSISv2p00_LPC17xx.a(lpc17xx_uart.o)

.debug_loc      0x00000000     0x2d4e
 .debug_loc     0x00000000      0x5a9 F:\Users\Matias Garcia\Documents\MCUXpressoIDE_11.4.0_6237\workspace - copia\CMSISv2p00_LPC17xx\Debug\libCMSISv2p00_LPC17xx.a(lpc17xx_adc.o)
 .debug_loc     0x000005a9      0x1fa F:\Users\Matias Garcia\Documents\MCUXpressoIDE_11.4.0_6237\workspace - copia\CMSISv2p00_LPC17xx\Debug\libCMSISv2p00_LPC17xx.a(lpc17xx_clkpwr.o)
 .debug_loc     0x000007a3      0x88e F:\Users\Matias Garcia\Documents\MCUXpressoIDE_11.4.0_6237\workspace - copia\CMSISv2p00_LPC17xx\Debug\libCMSISv2p00_LPC17xx.a(lpc17xx_gpio.o)
 .debug_loc     0x00001031       0x2a F:\Users\Matias Garcia\Documents\MCUXpressoIDE_11.4.0_6237\workspace - copia\CMSISv2p00_LPC17xx\Debug\libCMSISv2p00_LPC17xx.a(lpc17xx_libcfg_default.o)
 .debug_loc     0x0000105b      0x1a1 F:\Users\Matias Garcia\Documents\MCUXpressoIDE_11.4.0_6237\workspace - copia\CMSISv2p00_LPC17xx\Debug\libCMSISv2p00_LPC17xx.a(lpc17xx_pinsel.o)
 .debug_loc     0x000011fc      0x6ca F:\Users\Matias Garcia\Documents\MCUXpressoIDE_11.4.0_6237\workspace - copia\CMSISv2p00_LPC17xx\Debug\libCMSISv2p00_LPC17xx.a(lpc17xx_timer.o)
 .debug_loc     0x000018c6     0x1488 F:\Users\Matias Garcia\Documents\MCUXpressoIDE_11.4.0_6237\workspace - copia\CMSISv2p00_LPC17xx\Debug\libCMSISv2p00_LPC17xx.a(lpc17xx_uart.o)

Cross Reference Table

Symbol                                            File
ADC0Value                                         ./src/main.o
ADC_BurstCmd                                      F:\Users\Matias Garcia\Documents\MCUXpressoIDE_11.4.0_6237\workspace - copia\CMSISv2p00_LPC17xx\Debug\libCMSISv2p00_LPC17xx.a(lpc17xx_adc.o)
                                                  ./src/main.o
ADC_ChannelCmd                                    F:\Users\Matias Garcia\Documents\MCUXpressoIDE_11.4.0_6237\workspace - copia\CMSISv2p00_LPC17xx\Debug\libCMSISv2p00_LPC17xx.a(lpc17xx_adc.o)
                                                  ./src/main.o
ADC_ChannelGetData                                F:\Users\Matias Garcia\Documents\MCUXpressoIDE_11.4.0_6237\workspace - copia\CMSISv2p00_LPC17xx\Debug\libCMSISv2p00_LPC17xx.a(lpc17xx_adc.o)
ADC_ChannelGetStatus                              F:\Users\Matias Garcia\Documents\MCUXpressoIDE_11.4.0_6237\workspace - copia\CMSISv2p00_LPC17xx\Debug\libCMSISv2p00_LPC17xx.a(lpc17xx_adc.o)
                                                  ./src/main.o
ADC_DeInit                                        F:\Users\Matias Garcia\Documents\MCUXpressoIDE_11.4.0_6237\workspace - copia\CMSISv2p00_LPC17xx\Debug\libCMSISv2p00_LPC17xx.a(lpc17xx_adc.o)
ADC_EdgeStartConfig                               F:\Users\Matias Garcia\Documents\MCUXpressoIDE_11.4.0_6237\workspace - copia\CMSISv2p00_LPC17xx\Debug\libCMSISv2p00_LPC17xx.a(lpc17xx_adc.o)
                                                  ./src/main.o
ADC_GetData                                       F:\Users\Matias Garcia\Documents\MCUXpressoIDE_11.4.0_6237\workspace - copia\CMSISv2p00_LPC17xx\Debug\libCMSISv2p00_LPC17xx.a(lpc17xx_adc.o)
ADC_GlobalGetData                                 F:\Users\Matias Garcia\Documents\MCUXpressoIDE_11.4.0_6237\workspace - copia\CMSISv2p00_LPC17xx\Debug\libCMSISv2p00_LPC17xx.a(lpc17xx_adc.o)
ADC_GlobalGetStatus                               F:\Users\Matias Garcia\Documents\MCUXpressoIDE_11.4.0_6237\workspace - copia\CMSISv2p00_LPC17xx\Debug\libCMSISv2p00_LPC17xx.a(lpc17xx_adc.o)
ADC_IRQHandler                                    ./src/cr_startup_lpc175x_6x.o
ADC_Init                                          F:\Users\Matias Garcia\Documents\MCUXpressoIDE_11.4.0_6237\workspace - copia\CMSISv2p00_LPC17xx\Debug\libCMSISv2p00_LPC17xx.a(lpc17xx_adc.o)
                                                  ./src/main.o
ADC_IntConfig                                     F:\Users\Matias Garcia\Documents\MCUXpressoIDE_11.4.0_6237\workspace - copia\CMSISv2p00_LPC17xx\Debug\libCMSISv2p00_LPC17xx.a(lpc17xx_adc.o)
                                                  ./src/main.o
ADC_PowerdownCmd                                  F:\Users\Matias Garcia\Documents\MCUXpressoIDE_11.4.0_6237\workspace - copia\CMSISv2p00_LPC17xx\Debug\libCMSISv2p00_LPC17xx.a(lpc17xx_adc.o)
ADC_StartCmd                                      F:\Users\Matias Garcia\Documents\MCUXpressoIDE_11.4.0_6237\workspace - copia\CMSISv2p00_LPC17xx\Debug\libCMSISv2p00_LPC17xx.a(lpc17xx_adc.o)
                                                  ./src/main.o
Antirebote                                        ./src/main.o
BOD_IRQHandler                                    ./src/cr_startup_lpc175x_6x.o
BusFault_Handler                                  ./src/cr_startup_lpc175x_6x.o
CANActivity_IRQHandler                            ./src/cr_startup_lpc175x_6x.o
CAN_IRQHandler                                    ./src/cr_startup_lpc175x_6x.o
CLKPWR_ConfigPPWR                                 F:\Users\Matias Garcia\Documents\MCUXpressoIDE_11.4.0_6237\workspace - copia\CMSISv2p00_LPC17xx\Debug\libCMSISv2p00_LPC17xx.a(lpc17xx_clkpwr.o)
                                                  F:\Users\Matias Garcia\Documents\MCUXpressoIDE_11.4.0_6237\workspace - copia\CMSISv2p00_LPC17xx\Debug\libCMSISv2p00_LPC17xx.a(lpc17xx_uart.o)
                                                  F:\Users\Matias Garcia\Documents\MCUXpressoIDE_11.4.0_6237\workspace - copia\CMSISv2p00_LPC17xx\Debug\libCMSISv2p00_LPC17xx.a(lpc17xx_timer.o)
                                                  F:\Users\Matias Garcia\Documents\MCUXpressoIDE_11.4.0_6237\workspace - copia\CMSISv2p00_LPC17xx\Debug\libCMSISv2p00_LPC17xx.a(lpc17xx_adc.o)
CLKPWR_DeepPowerDown                              F:\Users\Matias Garcia\Documents\MCUXpressoIDE_11.4.0_6237\workspace - copia\CMSISv2p00_LPC17xx\Debug\libCMSISv2p00_LPC17xx.a(lpc17xx_clkpwr.o)
CLKPWR_DeepSleep                                  F:\Users\Matias Garcia\Documents\MCUXpressoIDE_11.4.0_6237\workspace - copia\CMSISv2p00_LPC17xx\Debug\libCMSISv2p00_LPC17xx.a(lpc17xx_clkpwr.o)
CLKPWR_GetPCLK                                    F:\Users\Matias Garcia\Documents\MCUXpressoIDE_11.4.0_6237\workspace - copia\CMSISv2p00_LPC17xx\Debug\libCMSISv2p00_LPC17xx.a(lpc17xx_clkpwr.o)
                                                  F:\Users\Matias Garcia\Documents\MCUXpressoIDE_11.4.0_6237\workspace - copia\CMSISv2p00_LPC17xx\Debug\libCMSISv2p00_LPC17xx.a(lpc17xx_uart.o)
                                                  F:\Users\Matias Garcia\Documents\MCUXpressoIDE_11.4.0_6237\workspace - copia\CMSISv2p00_LPC17xx\Debug\libCMSISv2p00_LPC17xx.a(lpc17xx_timer.o)
                                                  F:\Users\Matias Garcia\Documents\MCUXpressoIDE_11.4.0_6237\workspace - copia\CMSISv2p00_LPC17xx\Debug\libCMSISv2p00_LPC17xx.a(lpc17xx_adc.o)
CLKPWR_GetPCLKSEL                                 F:\Users\Matias Garcia\Documents\MCUXpressoIDE_11.4.0_6237\workspace - copia\CMSISv2p00_LPC17xx\Debug\libCMSISv2p00_LPC17xx.a(lpc17xx_clkpwr.o)
CLKPWR_PowerDown                                  F:\Users\Matias Garcia\Documents\MCUXpressoIDE_11.4.0_6237\workspace - copia\CMSISv2p00_LPC17xx\Debug\libCMSISv2p00_LPC17xx.a(lpc17xx_clkpwr.o)
CLKPWR_SetPCLKDiv                                 F:\Users\Matias Garcia\Documents\MCUXpressoIDE_11.4.0_6237\workspace - copia\CMSISv2p00_LPC17xx\Debug\libCMSISv2p00_LPC17xx.a(lpc17xx_clkpwr.o)
                                                  F:\Users\Matias Garcia\Documents\MCUXpressoIDE_11.4.0_6237\workspace - copia\CMSISv2p00_LPC17xx\Debug\libCMSISv2p00_LPC17xx.a(lpc17xx_timer.o)
CLKPWR_Sleep                                      F:\Users\Matias Garcia\Documents\MCUXpressoIDE_11.4.0_6237\workspace - copia\CMSISv2p00_LPC17xx\Debug\libCMSISv2p00_LPC17xx.a(lpc17xx_clkpwr.o)
CRP_WORD                                          ./src/crp.o
CambiarMenu                                       ./src/main.o
DMA_IRQHandler                                    ./src/cr_startup_lpc175x_6x.o
DebugMon_Handler                                  ./src/cr_startup_lpc175x_6x.o
EINT0_IRQHandler                                  ./src/cr_startup_lpc175x_6x.o
EINT1_IRQHandler                                  ./src/cr_startup_lpc175x_6x.o
EINT2_IRQHandler                                  ./src/cr_startup_lpc175x_6x.o
EINT3_IRQHandler                                  ./src/main.o
                                                  ./src/cr_startup_lpc175x_6x.o
ENET_IRQHandler                                   ./src/cr_startup_lpc175x_6x.o
FIO_ByteClearValue                                F:\Users\Matias Garcia\Documents\MCUXpressoIDE_11.4.0_6237\workspace - copia\CMSISv2p00_LPC17xx\Debug\libCMSISv2p00_LPC17xx.a(lpc17xx_gpio.o)
FIO_ByteReadValue                                 F:\Users\Matias Garcia\Documents\MCUXpressoIDE_11.4.0_6237\workspace - copia\CMSISv2p00_LPC17xx\Debug\libCMSISv2p00_LPC17xx.a(lpc17xx_gpio.o)
FIO_ByteSetDir                                    F:\Users\Matias Garcia\Documents\MCUXpressoIDE_11.4.0_6237\workspace - copia\CMSISv2p00_LPC17xx\Debug\libCMSISv2p00_LPC17xx.a(lpc17xx_gpio.o)
FIO_ByteSetMask                                   F:\Users\Matias Garcia\Documents\MCUXpressoIDE_11.4.0_6237\workspace - copia\CMSISv2p00_LPC17xx\Debug\libCMSISv2p00_LPC17xx.a(lpc17xx_gpio.o)
FIO_ByteSetValue                                  F:\Users\Matias Garcia\Documents\MCUXpressoIDE_11.4.0_6237\workspace - copia\CMSISv2p00_LPC17xx\Debug\libCMSISv2p00_LPC17xx.a(lpc17xx_gpio.o)
FIO_ClearInt                                      F:\Users\Matias Garcia\Documents\MCUXpressoIDE_11.4.0_6237\workspace - copia\CMSISv2p00_LPC17xx\Debug\libCMSISv2p00_LPC17xx.a(lpc17xx_gpio.o)
FIO_ClearValue                                    F:\Users\Matias Garcia\Documents\MCUXpressoIDE_11.4.0_6237\workspace - copia\CMSISv2p00_LPC17xx\Debug\libCMSISv2p00_LPC17xx.a(lpc17xx_gpio.o)
FIO_GetIntStatus                                  F:\Users\Matias Garcia\Documents\MCUXpressoIDE_11.4.0_6237\workspace - copia\CMSISv2p00_LPC17xx\Debug\libCMSISv2p00_LPC17xx.a(lpc17xx_gpio.o)
FIO_HalfWordClearValue                            F:\Users\Matias Garcia\Documents\MCUXpressoIDE_11.4.0_6237\workspace - copia\CMSISv2p00_LPC17xx\Debug\libCMSISv2p00_LPC17xx.a(lpc17xx_gpio.o)
FIO_HalfWordReadValue                             F:\Users\Matias Garcia\Documents\MCUXpressoIDE_11.4.0_6237\workspace - copia\CMSISv2p00_LPC17xx\Debug\libCMSISv2p00_LPC17xx.a(lpc17xx_gpio.o)
FIO_HalfWordSetDir                                F:\Users\Matias Garcia\Documents\MCUXpressoIDE_11.4.0_6237\workspace - copia\CMSISv2p00_LPC17xx\Debug\libCMSISv2p00_LPC17xx.a(lpc17xx_gpio.o)
FIO_HalfWordSetMask                               F:\Users\Matias Garcia\Documents\MCUXpressoIDE_11.4.0_6237\workspace - copia\CMSISv2p00_LPC17xx\Debug\libCMSISv2p00_LPC17xx.a(lpc17xx_gpio.o)
FIO_HalfWordSetValue                              F:\Users\Matias Garcia\Documents\MCUXpressoIDE_11.4.0_6237\workspace - copia\CMSISv2p00_LPC17xx\Debug\libCMSISv2p00_LPC17xx.a(lpc17xx_gpio.o)
FIO_IntCmd                                        F:\Users\Matias Garcia\Documents\MCUXpressoIDE_11.4.0_6237\workspace - copia\CMSISv2p00_LPC17xx\Debug\libCMSISv2p00_LPC17xx.a(lpc17xx_gpio.o)
FIO_ReadValue                                     F:\Users\Matias Garcia\Documents\MCUXpressoIDE_11.4.0_6237\workspace - copia\CMSISv2p00_LPC17xx\Debug\libCMSISv2p00_LPC17xx.a(lpc17xx_gpio.o)
FIO_SetDir                                        F:\Users\Matias Garcia\Documents\MCUXpressoIDE_11.4.0_6237\workspace - copia\CMSISv2p00_LPC17xx\Debug\libCMSISv2p00_LPC17xx.a(lpc17xx_gpio.o)
FIO_SetMask                                       F:\Users\Matias Garcia\Documents\MCUXpressoIDE_11.4.0_6237\workspace - copia\CMSISv2p00_LPC17xx\Debug\libCMSISv2p00_LPC17xx.a(lpc17xx_gpio.o)
FIO_SetValue                                      F:\Users\Matias Garcia\Documents\MCUXpressoIDE_11.4.0_6237\workspace - copia\CMSISv2p00_LPC17xx\Debug\libCMSISv2p00_LPC17xx.a(lpc17xx_gpio.o)
GPIO_ClearInt                                     F:\Users\Matias Garcia\Documents\MCUXpressoIDE_11.4.0_6237\workspace - copia\CMSISv2p00_LPC17xx\Debug\libCMSISv2p00_LPC17xx.a(lpc17xx_gpio.o)
GPIO_ClearValue                                   F:\Users\Matias Garcia\Documents\MCUXpressoIDE_11.4.0_6237\workspace - copia\CMSISv2p00_LPC17xx\Debug\libCMSISv2p00_LPC17xx.a(lpc17xx_gpio.o)
GPIO_GetIntStatus                                 F:\Users\Matias Garcia\Documents\MCUXpressoIDE_11.4.0_6237\workspace - copia\CMSISv2p00_LPC17xx\Debug\libCMSISv2p00_LPC17xx.a(lpc17xx_gpio.o)
GPIO_IntCmd                                       F:\Users\Matias Garcia\Documents\MCUXpressoIDE_11.4.0_6237\workspace - copia\CMSISv2p00_LPC17xx\Debug\libCMSISv2p00_LPC17xx.a(lpc17xx_gpio.o)
GPIO_ReadValue                                    F:\Users\Matias Garcia\Documents\MCUXpressoIDE_11.4.0_6237\workspace - copia\CMSISv2p00_LPC17xx\Debug\libCMSISv2p00_LPC17xx.a(lpc17xx_gpio.o)
GPIO_SetDir                                       F:\Users\Matias Garcia\Documents\MCUXpressoIDE_11.4.0_6237\workspace - copia\CMSISv2p00_LPC17xx\Debug\libCMSISv2p00_LPC17xx.a(lpc17xx_gpio.o)
                                                  ./src/main.o
GPIO_SetValue                                     F:\Users\Matias Garcia\Documents\MCUXpressoIDE_11.4.0_6237\workspace - copia\CMSISv2p00_LPC17xx\Debug\libCMSISv2p00_LPC17xx.a(lpc17xx_gpio.o)
HardFault_Handler                                 ./src/cr_startup_lpc175x_6x.o
HoraAlarma                                        ./src/main.o
HoraReloj                                         ./src/main.o
I2C0_IRQHandler                                   ./src/cr_startup_lpc175x_6x.o
I2C1_IRQHandler                                   ./src/cr_startup_lpc175x_6x.o
I2C2_IRQHandler                                   ./src/cr_startup_lpc175x_6x.o
I2S_IRQHandler                                    ./src/cr_startup_lpc175x_6x.o
IntDefaultHandler                                 ./src/cr_startup_lpc175x_6x.o
MCPWM_IRQHandler                                  ./src/cr_startup_lpc175x_6x.o
MemManage_Handler                                 ./src/cr_startup_lpc175x_6x.o
MinutosAlarma                                     ./src/main.o
MinutosReloj                                      ./src/main.o
MostrarHora                                       ./src/main.o
MostrarTemp                                       ./src/main.o
NMI_Handler                                       ./src/cr_startup_lpc175x_6x.o
PINSEL_ConfigPin                                  F:\Users\Matias Garcia\Documents\MCUXpressoIDE_11.4.0_6237\workspace - copia\CMSISv2p00_LPC17xx\Debug\libCMSISv2p00_LPC17xx.a(lpc17xx_pinsel.o)
                                                  ./src/main.o
PINSEL_ConfigTraceFunc                            F:\Users\Matias Garcia\Documents\MCUXpressoIDE_11.4.0_6237\workspace - copia\CMSISv2p00_LPC17xx\Debug\libCMSISv2p00_LPC17xx.a(lpc17xx_pinsel.o)
PINSEL_SetI2C0Pins                                F:\Users\Matias Garcia\Documents\MCUXpressoIDE_11.4.0_6237\workspace - copia\CMSISv2p00_LPC17xx\Debug\libCMSISv2p00_LPC17xx.a(lpc17xx_pinsel.o)
PLL0_IRQHandler                                   ./src/cr_startup_lpc175x_6x.o
PLL1_IRQHandler                                   ./src/cr_startup_lpc175x_6x.o
PWM1_IRQHandler                                   ./src/cr_startup_lpc175x_6x.o
PendSV_Handler                                    ./src/cr_startup_lpc175x_6x.o
QEI_IRQHandler                                    ./src/cr_startup_lpc175x_6x.o
RIT_IRQHandler                                    ./src/cr_startup_lpc175x_6x.o
RTC_IRQHandler                                    ./src/cr_startup_lpc175x_6x.o
ResetISR                                          ./src/cr_startup_lpc175x_6x.o
SPI_IRQHandler                                    ./src/cr_startup_lpc175x_6x.o
SSP0_IRQHandler                                   ./src/cr_startup_lpc175x_6x.o
SSP1_IRQHandler                                   ./src/cr_startup_lpc175x_6x.o
SVC_Handler                                       ./src/cr_startup_lpc175x_6x.o
SetAlarma                                         ./src/main.o
SetHora                                           ./src/main.o
SonarAlarma                                       ./src/main.o
SysTick_Handler                                   ./src/cr_startup_lpc175x_6x.o
SystemCoreClock                                   F:\Users\Matias Garcia\Documents\MCUXpressoIDE_11.4.0_6237\workspace - copia\CMSISv2p00_LPC17xx\Debug\libCMSISv2p00_LPC17xx.a(system_LPC17xx.o)
                                                  F:\Users\Matias Garcia\Documents\MCUXpressoIDE_11.4.0_6237\workspace - copia\CMSISv2p00_LPC17xx\Debug\libCMSISv2p00_LPC17xx.a(lpc17xx_clkpwr.o)
SystemCoreClockUpdate                             F:\Users\Matias Garcia\Documents\MCUXpressoIDE_11.4.0_6237\workspace - copia\CMSISv2p00_LPC17xx\Debug\libCMSISv2p00_LPC17xx.a(system_LPC17xx.o)
SystemInit                                        F:\Users\Matias Garcia\Documents\MCUXpressoIDE_11.4.0_6237\workspace - copia\CMSISv2p00_LPC17xx\Debug\libCMSISv2p00_LPC17xx.a(system_LPC17xx.o)
                                                  ./src/cr_startup_lpc175x_6x.o
TIMER0_IRQHandler                                 ./src/main.o
                                                  ./src/cr_startup_lpc175x_6x.o
TIMER1_IRQHandler                                 ./src/cr_startup_lpc175x_6x.o
TIMER2_IRQHandler                                 ./src/cr_startup_lpc175x_6x.o
TIMER3_IRQHandler                                 ./src/cr_startup_lpc175x_6x.o
TIM_ClearIntCapturePending                        F:\Users\Matias Garcia\Documents\MCUXpressoIDE_11.4.0_6237\workspace - copia\CMSISv2p00_LPC17xx\Debug\libCMSISv2p00_LPC17xx.a(lpc17xx_timer.o)
TIM_ClearIntPending                               F:\Users\Matias Garcia\Documents\MCUXpressoIDE_11.4.0_6237\workspace - copia\CMSISv2p00_LPC17xx\Debug\libCMSISv2p00_LPC17xx.a(lpc17xx_timer.o)
TIM_Cmd                                           F:\Users\Matias Garcia\Documents\MCUXpressoIDE_11.4.0_6237\workspace - copia\CMSISv2p00_LPC17xx\Debug\libCMSISv2p00_LPC17xx.a(lpc17xx_timer.o)
                                                  ./src/main.o
TIM_ConfigCapture                                 F:\Users\Matias Garcia\Documents\MCUXpressoIDE_11.4.0_6237\workspace - copia\CMSISv2p00_LPC17xx\Debug\libCMSISv2p00_LPC17xx.a(lpc17xx_timer.o)
TIM_ConfigMatch                                   F:\Users\Matias Garcia\Documents\MCUXpressoIDE_11.4.0_6237\workspace - copia\CMSISv2p00_LPC17xx\Debug\libCMSISv2p00_LPC17xx.a(lpc17xx_timer.o)
                                                  ./src/main.o
TIM_ConfigStructInit                              F:\Users\Matias Garcia\Documents\MCUXpressoIDE_11.4.0_6237\workspace - copia\CMSISv2p00_LPC17xx\Debug\libCMSISv2p00_LPC17xx.a(lpc17xx_timer.o)
TIM_DeInit                                        F:\Users\Matias Garcia\Documents\MCUXpressoIDE_11.4.0_6237\workspace - copia\CMSISv2p00_LPC17xx\Debug\libCMSISv2p00_LPC17xx.a(lpc17xx_timer.o)
TIM_GetCaptureValue                               F:\Users\Matias Garcia\Documents\MCUXpressoIDE_11.4.0_6237\workspace - copia\CMSISv2p00_LPC17xx\Debug\libCMSISv2p00_LPC17xx.a(lpc17xx_timer.o)
TIM_GetIntCaptureStatus                           F:\Users\Matias Garcia\Documents\MCUXpressoIDE_11.4.0_6237\workspace - copia\CMSISv2p00_LPC17xx\Debug\libCMSISv2p00_LPC17xx.a(lpc17xx_timer.o)
TIM_GetIntStatus                                  F:\Users\Matias Garcia\Documents\MCUXpressoIDE_11.4.0_6237\workspace - copia\CMSISv2p00_LPC17xx\Debug\libCMSISv2p00_LPC17xx.a(lpc17xx_timer.o)
TIM_Init                                          F:\Users\Matias Garcia\Documents\MCUXpressoIDE_11.4.0_6237\workspace - copia\CMSISv2p00_LPC17xx\Debug\libCMSISv2p00_LPC17xx.a(lpc17xx_timer.o)
                                                  ./src/main.o
TIM_ResetCounter                                  F:\Users\Matias Garcia\Documents\MCUXpressoIDE_11.4.0_6237\workspace - copia\CMSISv2p00_LPC17xx\Debug\libCMSISv2p00_LPC17xx.a(lpc17xx_timer.o)
TIM_UpdateMatchValue                              F:\Users\Matias Garcia\Documents\MCUXpressoIDE_11.4.0_6237\workspace - copia\CMSISv2p00_LPC17xx\Debug\libCMSISv2p00_LPC17xx.a(lpc17xx_timer.o)
Temp                                              ./src/main.o
UART0_IRQHandler                                  ./src/cr_startup_lpc175x_6x.o
UART1_IRQHandler                                  ./src/cr_startup_lpc175x_6x.o
UART2_IRQHandler                                  ./src/cr_startup_lpc175x_6x.o
UART3_IRQHandler                                  ./src/cr_startup_lpc175x_6x.o
UART_ABClearIntPending                            F:\Users\Matias Garcia\Documents\MCUXpressoIDE_11.4.0_6237\workspace - copia\CMSISv2p00_LPC17xx\Debug\libCMSISv2p00_LPC17xx.a(lpc17xx_uart.o)
UART_ABCmd                                        F:\Users\Matias Garcia\Documents\MCUXpressoIDE_11.4.0_6237\workspace - copia\CMSISv2p00_LPC17xx\Debug\libCMSISv2p00_LPC17xx.a(lpc17xx_uart.o)
UART_CheckBusy                                    F:\Users\Matias Garcia\Documents\MCUXpressoIDE_11.4.0_6237\workspace - copia\CMSISv2p00_LPC17xx\Debug\libCMSISv2p00_LPC17xx.a(lpc17xx_uart.o)
UART_ConfigStructInit                             F:\Users\Matias Garcia\Documents\MCUXpressoIDE_11.4.0_6237\workspace - copia\CMSISv2p00_LPC17xx\Debug\libCMSISv2p00_LPC17xx.a(lpc17xx_uart.o)
                                                  ./src/main.o
UART_DeInit                                       F:\Users\Matias Garcia\Documents\MCUXpressoIDE_11.4.0_6237\workspace - copia\CMSISv2p00_LPC17xx\Debug\libCMSISv2p00_LPC17xx.a(lpc17xx_uart.o)
UART_FIFOConfig                                   F:\Users\Matias Garcia\Documents\MCUXpressoIDE_11.4.0_6237\workspace - copia\CMSISv2p00_LPC17xx\Debug\libCMSISv2p00_LPC17xx.a(lpc17xx_uart.o)
                                                  ./src/main.o
UART_FIFOConfigStructInit                         F:\Users\Matias Garcia\Documents\MCUXpressoIDE_11.4.0_6237\workspace - copia\CMSISv2p00_LPC17xx\Debug\libCMSISv2p00_LPC17xx.a(lpc17xx_uart.o)
                                                  ./src/main.o
UART_ForceBreak                                   F:\Users\Matias Garcia\Documents\MCUXpressoIDE_11.4.0_6237\workspace - copia\CMSISv2p00_LPC17xx\Debug\libCMSISv2p00_LPC17xx.a(lpc17xx_uart.o)
UART_FullModemConfigMode                          F:\Users\Matias Garcia\Documents\MCUXpressoIDE_11.4.0_6237\workspace - copia\CMSISv2p00_LPC17xx\Debug\libCMSISv2p00_LPC17xx.a(lpc17xx_uart.o)
UART_FullModemForcePinState                       F:\Users\Matias Garcia\Documents\MCUXpressoIDE_11.4.0_6237\workspace - copia\CMSISv2p00_LPC17xx\Debug\libCMSISv2p00_LPC17xx.a(lpc17xx_uart.o)
UART_FullModemGetStatus                           F:\Users\Matias Garcia\Documents\MCUXpressoIDE_11.4.0_6237\workspace - copia\CMSISv2p00_LPC17xx\Debug\libCMSISv2p00_LPC17xx.a(lpc17xx_uart.o)
UART_GetIntId                                     F:\Users\Matias Garcia\Documents\MCUXpressoIDE_11.4.0_6237\workspace - copia\CMSISv2p00_LPC17xx\Debug\libCMSISv2p00_LPC17xx.a(lpc17xx_uart.o)
UART_GetLineStatus                                F:\Users\Matias Garcia\Documents\MCUXpressoIDE_11.4.0_6237\workspace - copia\CMSISv2p00_LPC17xx\Debug\libCMSISv2p00_LPC17xx.a(lpc17xx_uart.o)
UART_Init                                         F:\Users\Matias Garcia\Documents\MCUXpressoIDE_11.4.0_6237\workspace - copia\CMSISv2p00_LPC17xx\Debug\libCMSISv2p00_LPC17xx.a(lpc17xx_uart.o)
                                                  ./src/main.o
UART_IntConfig                                    F:\Users\Matias Garcia\Documents\MCUXpressoIDE_11.4.0_6237\workspace - copia\CMSISv2p00_LPC17xx\Debug\libCMSISv2p00_LPC17xx.a(lpc17xx_uart.o)
UART_IrDACmd                                      F:\Users\Matias Garcia\Documents\MCUXpressoIDE_11.4.0_6237\workspace - copia\CMSISv2p00_LPC17xx\Debug\libCMSISv2p00_LPC17xx.a(lpc17xx_uart.o)
UART_IrDAInvtInputCmd                             F:\Users\Matias Garcia\Documents\MCUXpressoIDE_11.4.0_6237\workspace - copia\CMSISv2p00_LPC17xx\Debug\libCMSISv2p00_LPC17xx.a(lpc17xx_uart.o)
UART_IrDAPulseDivConfig                           F:\Users\Matias Garcia\Documents\MCUXpressoIDE_11.4.0_6237\workspace - copia\CMSISv2p00_LPC17xx\Debug\libCMSISv2p00_LPC17xx.a(lpc17xx_uart.o)
UART_RS485Config                                  F:\Users\Matias Garcia\Documents\MCUXpressoIDE_11.4.0_6237\workspace - copia\CMSISv2p00_LPC17xx\Debug\libCMSISv2p00_LPC17xx.a(lpc17xx_uart.o)
UART_RS485ReceiverCmd                             F:\Users\Matias Garcia\Documents\MCUXpressoIDE_11.4.0_6237\workspace - copia\CMSISv2p00_LPC17xx\Debug\libCMSISv2p00_LPC17xx.a(lpc17xx_uart.o)
UART_RS485Send                                    F:\Users\Matias Garcia\Documents\MCUXpressoIDE_11.4.0_6237\workspace - copia\CMSISv2p00_LPC17xx\Debug\libCMSISv2p00_LPC17xx.a(lpc17xx_uart.o)
UART_RS485SendData                                F:\Users\Matias Garcia\Documents\MCUXpressoIDE_11.4.0_6237\workspace - copia\CMSISv2p00_LPC17xx\Debug\libCMSISv2p00_LPC17xx.a(lpc17xx_uart.o)
UART_RS485SendSlvAddr                             F:\Users\Matias Garcia\Documents\MCUXpressoIDE_11.4.0_6237\workspace - copia\CMSISv2p00_LPC17xx\Debug\libCMSISv2p00_LPC17xx.a(lpc17xx_uart.o)
UART_Receive                                      F:\Users\Matias Garcia\Documents\MCUXpressoIDE_11.4.0_6237\workspace - copia\CMSISv2p00_LPC17xx\Debug\libCMSISv2p00_LPC17xx.a(lpc17xx_uart.o)
UART_ReceiveByte                                  F:\Users\Matias Garcia\Documents\MCUXpressoIDE_11.4.0_6237\workspace - copia\CMSISv2p00_LPC17xx\Debug\libCMSISv2p00_LPC17xx.a(lpc17xx_uart.o)
UART_Send                                         F:\Users\Matias Garcia\Documents\MCUXpressoIDE_11.4.0_6237\workspace - copia\CMSISv2p00_LPC17xx\Debug\libCMSISv2p00_LPC17xx.a(lpc17xx_uart.o)
                                                  ./src/main.o
UART_SendByte                                     F:\Users\Matias Garcia\Documents\MCUXpressoIDE_11.4.0_6237\workspace - copia\CMSISv2p00_LPC17xx\Debug\libCMSISv2p00_LPC17xx.a(lpc17xx_uart.o)
UART_TxCmd                                        F:\Users\Matias Garcia\Documents\MCUXpressoIDE_11.4.0_6237\workspace - copia\CMSISv2p00_LPC17xx\Debug\libCMSISv2p00_LPC17xx.a(lpc17xx_uart.o)
                                                  ./src/main.o
USBActivity_IRQHandler                            ./src/cr_startup_lpc175x_6x.o
USB_IRQHandler                                    ./src/cr_startup_lpc175x_6x.o
UsageFault_Handler                                ./src/cr_startup_lpc175x_6x.o
VerificarAlarma                                   ./src/main.o
WDT_IRQHandler                                    ./src/cr_startup_lpc175x_6x.o
__aeabi_idiv0                                     f:/nxp/mcuxpressoide_11.4.0_6237/ide/plugins/com.nxp.mcuxpresso.tools.win32_11.4.0.202103011116/tools/bin/../lib/gcc/arm-none-eabi/10.2.1/thumb/v7-m/nofp\libcr_eabihelpers.a(division_idiv0.o)
                                                  f:/nxp/mcuxpressoide_11.4.0_6237/ide/plugins/com.nxp.mcuxpresso.tools.win32_11.4.0.202103011116/tools/bin/../lib/gcc/arm-none-eabi/10.2.1/thumb/v7-m/nofp\libcr_eabihelpers.a(division_64.o)
__aeabi_ldivmod                                   f:/nxp/mcuxpressoide_11.4.0_6237/ide/plugins/com.nxp.mcuxpresso.tools.win32_11.4.0.202103011116/tools/bin/../lib/gcc/arm-none-eabi/10.2.1/thumb/v7-m/nofp\libcr_eabihelpers.a(division_64.o)
                                                  F:\Users\Matias Garcia\Documents\MCUXpressoIDE_11.4.0_6237\workspace - copia\CMSISv2p00_LPC17xx\Debug\libCMSISv2p00_LPC17xx.a(system_LPC17xx.o)
__aeabi_uldivmod                                  f:/nxp/mcuxpressoide_11.4.0_6237/ide/plugins/com.nxp.mcuxpresso.tools.win32_11.4.0.202103011116/tools/bin/../lib/gcc/arm-none-eabi/10.2.1/thumb/v7-m/nofp\libcr_eabihelpers.a(division_64.o)
                                                  F:\Users\Matias Garcia\Documents\MCUXpressoIDE_11.4.0_6237\workspace - copia\CMSISv2p00_LPC17xx\Debug\libCMSISv2p00_LPC17xx.a(lpc17xx_timer.o)
                                                  F:\Users\Matias Garcia\Documents\MCUXpressoIDE_11.4.0_6237\workspace - copia\CMSISv2p00_LPC17xx\Debug\libCMSISv2p00_LPC17xx.a(system_LPC17xx.o)
__bhs_ldivmod1                                    f:/nxp/mcuxpressoide_11.4.0_6237/ide/plugins/com.nxp.mcuxpresso.tools.win32_11.4.0.202103011116/tools/bin/../lib/gcc/arm-none-eabi/10.2.1/thumb/v7-m/nofp\libcr_eabihelpers.a(division_64.o)
__bss_section_table_end                           ./src/cr_startup_lpc175x_6x.o
__data_section_table                              ./src/cr_startup_lpc175x_6x.o
__data_section_table_end                          ./src/cr_startup_lpc175x_6x.o
__main                                            f:/nxp/mcuxpressoide_11.4.0_6237/ide/plugins/com.nxp.mcuxpresso.tools.win32_11.4.0.202103011116/tools/bin/../lib/gcc/arm-none-eabi/10.2.1/../../../../arm-none-eabi/lib/thumb/v7-m/nofp\libcr_c.a(__weak__main.o)
                                                  ./src/cr_startup_lpc175x_6x.o
__valid_user_code_checksum                        ./src/cr_startup_lpc175x_6x.o
__weak_main                                       f:/nxp/mcuxpressoide_11.4.0_6237/ide/plugins/com.nxp.mcuxpresso.tools.win32_11.4.0.202103011116/tools/bin/../lib/gcc/arm-none-eabi/10.2.1/../../../../arm-none-eabi/lib/thumb/v7-m/nofp\libcr_c.a(__weak__main.o)
_vStackTop                                        ./src/cr_startup_lpc175x_6x.o
bss_init                                          ./src/cr_startup_lpc175x_6x.o
check_failed                                      F:\Users\Matias Garcia\Documents\MCUXpressoIDE_11.4.0_6237\workspace - copia\CMSISv2p00_LPC17xx\Debug\libCMSISv2p00_LPC17xx.a(lpc17xx_libcfg_default.o)
                                                  F:\Users\Matias Garcia\Documents\MCUXpressoIDE_11.4.0_6237\workspace - copia\CMSISv2p00_LPC17xx\Debug\libCMSISv2p00_LPC17xx.a(lpc17xx_uart.o)
                                                  F:\Users\Matias Garcia\Documents\MCUXpressoIDE_11.4.0_6237\workspace - copia\CMSISv2p00_LPC17xx\Debug\libCMSISv2p00_LPC17xx.a(lpc17xx_timer.o)
                                                  F:\Users\Matias Garcia\Documents\MCUXpressoIDE_11.4.0_6237\workspace - copia\CMSISv2p00_LPC17xx\Debug\libCMSISv2p00_LPC17xx.a(lpc17xx_adc.o)
clear                                             ./src/main.o
confADC                                           ./src/main.o
confTimers                                        ./src/main.o
confUart                                          ./src/main.o
config_GPIO                                       ./src/main.o
consoleclear                                      ./src/main.o
data_init                                         ./src/cr_startup_lpc175x_6x.o
g_pfnVectors                                      ./src/cr_startup_lpc175x_6x.o
keypad                                            ./src/main.o
keypress                                          ./src/main.o
main                                              ./src/main.o
                                                  f:/nxp/mcuxpressoide_11.4.0_6237/ide/plugins/com.nxp.mcuxpresso.tools.win32_11.4.0.202103011116/tools/bin/../lib/gcc/arm-none-eabi/10.2.1/../../../../arm-none-eabi/lib/thumb/v7-m/nofp\libcr_c.a(__weak__main.o)
menu                                              ./src/main.o
readkey                                           ./src/main.o
reloj                                             ./src/main.o
retardo                                           ./src/main.o
sendData                                          ./src/main.o
setReloj                                          ./src/main.o
