Archive member included to satisfy reference by file (symbol)

F:\Users\Matias Garcia\Documents\MCUXpressoIDE_11.4.0_6237\workspace - copia\CMSISv2p00_LPC17xx\Debug\libCMSISv2p00_LPC17xx.a(system_LPC17xx.o)
                              ./src/cr_startup_lpc175x_6x.o (SystemInit)
F:\Users\Matias Garcia\Documents\MCUXpressoIDE_11.4.0_6237\workspace - copia\CMSISv2p00_LPC17xx\Debug\libCMSISv2p00_LPC17xx.a(lpc17xx_adc.o)
                              ./src/main.o (ADC_Init)
F:\Users\Matias Garcia\Documents\MCUXpressoIDE_11.4.0_6237\workspace - copia\CMSISv2p00_LPC17xx\Debug\libCMSISv2p00_LPC17xx.a(lpc17xx_clkpwr.o)
                              F:\Users\Matias Garcia\Documents\MCUXpressoIDE_11.4.0_6237\workspace - copia\CMSISv2p00_LPC17xx\Debug\libCMSISv2p00_LPC17xx.a(lpc17xx_adc.o) (CLKPWR_GetPCLK)
F:\Users\Matias Garcia\Documents\MCUXpressoIDE_11.4.0_6237\workspace - copia\CMSISv2p00_LPC17xx\Debug\libCMSISv2p00_LPC17xx.a(lpc17xx_gpdma.o)
                              ./src/main.o (GPDMA_Init)
F:\Users\Matias Garcia\Documents\MCUXpressoIDE_11.4.0_6237\workspace - copia\CMSISv2p00_LPC17xx\Debug\libCMSISv2p00_LPC17xx.a(lpc17xx_gpio.o)
                              ./src/main.o (GPIO_SetDir)
F:\Users\Matias Garcia\Documents\MCUXpressoIDE_11.4.0_6237\workspace - copia\CMSISv2p00_LPC17xx\Debug\libCMSISv2p00_LPC17xx.a(lpc17xx_libcfg_default.o)
                              F:\Users\Matias Garcia\Documents\MCUXpressoIDE_11.4.0_6237\workspace - copia\CMSISv2p00_LPC17xx\Debug\libCMSISv2p00_LPC17xx.a(lpc17xx_adc.o) (check_failed)
F:\Users\Matias Garcia\Documents\MCUXpressoIDE_11.4.0_6237\workspace - copia\CMSISv2p00_LPC17xx\Debug\libCMSISv2p00_LPC17xx.a(lpc17xx_pinsel.o)
                              ./src/main.o (PINSEL_ConfigPin)
F:\Users\Matias Garcia\Documents\MCUXpressoIDE_11.4.0_6237\workspace - copia\CMSISv2p00_LPC17xx\Debug\libCMSISv2p00_LPC17xx.a(lpc17xx_timer.o)
                              ./src/main.o (TIM_Init)
F:\Users\Matias Garcia\Documents\MCUXpressoIDE_11.4.0_6237\workspace - copia\CMSISv2p00_LPC17xx\Debug\libCMSISv2p00_LPC17xx.a(lpc17xx_uart.o)
                              ./src/main.o (UART_Init)
f:/nxp/mcuxpressoide_11.4.0_6237/ide/plugins/com.nxp.mcuxpresso.tools.win32_11.4.0.202103011116/tools/bin/../lib/gcc/arm-none-eabi/10.2.1/../../../../arm-none-eabi/lib/thumb/v7-m/nofp\libcr_c.a(__weak__main.o)
                              ./src/cr_startup_lpc175x_6x.o (__main)
f:/nxp/mcuxpressoide_11.4.0_6237/ide/plugins/com.nxp.mcuxpresso.tools.win32_11.4.0.202103011116/tools/bin/../lib/gcc/arm-none-eabi/10.2.1/thumb/v7-m/nofp\libcr_eabihelpers.a(division_64.o)
                              F:\Users\Matias Garcia\Documents\MCUXpressoIDE_11.4.0_6237\workspace - copia\CMSISv2p00_LPC17xx\Debug\libCMSISv2p00_LPC17xx.a(system_LPC17xx.o) (__aeabi_ldivmod)
f:/nxp/mcuxpressoide_11.4.0_6237/ide/plugins/com.nxp.mcuxpresso.tools.win32_11.4.0.202103011116/tools/bin/../lib/gcc/arm-none-eabi/10.2.1/thumb/v7-m/nofp\libcr_eabihelpers.a(division_idiv0.o)
                              f:/nxp/mcuxpressoide_11.4.0_6237/ide/plugins/com.nxp.mcuxpresso.tools.win32_11.4.0.202103011116/tools/bin/../lib/gcc/arm-none-eabi/10.2.1/thumb/v7-m/nofp\libcr_eabihelpers.a(division_64.o) (__aeabi_idiv0)

Discarded input sections

 .group         0x00000000        0xc ./src/cr_startup_lpc175x_6x.o
 .text          0x00000000        0x0 ./src/cr_startup_lpc175x_6x.o
 .data          0x00000000        0x0 ./src/cr_startup_lpc175x_6x.o
 .bss           0x00000000        0x0 ./src/cr_startup_lpc175x_6x.o
 .group         0x00000000        0xc ./src/crp.o
 .group         0x00000000        0xc ./src/crp.o
 .text          0x00000000        0x0 ./src/crp.o
 .data          0x00000000        0x0 ./src/crp.o
 .bss           0x00000000        0x0 ./src/crp.o
 .debug_macro   0x00000000      0xa7e ./src/crp.o
 .group         0x00000000        0xc ./src/main.o
 .group         0x00000000        0xc ./src/main.o
 .group         0x00000000        0xc ./src/main.o
 .group         0x00000000        0xc ./src/main.o
 .group         0x00000000        0xc ./src/main.o
 .group         0x00000000        0xc ./src/main.o
 .group         0x00000000        0xc ./src/main.o
 .group         0x00000000        0xc ./src/main.o
 .group         0x00000000        0xc ./src/main.o
 .group         0x00000000        0xc ./src/main.o
 .group         0x00000000        0xc ./src/main.o
 .group         0x00000000        0xc ./src/main.o
 .group         0x00000000        0xc ./src/main.o
 .group         0x00000000        0xc ./src/main.o
 .group         0x00000000        0xc ./src/main.o
 .group         0x00000000        0xc ./src/main.o
 .text          0x00000000        0x0 ./src/main.o
 .data          0x00000000        0x0 ./src/main.o
 .bss           0x00000000        0x0 ./src/main.o
 .text.Antirebote
                0x00000000       0x2c ./src/main.o
 .bss.cvalue    0x00000000        0x1 ./src/main.o
 .text.retardo  0x00000000       0x2c ./src/main.o
[...]
Memory Configuration

Name             Origin             Length             Attributes
MFlash512        0x00000000         0x00080000         xr
RamLoc32         0x10000000         0x00008000         xrw
RamAHB32         0x2007c000         0x00008000         xrw
*default*        0x00000000         0xffffffff

Linker script and memory map

LOAD ./src/cr_startup_lpc175x_6x.o
LOAD ./src/crp.o
LOAD ./src/main.o
LOAD F:\Users\Matias Garcia\Documents\MCUXpressoIDE_11.4.0_6237\workspace - copia\CMSISv2p00_LPC17xx\Debug\libCMSISv2p00_LPC17xx.a
START GROUP
LOAD f:/nxp/mcuxpressoide_11.4.0_6237/ide/plugins/com.nxp.mcuxpresso.tools.win32_11.4.0.202103011116/tools/bin/../lib/gcc/arm-none-eabi/10.2.1/../../../../arm-none-eabi/lib/thumb/v7-m/nofp\libcr_c.a
LOAD f:/nxp/mcuxpressoide_11.4.0_6237/ide/plugins/com.nxp.mcuxpresso.tools.win32_11.4.0.202103011116/tools/bin/../lib/gcc/arm-none-eabi/10.2.1/thumb/v7-m/nofp\libcr_eabihelpers.a
LOAD f:/nxp/mcuxpressoide_11.4.0_6237/ide/plugins/com.nxp.mcuxpresso.tools.win32_11.4.0.202103011116/tools/bin/../lib/gcc/arm-none-eabi/10.2.1/thumb/v7-m/nofp\libgcc.a
END GROUP
                0x00000000                __base_MFlash512 = 0x0
                0x00000000                __base_Flash = 0x0
                0x00080000                __top_MFlash512 = 0x80000
                0x00080000                __top_Flash = 0x80000
                0x10000000                __base_RamLoc32 = 0x10000000
                0x10000000                __base_RAM = 0x10000000
                0x10008000                __top_RamLoc32 = 0x10008000
                0x10008000                __top_RAM = 0x10008000
                0x2007c000                __base_RamAHB32 = 0x2007c000
                0x2007c000                __base_RAM2 = 0x2007c000
                0x20084000                __top_RamAHB32 = 0x20084000
                0x20084000                __top_RAM2 = 0x20084000

.text           0x00000000     0x1e34
 FILL mask 0xff
                0x00000000                __vectors_start__ = ABSOLUTE (.)
 *(.isr_vector)
 .isr_vector    0x00000000       0xcc ./src/cr_startup_lpc175x_6x.o
                0x00000000                g_pfnVectors
                0x000000cc                . = ALIGN (0x4)
                0x000000cc                __section_table_start = .
                0x000000cc                __data_section_table = .
                0x000000cc        0x4 LONG 0x1e34 LOADADDR (.data)
                0x000000d0        0x4 LONG 0x10000000 ADDR (.data)
                0x000000d4        0x4 LONG 0x40 SIZEOF (.data)
                0x000000d8        0x4 LONG 0x1e34 LOADADDR (.data_RAM2)
                0x000000dc        0x4 LONG 0x2007c000 ADDR (.data_RAM2)
                0x000000e0        0x4 LONG 0x0 SIZEOF (.data_RAM2)
                0x000000e4                __data_section_table_end = .
                0x000000e4                __bss_section_table = .
                0x000000e4        0x4 LONG 0x10000040 ADDR (.bss)
                0x000000e8        0x4 LONG 0x24 SIZEOF (.bss)
                0x000000ec        0x4 LONG 0x2007c000 ADDR (.bss_RAM2)
                0x000000f0        0x4 LONG 0x0 SIZEOF (.bss_RAM2)
                0x000000f4                __bss_section_table_end = .
                0x000000f4                __section_table_end = .
 *(.after_vectors*)
 .after_vectors
                0x000000f4      0x130 ./src/cr_startup_lpc175x_6x.o
                0x000000f4                data_init
                0x00000138                bss_init
                0x00000170                ResetISR
                0x000001e8                NMI_Handler
                0x000001ee                HardFault_Handler
                0x000001f4                MemManage_Handler
                0x000001fa                BusFault_Handler
                0x00000200                UsageFault_Handler
                0x00000206                SVC_Handler
                0x0000020c                DebugMon_Handler
                0x00000212                PendSV_Handler
                0x00000218                SysTick_Handler
                0x0000021e                UART1_IRQHandler
                0x0000021e                CANActivity_IRQHandler
                0x0000021e                TIMER3_IRQHandler
                0x0000021e                UART0_IRQHandler
                0x0000021e                EINT2_IRQHandler
                0x0000021e                USBActivity_IRQHandler
                0x0000021e                IntDefaultHandler
                0x0000021e                PLL0_IRQHandler
                0x0000021e                I2C0_IRQHandler
                0x0000021e                I2C1_IRQHandler
                0x0000021e                SSP0_IRQHandler
                0x0000021e                I2S_IRQHandler
                0x0000021e                I2C2_IRQHandler
                0x0000021e                RTC_IRQHandler
                0x0000021e                SPI_IRQHandler
                0x0000021e                RIT_IRQHandler
                0x0000021e                EINT1_IRQHandler
                0x0000021e                TIMER1_IRQHandler
                0x0000021e                UART2_IRQHandler
                0x0000021e                ADC_IRQHandler
                0x0000021e                SSP1_IRQHandler
                0x0000021e                USB_IRQHandler
                0x0000021e                BOD_IRQHandler
                0x0000021e                PLL1_IRQHandler
                0x0000021e                WDT_IRQHandler
                0x0000021e                PWM1_IRQHandler
                0x0000021e                QEI_IRQHandler
                0x0000021e                EINT0_IRQHandler
                0x0000021e                CAN_IRQHandler
                0x0000021e                DMA_IRQHandler
                0x0000021e                TIMER2_IRQHandler
                0x0000021e                UART3_IRQHandler
                0x0000021e                MCPWM_IRQHandler
                0x0000021e                ENET_IRQHandler
                0x000002fc                . = 0x2fc
 *fill*         0x00000224       0xd8 ff
                0x000002fc                PROVIDE (__CRP_WORD_START__ = .)
 *(.crp)
 .crp           0x000002fc        0x4 ./src/crp.o
                0x000002fc                CRP_WORD
                0x00000300                PROVIDE (__CRP_WORD_END__ = .)
                0x00000001                ASSERT (! ((__CRP_WORD_START__ == __CRP_WORD_END__)), Linker CRP Enabled, but no CRP_WORD provided within application)
 *(.text*)
 .text.NVIC_EnableIRQ
                0x00000300       0x30 ./src/main.o
 .text.config_GPIO
                0x00000330       0xd2 ./src/main.o
                0x00000330                config_GPIO
 *fill*         0x00000402        0x2 ff
 .text.configINT
                0x00000404       0x3c ./src/main.o
                0x00000404                configINT
 .text.retardo10ms
                0x00000440       0x2c ./src/main.o
                0x00000440                retardo10ms
 .text.presiona
                0x0000046c       0xf4 ./src/main.o
                0x0000046c                presiona
 .text.readkey  0x00000560      0x108 ./src/main.o
                0x00000560                readkey
 .text.suelta   0x00000668       0x84 ./src/main.o
                0x00000668                suelta
 .text.setReloj
                0x000006ec       0xd8 ./src/main.o
                0x000006ec                setReloj
 .text.setTemperatura
                0x000007c4       0xbc ./src/main.o
                0x000007c4                setTemperatura
 .text.confUart
                0x00000880       0x44 ./src/main.o
                0x00000880                confUart
 .text.consoleclear
                0x000008c4       0x1c ./src/main.o
                0x000008c4                consoleclear
 .text.enviarReloj
                0x000008e0       0x1c ./src/main.o
                0x000008e0                enviarReloj
 .text.enviarRTemperatura
                0x000008fc       0x1c ./src/main.o
                0x000008fc                enviarRTemperatura
 .text.confTimers
                0x00000918       0xa4 ./src/main.o
                0x00000918                confTimers
 .text.TIMER0_IRQHandler
                0x000009bc       0x58 ./src/main.o
                0x000009bc                TIMER0_IRQHandler
 .text.confADC  0x00000a14       0x3c ./src/main.o
                0x00000a14                confADC
 .text.confDMA  0x00000a50       0x4c ./src/main.o
                0x00000a50                confDMA
 .text.main     0x00000a9c       0x3c ./src/main.o
                0x00000a9c                main
 .text.EINT3_IRQHandler
                0x00000ad8       0x78 ./src/main.o
                0x00000ad8                EINT3_IRQHandler
 .text.SetAlarma
                0x00000b50        0xc ./src/main.o
                0x00000b50                SetAlarma
 .text.SetHora  0x00000b5c      0x238 ./src/main.o
                0x00000b5c                SetHora
 .text.CambiarMenu
                0x00000d94       0x28 ./src/main.o
                0x00000d94                CambiarMenu
 .text.VerificarAlarma
                0x00000dbc       0x34 ./src/main.o
                0x00000dbc                VerificarAlarma
 .text.MostrarTemp
                0x00000df0       0x60 ./src/main.o
                0x00000df0                MostrarTemp
 .text.MostrarHora
                0x00000e50       0x30 ./src/main.o
                0x00000e50                MostrarHora
 .text.SonarAlarma
                0x00000e80        0xc ./src/main.o
                0x00000e80                SonarAlarma
 .text.SystemInit
                0x00000e8c       0xd8 F:\Users\Matias Garcia\Documents\MCUXpressoIDE_11.4.0_6237\workspace - copia\CMSISv2p00_LPC17xx\Debug\libCMSISv2p00_LPC17xx.a(system_LPC17xx.o)
                0x00000e8c                SystemInit
 .text.ADC_Init
                0x00000f64       0x58 F:\Users\Matias Garcia\Documents\MCUXpressoIDE_11.4.0_6237\workspace - copia\CMSISv2p00_LPC17xx\Debug\libCMSISv2p00_LPC17xx.a(lpc17xx_adc.o)
                0x00000f64                ADC_Init
 .text.ADC_StartCmd
                0x00000fbc       0x3c F:\Users\Matias Garcia\Documents\MCUXpressoIDE_11.4.0_6237\workspace - copia\CMSISv2p00_LPC17xx\Debug\libCMSISv2p00_LPC17xx.a(lpc17xx_adc.o)
                0x00000fbc                ADC_StartCmd
 .text.ADC_BurstCmd
                0x00000ff8       0x30 F:\Users\Matias Garcia\Documents\MCUXpressoIDE_11.4.0_6237\workspace - copia\CMSISv2p00_LPC17xx\Debug\libCMSISv2p00_LPC17xx.a(lpc17xx_adc.o)
                0x00000ff8                ADC_BurstCmd
 .text.ADC_EdgeStartConfig
                0x00001028       0x3c F:\Users\Matias Garcia\Documents\MCUXpressoIDE_11.4.0_6237\workspace - copia\CMSISv2p00_LPC17xx\Debug\libCMSISv2p00_LPC17xx.a(lpc17xx_adc.o)
                0x00001028                ADC_EdgeStartConfig
 .text.ADC_ChannelCmd
                0x00001064       0x34 F:\Users\Matias Garcia\Documents\MCUXpressoIDE_11.4.0_6237\workspace - copia\CMSISv2p00_LPC17xx\Debug\libCMSISv2p00_LPC17xx.a(lpc17xx_adc.o)
                0x00001064                ADC_ChannelCmd
 .text.CLKPWR_SetPCLKDiv
                0x00001098       0x4c F:\Users\Matias Garcia\Documents\MCUXpressoIDE_11.4.0_6237\workspace - copia\CMSISv2p00_LPC17xx\Debug\libCMSISv2p00_LPC17xx.a(lpc17xx_clkpwr.o)
                0x00001098                CLKPWR_SetPCLKDiv
 .text.CLKPWR_GetPCLKSEL
                0x000010e4       0x20 F:\Users\Matias Garcia\Documents\MCUXpressoIDE_11.4.0_6237\workspace - copia\CMSISv2p00_LPC17xx\Debug\libCMSISv2p00_LPC17xx.a(lpc17xx_clkpwr.o)
                0x000010e4                CLKPWR_GetPCLKSEL
 .text.CLKPWR_GetPCLK
                0x00001104       0x20 F:\Users\Matias Garcia\Documents\MCUXpressoIDE_11.4.0_6237\workspace - copia\CMSISv2p00_LPC17xx\Debug\libCMSISv2p00_LPC17xx.a(lpc17xx_clkpwr.o)
                0x00001104                CLKPWR_GetPCLK
 .text.CLKPWR_ConfigPPWR
                0x00001124       0x34 F:\Users\Matias Garcia\Documents\MCUXpressoIDE_11.4.0_6237\workspace - copia\CMSISv2p00_LPC17xx\Debug\libCMSISv2p00_LPC17xx.a(lpc17xx_clkpwr.o)
                0x00001124                CLKPWR_ConfigPPWR
 .text.GPDMA_Init
                0x00001158       0x38 F:\Users\Matias Garcia\Documents\MCUXpressoIDE_11.4.0_6237\workspace - copia\CMSISv2p00_LPC17xx\Debug\libCMSISv2p00_LPC17xx.a(lpc17xx_gpdma.o)
                0x00001158                GPDMA_Init
 .text.GPDMA_Setup
                0x00001190      0x1d8 F:\Users\Matias Garcia\Documents\MCUXpressoIDE_11.4.0_6237\workspace - copia\CMSISv2p00_LPC17xx\Debug\libCMSISv2p00_LPC17xx.a(lpc17xx_gpdma.o)
                0x00001190                GPDMA_Setup
 .text.GPDMA_ChannelCmd
                0x00001368       0x1c F:\Users\Matias Garcia\Documents\MCUXpressoIDE_11.4.0_6237\workspace - copia\CMSISv2p00_LPC17xx\Debug\libCMSISv2p00_LPC17xx.a(lpc17xx_gpdma.o)
                0x00001368                GPDMA_ChannelCmd
 .text.GPIO_GetPointer
                0x00001384       0x12 F:\Users\Matias Garcia\Documents\MCUXpressoIDE_11.4.0_6237\workspace - copia\CMSISv2p00_LPC17xx\Debug\libCMSISv2p00_LPC17xx.a(lpc17xx_gpio.o)
 .text.GPIO_SetDir
                0x00001396       0x18 F:\Users\Matias Garcia\Documents\MCUXpressoIDE_11.4.0_6237\workspace - copia\CMSISv2p00_LPC17xx\Debug\libCMSISv2p00_LPC17xx.a(lpc17xx_gpio.o)
                0x00001396                GPIO_SetDir
 .text.check_failed
                0x000013ae        0x2 F:\Users\Matias Garcia\Documents\MCUXpressoIDE_11.4.0_6237\workspace - copia\CMSISv2p00_LPC17xx\Debug\libCMSISv2p00_LPC17xx.a(lpc17xx_libcfg_default.o)
                0x000013ae                check_failed
 .text.PINSEL_ConfigPin
                0x000013b0       0x7c F:\Users\Matias Garcia\Documents\MCUXpressoIDE_11.4.0_6237\workspace - copia\CMSISv2p00_LPC17xx\Debug\libCMSISv2p00_LPC17xx.a(lpc17xx_pinsel.o)
                0x000013b0                PINSEL_ConfigPin
 .text.TIM_Init
                0x0000142c      0x15c F:\Users\Matias Garcia\Documents\MCUXpressoIDE_11.4.0_6237\workspace - copia\CMSISv2p00_LPC17xx\Debug\libCMSISv2p00_LPC17xx.a(lpc17xx_timer.o)
                0x0000142c                TIM_Init
 .text.TIM_Cmd  0x00001588       0x48 F:\Users\Matias Garcia\Documents\MCUXpressoIDE_11.4.0_6237\workspace - copia\CMSISv2p00_LPC17xx\Debug\libCMSISv2p00_LPC17xx.a(lpc17xx_timer.o)
                0x00001588                TIM_Cmd
 .text.TIM_ConfigMatch
                0x000015d0       0xcc F:\Users\Matias Garcia\Documents\MCUXpressoIDE_11.4.0_6237\workspace - copia\CMSISv2p00_LPC17xx\Debug\libCMSISv2p00_LPC17xx.a(lpc17xx_timer.o)
                0x000015d0                TIM_ConfigMatch
 .text.UART_Init
                0x0000169c      0x28c F:\Users\Matias Garcia\Documents\MCUXpressoIDE_11.4.0_6237\workspace - copia\CMSISv2p00_LPC17xx\Debug\libCMSISv2p00_LPC17xx.a(lpc17xx_uart.o)
                0x0000169c                UART_Init
 .text.UART_ConfigStructInit
                0x00001928       0x12 F:\Users\Matias Garcia\Documents\MCUXpressoIDE_11.4.0_6237\workspace - copia\CMSISv2p00_LPC17xx\Debug\libCMSISv2p00_LPC17xx.a(lpc17xx_uart.o)
                0x00001928                UART_ConfigStructInit
 *fill*         0x0000193a        0x2 ff
 .text.UART_SendByte
                0x0000193c       0x3c F:\Users\Matias Garcia\Documents\MCUXpressoIDE_11.4.0_6237\workspace - copia\CMSISv2p00_LPC17xx\Debug\libCMSISv2p00_LPC17xx.a(lpc17xx_uart.o)
                0x0000193c                UART_SendByte
 .text.UART_Send
                0x00001978       0x84 F:\Users\Matias Garcia\Documents\MCUXpressoIDE_11.4.0_6237\workspace - copia\CMSISv2p00_LPC17xx\Debug\libCMSISv2p00_LPC17xx.a(lpc17xx_uart.o)
                0x00001978                UART_Send
 .text.UART_FIFOConfig
                0x000019fc       0xa8 F:\Users\Matias Garcia\Documents\MCUXpressoIDE_11.4.0_6237\workspace - copia\CMSISv2p00_LPC17xx\Debug\libCMSISv2p00_LPC17xx.a(lpc17xx_uart.o)
                0x000019fc                UART_FIFOConfig
 .text.UART_FIFOConfigStructInit
                0x00001aa4        0xe F:\Users\Matias Garcia\Documents\MCUXpressoIDE_11.4.0_6237\workspace - copia\CMSISv2p00_LPC17xx\Debug\libCMSISv2p00_LPC17xx.a(lpc17xx_uart.o)
                0x00001aa4                UART_FIFOConfigStructInit
 *fill*         0x00001ab2        0x2 ff
 .text.UART_TxCmd
                0x00001ab4       0x60 F:\Users\Matias Garcia\Documents\MCUXpressoIDE_11.4.0_6237\workspace - copia\CMSISv2p00_LPC17xx\Debug\libCMSISv2p00_LPC17xx.a(lpc17xx_uart.o)
                0x00001ab4                UART_TxCmd
 .text.__weak_main
                0x00001b14        0x4 f:/nxp/mcuxpressoide_11.4.0_6237/ide/plugins/com.nxp.mcuxpresso.tools.win32_11.4.0.202103011116/tools/bin/../lib/gcc/arm-none-eabi/10.2.1/../../../../arm-none-eabi/lib/thumb/v7-m/nofp\libcr_c.a(__weak__main.o)
                0x00001b14                __weak_main
                0x00001b14                __main
 .text.__aeabi_division_uldivmod
                0x00001b18      0x174 f:/nxp/mcuxpressoide_11.4.0_6237/ide/plugins/com.nxp.mcuxpresso.tools.win32_11.4.0.202103011116/tools/bin/../lib/gcc/arm-none-eabi/10.2.1/thumb/v7-m/nofp\libcr_eabihelpers.a(division_64.o)
                0x00001b18                __aeabi_uldivmod
                0x00001b1c                __bhs_ldivmod1
 .text.__aeabi_division_idiv0
                0x00001c8c        0x2 f:/nxp/mcuxpressoide_11.4.0_6237/ide/plugins/com.nxp.mcuxpresso.tools.win32_11.4.0.202103011116/tools/bin/../lib/gcc/arm-none-eabi/10.2.1/thumb/v7-m/nofp\libcr_eabihelpers.a(division_idiv0.o)
                0x00001c8c                __aeabi_idiv0
 *(.rodata .rodata.* .constdata .constdata.*)
 *fill*         0x00001c8e        0x2 ff
 .rodata.SetHora.str1.4
                0x00001c90       0xdc ./src/main.o
 .rodata.ADC_Init.str1.1
                0x00001d6c        0xf F:\Users\Matias Garcia\Documents\MCUXpressoIDE_11.4.0_6237\workspace - copia\CMSISv2p00_LPC17xx\Debug\libCMSISv2p00_LPC17xx.a(lpc17xx_adc.o)
 .rodata.CSWTCH.5
                0x00001d7b        0x4 F:\Users\Matias Garcia\Documents\MCUXpressoIDE_11.4.0_6237\workspace - copia\CMSISv2p00_LPC17xx\Debug\libCMSISv2p00_LPC17xx.a(lpc17xx_clkpwr.o)
 *fill*         0x00001d7f        0x1 ff
 .rodata.GPDMA_LUTPerAddr
                0x00001d80       0x60 F:\Users\Matias Garcia\Documents\MCUXpressoIDE_11.4.0_6237\workspace - copia\CMSISv2p00_LPC17xx\Debug\libCMSISv2p00_LPC17xx.a(lpc17xx_gpdma.o)
                0x00001d80                GPDMA_LUTPerAddr
 .rodata.GPDMA_LUTPerBurst
                0x00001de0       0x18 F:\Users\Matias Garcia\Documents\MCUXpressoIDE_11.4.0_6237\workspace - copia\CMSISv2p00_LPC17xx\Debug\libCMSISv2p00_LPC17xx.a(lpc17xx_gpdma.o)
                0x00001de0                GPDMA_LUTPerBurst
 .rodata.GPDMA_LUTPerWid
                0x00001df8       0x18 F:\Users\Matias Garcia\Documents\MCUXpressoIDE_11.4.0_6237\workspace - copia\CMSISv2p00_LPC17xx\Debug\libCMSISv2p00_LPC17xx.a(lpc17xx_gpdma.o)
                0x00001df8                GPDMA_LUTPerWid
 .rodata.TIM_GetIntStatus.str1.1
                0x00001e10       0x11 F:\Users\Matias Garcia\Documents\MCUXpressoIDE_11.4.0_6237\workspace - copia\CMSISv2p00_LPC17xx\Debug\libCMSISv2p00_LPC17xx.a(lpc17xx_timer.o)
 .rodata.UART_Init.str1.1
                0x00001e21       0x10 F:\Users\Matias Garcia\Documents\MCUXpressoIDE_11.4.0_6237\workspace - copia\CMSISv2p00_LPC17xx\Debug\libCMSISv2p00_LPC17xx.a(lpc17xx_uart.o)
                0x00001e34                . = ALIGN (0x4)
 *fill*         0x00001e31        0x3 ff

.glue_7         0x00001e34        0x0
 .glue_7        0x00001e34        0x0 linker stubs

.glue_7t        0x00001e34        0x0
 .glue_7t       0x00001e34        0x0 linker stubs

.vfp11_veneer   0x00001e34        0x0
 .vfp11_veneer  0x00001e34        0x0 linker stubs

.v4_bx          0x00001e34        0x0
 .v4_bx         0x00001e34        0x0 linker stubs

.iplt           0x00001e34        0x0
 .iplt          0x00001e34        0x0 ./src/cr_startup_lpc175x_6x.o

.rel.dyn        0x00001e34        0x0
 .rel.iplt      0x00001e34        0x0 ./src/cr_startup_lpc175x_6x.o

.ARM.extab
 *(.ARM.extab* .gnu.linkonce.armextab.*)

.ARM.exidx      0x00001e34        0x0
                0x00001e34                __exidx_start = .
 *(.ARM.exidx* .gnu.linkonce.armexidx.*)
                0x00001e34                __exidx_end = .
                0x00001e34                _etext = .

.data_RAM2      0x2007c000        0x0 load address 0x00001e34
 FILL mask 0xff
                [!provide]                PROVIDE (__start_data_RAM2 = .)
                [!provide]                PROVIDE (__start_data_RamAHB32 = .)
 *(.ramfunc.$RAM2)
 *(.ramfunc.$RamAHB32)
 *(.data.$RAM2)
 *(.data.$RamAHB32)
 *(.data.$RAM2.*)
 *(.data.$RamAHB32.*)
                0x2007c000                . = ALIGN (0x4)
                [!provide]                PROVIDE (__end_data_RAM2 = .)
                [!provide]                PROVIDE (__end_data_RamAHB32 = .)

.uninit_RESERVED
                0x10000000        0x0
                0x10000000                _start_uninit_RESERVED = .
 *(.bss.$RESERVED*)
                0x10000000                . = ALIGN (0x4)
                0x10000000                _end_uninit_RESERVED = .

.data           0x10000000       0x40 load address 0x00001e34
 FILL mask 0xff
                0x10000000                _data = .
                [!provide]                PROVIDE (__start_data_RAM = .)
                [!provide]                PROVIDE (__start_data_RamLoc32 = .)
 *(vtable)
 *(.ramfunc*)
 *(CodeQuickAccess)
 *(DataQuickAccess)
 *(RamFunction)
 *(.data*)
 .data.keypad   0x10000000       0x14 ./src/main.o
                0x10000000                keypad
 .data.clear    0x10000014        0x7 ./src/main.o
                0x10000014                clear
 *fill*         0x1000001b        0x1 ff
 .data.SystemCoreClock
                0x1000001c        0x4 F:\Users\Matias Garcia\Documents\MCUXpressoIDE_11.4.0_6237\workspace - copia\CMSISv2p00_LPC17xx\Debug\libCMSISv2p00_LPC17xx.a(system_LPC17xx.o)
                0x1000001c                SystemCoreClock
 .data.pGPDMACh
                0x10000020       0x20 F:\Users\Matias Garcia\Documents\MCUXpressoIDE_11.4.0_6237\workspace - copia\CMSISv2p00_LPC17xx\Debug\libCMSISv2p00_LPC17xx.a(lpc17xx_gpdma.o)
                0x10000020                pGPDMACh
                0x10000040                . = ALIGN (0x4)
                0x10000040                _edata = .
                [!provide]                PROVIDE (__end_data_RAM = .)
                [!provide]                PROVIDE (__end_data_RamLoc32 = .)

.igot.plt       0x10000040        0x0 load address 0x00001e74
 .igot.plt      0x10000040        0x0 ./src/cr_startup_lpc175x_6x.o

.bss_RAM2       0x2007c000        0x0
                [!provide]                PROVIDE (__start_bss_RAM2 = .)
                [!provide]                PROVIDE (__start_bss_RamAHB32 = .)
 *(.bss.$RAM2)
 *(.bss.$RamAHB32)
 *(.bss.$RAM2.*)
 *(.bss.$RamAHB32.*)
                0x2007c000                . = ALIGN ((. != 0x0)?0x4:0x1)
                [!provide]                PROVIDE (__end_bss_RAM2 = .)
                [!provide]                PROVIDE (__end_bss_RamAHB32 = .)

.bss            0x10000040       0x24
                0x10000040                _bss = .
                [!provide]                PROVIDE (__start_bss_RAM = .)
                [!provide]                PROVIDE (__start_bss_RamLoc32 = .)
 *(.bss*)
 .bss.HoraAlarma
                0x10000040        0x1 ./src/main.o
                0x10000040                HoraAlarma
 .bss.HoraReloj
                0x10000041        0x1 ./src/main.o
                0x10000041                HoraReloj
 .bss.MinutosAlarma
                0x10000042        0x1 ./src/main.o
                0x10000042                MinutosAlarma
 .bss.MinutosReloj
                0x10000043        0x1 ./src/main.o
                0x10000043                MinutosReloj
 .bss.Temp      0x10000044        0x2 ./src/main.o
                0x10000044                Temp
 .bss.ADC0Value
                0x10000046        0x2 ./src/main.o
                0x10000046                ADC0Value
 .bss.keypress  0x10000048        0x1 ./src/main.o
                0x10000048                keypress
 *fill*         0x10000049        0x3 
 .bss.reloj     0x1000004c        0x5 ./src/main.o
                0x1000004c                reloj
 *fill*         0x10000051        0x3 
 .bss.temperatura
                0x10000054        0xa ./src/main.o
                0x10000054                temperatura
 .bss.menu      0x1000005e        0x1 ./src/main.o
                0x1000005e                menu
 .bss.hora      0x1000005f        0x1 ./src/main.o
                0x1000005f                hora
 .bss.minutos   0x10000060        0x1 ./src/main.o
                0x10000060                minutos
 *(COMMON)
                0x10000064                . = ALIGN (0x4)
 *fill*         0x10000061        0x3 
                0x10000064                _ebss = .
                [!provide]                PROVIDE (__end_bss_RAM = .)
                [!provide]                PROVIDE (__end_bss_RamLoc32 = .)
                [!provide]                PROVIDE (end = .)

.noinit_RAM2    0x2007c000        0x0
                [!provide]                PROVIDE (__start_noinit_RAM2 = .)
                [!provide]                PROVIDE (__start_noinit_RamAHB32 = .)
 *(.noinit.$RAM2)
 *(.noinit.$RamAHB32)
 *(.noinit.$RAM2.*)
 *(.noinit.$RamAHB32.*)
                0x2007c000                . = ALIGN (0x4)
                [!provide]                PROVIDE (__end_noinit_RAM2 = .)
                [!provide]                PROVIDE (__end_noinit_RamAHB32 = .)

.noinit         0x10000064        0x0
                0x10000064                _noinit = .
                [!provide]                PROVIDE (__start_noinit_RAM = .)
                [!provide]                PROVIDE (__start_noinit_RamLoc32 = .)
 *(.noinit*)
                0x10000064                . = ALIGN (0x4)
                0x10000064                _end_noinit = .
                [!provide]                PROVIDE (__end_noinit_RAM = .)
                [!provide]                PROVIDE (__end_noinit_RamLoc32 = .)
                [!provide]                PROVIDE (_pvHeapStart = DEFINED (__user_heap_base)?__user_heap_base:.)
                0x10008000                PROVIDE (_vStackTop = DEFINED (__user_stack_top)?__user_stack_top:(__top_RamLoc32 - 0x0))
                0xefff74c6                PROVIDE (__valid_user_code_checksum = (0x0 - ((((((_vStackTop + (ResetISR + 0x1)) + (NMI_Handler + 0x1)) + (HardFault_Handler + 0x1)) + (DEFINED (MemManage_Handler)?MemManage_Handler:0x0 + 0x1)) + (DEFINED (BusFault_Handler)?BusFault_Handler:0x0 + 0x1)) + (DEFINED (UsageFault_Handler)?UsageFault_Handler:0x0 + 0x1))))
                0x00000000                _image_start = LOADADDR (.text)
                0x00001e74                _image_end = (LOADADDR (.data) + SIZEOF (.data))
                0x00001e74                _image_size = (_image_end - _image_start)
OUTPUT(TPFinalDigital3.axf elf32-littlearm)
LOAD linker stubs

.debug_info     0x00000000     0x7a32
 .debug_info    0x00000000      0x27f ./src/cr_startup_lpc175x_6x.o
 .debug_info    0x0000027f       0x40 ./src/crp.o
 .debug_info    0x000002bf     0x148c ./src/main.o
 .debug_info    0x0000174b      0x347 F:\Users\Matias Garcia\Documents\MCUXpressoIDE_11.4.0_6237\workspace - copia\CMSISv2p00_LPC17xx\Debug\libCMSISv2p00_LPC17xx.a(system_LPC17xx.o)
 .debug_info    0x00001a92      0x8f0 F:\Users\Matias Garcia\Documents\MCUXpressoIDE_11.4.0_6237\workspace - copia\CMSISv2p00_LPC17xx\Debug\libCMSISv2p00_LPC17xx.a(lpc17xx_adc.o)
 .debug_info    0x00002382      0x6ca F:\Users\Matias Garcia\Documents\MCUXpressoIDE_11.4.0_6237\workspace - copia\CMSISv2p00_LPC17xx\Debug\libCMSISv2p00_LPC17xx.a(lpc17xx_clkpwr.o)
 .debug_info    0x00002a4c     0x112b F:\Users\Matias Garcia\Documents\MCUXpressoIDE_11.4.0_6237\workspace - copia\CMSISv2p00_LPC17xx\Debug\libCMSISv2p00_LPC17xx.a(lpc17xx_gpdma.o)
 .debug_info    0x00003b77      0xfb3 F:\Users\Matias Garcia\Documents\MCUXpressoIDE_11.4.0_6237\workspace - copia\CMSISv2p00_LPC17xx\Debug\libCMSISv2p00_LPC17xx.a(lpc17xx_gpio.o)
 .debug_info    0x00004b2a       0xd4 F:\Users\Matias Garcia\Documents\MCUXpressoIDE_11.4.0_6237\workspace - copia\CMSISv2p00_LPC17xx\Debug\libCMSISv2p00_LPC17xx.a(lpc17xx_libcfg_default.o)
 .debug_info    0x00004bfe      0x544 F:\Users\Matias Garcia\Documents\MCUXpressoIDE_11.4.0_6237\workspace - copia\CMSISv2p00_LPC17xx\Debug\libCMSISv2p00_LPC17xx.a(lpc17xx_pinsel.o)
 .debug_info    0x00005142      0xc54 F:\Users\Matias Garcia\Documents\MCUXpressoIDE_11.4.0_6237\workspace - copia\CMSISv2p00_LPC17xx\Debug\libCMSISv2p00_LPC17xx.a(lpc17xx_timer.o)
 .debug_info    0x00005d96     0x1c9c F:\Users\Matias Garcia\Documents\MCUXpressoIDE_11.4.0_6237\workspace - copia\CMSISv2p00_LPC17xx\Debug\libCMSISv2p00_LPC17xx.a(lpc17xx_uart.o)

.debug_abbrev   0x00000000     0x1709
 .debug_abbrev  0x00000000      0x122 ./src/cr_startup_lpc175x_6x.o
 .debug_abbrev  0x00000122       0x38 ./src/crp.o
 .debug_abbrev  0x0000015a      0x311 ./src/main.o
 .debug_abbrev  0x0000046b      0x10e F:\Users\Matias Garcia\Documents\MCUXpressoIDE_11.4.0_6237\workspace - copia\CMSISv2p00_LPC17xx\Debug\libCMSISv2p00_LPC17xx.a(system_LPC17xx.o)
 .debug_abbrev  0x00000579      0x1bb F:\Users\Matias Garcia\Documents\MCUXpressoIDE_11.4.0_6237\workspace - copia\CMSISv2p00_LPC17xx\Debug\libCMSISv2p00_LPC17xx.a(lpc17xx_adc.o)
 .debug_abbrev  0x00000734      0x1f1 F:\Users\Matias Garcia\Documents\MCUXpressoIDE_11.4.0_6237\workspace - copia\CMSISv2p00_LPC17xx\Debug\libCMSISv2p00_LPC17xx.a(lpc17xx_clkpwr.o)
 .debug_abbrev  0x00000925      0x287 F:\Users\Matias Garcia\Documents\MCUXpressoIDE_11.4.0_6237\workspace - copia\CMSISv2p00_LPC17xx\Debug\libCMSISv2p00_LPC17xx.a(lpc17xx_gpdma.o)
 .debug_abbrev  0x00000bac      0x303 F:\Users\Matias Garcia\Documents\MCUXpressoIDE_11.4.0_6237\workspace - copia\CMSISv2p00_LPC17xx\Debug\libCMSISv2p00_LPC17xx.a(lpc17xx_gpio.o)
 .debug_abbrev  0x00000eaf       0x75 F:\Users\Matias Garcia\Documents\MCUXpressoIDE_11.4.0_6237\workspace - copia\CMSISv2p00_LPC17xx\Debug\libCMSISv2p00_LPC17xx.a(lpc17xx_libcfg_default.o)
 .debug_abbrev  0x00000f24      0x1b9 F:\Users\Matias Garcia\Documents\MCUXpressoIDE_11.4.0_6237\workspace - copia\CMSISv2p00_LPC17xx\Debug\libCMSISv2p00_LPC17xx.a(lpc17xx_pinsel.o)
 .debug_abbrev  0x000010dd      0x2c8 F:\Users\Matias Garcia\Documents\MCUXpressoIDE_11.4.0_6237\workspace - copia\CMSISv2p00_LPC17xx\Debug\libCMSISv2p00_LPC17xx.a(lpc17xx_timer.o)
 .debug_abbrev  0x000013a5      0x364 F:\Users\Matias Garcia\Documents\MCUXpressoIDE_11.4.0_6237\workspace - copia\CMSISv2p00_LPC17xx\Debug\libCMSISv2p00_LPC17xx.a(lpc17xx_uart.o)

.debug_aranges  0x00000000      0x580
 .debug_aranges
                0x00000000       0x80 ./src/cr_startup_lpc175x_6x.o
 .debug_aranges
                0x00000080       0x18 ./src/crp.o
 .debug_aranges
                0x00000098       0xf8 ./src/main.o
 .debug_aranges
                0x00000190       0x28 F:\Users\Matias Garcia\Documents\MCUXpressoIDE_11.4.0_6237\workspace - copia\CMSISv2p00_LPC17xx\Debug\libCMSISv2p00_LPC17xx.a(system_LPC17xx.o)
 .debug_aranges
                0x000001b8       0x80 F:\Users\Matias Garcia\Documents\MCUXpressoIDE_11.4.0_6237\workspace - copia\CMSISv2p00_LPC17xx\Debug\libCMSISv2p00_LPC17xx.a(lpc17xx_adc.o)
 .debug_aranges
                0x00000238       0x58 F:\Users\Matias Garcia\Documents\MCUXpressoIDE_11.4.0_6237\workspace - copia\CMSISv2p00_LPC17xx\Debug\libCMSISv2p00_LPC17xx.a(lpc17xx_clkpwr.o)
 .debug_aranges
                0x00000290       0x40 F:\Users\Matias Garcia\Documents\MCUXpressoIDE_11.4.0_6237\workspace - copia\CMSISv2p00_LPC17xx\Debug\libCMSISv2p00_LPC17xx.a(lpc17xx_gpdma.o)
 .debug_aranges
                0x000002d0       0xe8 F:\Users\Matias Garcia\Documents\MCUXpressoIDE_11.4.0_6237\workspace - copia\CMSISv2p00_LPC17xx\Debug\libCMSISv2p00_LPC17xx.a(lpc17xx_gpio.o)
 .debug_aranges
                0x000003b8       0x20 F:\Users\Matias Garcia\Documents\MCUXpressoIDE_11.4.0_6237\workspace - copia\CMSISv2p00_LPC17xx\Debug\libCMSISv2p00_LPC17xx.a(lpc17xx_libcfg_default.o)
 .debug_aranges
                0x000003d8       0x30 F:\Users\Matias Garcia\Documents\MCUXpressoIDE_11.4.0_6237\workspace - copia\CMSISv2p00_LPC17xx\Debug\libCMSISv2p00_LPC17xx.a(lpc17xx_pinsel.o)
 .debug_aranges
                0x00000408       0x80 F:\Users\Matias Garcia\Documents\MCUXpressoIDE_11.4.0_6237\workspace - copia\CMSISv2p00_LPC17xx\Debug\libCMSISv2p00_LPC17xx.a(lpc17xx_timer.o)
 .debug_aranges
                0x00000488       0xf8 F:\Users\Matias Garcia\Documents\MCUXpressoIDE_11.4.0_6237\workspace - copia\CMSISv2p00_LPC17xx\Debug\libCMSISv2p00_LPC17xx.a(lpc17xx_uart.o)

.debug_ranges   0x00000000      0x5d0
 .debug_ranges  0x00000000       0x70 ./src/cr_startup_lpc175x_6x.o
 .debug_ranges  0x00000070       0xe8 ./src/main.o
 .debug_ranges  0x00000158       0x18 F:\Users\Matias Garcia\Documents\MCUXpressoIDE_11.4.0_6237\workspace - copia\CMSISv2p00_LPC17xx\Debug\libCMSISv2p00_LPC17xx.a(system_LPC17xx.o)
 .debug_ranges  0x00000170       0x70 F:\Users\Matias Garcia\Documents\MCUXpressoIDE_11.4.0_6237\workspace - copia\CMSISv2p00_LPC17xx\Debug\libCMSISv2p00_LPC17xx.a(lpc17xx_adc.o)
 .debug_ranges  0x000001e0       0x48 F:\Users\Matias Garcia\Documents\MCUXpressoIDE_11.4.0_6237\workspace - copia\CMSISv2p00_LPC17xx\Debug\libCMSISv2p00_LPC17xx.a(lpc17xx_clkpwr.o)
 .debug_ranges  0x00000228       0x30 F:\Users\Matias Garcia\Documents\MCUXpressoIDE_11.4.0_6237\workspace - copia\CMSISv2p00_LPC17xx\Debug\libCMSISv2p00_LPC17xx.a(lpc17xx_gpdma.o)
 .debug_ranges  0x00000258       0xf0 F:\Users\Matias Garcia\Documents\MCUXpressoIDE_11.4.0_6237\workspace - copia\CMSISv2p00_LPC17xx\Debug\libCMSISv2p00_LPC17xx.a(lpc17xx_gpio.o)
 .debug_ranges  0x00000348       0x10 F:\Users\Matias Garcia\Documents\MCUXpressoIDE_11.4.0_6237\workspace - copia\CMSISv2p00_LPC17xx\Debug\libCMSISv2p00_LPC17xx.a(lpc17xx_libcfg_default.o)
 .debug_ranges  0x00000358       0x60 F:\Users\Matias Garcia\Documents\MCUXpressoIDE_11.4.0_6237\workspace - copia\CMSISv2p00_LPC17xx\Debug\libCMSISv2p00_LPC17xx.a(lpc17xx_pinsel.o)
 .debug_ranges  0x000003b8       0xe8 F:\Users\Matias Garcia\Documents\MCUXpressoIDE_11.4.0_6237\workspace - copia\CMSISv2p00_LPC17xx\Debug\libCMSISv2p00_LPC17xx.a(lpc17xx_timer.o)
 .debug_ranges  0x000004a0      0x130 F:\Users\Matias Garcia\Documents\MCUXpressoIDE_11.4.0_6237\workspace - copia\CMSISv2p00_LPC17xx\Debug\libCMSISv2p00_LPC17xx.a(lpc17xx_uart.o)

.debug_macro    0x00000000     0x485c
 .debug_macro   0x00000000       0x1d ./src/cr_startup_lpc175x_6x.o
 .debug_macro   0x0000001d      0xa7e ./src/cr_startup_lpc175x_6x.o
 .debug_macro   0x00000a9b       0x1a ./src/crp.o
 .debug_macro   0x00000ab5       0x34 ./src/crp.o
 .debug_macro   0x00000ae9       0xe2 ./src/main.o
 .debug_macro   0x00000bcb       0x1c ./src/main.o
 .debug_macro   0x00000be7       0x2e ./src/main.o
 .debug_macro   0x00000c15       0x10 ./src/main.o
 .debug_macro   0x00000c25      0x12e ./src/main.o
 .debug_macro   0x00000d53      0x5b3 ./src/main.o
 .debug_macro   0x00001306       0x18 ./src/main.o
 .debug_macro   0x0000131e      0x7af ./src/main.o
 .debug_macro   0x00001acd      0x2c7 ./src/main.o
 .debug_macro   0x00001d94       0x63 ./src/main.o
 .debug_macro   0x00001df7       0x40 ./src/main.o
 .debug_macro   0x00001e37      0x13f ./src/main.o
 .debug_macro   0x00001f76      0x33a ./src/main.o
 .debug_macro   0x000022b0       0xea ./src/main.o
 .debug_macro   0x0000239a       0xeb ./src/main.o
 .debug_macro   0x00002485      0x2ae ./src/main.o
 .debug_macro   0x00002733      0x12b F:\Users\Matias Garcia\Documents\MCUXpressoIDE_11.4.0_6237\workspace - copia\CMSISv2p00_LPC17xx\Debug\libCMSISv2p00_LPC17xx.a(system_LPC17xx.o)
 .debug_macro   0x0000285e      0xa78 F:\Users\Matias Garcia\Documents\MCUXpressoIDE_11.4.0_6237\workspace - copia\CMSISv2p00_LPC17xx\Debug\libCMSISv2p00_LPC17xx.a(system_LPC17xx.o)
 .debug_macro   0x000032d6       0xa9 F:\Users\Matias Garcia\Documents\MCUXpressoIDE_11.4.0_6237\workspace - copia\CMSISv2p00_LPC17xx\Debug\libCMSISv2p00_LPC17xx.a(lpc17xx_adc.o)
 .debug_macro   0x0000337f       0xe5 F:\Users\Matias Garcia\Documents\MCUXpressoIDE_11.4.0_6237\workspace - copia\CMSISv2p00_LPC17xx\Debug\libCMSISv2p00_LPC17xx.a(lpc17xx_adc.o)
 .debug_macro   0x00003464      0x2f1 F:\Users\Matias Garcia\Documents\MCUXpressoIDE_11.4.0_6237\workspace - copia\CMSISv2p00_LPC17xx\Debug\libCMSISv2p00_LPC17xx.a(lpc17xx_adc.o)
 .debug_macro   0x00003755       0xdd F:\Users\Matias Garcia\Documents\MCUXpressoIDE_11.4.0_6237\workspace - copia\CMSISv2p00_LPC17xx\Debug\libCMSISv2p00_LPC17xx.a(lpc17xx_adc.o)
 .debug_macro   0x00003832       0x8d F:\Users\Matias Garcia\Documents\MCUXpressoIDE_11.4.0_6237\workspace - copia\CMSISv2p00_LPC17xx\Debug\libCMSISv2p00_LPC17xx.a(lpc17xx_clkpwr.o)
 .debug_macro   0x000038bf       0x1c F:\Users\Matias Garcia\Documents\MCUXpressoIDE_11.4.0_6237\workspace - copia\CMSISv2p00_LPC17xx\Debug\libCMSISv2p00_LPC17xx.a(lpc17xx_clkpwr.o)
 .debug_macro   0x000038db      0x2c7 F:\Users\Matias Garcia\Documents\MCUXpressoIDE_11.4.0_6237\workspace - copia\CMSISv2p00_LPC17xx\Debug\libCMSISv2p00_LPC17xx.a(lpc17xx_clkpwr.o)
 .debug_macro   0x00003ba2       0xa9 F:\Users\Matias Garcia\Documents\MCUXpressoIDE_11.4.0_6237\workspace - copia\CMSISv2p00_LPC17xx\Debug\libCMSISv2p00_LPC17xx.a(lpc17xx_gpdma.o)
 .debug_macro   0x00003c4b      0x2a8 F:\Users\Matias Garcia\Documents\MCUXpressoIDE_11.4.0_6237\workspace - copia\CMSISv2p00_LPC17xx\Debug\libCMSISv2p00_LPC17xx.a(lpc17xx_gpdma.o)
 .debug_macro   0x00003ef3       0x96 F:\Users\Matias Garcia\Documents\MCUXpressoIDE_11.4.0_6237\workspace - copia\CMSISv2p00_LPC17xx\Debug\libCMSISv2p00_LPC17xx.a(lpc17xx_gpio.o)
 .debug_macro   0x00003f89       0x5a F:\Users\Matias Garcia\Documents\MCUXpressoIDE_11.4.0_6237\workspace - copia\CMSISv2p00_LPC17xx\Debug\libCMSISv2p00_LPC17xx.a(lpc17xx_libcfg_default.o)
 .debug_macro   0x00003fe3       0x5d F:\Users\Matias Garcia\Documents\MCUXpressoIDE_11.4.0_6237\workspace - copia\CMSISv2p00_LPC17xx\Debug\libCMSISv2p00_LPC17xx.a(lpc17xx_libcfg_default.o)
 .debug_macro   0x00004040       0xd7 F:\Users\Matias Garcia\Documents\MCUXpressoIDE_11.4.0_6237\workspace - copia\CMSISv2p00_LPC17xx\Debug\libCMSISv2p00_LPC17xx.a(lpc17xx_libcfg_default.o)
 .debug_macro   0x00004117       0x8d F:\Users\Matias Garcia\Documents\MCUXpressoIDE_11.4.0_6237\workspace - copia\CMSISv2p00_LPC17xx\Debug\libCMSISv2p00_LPC17xx.a(lpc17xx_pinsel.o)
 .debug_macro   0x000041a4       0xb2 F:\Users\Matias Garcia\Documents\MCUXpressoIDE_11.4.0_6237\workspace - copia\CMSISv2p00_LPC17xx\Debug\libCMSISv2p00_LPC17xx.a(lpc17xx_timer.o)
 .debug_macro   0x00004256       0xe4 F:\Users\Matias Garcia\Documents\MCUXpressoIDE_11.4.0_6237\workspace - copia\CMSISv2p00_LPC17xx\Debug\libCMSISv2p00_LPC17xx.a(lpc17xx_timer.o)
 .debug_macro   0x0000433a      0x145 F:\Users\Matias Garcia\Documents\MCUXpressoIDE_11.4.0_6237\workspace - copia\CMSISv2p00_LPC17xx\Debug\libCMSISv2p00_LPC17xx.a(lpc17xx_timer.o)
 .debug_macro   0x0000447f       0xa9 F:\Users\Matias Garcia\Documents\MCUXpressoIDE_11.4.0_6237\workspace - copia\CMSISv2p00_LPC17xx\Debug\libCMSISv2p00_LPC17xx.a(lpc17xx_uart.o)
 .debug_macro   0x00004528      0x334 F:\Users\Matias Garcia\Documents\MCUXpressoIDE_11.4.0_6237\workspace - copia\CMSISv2p00_LPC17xx\Debug\libCMSISv2p00_LPC17xx.a(lpc17xx_uart.o)

.debug_line     0x00000000     0x4bfb
 .debug_line    0x00000000      0x160 ./src/cr_startup_lpc175x_6x.o
 .debug_line    0x00000160       0xb1 ./src/crp.o
 .debug_line    0x00000211      0xaa3 ./src/main.o
 .debug_line    0x00000cb4      0x434 F:\Users\Matias Garcia\Documents\MCUXpressoIDE_11.4.0_6237\workspace - copia\CMSISv2p00_LPC17xx\Debug\libCMSISv2p00_LPC17xx.a(system_LPC17xx.o)
 .debug_line    0x000010e8      0x6b7 F:\Users\Matias Garcia\Documents\MCUXpressoIDE_11.4.0_6237\workspace - copia\CMSISv2p00_LPC17xx\Debug\libCMSISv2p00_LPC17xx.a(lpc17xx_adc.o)
 .debug_line    0x0000179f      0x47b F:\Users\Matias Garcia\Documents\MCUXpressoIDE_11.4.0_6237\workspace - copia\CMSISv2p00_LPC17xx\Debug\libCMSISv2p00_LPC17xx.a(lpc17xx_clkpwr.o)
 .debug_line    0x00001c1a      0x653 F:\Users\Matias Garcia\Documents\MCUXpressoIDE_11.4.0_6237\workspace - copia\CMSISv2p00_LPC17xx\Debug\libCMSISv2p00_LPC17xx.a(lpc17xx_gpdma.o)
 .debug_line    0x0000226d      0x866 F:\Users\Matias Garcia\Documents\MCUXpressoIDE_11.4.0_6237\workspace - copia\CMSISv2p00_LPC17xx\Debug\libCMSISv2p00_LPC17xx.a(lpc17xx_gpio.o)
 .debug_line    0x00002ad3      0x22d F:\Users\Matias Garcia\Documents\MCUXpressoIDE_11.4.0_6237\workspace - copia\CMSISv2p00_LPC17xx\Debug\libCMSISv2p00_LPC17xx.a(lpc17xx_libcfg_default.o)
 .debug_line    0x00002d00      0x389 F:\Users\Matias Garcia\Documents\MCUXpressoIDE_11.4.0_6237\workspace - copia\CMSISv2p00_LPC17xx\Debug\libCMSISv2p00_LPC17xx.a(lpc17xx_pinsel.o)
 .debug_line    0x00003089      0x965 F:\Users\Matias Garcia\Documents\MCUXpressoIDE_11.4.0_6237\workspace - copia\CMSISv2p00_LPC17xx\Debug\libCMSISv2p00_LPC17xx.a(lpc17xx_timer.o)
 .debug_line    0x000039ee     0x120d F:\Users\Matias Garcia\Documents\MCUXpressoIDE_11.4.0_6237\workspace - copia\CMSISv2p00_LPC17xx\Debug\libCMSISv2p00_LPC17xx.a(lpc17xx_uart.o)

.debug_str      0x00000000    0x103fb
 .debug_str     0x00000000     0x2ecf ./src/cr_startup_lpc175x_6x.o
                               0x2ee2 (size before relaxing)
 .debug_str     0x00002ecf       0xe9 ./src/crp.o
                               0x2e03 (size before relaxing)
 .debug_str     0x00002fb8     0xa4f3 ./src/main.o
                               0xd2b4 (size before relaxing)
 .debug_str     0x0000d4ab      0x550 F:\Users\Matias Garcia\Documents\MCUXpressoIDE_11.4.0_6237\workspace - copia\CMSISv2p00_LPC17xx\Debug\libCMSISv2p00_LPC17xx.a(system_LPC17xx.o)
                               0x88c4 (size before relaxing)
 .debug_str     0x0000d9fb     0x1607 F:\Users\Matias Garcia\Documents\MCUXpressoIDE_11.4.0_6237\workspace - copia\CMSISv2p00_LPC17xx\Debug\libCMSISv2p00_LPC17xx.a(lpc17xx_adc.o)
                               0xa4b3 (size before relaxing)
 .debug_str     0x0000f002      0x100 F:\Users\Matias Garcia\Documents\MCUXpressoIDE_11.4.0_6237\workspace - copia\CMSISv2p00_LPC17xx\Debug\libCMSISv2p00_LPC17xx.a(lpc17xx_clkpwr.o)
                               0x9ac6 (size before relaxing)
 .debug_str     0x0000f102      0x40e F:\Users\Matias Garcia\Documents\MCUXpressoIDE_11.4.0_6237\workspace - copia\CMSISv2p00_LPC17xx\Debug\libCMSISv2p00_LPC17xx.a(lpc17xx_gpdma.o)
                               0xb317 (size before relaxing)
 .debug_str     0x0000f510      0x281 F:\Users\Matias Garcia\Documents\MCUXpressoIDE_11.4.0_6237\workspace - copia\CMSISv2p00_LPC17xx\Debug\libCMSISv2p00_LPC17xx.a(lpc17xx_gpio.o)
                               0x8e1d (size before relaxing)
 .debug_str     0x0000f791       0x2d F:\Users\Matias Garcia\Documents\MCUXpressoIDE_11.4.0_6237\workspace - copia\CMSISv2p00_LPC17xx\Debug\libCMSISv2p00_LPC17xx.a(lpc17xx_libcfg_default.o)
                               0x46eb (size before relaxing)
 .debug_str     0x0000f7be      0x211 F:\Users\Matias Garcia\Documents\MCUXpressoIDE_11.4.0_6237\workspace - copia\CMSISv2p00_LPC17xx\Debug\libCMSISv2p00_LPC17xx.a(lpc17xx_pinsel.o)
                               0x8d36 (size before relaxing)
 .debug_str     0x0000f9cf      0x2dc F:\Users\Matias Garcia\Documents\MCUXpressoIDE_11.4.0_6237\workspace - copia\CMSISv2p00_LPC17xx\Debug\libCMSISv2p00_LPC17xx.a(lpc17xx_timer.o)
                               0xaaeb (size before relaxing)
 .debug_str     0x0000fcab      0x750 F:\Users\Matias Garcia\Documents\MCUXpressoIDE_11.4.0_6237\workspace - copia\CMSISv2p00_LPC17xx\Debug\libCMSISv2p00_LPC17xx.a(lpc17xx_uart.o)
                               0xbb7b (size before relaxing)

.comment        0x00000000       0x4d
 .comment       0x00000000       0x4d ./src/cr_startup_lpc175x_6x.o
                                 0x4e (size before relaxing)
 .comment       0x0000004d       0x4e ./src/crp.o
 .comment       0x0000004d       0x4e ./src/main.o
 .comment       0x0000004d       0x4e F:\Users\Matias Garcia\Documents\MCUXpressoIDE_11.4.0_6237\workspace - copia\CMSISv2p00_LPC17xx\Debug\libCMSISv2p00_LPC17xx.a(system_LPC17xx.o)
 .comment       0x0000004d       0x4e F:\Users\Matias Garcia\Documents\MCUXpressoIDE_11.4.0_6237\workspace - copia\CMSISv2p00_LPC17xx\Debug\libCMSISv2p00_LPC17xx.a(lpc17xx_adc.o)
 .comment       0x0000004d       0x4e F:\Users\Matias Garcia\Documents\MCUXpressoIDE_11.4.0_6237\workspace - copia\CMSISv2p00_LPC17xx\Debug\libCMSISv2p00_LPC17xx.a(lpc17xx_clkpwr.o)
 .comment       0x0000004d       0x4e F:\Users\Matias Garcia\Documents\MCUXpressoIDE_11.4.0_6237\workspace - copia\CMSISv2p00_LPC17xx\Debug\libCMSISv2p00_LPC17xx.a(lpc17xx_gpdma.o)
 .comment       0x0000004d       0x4e F:\Users\Matias Garcia\Documents\MCUXpressoIDE_11.4.0_6237\workspace - copia\CMSISv2p00_LPC17xx\Debug\libCMSISv2p00_LPC17xx.a(lpc17xx_gpio.o)
 .comment       0x0000004d       0x4e F:\Users\Matias Garcia\Documents\MCUXpressoIDE_11.4.0_6237\workspace - copia\CMSISv2p00_LPC17xx\Debug\libCMSISv2p00_LPC17xx.a(lpc17xx_libcfg_default.o)
 .comment       0x0000004d       0x4e F:\Users\Matias Garcia\Documents\MCUXpressoIDE_11.4.0_6237\workspace - copia\CMSISv2p00_LPC17xx\Debug\libCMSISv2p00_LPC17xx.a(lpc17xx_pinsel.o)
 .comment       0x0000004d       0x4e F:\Users\Matias Garcia\Documents\MCUXpressoIDE_11.4.0_6237\workspace - copia\CMSISv2p00_LPC17xx\Debug\libCMSISv2p00_LPC17xx.a(lpc17xx_timer.o)
 .comment       0x0000004d       0x4e F:\Users\Matias Garcia\Documents\MCUXpressoIDE_11.4.0_6237\workspace - copia\CMSISv2p00_LPC17xx\Debug\libCMSISv2p00_LPC17xx.a(lpc17xx_uart.o)
 .comment       0x0000004d       0x4e f:/nxp/mcuxpressoide_11.4.0_6237/ide/plugins/com.nxp.mcuxpresso.tools.win32_11.4.0.202103011116/tools/bin/../lib/gcc/arm-none-eabi/10.2.1/../../../../arm-none-eabi/lib/thumb/v7-m/nofp\libcr_c.a(__weak__main.o)

.ARM.attributes
                0x00000000       0x2b
 .ARM.attributes
                0x00000000       0x2d ./src/cr_startup_lpc175x_6x.o
 .ARM.attributes
                0x0000002d       0x33 ./src/crp.o
 .ARM.attributes
                0x00000060       0x2d ./src/main.o
 .ARM.attributes
                0x0000008d       0x2d F:\Users\Matias Garcia\Documents\MCUXpressoIDE_11.4.0_6237\workspace - copia\CMSISv2p00_LPC17xx\Debug\libCMSISv2p00_LPC17xx.a(system_LPC17xx.o)
 .ARM.attributes
                0x000000ba       0x2d F:\Users\Matias Garcia\Documents\MCUXpressoIDE_11.4.0_6237\workspace - copia\CMSISv2p00_LPC17xx\Debug\libCMSISv2p00_LPC17xx.a(lpc17xx_adc.o)
 .ARM.attributes
                0x000000e7       0x2d F:\Users\Matias Garcia\Documents\MCUXpressoIDE_11.4.0_6237\workspace - copia\CMSISv2p00_LPC17xx\Debug\libCMSISv2p00_LPC17xx.a(lpc17xx_clkpwr.o)
 .ARM.attributes
                0x00000114       0x2d F:\Users\Matias Garcia\Documents\MCUXpressoIDE_11.4.0_6237\workspace - copia\CMSISv2p00_LPC17xx\Debug\libCMSISv2p00_LPC17xx.a(lpc17xx_gpdma.o)
 .ARM.attributes
                0x00000141       0x2d F:\Users\Matias Garcia\Documents\MCUXpressoIDE_11.4.0_6237\workspace - copia\CMSISv2p00_LPC17xx\Debug\libCMSISv2p00_LPC17xx.a(lpc17xx_gpio.o)
 .ARM.attributes
                0x0000016e       0x2d F:\Users\Matias Garcia\Documents\MCUXpressoIDE_11.4.0_6237\workspace - copia\CMSISv2p00_LPC17xx\Debug\libCMSISv2p00_LPC17xx.a(lpc17xx_libcfg_default.o)
 .ARM.attributes
                0x0000019b       0x2d F:\Users\Matias Garcia\Documents\MCUXpressoIDE_11.4.0_6237\workspace - copia\CMSISv2p00_LPC17xx\Debug\libCMSISv2p00_LPC17xx.a(lpc17xx_pinsel.o)
 .ARM.attributes
                0x000001c8       0x2d F:\Users\Matias Garcia\Documents\MCUXpressoIDE_11.4.0_6237\workspace - copia\CMSISv2p00_LPC17xx\Debug\libCMSISv2p00_LPC17xx.a(lpc17xx_timer.o)
 .ARM.attributes
                0x000001f5       0x2d F:\Users\Matias Garcia\Documents\MCUXpressoIDE_11.4.0_6237\workspace - copia\CMSISv2p00_LPC17xx\Debug\libCMSISv2p00_LPC17xx.a(lpc17xx_uart.o)
 .ARM.attributes
                0x00000222       0x2d f:/nxp/mcuxpressoide_11.4.0_6237/ide/plugins/com.nxp.mcuxpresso.tools.win32_11.4.0.202103011116/tools/bin/../lib/gcc/arm-none-eabi/10.2.1/../../../../arm-none-eabi/lib/thumb/v7-m/nofp\libcr_c.a(__weak__main.o)
 .ARM.attributes
                0x0000024f       0x1b f:/nxp/mcuxpressoide_11.4.0_6237/ide/plugins/com.nxp.mcuxpresso.tools.win32_11.4.0.202103011116/tools/bin/../lib/gcc/arm-none-eabi/10.2.1/thumb/v7-m/nofp\libcr_eabihelpers.a(division_64.o)
 .ARM.attributes
                0x0000026a       0x1b f:/nxp/mcuxpressoide_11.4.0_6237/ide/plugins/com.nxp.mcuxpresso.tools.win32_11.4.0.202103011116/tools/bin/../lib/gcc/arm-none-eabi/10.2.1/thumb/v7-m/nofp\libcr_eabihelpers.a(division_idiv0.o)

.debug_frame    0x00000000      0xf24
 .debug_frame   0x00000000      0x170 ./src/cr_startup_lpc175x_6x.o
 .debug_frame   0x00000170      0x3cc ./src/main.o
 .debug_frame   0x0000053c       0x3c F:\Users\Matias Garcia\Documents\MCUXpressoIDE_11.4.0_6237\workspace - copia\CMSISv2p00_LPC17xx\Debug\libCMSISv2p00_LPC17xx.a(system_LPC17xx.o)
 .debug_frame   0x00000578      0x16c F:\Users\Matias Garcia\Documents\MCUXpressoIDE_11.4.0_6237\workspace - copia\CMSISv2p00_LPC17xx\Debug\libCMSISv2p00_LPC17xx.a(lpc17xx_adc.o)
 .debug_frame   0x000006e4       0xa0 F:\Users\Matias Garcia\Documents\MCUXpressoIDE_11.4.0_6237\workspace - copia\CMSISv2p00_LPC17xx\Debug\libCMSISv2p00_LPC17xx.a(lpc17xx_clkpwr.o)
 .debug_frame   0x00000784       0x90 F:\Users\Matias Garcia\Documents\MCUXpressoIDE_11.4.0_6237\workspace - copia\CMSISv2p00_LPC17xx\Debug\libCMSISv2p00_LPC17xx.a(lpc17xx_gpdma.o)
 .debug_frame   0x00000814      0x228 F:\Users\Matias Garcia\Documents\MCUXpressoIDE_11.4.0_6237\workspace - copia\CMSISv2p00_LPC17xx\Debug\libCMSISv2p00_LPC17xx.a(lpc17xx_gpio.o)
 .debug_frame   0x00000a3c       0x20 F:\Users\Matias Garcia\Documents\MCUXpressoIDE_11.4.0_6237\workspace - copia\CMSISv2p00_LPC17xx\Debug\libCMSISv2p00_LPC17xx.a(lpc17xx_libcfg_default.o)
 .debug_frame   0x00000a5c       0x50 F:\Users\Matias Garcia\Documents\MCUXpressoIDE_11.4.0_6237\workspace - copia\CMSISv2p00_LPC17xx\Debug\libCMSISv2p00_LPC17xx.a(lpc17xx_pinsel.o)
 .debug_frame   0x00000aac      0x174 F:\Users\Matias Garcia\Documents\MCUXpressoIDE_11.4.0_6237\workspace - copia\CMSISv2p00_LPC17xx\Debug\libCMSISv2p00_LPC17xx.a(lpc17xx_timer.o)
 .debug_frame   0x00000c20      0x304 F:\Users\Matias Garcia\Documents\MCUXpressoIDE_11.4.0_6237\workspace - copia\CMSISv2p00_LPC17xx\Debug\libCMSISv2p00_LPC17xx.a(lpc17xx_uart.o)

.debug_loc      0x00000000     0x2ef9
 .debug_loc     0x00000000      0x5a9 F:\Users\Matias Garcia\Documents\MCUXpressoIDE_11.4.0_6237\workspace - copia\CMSISv2p00_LPC17xx\Debug\libCMSISv2p00_LPC17xx.a(lpc17xx_adc.o)
 .debug_loc     0x000005a9      0x1fa F:\Users\Matias Garcia\Documents\MCUXpressoIDE_11.4.0_6237\workspace - copia\CMSISv2p00_LPC17xx\Debug\libCMSISv2p00_LPC17xx.a(lpc17xx_clkpwr.o)
 .debug_loc     0x000007a3      0x1ab F:\Users\Matias Garcia\Documents\MCUXpressoIDE_11.4.0_6237\workspace - copia\CMSISv2p00_LPC17xx\Debug\libCMSISv2p00_LPC17xx.a(lpc17xx_gpdma.o)
 .debug_loc     0x0000094e      0x88e F:\Users\Matias Garcia\Documents\MCUXpressoIDE_11.4.0_6237\workspace - copia\CMSISv2p00_LPC17xx\Debug\libCMSISv2p00_LPC17xx.a(lpc17xx_gpio.o)
 .debug_loc     0x000011dc       0x2a F:\Users\Matias Garcia\Documents\MCUXpressoIDE_11.4.0_6237\workspace - copia\CMSISv2p00_LPC17xx\Debug\libCMSISv2p00_LPC17xx.a(lpc17xx_libcfg_default.o)
 .debug_loc     0x00001206      0x1a1 F:\Users\Matias Garcia\Documents\MCUXpressoIDE_11.4.0_6237\workspace - copia\CMSISv2p00_LPC17xx\Debug\libCMSISv2p00_LPC17xx.a(lpc17xx_pinsel.o)
 .debug_loc     0x000013a7      0x6ca F:\Users\Matias Garcia\Documents\MCUXpressoIDE_11.4.0_6237\workspace - copia\CMSISv2p00_LPC17xx\Debug\libCMSISv2p00_LPC17xx.a(lpc17xx_timer.o)
 .debug_loc     0x00001a71     0x1488 F:\Users\Matias Garcia\Documents\MCUXpressoIDE_11.4.0_6237\workspace - copia\CMSISv2p00_LPC17xx\Debug\libCMSISv2p00_LPC17xx.a(lpc17xx_uart.o)

Cross Reference Table

Symbol                                            File
ADC0Value                                         ./src/main.o
ADC_BurstCmd                                      F:\Users\Matias Garcia\Documents\MCUXpressoIDE_11.4.0_6237\workspace - copia\CMSISv2p00_LPC17xx\Debug\libCMSISv2p00_LPC17xx.a(lpc17xx_adc.o)
                                                  ./src/main.o
ADC_ChannelCmd                                    F:\Users\Matias Garcia\Documents\MCUXpressoIDE_11.4.0_6237\workspace - copia\CMSISv2p00_LPC17xx\Debug\libCMSISv2p00_LPC17xx.a(lpc17xx_adc.o)
                                                  ./src/main.o
ADC_ChannelGetData                                F:\Users\Matias Garcia\Documents\MCUXpressoIDE_11.4.0_6237\workspace - copia\CMSISv2p00_LPC17xx\Debug\libCMSISv2p00_LPC17xx.a(lpc17xx_adc.o)
ADC_ChannelGetStatus                              F:\Users\Matias Garcia\Documents\MCUXpressoIDE_11.4.0_6237\workspace - copia\CMSISv2p00_LPC17xx\Debug\libCMSISv2p00_LPC17xx.a(lpc17xx_adc.o)
ADC_DeInit                                        F:\Users\Matias Garcia\Documents\MCUXpressoIDE_11.4.0_6237\workspace - copia\CMSISv2p00_LPC17xx\Debug\libCMSISv2p00_LPC17xx.a(lpc17xx_adc.o)
ADC_EdgeStartConfig                               F:\Users\Matias Garcia\Documents\MCUXpressoIDE_11.4.0_6237\workspace - copia\CMSISv2p00_LPC17xx\Debug\libCMSISv2p00_LPC17xx.a(lpc17xx_adc.o)
                                                  ./src/main.o
ADC_GetData                                       F:\Users\Matias Garcia\Documents\MCUXpressoIDE_11.4.0_6237\workspace - copia\CMSISv2p00_LPC17xx\Debug\libCMSISv2p00_LPC17xx.a(lpc17xx_adc.o)
ADC_GlobalGetData                                 F:\Users\Matias Garcia\Documents\MCUXpressoIDE_11.4.0_6237\workspace - copia\CMSISv2p00_LPC17xx\Debug\libCMSISv2p00_LPC17xx.a(lpc17xx_adc.o)
ADC_GlobalGetStatus                               F:\Users\Matias Garcia\Documents\MCUXpressoIDE_11.4.0_6237\workspace - copia\CMSISv2p00_LPC17xx\Debug\libCMSISv2p00_LPC17xx.a(lpc17xx_adc.o)
ADC_IRQHandler                                    ./src/cr_startup_lpc175x_6x.o
ADC_Init                                          F:\Users\Matias Garcia\Documents\MCUXpressoIDE_11.4.0_6237\workspace - copia\CMSISv2p00_LPC17xx\Debug\libCMSISv2p00_LPC17xx.a(lpc17xx_adc.o)
                                                  ./src/main.o
ADC_IntConfig                                     F:\Users\Matias Garcia\Documents\MCUXpressoIDE_11.4.0_6237\workspace - copia\CMSISv2p00_LPC17xx\Debug\libCMSISv2p00_LPC17xx.a(lpc17xx_adc.o)
ADC_PowerdownCmd                                  F:\Users\Matias Garcia\Documents\MCUXpressoIDE_11.4.0_6237\workspace - copia\CMSISv2p00_LPC17xx\Debug\libCMSISv2p00_LPC17xx.a(lpc17xx_adc.o)
ADC_StartCmd                                      F:\Users\Matias Garcia\Documents\MCUXpressoIDE_11.4.0_6237\workspace - copia\CMSISv2p00_LPC17xx\Debug\libCMSISv2p00_LPC17xx.a(lpc17xx_adc.o)
                                                  ./src/main.o
Antirebote                                        ./src/main.o
BOD_IRQHandler                                    ./src/cr_startup_lpc175x_6x.o
BusFault_Handler                                  ./src/cr_startup_lpc175x_6x.o
CANActivity_IRQHandler                            ./src/cr_startup_lpc175x_6x.o
CAN_IRQHandler                                    ./src/cr_startup_lpc175x_6x.o
CLKPWR_ConfigPPWR                                 F:\Users\Matias Garcia\Documents\MCUXpressoIDE_11.4.0_6237\workspace - copia\CMSISv2p00_LPC17xx\Debug\libCMSISv2p00_LPC17xx.a(lpc17xx_clkpwr.o)
                                                  F:\Users\Matias Garcia\Documents\MCUXpressoIDE_11.4.0_6237\workspace - copia\CMSISv2p00_LPC17xx\Debug\libCMSISv2p00_LPC17xx.a(lpc17xx_uart.o)
                                                  F:\Users\Matias Garcia\Documents\MCUXpressoIDE_11.4.0_6237\workspace - copia\CMSISv2p00_LPC17xx\Debug\libCMSISv2p00_LPC17xx.a(lpc17xx_timer.o)
                                                  F:\Users\Matias Garcia\Documents\MCUXpressoIDE_11.4.0_6237\workspace - copia\CMSISv2p00_LPC17xx\Debug\libCMSISv2p00_LPC17xx.a(lpc17xx_gpdma.o)
                                                  F:\Users\Matias Garcia\Documents\MCUXpressoIDE_11.4.0_6237\workspace - copia\CMSISv2p00_LPC17xx\Debug\libCMSISv2p00_LPC17xx.a(lpc17xx_adc.o)
CLKPWR_DeepPowerDown                              F:\Users\Matias Garcia\Documents\MCUXpressoIDE_11.4.0_6237\workspace - copia\CMSISv2p00_LPC17xx\Debug\libCMSISv2p00_LPC17xx.a(lpc17xx_clkpwr.o)
CLKPWR_DeepSleep                                  F:\Users\Matias Garcia\Documents\MCUXpressoIDE_11.4.0_6237\workspace - copia\CMSISv2p00_LPC17xx\Debug\libCMSISv2p00_LPC17xx.a(lpc17xx_clkpwr.o)
CLKPWR_GetPCLK                                    F:\Users\Matias Garcia\Documents\MCUXpressoIDE_11.4.0_6237\workspace - copia\CMSISv2p00_LPC17xx\Debug\libCMSISv2p00_LPC17xx.a(lpc17xx_clkpwr.o)
                                                  F:\Users\Matias Garcia\Documents\MCUXpressoIDE_11.4.0_6237\workspace - copia\CMSISv2p00_LPC17xx\Debug\libCMSISv2p00_LPC17xx.a(lpc17xx_uart.o)
                                                  F:\Users\Matias Garcia\Documents\MCUXpressoIDE_11.4.0_6237\workspace - copia\CMSISv2p00_LPC17xx\Debug\libCMSISv2p00_LPC17xx.a(lpc17xx_timer.o)
                                                  F:\Users\Matias Garcia\Documents\MCUXpressoIDE_11.4.0_6237\workspace - copia\CMSISv2p00_LPC17xx\Debug\libCMSISv2p00_LPC17xx.a(lpc17xx_adc.o)
CLKPWR_GetPCLKSEL                                 F:\Users\Matias Garcia\Documents\MCUXpressoIDE_11.4.0_6237\workspace - copia\CMSISv2p00_LPC17xx\Debug\libCMSISv2p00_LPC17xx.a(lpc17xx_clkpwr.o)
CLKPWR_PowerDown                                  F:\Users\Matias Garcia\Documents\MCUXpressoIDE_11.4.0_6237\workspace - copia\CMSISv2p00_LPC17xx\Debug\libCMSISv2p00_LPC17xx.a(lpc17xx_clkpwr.o)
CLKPWR_SetPCLKDiv                                 F:\Users\Matias Garcia\Documents\MCUXpressoIDE_11.4.0_6237\workspace - copia\CMSISv2p00_LPC17xx\Debug\libCMSISv2p00_LPC17xx.a(lpc17xx_clkpwr.o)
                                                  F:\Users\Matias Garcia\Documents\MCUXpressoIDE_11.4.0_6237\workspace - copia\CMSISv2p00_LPC17xx\Debug\libCMSISv2p00_LPC17xx.a(lpc17xx_timer.o)
CLKPWR_Sleep                                      F:\Users\Matias Garcia\Documents\MCUXpressoIDE_11.4.0_6237\workspace - copia\CMSISv2p00_LPC17xx\Debug\libCMSISv2p00_LPC17xx.a(lpc17xx_clkpwr.o)
CRP_WORD                                          ./src/crp.o
CambiarMenu                                       ./src/main.o
DMA_IRQHandler                                    ./src/cr_startup_lpc175x_6x.o
DebugMon_Handler                                  ./src/cr_startup_lpc175x_6x.o
EINT0_IRQHandler                                  ./src/cr_startup_lpc175x_6x.o
EINT1_IRQHandler                                  ./src/cr_startup_lpc175x_6x.o
EINT2_IRQHandler                                  ./src/cr_startup_lpc175x_6x.o
EINT3_IRQHandler                                  ./src/main.o
                                                  ./src/cr_startup_lpc175x_6x.o
ENET_IRQHandler                                   ./src/cr_startup_lpc175x_6x.o
FIO_ByteClearValue                                F:\Users\Matias Garcia\Documents\MCUXpressoIDE_11.4.0_6237\workspace - copia\CMSISv2p00_LPC17xx\Debug\libCMSISv2p00_LPC17xx.a(lpc17xx_gpio.o)
FIO_ByteReadValue                                 F:\Users\Matias Garcia\Documents\MCUXpressoIDE_11.4.0_6237\workspace - copia\CMSISv2p00_LPC17xx\Debug\libCMSISv2p00_LPC17xx.a(lpc17xx_gpio.o)
FIO_ByteSetDir                                    F:\Users\Matias Garcia\Documents\MCUXpressoIDE_11.4.0_6237\workspace - copia\CMSISv2p00_LPC17xx\Debug\libCMSISv2p00_LPC17xx.a(lpc17xx_gpio.o)
FIO_ByteSetMask                                   F:\Users\Matias Garcia\Documents\MCUXpressoIDE_11.4.0_6237\workspace - copia\CMSISv2p00_LPC17xx\Debug\libCMSISv2p00_LPC17xx.a(lpc17xx_gpio.o)
FIO_ByteSetValue                                  F:\Users\Matias Garcia\Documents\MCUXpressoIDE_11.4.0_6237\workspace - copia\CMSISv2p00_LPC17xx\Debug\libCMSISv2p00_LPC17xx.a(lpc17xx_gpio.o)
FIO_ClearInt                                      F:\Users\Matias Garcia\Documents\MCUXpressoIDE_11.4.0_6237\workspace - copia\CMSISv2p00_LPC17xx\Debug\libCMSISv2p00_LPC17xx.a(lpc17xx_gpio.o)
FIO_ClearValue                                    F:\Users\Matias Garcia\Documents\MCUXpressoIDE_11.4.0_6237\workspace - copia\CMSISv2p00_LPC17xx\Debug\libCMSISv2p00_LPC17xx.a(lpc17xx_gpio.o)
FIO_GetIntStatus                                  F:\Users\Matias Garcia\Documents\MCUXpressoIDE_11.4.0_6237\workspace - copia\CMSISv2p00_LPC17xx\Debug\libCMSISv2p00_LPC17xx.a(lpc17xx_gpio.o)
FIO_HalfWordClearValue                            F:\Users\Matias Garcia\Documents\MCUXpressoIDE_11.4.0_6237\workspace - copia\CMSISv2p00_LPC17xx\Debug\libCMSISv2p00_LPC17xx.a(lpc17xx_gpio.o)
FIO_HalfWordReadValue                             F:\Users\Matias Garcia\Documents\MCUXpressoIDE_11.4.0_6237\workspace - copia\CMSISv2p00_LPC17xx\Debug\libCMSISv2p00_LPC17xx.a(lpc17xx_gpio.o)
FIO_HalfWordSetDir                                F:\Users\Matias Garcia\Documents\MCUXpressoIDE_11.4.0_6237\workspace - copia\CMSISv2p00_LPC17xx\Debug\libCMSISv2p00_LPC17xx.a(lpc17xx_gpio.o)
FIO_HalfWordSetMask                               F:\Users\Matias Garcia\Documents\MCUXpressoIDE_11.4.0_6237\workspace - copia\CMSISv2p00_LPC17xx\Debug\libCMSISv2p00_LPC17xx.a(lpc17xx_gpio.o)
FIO_HalfWordSetValue                              F:\Users\Matias Garcia\Documents\MCUXpressoIDE_11.4.0_6237\workspace - copia\CMSISv2p00_LPC17xx\Debug\libCMSISv2p00_LPC17xx.a(lpc17xx_gpio.o)
FIO_IntCmd                                        F:\Users\Matias Garcia\Documents\MCUXpressoIDE_11.4.0_6237\workspace - copia\CMSISv2p00_LPC17xx\Debug\libCMSISv2p00_LPC17xx.a(lpc17xx_gpio.o)
FIO_ReadValue                                     F:\Users\Matias Garcia\Documents\MCUXpressoIDE_11.4.0_6237\workspace - copia\CMSISv2p00_LPC17xx\Debug\libCMSISv2p00_LPC17xx.a(lpc17xx_gpio.o)
FIO_SetDir                                        F:\Users\Matias Garcia\Documents\MCUXpressoIDE_11.4.0_6237\workspace - copia\CMSISv2p00_LPC17xx\Debug\libCMSISv2p00_LPC17xx.a(lpc17xx_gpio.o)
FIO_SetMask                                       F:\Users\Matias Garcia\Documents\MCUXpressoIDE_11.4.0_6237\workspace - copia\CMSISv2p00_LPC17xx\Debug\libCMSISv2p00_LPC17xx.a(lpc17xx_gpio.o)
FIO_SetValue                                      F:\Users\Matias Garcia\Documents\MCUXpressoIDE_11.4.0_6237\workspace - copia\CMSISv2p00_LPC17xx\Debug\libCMSISv2p00_LPC17xx.a(lpc17xx_gpio.o)
GPDMA_ChannelCmd                                  F:\Users\Matias Garcia\Documents\MCUXpressoIDE_11.4.0_6237\workspace - copia\CMSISv2p00_LPC17xx\Debug\libCMSISv2p00_LPC17xx.a(lpc17xx_gpdma.o)
                                                  ./src/main.o
GPDMA_ClearIntPending                             F:\Users\Matias Garcia\Documents\MCUXpressoIDE_11.4.0_6237\workspace - copia\CMSISv2p00_LPC17xx\Debug\libCMSISv2p00_LPC17xx.a(lpc17xx_gpdma.o)
GPDMA_Init                                        F:\Users\Matias Garcia\Documents\MCUXpressoIDE_11.4.0_6237\workspace - copia\CMSISv2p00_LPC17xx\Debug\libCMSISv2p00_LPC17xx.a(lpc17xx_gpdma.o)
                                                  ./src/main.o
GPDMA_IntGetStatus                                F:\Users\Matias Garcia\Documents\MCUXpressoIDE_11.4.0_6237\workspace - copia\CMSISv2p00_LPC17xx\Debug\libCMSISv2p00_LPC17xx.a(lpc17xx_gpdma.o)
GPDMA_LUTPerAddr                                  F:\Users\Matias Garcia\Documents\MCUXpressoIDE_11.4.0_6237\workspace - copia\CMSISv2p00_LPC17xx\Debug\libCMSISv2p00_LPC17xx.a(lpc17xx_gpdma.o)
GPDMA_LUTPerBurst                                 F:\Users\Matias Garcia\Documents\MCUXpressoIDE_11.4.0_6237\workspace - copia\CMSISv2p00_LPC17xx\Debug\libCMSISv2p00_LPC17xx.a(lpc17xx_gpdma.o)
GPDMA_LUTPerWid                                   F:\Users\Matias Garcia\Documents\MCUXpressoIDE_11.4.0_6237\workspace - copia\CMSISv2p00_LPC17xx\Debug\libCMSISv2p00_LPC17xx.a(lpc17xx_gpdma.o)
GPDMA_Setup                                       F:\Users\Matias Garcia\Documents\MCUXpressoIDE_11.4.0_6237\workspace - copia\CMSISv2p00_LPC17xx\Debug\libCMSISv2p00_LPC17xx.a(lpc17xx_gpdma.o)
                                                  ./src/main.o
GPIO_ClearInt                                     F:\Users\Matias Garcia\Documents\MCUXpressoIDE_11.4.0_6237\workspace - copia\CMSISv2p00_LPC17xx\Debug\libCMSISv2p00_LPC17xx.a(lpc17xx_gpio.o)
GPIO_ClearValue                                   F:\Users\Matias Garcia\Documents\MCUXpressoIDE_11.4.0_6237\workspace - copia\CMSISv2p00_LPC17xx\Debug\libCMSISv2p00_LPC17xx.a(lpc17xx_gpio.o)
GPIO_GetIntStatus                                 F:\Users\Matias Garcia\Documents\MCUXpressoIDE_11.4.0_6237\workspace - copia\CMSISv2p00_LPC17xx\Debug\libCMSISv2p00_LPC17xx.a(lpc17xx_gpio.o)
GPIO_IntCmd                                       F:\Users\Matias Garcia\Documents\MCUXpressoIDE_11.4.0_6237\workspace - copia\CMSISv2p00_LPC17xx\Debug\libCMSISv2p00_LPC17xx.a(lpc17xx_gpio.o)
GPIO_ReadValue                                    F:\Users\Matias Garcia\Documents\MCUXpressoIDE_11.4.0_6237\workspace - copia\CMSISv2p00_LPC17xx\Debug\libCMSISv2p00_LPC17xx.a(lpc17xx_gpio.o)
GPIO_SetDir                                       F:\Users\Matias Garcia\Documents\MCUXpressoIDE_11.4.0_6237\workspace - copia\CMSISv2p00_LPC17xx\Debug\libCMSISv2p00_LPC17xx.a(lpc17xx_gpio.o)
                                                  ./src/main.o
GPIO_SetValue                                     F:\Users\Matias Garcia\Documents\MCUXpressoIDE_11.4.0_6237\workspace - copia\CMSISv2p00_LPC17xx\Debug\libCMSISv2p00_LPC17xx.a(lpc17xx_gpio.o)
HardFault_Handler                                 ./src/cr_startup_lpc175x_6x.o
HoraAlarma                                        ./src/main.o
HoraReloj                                         ./src/main.o
I2C0_IRQHandler                                   ./src/cr_startup_lpc175x_6x.o
I2C1_IRQHandler                                   ./src/cr_startup_lpc175x_6x.o
I2C2_IRQHandler                                   ./src/cr_startup_lpc175x_6x.o
I2S_IRQHandler                                    ./src/cr_startup_lpc175x_6x.o
IntDefaultHandler                                 ./src/cr_startup_lpc175x_6x.o
MCPWM_IRQHandler                                  ./src/cr_startup_lpc175x_6x.o
MemManage_Handler                                 ./src/cr_startup_lpc175x_6x.o
MinutosAlarma                                     ./src/main.o
MinutosReloj                                      ./src/main.o
MostrarHora                                       ./src/main.o
MostrarTemp                                       ./src/main.o
NMI_Handler                                       ./src/cr_startup_lpc175x_6x.o
PINSEL_ConfigPin                                  F:\Users\Matias Garcia\Documents\MCUXpressoIDE_11.4.0_6237\workspace - copia\CMSISv2p00_LPC17xx\Debug\libCMSISv2p00_LPC17xx.a(lpc17xx_pinsel.o)
                                                  ./src/main.o
PINSEL_ConfigTraceFunc                            F:\Users\Matias Garcia\Documents\MCUXpressoIDE_11.4.0_6237\workspace - copia\CMSISv2p00_LPC17xx\Debug\libCMSISv2p00_LPC17xx.a(lpc17xx_pinsel.o)
PINSEL_SetI2C0Pins                                F:\Users\Matias Garcia\Documents\MCUXpressoIDE_11.4.0_6237\workspace - copia\CMSISv2p00_LPC17xx\Debug\libCMSISv2p00_LPC17xx.a(lpc17xx_pinsel.o)
PLL0_IRQHandler                                   ./src/cr_startup_lpc175x_6x.o
PLL1_IRQHandler                                   ./src/cr_startup_lpc175x_6x.o
PWM1_IRQHandler                                   ./src/cr_startup_lpc175x_6x.o
PendSV_Handler                                    ./src/cr_startup_lpc175x_6x.o
QEI_IRQHandler                                    ./src/cr_startup_lpc175x_6x.o
RIT_IRQHandler                                    ./src/cr_startup_lpc175x_6x.o
RTC_IRQHandler                                    ./src/cr_startup_lpc175x_6x.o
ResetISR                                          ./src/cr_startup_lpc175x_6x.o
SPI_IRQHandler                                    ./src/cr_startup_lpc175x_6x.o
SSP0_IRQHandler                                   ./src/cr_startup_lpc175x_6x.o
SSP1_IRQHandler                                   ./src/cr_startup_lpc175x_6x.o
SVC_Handler                                       ./src/cr_startup_lpc175x_6x.o
SetAlarma                                         ./src/main.o
SetHora                                           ./src/main.o
SonarAlarma                                       ./src/main.o
SysTick_Handler                                   ./src/cr_startup_lpc175x_6x.o
SystemCoreClock                                   F:\Users\Matias Garcia\Documents\MCUXpressoIDE_11.4.0_6237\workspace - copia\CMSISv2p00_LPC17xx\Debug\libCMSISv2p00_LPC17xx.a(system_LPC17xx.o)
                                                  F:\Users\Matias Garcia\Documents\MCUXpressoIDE_11.4.0_6237\workspace - copia\CMSISv2p00_LPC17xx\Debug\libCMSISv2p00_LPC17xx.a(lpc17xx_clkpwr.o)
SystemCoreClockUpdate                             F:\Users\Matias Garcia\Documents\MCUXpressoIDE_11.4.0_6237\workspace - copia\CMSISv2p00_LPC17xx\Debug\libCMSISv2p00_LPC17xx.a(system_LPC17xx.o)
SystemInit                                        F:\Users\Matias Garcia\Documents\MCUXpressoIDE_11.4.0_6237\workspace - copia\CMSISv2p00_LPC17xx\Debug\libCMSISv2p00_LPC17xx.a(system_LPC17xx.o)
                                                  ./src/cr_startup_lpc175x_6x.o
TIMER0_IRQHandler                                 ./src/main.o
                                                  ./src/cr_startup_lpc175x_6x.o
TIMER1_IRQHandler                                 ./src/cr_startup_lpc175x_6x.o
TIMER2_IRQHandler                                 ./src/cr_startup_lpc175x_6x.o
TIMER3_IRQHandler                                 ./src/cr_startup_lpc175x_6x.o
TIM_ClearIntCapturePending                        F:\Users\Matias Garcia\Documents\MCUXpressoIDE_11.4.0_6237\workspace - copia\CMSISv2p00_LPC17xx\Debug\libCMSISv2p00_LPC17xx.a(lpc17xx_timer.o)
TIM_ClearIntPending                               F:\Users\Matias Garcia\Documents\MCUXpressoIDE_11.4.0_6237\workspace - copia\CMSISv2p00_LPC17xx\Debug\libCMSISv2p00_LPC17xx.a(lpc17xx_timer.o)
TIM_Cmd                                           F:\Users\Matias Garcia\Documents\MCUXpressoIDE_11.4.0_6237\workspace - copia\CMSISv2p00_LPC17xx\Debug\libCMSISv2p00_LPC17xx.a(lpc17xx_timer.o)
                                                  ./src/main.o
TIM_ConfigCapture                                 F:\Users\Matias Garcia\Documents\MCUXpressoIDE_11.4.0_6237\workspace - copia\CMSISv2p00_LPC17xx\Debug\libCMSISv2p00_LPC17xx.a(lpc17xx_timer.o)
TIM_ConfigMatch                                   F:\Users\Matias Garcia\Documents\MCUXpressoIDE_11.4.0_6237\workspace - copia\CMSISv2p00_LPC17xx\Debug\libCMSISv2p00_LPC17xx.a(lpc17xx_timer.o)
                                                  ./src/main.o
TIM_ConfigStructInit                              F:\Users\Matias Garcia\Documents\MCUXpressoIDE_11.4.0_6237\workspace - copia\CMSISv2p00_LPC17xx\Debug\libCMSISv2p00_LPC17xx.a(lpc17xx_timer.o)
TIM_DeInit                                        F:\Users\Matias Garcia\Documents\MCUXpressoIDE_11.4.0_6237\workspace - copia\CMSISv2p00_LPC17xx\Debug\libCMSISv2p00_LPC17xx.a(lpc17xx_timer.o)
TIM_GetCaptureValue                               F:\Users\Matias Garcia\Documents\MCUXpressoIDE_11.4.0_6237\workspace - copia\CMSISv2p00_LPC17xx\Debug\libCMSISv2p00_LPC17xx.a(lpc17xx_timer.o)
TIM_GetIntCaptureStatus                           F:\Users\Matias Garcia\Documents\MCUXpressoIDE_11.4.0_6237\workspace - copia\CMSISv2p00_LPC17xx\Debug\libCMSISv2p00_LPC17xx.a(lpc17xx_timer.o)
TIM_GetIntStatus                                  F:\Users\Matias Garcia\Documents\MCUXpressoIDE_11.4.0_6237\workspace - copia\CMSISv2p00_LPC17xx\Debug\libCMSISv2p00_LPC17xx.a(lpc17xx_timer.o)
TIM_Init                                          F:\Users\Matias Garcia\Documents\MCUXpressoIDE_11.4.0_6237\workspace - copia\CMSISv2p00_LPC17xx\Debug\libCMSISv2p00_LPC17xx.a(lpc17xx_timer.o)
                                                  ./src/main.o
TIM_ResetCounter                                  F:\Users\Matias Garcia\Documents\MCUXpressoIDE_11.4.0_6237\workspace - copia\CMSISv2p00_LPC17xx\Debug\libCMSISv2p00_LPC17xx.a(lpc17xx_timer.o)
TIM_UpdateMatchValue                              F:\Users\Matias Garcia\Documents\MCUXpressoIDE_11.4.0_6237\workspace - copia\CMSISv2p00_LPC17xx\Debug\libCMSISv2p00_LPC17xx.a(lpc17xx_timer.o)
Temp                                              ./src/main.o
UART0_IRQHandler                                  ./src/cr_startup_lpc175x_6x.o
UART1_IRQHandler                                  ./src/cr_startup_lpc175x_6x.o
UART2_IRQHandler                                  ./src/cr_startup_lpc175x_6x.o
UART3_IRQHandler                                  ./src/cr_startup_lpc175x_6x.o
UART_ABClearIntPending                            F:\Users\Matias Garcia\Documents\MCUXpressoIDE_11.4.0_6237\workspace - copia\CMSISv2p00_LPC17xx\Debug\libCMSISv2p00_LPC17xx.a(lpc17xx_uart.o)
UART_ABCmd                                        F:\Users\Matias Garcia\Documents\MCUXpressoIDE_11.4.0_6237\workspace - copia\CMSISv2p00_LPC17xx\Debug\libCMSISv2p00_LPC17xx.a(lpc17xx_uart.o)
UART_CheckBusy                                    F:\Users\Matias Garcia\Documents\MCUXpressoIDE_11.4.0_6237\workspace - copia\CMSISv2p00_LPC17xx\Debug\libCMSISv2p00_LPC17xx.a(lpc17xx_uart.o)
UART_ConfigStructInit                             F:\Users\Matias Garcia\Documents\MCUXpressoIDE_11.4.0_6237\workspace - copia\CMSISv2p00_LPC17xx\Debug\libCMSISv2p00_LPC17xx.a(lpc17xx_uart.o)
                                                  ./src/main.o
UART_DeInit                                       F:\Users\Matias Garcia\Documents\MCUXpressoIDE_11.4.0_6237\workspace - copia\CMSISv2p00_LPC17xx\Debug\libCMSISv2p00_LPC17xx.a(lpc17xx_uart.o)
UART_FIFOConfig                                   F:\Users\Matias Garcia\Documents\MCUXpressoIDE_11.4.0_6237\workspace - copia\CMSISv2p00_LPC17xx\Debug\libCMSISv2p00_LPC17xx.a(lpc17xx_uart.o)
                                                  ./src/main.o
UART_FIFOConfigStructInit                         F:\Users\Matias Garcia\Documents\MCUXpressoIDE_11.4.0_6237\workspace - copia\CMSISv2p00_LPC17xx\Debug\libCMSISv2p00_LPC17xx.a(lpc17xx_uart.o)
                                                  ./src/main.o
UART_ForceBreak                                   F:\Users\Matias Garcia\Documents\MCUXpressoIDE_11.4.0_6237\workspace - copia\CMSISv2p00_LPC17xx\Debug\libCMSISv2p00_LPC17xx.a(lpc17xx_uart.o)
UART_FullModemConfigMode                          F:\Users\Matias Garcia\Documents\MCUXpressoIDE_11.4.0_6237\workspace - copia\CMSISv2p00_LPC17xx\Debug\libCMSISv2p00_LPC17xx.a(lpc17xx_uart.o)
UART_FullModemForcePinState                       F:\Users\Matias Garcia\Documents\MCUXpressoIDE_11.4.0_6237\workspace - copia\CMSISv2p00_LPC17xx\Debug\libCMSISv2p00_LPC17xx.a(lpc17xx_uart.o)
UART_FullModemGetStatus                           F:\Users\Matias Garcia\Documents\MCUXpressoIDE_11.4.0_6237\workspace - copia\CMSISv2p00_LPC17xx\Debug\libCMSISv2p00_LPC17xx.a(lpc17xx_uart.o)
UART_GetIntId                                     F:\Users\Matias Garcia\Documents\MCUXpressoIDE_11.4.0_6237\workspace - copia\CMSISv2p00_LPC17xx\Debug\libCMSISv2p00_LPC17xx.a(lpc17xx_uart.o)
UART_GetLineStatus                                F:\Users\Matias Garcia\Documents\MCUXpressoIDE_11.4.0_6237\workspace - copia\CMSISv2p00_LPC17xx\Debug\libCMSISv2p00_LPC17xx.a(lpc17xx_uart.o)
UART_Init                                         F:\Users\Matias Garcia\Documents\MCUXpressoIDE_11.4.0_6237\workspace - copia\CMSISv2p00_LPC17xx\Debug\libCMSISv2p00_LPC17xx.a(lpc17xx_uart.o)
                                                  ./src/main.o
UART_IntConfig                                    F:\Users\Matias Garcia\Documents\MCUXpressoIDE_11.4.0_6237\workspace - copia\CMSISv2p00_LPC17xx\Debug\libCMSISv2p00_LPC17xx.a(lpc17xx_uart.o)
UART_IrDACmd                                      F:\Users\Matias Garcia\Documents\MCUXpressoIDE_11.4.0_6237\workspace - copia\CMSISv2p00_LPC17xx\Debug\libCMSISv2p00_LPC17xx.a(lpc17xx_uart.o)
UART_IrDAInvtInputCmd                             F:\Users\Matias Garcia\Documents\MCUXpressoIDE_11.4.0_6237\workspace - copia\CMSISv2p00_LPC17xx\Debug\libCMSISv2p00_LPC17xx.a(lpc17xx_uart.o)
UART_IrDAPulseDivConfig                           F:\Users\Matias Garcia\Documents\MCUXpressoIDE_11.4.0_6237\workspace - copia\CMSISv2p00_LPC17xx\Debug\libCMSISv2p00_LPC17xx.a(lpc17xx_uart.o)
UART_RS485Config                                  F:\Users\Matias Garcia\Documents\MCUXpressoIDE_11.4.0_6237\workspace - copia\CMSISv2p00_LPC17xx\Debug\libCMSISv2p00_LPC17xx.a(lpc17xx_uart.o)
UART_RS485ReceiverCmd                             F:\Users\Matias Garcia\Documents\MCUXpressoIDE_11.4.0_6237\workspace - copia\CMSISv2p00_LPC17xx\Debug\libCMSISv2p00_LPC17xx.a(lpc17xx_uart.o)
UART_RS485Send                                    F:\Users\Matias Garcia\Documents\MCUXpressoIDE_11.4.0_6237\workspace - copia\CMSISv2p00_LPC17xx\Debug\libCMSISv2p00_LPC17xx.a(lpc17xx_uart.o)
UART_RS485SendData                                F:\Users\Matias Garcia\Documents\MCUXpressoIDE_11.4.0_6237\workspace - copia\CMSISv2p00_LPC17xx\Debug\libCMSISv2p00_LPC17xx.a(lpc17xx_uart.o)
UART_RS485SendSlvAddr                             F:\Users\Matias Garcia\Documents\MCUXpressoIDE_11.4.0_6237\workspace - copia\CMSISv2p00_LPC17xx\Debug\libCMSISv2p00_LPC17xx.a(lpc17xx_uart.o)
UART_Receive                                      F:\Users\Matias Garcia\Documents\MCUXpressoIDE_11.4.0_6237\workspace - copia\CMSISv2p00_LPC17xx\Debug\libCMSISv2p00_LPC17xx.a(lpc17xx_uart.o)
UART_ReceiveByte                                  F:\Users\Matias Garcia\Documents\MCUXpressoIDE_11.4.0_6237\workspace - copia\CMSISv2p00_LPC17xx\Debug\libCMSISv2p00_LPC17xx.a(lpc17xx_uart.o)
UART_Send                                         F:\Users\Matias Garcia\Documents\MCUXpressoIDE_11.4.0_6237\workspace - copia\CMSISv2p00_LPC17xx\Debug\libCMSISv2p00_LPC17xx.a(lpc17xx_uart.o)
                                                  ./src/main.o
UART_SendByte                                     F:\Users\Matias Garcia\Documents\MCUXpressoIDE_11.4.0_6237\workspace - copia\CMSISv2p00_LPC17xx\Debug\libCMSISv2p00_LPC17xx.a(lpc17xx_uart.o)
UART_TxCmd                                        F:\Users\Matias Garcia\Documents\MCUXpressoIDE_11.4.0_6237\workspace - copia\CMSISv2p00_LPC17xx\Debug\libCMSISv2p00_LPC17xx.a(lpc17xx_uart.o)
                                                  ./src/main.o
USBActivity_IRQHandler                            ./src/cr_startup_lpc175x_6x.o
USB_IRQHandler                                    ./src/cr_startup_lpc175x_6x.o
UsageFault_Handler                                ./src/cr_startup_lpc175x_6x.o
VerificarAlarma                                   ./src/main.o
WDT_IRQHandler                                    ./src/cr_startup_lpc175x_6x.o
__aeabi_idiv0                                     f:/nxp/mcuxpressoide_11.4.0_6237/ide/plugins/com.nxp.mcuxpresso.tools.win32_11.4.0.202103011116/tools/bin/../lib/gcc/arm-none-eabi/10.2.1/thumb/v7-m/nofp\libcr_eabihelpers.a(division_idiv0.o)
                                                  f:/nxp/mcuxpressoide_11.4.0_6237/ide/plugins/com.nxp.mcuxpresso.tools.win32_11.4.0.202103011116/tools/bin/../lib/gcc/arm-none-eabi/10.2.1/thumb/v7-m/nofp\libcr_eabihelpers.a(division_64.o)
__aeabi_ldivmod                                   f:/nxp/mcuxpressoide_11.4.0_6237/ide/plugins/com.nxp.mcuxpresso.tools.win32_11.4.0.202103011116/tools/bin/../lib/gcc/arm-none-eabi/10.2.1/thumb/v7-m/nofp\libcr_eabihelpers.a(division_64.o)
                                                  F:\Users\Matias Garcia\Documents\MCUXpressoIDE_11.4.0_6237\workspace - copia\CMSISv2p00_LPC17xx\Debug\libCMSISv2p00_LPC17xx.a(system_LPC17xx.o)
__aeabi_uldivmod                                  f:/nxp/mcuxpressoide_11.4.0_6237/ide/plugins/com.nxp.mcuxpresso.tools.win32_11.4.0.202103011116/tools/bin/../lib/gcc/arm-none-eabi/10.2.1/thumb/v7-m/nofp\libcr_eabihelpers.a(division_64.o)
                                                  F:\Users\Matias Garcia\Documents\MCUXpressoIDE_11.4.0_6237\workspace - copia\CMSISv2p00_LPC17xx\Debug\libCMSISv2p00_LPC17xx.a(lpc17xx_timer.o)
                                                  F:\Users\Matias Garcia\Documents\MCUXpressoIDE_11.4.0_6237\workspace - copia\CMSISv2p00_LPC17xx\Debug\libCMSISv2p00_LPC17xx.a(system_LPC17xx.o)
__bhs_ldivmod1                                    f:/nxp/mcuxpressoide_11.4.0_6237/ide/plugins/com.nxp.mcuxpresso.tools.win32_11.4.0.202103011116/tools/bin/../lib/gcc/arm-none-eabi/10.2.1/thumb/v7-m/nofp\libcr_eabihelpers.a(division_64.o)
__bss_section_table_end                           ./src/cr_startup_lpc175x_6x.o
__data_section_table                              ./src/cr_startup_lpc175x_6x.o
__data_section_table_end                          ./src/cr_startup_lpc175x_6x.o
__main                                            f:/nxp/mcuxpressoide_11.4.0_6237/ide/plugins/com.nxp.mcuxpresso.tools.win32_11.4.0.202103011116/tools/bin/../lib/gcc/arm-none-eabi/10.2.1/../../../../arm-none-eabi/lib/thumb/v7-m/nofp\libcr_c.a(__weak__main.o)
                                                  ./src/cr_startup_lpc175x_6x.o
__valid_user_code_checksum                        ./src/cr_startup_lpc175x_6x.o
__weak_main                                       f:/nxp/mcuxpressoide_11.4.0_6237/ide/plugins/com.nxp.mcuxpresso.tools.win32_11.4.0.202103011116/tools/bin/../lib/gcc/arm-none-eabi/10.2.1/../../../../arm-none-eabi/lib/thumb/v7-m/nofp\libcr_c.a(__weak__main.o)
_vStackTop                                        ./src/cr_startup_lpc175x_6x.o
bss_init                                          ./src/cr_startup_lpc175x_6x.o
check_failed                                      F:\Users\Matias Garcia\Documents\MCUXpressoIDE_11.4.0_6237\workspace - copia\CMSISv2p00_LPC17xx\Debug\libCMSISv2p00_LPC17xx.a(lpc17xx_libcfg_default.o)
                                                  F:\Users\Matias Garcia\Documents\MCUXpressoIDE_11.4.0_6237\workspace - copia\CMSISv2p00_LPC17xx\Debug\libCMSISv2p00_LPC17xx.a(lpc17xx_uart.o)
                                                  F:\Users\Matias Garcia\Documents\MCUXpressoIDE_11.4.0_6237\workspace - copia\CMSISv2p00_LPC17xx\Debug\libCMSISv2p00_LPC17xx.a(lpc17xx_timer.o)
                                                  F:\Users\Matias Garcia\Documents\MCUXpressoIDE_11.4.0_6237\workspace - copia\CMSISv2p00_LPC17xx\Debug\libCMSISv2p00_LPC17xx.a(lpc17xx_gpdma.o)
                                                  F:\Users\Matias Garcia\Documents\MCUXpressoIDE_11.4.0_6237\workspace - copia\CMSISv2p00_LPC17xx\Debug\libCMSISv2p00_LPC17xx.a(lpc17xx_adc.o)
clear                                             ./src/main.o
confADC                                           ./src/main.o
confDMA                                           ./src/main.o
confTimers                                        ./src/main.o
confUart                                          ./src/main.o
configINT                                         ./src/main.o
config_GPIO                                       ./src/main.o
consoleclear                                      ./src/main.o
cvalue                                            ./src/main.o
data_init                                         ./src/cr_startup_lpc175x_6x.o
enviarRTemperatura                                ./src/main.o
enviarReloj                                       ./src/main.o
g_pfnVectors                                      ./src/cr_startup_lpc175x_6x.o
hora                                              ./src/main.o
keypad                                            ./src/main.o
keypress                                          ./src/main.o
main                                              ./src/main.o
                                                  f:/nxp/mcuxpressoide_11.4.0_6237/ide/plugins/com.nxp.mcuxpresso.tools.win32_11.4.0.202103011116/tools/bin/../lib/gcc/arm-none-eabi/10.2.1/../../../../arm-none-eabi/lib/thumb/v7-m/nofp\libcr_c.a(__weak__main.o)
menu                                              ./src/main.o
minutos                                           ./src/main.o
pGPDMACh                                          F:\Users\Matias Garcia\Documents\MCUXpressoIDE_11.4.0_6237\workspace - copia\CMSISv2p00_LPC17xx\Debug\libCMSISv2p00_LPC17xx.a(lpc17xx_gpdma.o)
presiona                                          ./src/main.o
readkey                                           ./src/main.o
reloj                                             ./src/main.o
retardo                                           ./src/main.o
retardo10ms                                       ./src/main.o
setReloj                                          ./src/main.o
setTemperatura                                    ./src/main.o
suelta                                            ./src/main.o
temperatura                                       ./src/main.o
