Archive member included to satisfy reference by file (symbol)

F:\Users\Matias Garcia\Documents\MCUXpressoIDE_11.4.0_6237\workspace - copia\CMSISv2p00_LPC17xx\Debug\libCMSISv2p00_LPC17xx.a(system_LPC17xx.o)
                              ./src/cr_startup_lpc175x_6x.o (SystemInit)
F:\Users\Matias Garcia\Documents\MCUXpressoIDE_11.4.0_6237\workspace - copia\CMSISv2p00_LPC17xx\Debug\libCMSISv2p00_LPC17xx.a(lpc17xx_adc.o)
                              ./src/main.o (ADC_Init)
F:\Users\Matias Garcia\Documents\MCUXpressoIDE_11.4.0_6237\workspace - copia\CMSISv2p00_LPC17xx\Debug\libCMSISv2p00_LPC17xx.a(lpc17xx_clkpwr.o)
                              F:\Users\Matias Garcia\Documents\MCUXpressoIDE_11.4.0_6237\workspace - copia\CMSISv2p00_LPC17xx\Debug\libCMSISv2p00_LPC17xx.a(lpc17xx_adc.o) (CLKPWR_GetPCLK)
F:\Users\Matias Garcia\Documents\MCUXpressoIDE_11.4.0_6237\workspace - copia\CMSISv2p00_LPC17xx\Debug\libCMSISv2p00_LPC17xx.a(lpc17xx_gpio.o)
                              ./src/main.o (GPIO_SetDir)
F:\Users\Matias Garcia\Documents\MCUXpressoIDE_11.4.0_6237\workspace - copia\CMSISv2p00_LPC17xx\Debug\libCMSISv2p00_LPC17xx.a(lpc17xx_libcfg_default.o)
                              F:\Users\Matias Garcia\Documents\MCUXpressoIDE_11.4.0_6237\workspace - copia\CMSISv2p00_LPC17xx\Debug\libCMSISv2p00_LPC17xx.a(lpc17xx_adc.o) (check_failed)
F:\Users\Matias Garcia\Documents\MCUXpressoIDE_11.4.0_6237\workspace - copia\CMSISv2p00_LPC17xx\Debug\libCMSISv2p00_LPC17xx.a(lpc17xx_pinsel.o)
                              ./src/main.o (PINSEL_ConfigPin)
F:\Users\Matias Garcia\Documents\MCUXpressoIDE_11.4.0_6237\workspace - copia\CMSISv2p00_LPC17xx\Debug\libCMSISv2p00_LPC17xx.a(lpc17xx_timer.o)
                              ./src/main.o (TIM_ClearIntPending)
F:\Users\Matias Garcia\Documents\MCUXpressoIDE_11.4.0_6237\workspace - copia\CMSISv2p00_LPC17xx\Debug\libCMSISv2p00_LPC17xx.a(lpc17xx_uart.o)
                              ./src/main.o (UART_Init)
f:/nxp/mcuxpressoide_11.4.0_6237/ide/plugins/com.nxp.mcuxpresso.tools.win32_11.4.0.202103011116/tools/bin/../lib/gcc/arm-none-eabi/10.2.1/../../../../arm-none-eabi/lib/thumb/v7-m/nofp\libcr_c.a(__weak__main.o)
                              ./src/cr_startup_lpc175x_6x.o (__main)
f:/nxp/mcuxpressoide_11.4.0_6237/ide/plugins/com.nxp.mcuxpresso.tools.win32_11.4.0.202103011116/tools/bin/../lib/gcc/arm-none-eabi/10.2.1/thumb/v7-m/nofp\libcr_eabihelpers.a(division_64.o)
                              F:\Users\Matias Garcia\Documents\MCUXpressoIDE_11.4.0_6237\workspace - copia\CMSISv2p00_LPC17xx\Debug\libCMSISv2p00_LPC17xx.a(system_LPC17xx.o) (__aeabi_ldivmod)
f:/nxp/mcuxpressoide_11.4.0_6237/ide/plugins/com.nxp.mcuxpresso.tools.win32_11.4.0.202103011116/tools/bin/../lib/gcc/arm-none-eabi/10.2.1/thumb/v7-m/nofp\libcr_eabihelpers.a(division_idiv0.o)
                              f:/nxp/mcuxpressoide_11.4.0_6237/ide/plugins/com.nxp.mcuxpresso.tools.win32_11.4.0.202103011116/tools/bin/../lib/gcc/arm-none-eabi/10.2.1/thumb/v7-m/nofp\libcr_eabihelpers.a(division_64.o) (__aeabi_idiv0)

Discarded input sections

 .group         0x00000000        0xc ./src/cr_startup_lpc175x_6x.o
 .text          0x00000000        0x0 ./src/cr_startup_lpc175x_6x.o
 .data          0x00000000        0x0 ./src/cr_startup_lpc175x_6x.o
 .bss           0x00000000        0x0 ./src/cr_startup_lpc175x_6x.o
 .group         0x00000000        0xc ./src/crp.o
 .group         0x00000000        0xc ./src/crp.o
 .text          0x00000000        0x0 ./src/crp.o
 .data          0x00000000        0x0 ./src/crp.o
 .bss           0x00000000        0x0 ./src/crp.o
 .debug_macro   0x00000000      0xa7e ./src/crp.o
 .group         0x00000000        0xc ./src/main.o
 .group         0x00000000        0xc ./src/main.o
 .group         0x00000000        0xc ./src/main.o
 .group         0x00000000        0xc ./src/main.o
 .group         0x00000000        0xc ./src/main.o
 .group         0x00000000        0xc ./src/main.o
 .group         0x00000000        0xc ./src/main.o
 .group         0x00000000        0xc ./src/main.o
 .group         0x00000000        0xc ./src/main.o
 .group         0x00000000        0xc ./src/main.o
 .group         0x00000000        0xc ./src/main.o
 .group         0x00000000        0xc ./src/main.o
 .group         0x00000000        0xc ./src/main.o
 .group         0x00000000        0xc ./src/main.o
 .group         0x00000000        0xc ./src/main.o
 .group         0x00000000        0xc ./src/main.o
 .group         0x00000000        0xc ./src/main.o
 .text          0x00000000        0x0 ./src/main.o
 .data          0x00000000        0x0 ./src/main.o
 .bss           0x00000000        0x0 ./src/main.o
 .debug_macro   0x00000000      0xa7e ./src/main.o
 .group         0x00000000        0xc F:\Users\Matias Garcia\Documents\MCUXpressoIDE_11.4.0_6237\workspace - copia\CMSISv2p00_LPC17xx\Debug\libCMSISv2p00_LPC17xx.a(system_LPC17xx.o)
[...]
Memory Configuration

Name             Origin             Length             Attributes
MFlash512        0x00000000         0x00080000         xr
RamLoc32         0x10000000         0x00008000         xrw
RamAHB32         0x2007c000         0x00008000         xrw
*default*        0x00000000         0xffffffff

Linker script and memory map

LOAD ./src/cr_startup_lpc175x_6x.o
LOAD ./src/crp.o
LOAD ./src/main.o
LOAD F:\Users\Matias Garcia\Documents\MCUXpressoIDE_11.4.0_6237\workspace - copia\CMSISv2p00_LPC17xx\Debug\libCMSISv2p00_LPC17xx.a
START GROUP
LOAD f:/nxp/mcuxpressoide_11.4.0_6237/ide/plugins/com.nxp.mcuxpresso.tools.win32_11.4.0.202103011116/tools/bin/../lib/gcc/arm-none-eabi/10.2.1/../../../../arm-none-eabi/lib/thumb/v7-m/nofp\libcr_c.a
LOAD f:/nxp/mcuxpressoide_11.4.0_6237/ide/plugins/com.nxp.mcuxpresso.tools.win32_11.4.0.202103011116/tools/bin/../lib/gcc/arm-none-eabi/10.2.1/thumb/v7-m/nofp\libcr_eabihelpers.a
LOAD f:/nxp/mcuxpressoide_11.4.0_6237/ide/plugins/com.nxp.mcuxpresso.tools.win32_11.4.0.202103011116/tools/bin/../lib/gcc/arm-none-eabi/10.2.1/thumb/v7-m/nofp\libgcc.a
END GROUP
                0x00000000                __base_MFlash512 = 0x0
                0x00000000                __base_Flash = 0x0
                0x00080000                __top_MFlash512 = 0x80000
                0x00080000                __top_Flash = 0x80000
                0x10000000                __base_RamLoc32 = 0x10000000
                0x10000000                __base_RAM = 0x10000000
                0x10008000                __top_RamLoc32 = 0x10008000
                0x10008000                __top_RAM = 0x10008000
                0x2007c000                __base_RamAHB32 = 0x2007c000
                0x2007c000                __base_RAM2 = 0x2007c000
                0x20084000                __top_RamAHB32 = 0x20084000
                0x20084000                __top_RAM2 = 0x20084000

.text           0x00000000     0x1314
 FILL mask 0xff
                0x00000000                __vectors_start__ = ABSOLUTE (.)
 *(.isr_vector)
 .isr_vector    0x00000000       0xcc ./src/cr_startup_lpc175x_6x.o
                0x00000000                g_pfnVectors
                0x000000cc                . = ALIGN (0x4)
                0x000000cc                __section_table_start = .
                0x000000cc                __data_section_table = .
                0x000000cc        0x4 LONG 0x1314 LOADADDR (.data)
                0x000000d0        0x4 LONG 0x10000000 ADDR (.data)
                0x000000d4        0x4 LONG 0x20 SIZEOF (.data)
                0x000000d8        0x4 LONG 0x1314 LOADADDR (.data_RAM2)
                0x000000dc        0x4 LONG 0x2007c000 ADDR (.data_RAM2)
                0x000000e0        0x4 LONG 0x0 SIZEOF (.data_RAM2)
                0x000000e4                __data_section_table_end = .
                0x000000e4                __bss_section_table = .
                0x000000e4        0x4 LONG 0x10000020 ADDR (.bss)
                0x000000e8        0x4 LONG 0x8 SIZEOF (.bss)
                0x000000ec        0x4 LONG 0x2007c000 ADDR (.bss_RAM2)
                0x000000f0        0x4 LONG 0x0 SIZEOF (.bss_RAM2)
                0x000000f4                __bss_section_table_end = .
                0x000000f4                __section_table_end = .
 *(.after_vectors*)
 .after_vectors
                0x000000f4      0x130 ./src/cr_startup_lpc175x_6x.o
                0x000000f4                data_init
                0x00000138                bss_init
                0x00000170                ResetISR
                0x000001e8                NMI_Handler
                0x000001ee                HardFault_Handler
                0x000001f4                MemManage_Handler
                0x000001fa                BusFault_Handler
                0x00000200                UsageFault_Handler
                0x00000206                SVC_Handler
                0x0000020c                DebugMon_Handler
                0x00000212                PendSV_Handler
                0x00000218                SysTick_Handler
                0x0000021e                EINT3_IRQHandler
                0x0000021e                CANActivity_IRQHandler
                0x0000021e                TIMER3_IRQHandler
                0x0000021e                UART0_IRQHandler
                0x0000021e                UART1_IRQHandler
                0x0000021e                EINT2_IRQHandler
                0x0000021e                USBActivity_IRQHandler
                0x0000021e                IntDefaultHandler
                0x0000021e                PLL0_IRQHandler
                0x0000021e                I2C0_IRQHandler
                0x0000021e                I2C1_IRQHandler
                0x0000021e                SSP0_IRQHandler
                0x0000021e                I2S_IRQHandler
                0x0000021e                I2C2_IRQHandler
                0x0000021e                RTC_IRQHandler
                0x0000021e                TIMER0_IRQHandler
                0x0000021e                SPI_IRQHandler
                0x0000021e                RIT_IRQHandler
                0x0000021e                EINT1_IRQHandler
                0x0000021e                UART2_IRQHandler
                0x0000021e                ADC_IRQHandler
                0x0000021e                SSP1_IRQHandler
                0x0000021e                USB_IRQHandler
                0x0000021e                BOD_IRQHandler
                0x0000021e                PLL1_IRQHandler
                0x0000021e                WDT_IRQHandler
                0x0000021e                PWM1_IRQHandler
                0x0000021e                QEI_IRQHandler
                0x0000021e                EINT0_IRQHandler
                0x0000021e                CAN_IRQHandler
                0x0000021e                DMA_IRQHandler
                0x0000021e                TIMER2_IRQHandler
                0x0000021e                UART3_IRQHandler
                0x0000021e                MCPWM_IRQHandler
                0x0000021e                ENET_IRQHandler
                0x000002fc                . = 0x2fc
 *fill*         0x00000224       0xd8 ff
                0x000002fc                PROVIDE (__CRP_WORD_START__ = .)
 *(.crp)
 .crp           0x000002fc        0x4 ./src/crp.o
                0x000002fc                CRP_WORD
                0x00000300                PROVIDE (__CRP_WORD_END__ = .)
                0x00000001                ASSERT (! ((__CRP_WORD_START__ == __CRP_WORD_END__)), Linker CRP Enabled, but no CRP_WORD provided within application)
 *(.text*)
 .text.NVIC_EnableIRQ
                0x00000300       0x30 ./src/main.o
 .text.config_GPIO
                0x00000330       0xc6 ./src/main.o
                0x00000330                config_GPIO
 *fill*         0x000003f6        0x2 ff
 .text.readkey  0x000003f8       0x9c ./src/main.o
                0x000003f8                readkey
 .text.retardo  0x00000494       0x2c ./src/main.o
                0x00000494                retardo
 .text.confUart
                0x000004c0       0x44 ./src/main.o
                0x000004c0                confUart
 .text.consoleclear
                0x00000504       0x1c ./src/main.o
                0x00000504                consoleclear
 .text.sendData
                0x00000520       0x1c ./src/main.o
                0x00000520                sendData
 .text.confTimers
                0x0000053c       0xa8 ./src/main.o
                0x0000053c                confTimers
 .text.TIMER1_IRQHandler
                0x000005e4       0x2c ./src/main.o
                0x000005e4                TIMER1_IRQHandler
 .text.confADC  0x00000610       0x4c ./src/main.o
                0x00000610                confADC
 .text.main     0x0000065c       0x1a ./src/main.o
                0x0000065c                main
 *fill*         0x00000676        0x2 ff
 .text.SystemInit
                0x00000678       0xd8 F:\Users\Matias Garcia\Documents\MCUXpressoIDE_11.4.0_6237\workspace - copia\CMSISv2p00_LPC17xx\Debug\libCMSISv2p00_LPC17xx.a(system_LPC17xx.o)
                0x00000678                SystemInit
 .text.ADC_Init
                0x00000750       0x58 F:\Users\Matias Garcia\Documents\MCUXpressoIDE_11.4.0_6237\workspace - copia\CMSISv2p00_LPC17xx\Debug\libCMSISv2p00_LPC17xx.a(lpc17xx_adc.o)
                0x00000750                ADC_Init
 .text.ADC_StartCmd
                0x000007a8       0x3c F:\Users\Matias Garcia\Documents\MCUXpressoIDE_11.4.0_6237\workspace - copia\CMSISv2p00_LPC17xx\Debug\libCMSISv2p00_LPC17xx.a(lpc17xx_adc.o)
                0x000007a8                ADC_StartCmd
 .text.ADC_BurstCmd
                0x000007e4       0x30 F:\Users\Matias Garcia\Documents\MCUXpressoIDE_11.4.0_6237\workspace - copia\CMSISv2p00_LPC17xx\Debug\libCMSISv2p00_LPC17xx.a(lpc17xx_adc.o)
                0x000007e4                ADC_BurstCmd
 .text.ADC_EdgeStartConfig
                0x00000814       0x3c F:\Users\Matias Garcia\Documents\MCUXpressoIDE_11.4.0_6237\workspace - copia\CMSISv2p00_LPC17xx\Debug\libCMSISv2p00_LPC17xx.a(lpc17xx_adc.o)
                0x00000814                ADC_EdgeStartConfig
 .text.ADC_IntConfig
                0x00000850       0x44 F:\Users\Matias Garcia\Documents\MCUXpressoIDE_11.4.0_6237\workspace - copia\CMSISv2p00_LPC17xx\Debug\libCMSISv2p00_LPC17xx.a(lpc17xx_adc.o)
                0x00000850                ADC_IntConfig
 .text.ADC_ChannelCmd
                0x00000894       0x34 F:\Users\Matias Garcia\Documents\MCUXpressoIDE_11.4.0_6237\workspace - copia\CMSISv2p00_LPC17xx\Debug\libCMSISv2p00_LPC17xx.a(lpc17xx_adc.o)
                0x00000894                ADC_ChannelCmd
 .text.CLKPWR_SetPCLKDiv
                0x000008c8       0x4c F:\Users\Matias Garcia\Documents\MCUXpressoIDE_11.4.0_6237\workspace - copia\CMSISv2p00_LPC17xx\Debug\libCMSISv2p00_LPC17xx.a(lpc17xx_clkpwr.o)
                0x000008c8                CLKPWR_SetPCLKDiv
 .text.CLKPWR_GetPCLKSEL
                0x00000914       0x20 F:\Users\Matias Garcia\Documents\MCUXpressoIDE_11.4.0_6237\workspace - copia\CMSISv2p00_LPC17xx\Debug\libCMSISv2p00_LPC17xx.a(lpc17xx_clkpwr.o)
                0x00000914                CLKPWR_GetPCLKSEL
 .text.CLKPWR_GetPCLK
                0x00000934       0x20 F:\Users\Matias Garcia\Documents\MCUXpressoIDE_11.4.0_6237\workspace - copia\CMSISv2p00_LPC17xx\Debug\libCMSISv2p00_LPC17xx.a(lpc17xx_clkpwr.o)
                0x00000934                CLKPWR_GetPCLK
 .text.CLKPWR_ConfigPPWR
                0x00000954       0x34 F:\Users\Matias Garcia\Documents\MCUXpressoIDE_11.4.0_6237\workspace - copia\CMSISv2p00_LPC17xx\Debug\libCMSISv2p00_LPC17xx.a(lpc17xx_clkpwr.o)
                0x00000954                CLKPWR_ConfigPPWR
 .text.GPIO_GetPointer
                0x00000988       0x12 F:\Users\Matias Garcia\Documents\MCUXpressoIDE_11.4.0_6237\workspace - copia\CMSISv2p00_LPC17xx\Debug\libCMSISv2p00_LPC17xx.a(lpc17xx_gpio.o)
 .text.GPIO_SetDir
                0x0000099a       0x18 F:\Users\Matias Garcia\Documents\MCUXpressoIDE_11.4.0_6237\workspace - copia\CMSISv2p00_LPC17xx\Debug\libCMSISv2p00_LPC17xx.a(lpc17xx_gpio.o)
                0x0000099a                GPIO_SetDir
 .text.check_failed
                0x000009b2        0x2 F:\Users\Matias Garcia\Documents\MCUXpressoIDE_11.4.0_6237\workspace - copia\CMSISv2p00_LPC17xx\Debug\libCMSISv2p00_LPC17xx.a(lpc17xx_libcfg_default.o)
                0x000009b2                check_failed
 .text.PINSEL_ConfigPin
                0x000009b4       0x7c F:\Users\Matias Garcia\Documents\MCUXpressoIDE_11.4.0_6237\workspace - copia\CMSISv2p00_LPC17xx\Debug\libCMSISv2p00_LPC17xx.a(lpc17xx_pinsel.o)
                0x000009b4                PINSEL_ConfigPin
 .text.TIM_ClearIntPending
                0x00000a30       0x4c F:\Users\Matias Garcia\Documents\MCUXpressoIDE_11.4.0_6237\workspace - copia\CMSISv2p00_LPC17xx\Debug\libCMSISv2p00_LPC17xx.a(lpc17xx_timer.o)
                0x00000a30                TIM_ClearIntPending
 .text.TIM_Init
                0x00000a7c      0x15c F:\Users\Matias Garcia\Documents\MCUXpressoIDE_11.4.0_6237\workspace - copia\CMSISv2p00_LPC17xx\Debug\libCMSISv2p00_LPC17xx.a(lpc17xx_timer.o)
                0x00000a7c                TIM_Init
 .text.TIM_Cmd  0x00000bd8       0x48 F:\Users\Matias Garcia\Documents\MCUXpressoIDE_11.4.0_6237\workspace - copia\CMSISv2p00_LPC17xx\Debug\libCMSISv2p00_LPC17xx.a(lpc17xx_timer.o)
                0x00000bd8                TIM_Cmd
 .text.TIM_ConfigMatch
                0x00000c20       0xcc F:\Users\Matias Garcia\Documents\MCUXpressoIDE_11.4.0_6237\workspace - copia\CMSISv2p00_LPC17xx\Debug\libCMSISv2p00_LPC17xx.a(lpc17xx_timer.o)
                0x00000c20                TIM_ConfigMatch
 .text.UART_Init
                0x00000cec      0x28c F:\Users\Matias Garcia\Documents\MCUXpressoIDE_11.4.0_6237\workspace - copia\CMSISv2p00_LPC17xx\Debug\libCMSISv2p00_LPC17xx.a(lpc17xx_uart.o)
                0x00000cec                UART_Init
 .text.UART_ConfigStructInit
                0x00000f78       0x12 F:\Users\Matias Garcia\Documents\MCUXpressoIDE_11.4.0_6237\workspace - copia\CMSISv2p00_LPC17xx\Debug\libCMSISv2p00_LPC17xx.a(lpc17xx_uart.o)
                0x00000f78                UART_ConfigStructInit
 *fill*         0x00000f8a        0x2 ff
 .text.UART_SendByte
                0x00000f8c       0x3c F:\Users\Matias Garcia\Documents\MCUXpressoIDE_11.4.0_6237\workspace - copia\CMSISv2p00_LPC17xx\Debug\libCMSISv2p00_LPC17xx.a(lpc17xx_uart.o)
                0x00000f8c                UART_SendByte
 .text.UART_Send
                0x00000fc8       0x84 F:\Users\Matias Garcia\Documents\MCUXpressoIDE_11.4.0_6237\workspace - copia\CMSISv2p00_LPC17xx\Debug\libCMSISv2p00_LPC17xx.a(lpc17xx_uart.o)
                0x00000fc8                UART_Send
 .text.UART_FIFOConfig
                0x0000104c       0xa8 F:\Users\Matias Garcia\Documents\MCUXpressoIDE_11.4.0_6237\workspace - copia\CMSISv2p00_LPC17xx\Debug\libCMSISv2p00_LPC17xx.a(lpc17xx_uart.o)
                0x0000104c                UART_FIFOConfig
 .text.UART_FIFOConfigStructInit
                0x000010f4        0xe F:\Users\Matias Garcia\Documents\MCUXpressoIDE_11.4.0_6237\workspace - copia\CMSISv2p00_LPC17xx\Debug\libCMSISv2p00_LPC17xx.a(lpc17xx_uart.o)
                0x000010f4                UART_FIFOConfigStructInit
 *fill*         0x00001102        0x2 ff
 .text.UART_TxCmd
                0x00001104       0x60 F:\Users\Matias Garcia\Documents\MCUXpressoIDE_11.4.0_6237\workspace - copia\CMSISv2p00_LPC17xx\Debug\libCMSISv2p00_LPC17xx.a(lpc17xx_uart.o)
                0x00001104                UART_TxCmd
 .text.__weak_main
                0x00001164        0x4 f:/nxp/mcuxpressoide_11.4.0_6237/ide/plugins/com.nxp.mcuxpresso.tools.win32_11.4.0.202103011116/tools/bin/../lib/gcc/arm-none-eabi/10.2.1/../../../../arm-none-eabi/lib/thumb/v7-m/nofp\libcr_c.a(__weak__main.o)
                0x00001164                __weak_main
                0x00001164                __main
 .text.__aeabi_division_uldivmod
                0x00001168      0x174 f:/nxp/mcuxpressoide_11.4.0_6237/ide/plugins/com.nxp.mcuxpresso.tools.win32_11.4.0.202103011116/tools/bin/../lib/gcc/arm-none-eabi/10.2.1/thumb/v7-m/nofp\libcr_eabihelpers.a(division_64.o)
                0x00001168                __aeabi_uldivmod
                0x0000116c                __bhs_ldivmod1
 .text.__aeabi_division_idiv0
                0x000012dc        0x2 f:/nxp/mcuxpressoide_11.4.0_6237/ide/plugins/com.nxp.mcuxpresso.tools.win32_11.4.0.202103011116/tools/bin/../lib/gcc/arm-none-eabi/10.2.1/thumb/v7-m/nofp\libcr_eabihelpers.a(division_idiv0.o)
                0x000012dc                __aeabi_idiv0
 *(.rodata .rodata.* .constdata .constdata.*)
 .rodata.ADC_Init.str1.1
                0x000012de        0xf F:\Users\Matias Garcia\Documents\MCUXpressoIDE_11.4.0_6237\workspace - copia\CMSISv2p00_LPC17xx\Debug\libCMSISv2p00_LPC17xx.a(lpc17xx_adc.o)
 .rodata.CSWTCH.5
                0x000012ed        0x4 F:\Users\Matias Garcia\Documents\MCUXpressoIDE_11.4.0_6237\workspace - copia\CMSISv2p00_LPC17xx\Debug\libCMSISv2p00_LPC17xx.a(lpc17xx_clkpwr.o)
 .rodata.TIM_GetIntStatus.str1.1
                0x000012f1       0x11 F:\Users\Matias Garcia\Documents\MCUXpressoIDE_11.4.0_6237\workspace - copia\CMSISv2p00_LPC17xx\Debug\libCMSISv2p00_LPC17xx.a(lpc17xx_timer.o)
 .rodata.UART_Init.str1.1
                0x00001302       0x10 F:\Users\Matias Garcia\Documents\MCUXpressoIDE_11.4.0_6237\workspace - copia\CMSISv2p00_LPC17xx\Debug\libCMSISv2p00_LPC17xx.a(lpc17xx_uart.o)
                0x00001314                . = ALIGN (0x4)
 *fill*         0x00001312        0x2 ff

.glue_7         0x00001314        0x0
 .glue_7        0x00001314        0x0 linker stubs

.glue_7t        0x00001314        0x0
 .glue_7t       0x00001314        0x0 linker stubs

.vfp11_veneer   0x00001314        0x0
 .vfp11_veneer  0x00001314        0x0 linker stubs

.v4_bx          0x00001314        0x0
 .v4_bx         0x00001314        0x0 linker stubs

.iplt           0x00001314        0x0
 .iplt          0x00001314        0x0 ./src/cr_startup_lpc175x_6x.o

.rel.dyn        0x00001314        0x0
 .rel.iplt      0x00001314        0x0 ./src/cr_startup_lpc175x_6x.o

.ARM.extab
 *(.ARM.extab* .gnu.linkonce.armextab.*)

.ARM.exidx      0x00001314        0x0
                0x00001314                __exidx_start = .
 *(.ARM.exidx* .gnu.linkonce.armexidx.*)
                0x00001314                __exidx_end = .
                0x00001314                _etext = .

.data_RAM2      0x2007c000        0x0 load address 0x00001314
 FILL mask 0xff
                [!provide]                PROVIDE (__start_data_RAM2 = .)
                [!provide]                PROVIDE (__start_data_RamAHB32 = .)
 *(.ramfunc.$RAM2)
 *(.ramfunc.$RamAHB32)
 *(.data.$RAM2)
 *(.data.$RamAHB32)
 *(.data.$RAM2.*)
 *(.data.$RamAHB32.*)
                0x2007c000                . = ALIGN (0x4)
                [!provide]                PROVIDE (__end_data_RAM2 = .)
                [!provide]                PROVIDE (__end_data_RamAHB32 = .)

.uninit_RESERVED
                0x10000000        0x0
                0x10000000                _start_uninit_RESERVED = .
 *(.bss.$RESERVED*)
                0x10000000                . = ALIGN (0x4)
                0x10000000                _end_uninit_RESERVED = .

.data           0x10000000       0x20 load address 0x00001314
 FILL mask 0xff
                0x10000000                _data = .
                [!provide]                PROVIDE (__start_data_RAM = .)
                [!provide]                PROVIDE (__start_data_RamLoc32 = .)
 *(vtable)
 *(.ramfunc*)
 *(CodeQuickAccess)
 *(DataQuickAccess)
 *(RamFunction)
 *(.data*)
 .data.keypad   0x10000000       0x14 ./src/main.o
                0x10000000                keypad
 .data.clear    0x10000014        0x7 ./src/main.o
                0x10000014                clear
 *fill*         0x1000001b        0x1 ff
 .data.SystemCoreClock
                0x1000001c        0x4 F:\Users\Matias Garcia\Documents\MCUXpressoIDE_11.4.0_6237\workspace - copia\CMSISv2p00_LPC17xx\Debug\libCMSISv2p00_LPC17xx.a(system_LPC17xx.o)
                0x1000001c                SystemCoreClock
                0x10000020                . = ALIGN (0x4)
                0x10000020                _edata = .
                [!provide]                PROVIDE (__end_data_RAM = .)
                [!provide]                PROVIDE (__end_data_RamLoc32 = .)

.igot.plt       0x10000020        0x0 load address 0x00001334
 .igot.plt      0x10000020        0x0 ./src/cr_startup_lpc175x_6x.o

.bss_RAM2       0x2007c000        0x0
                [!provide]                PROVIDE (__start_bss_RAM2 = .)
                [!provide]                PROVIDE (__start_bss_RamAHB32 = .)
 *(.bss.$RAM2)
 *(.bss.$RamAHB32)
 *(.bss.$RAM2.*)
 *(.bss.$RamAHB32.*)
                0x2007c000                . = ALIGN ((. != 0x0)?0x4:0x1)
                [!provide]                PROVIDE (__end_bss_RAM2 = .)
                [!provide]                PROVIDE (__end_bss_RamAHB32 = .)

.bss            0x10000020        0x8
                0x10000020                _bss = .
                [!provide]                PROVIDE (__start_bss_RAM = .)
                [!provide]                PROVIDE (__start_bss_RamLoc32 = .)
 *(.bss*)
 .bss.keypress  0x10000020        0x1 ./src/main.o
                0x10000020                keypress
 *fill*         0x10000021        0x3 
 .bss.data      0x10000024        0x1 ./src/main.o
                0x10000024                data
 *(COMMON)
                0x10000028                . = ALIGN (0x4)
 *fill*         0x10000025        0x3 
                0x10000028                _ebss = .
                [!provide]                PROVIDE (__end_bss_RAM = .)
                [!provide]                PROVIDE (__end_bss_RamLoc32 = .)
                [!provide]                PROVIDE (end = .)

.noinit_RAM2    0x2007c000        0x0
                [!provide]                PROVIDE (__start_noinit_RAM2 = .)
                [!provide]                PROVIDE (__start_noinit_RamAHB32 = .)
 *(.noinit.$RAM2)
 *(.noinit.$RamAHB32)
 *(.noinit.$RAM2.*)
 *(.noinit.$RamAHB32.*)
                0x2007c000                . = ALIGN (0x4)
                [!provide]                PROVIDE (__end_noinit_RAM2 = .)
                [!provide]                PROVIDE (__end_noinit_RamAHB32 = .)

.noinit         0x10000028        0x0
                0x10000028                _noinit = .
                [!provide]                PROVIDE (__start_noinit_RAM = .)
                [!provide]                PROVIDE (__start_noinit_RamLoc32 = .)
 *(.noinit*)
                0x10000028                . = ALIGN (0x4)
                0x10000028                _end_noinit = .
                [!provide]                PROVIDE (__end_noinit_RAM = .)
                [!provide]                PROVIDE (__end_noinit_RamLoc32 = .)
                [!provide]                PROVIDE (_pvHeapStart = DEFINED (__user_heap_base)?__user_heap_base:.)
                0x10008000                PROVIDE (_vStackTop = DEFINED (__user_stack_top)?__user_stack_top:(__top_RamLoc32 - 0x0))
                0xefff74c6                PROVIDE (__valid_user_code_checksum = (0x0 - ((((((_vStackTop + (ResetISR + 0x1)) + (NMI_Handler + 0x1)) + (HardFault_Handler + 0x1)) + (DEFINED (MemManage_Handler)?MemManage_Handler:0x0 + 0x1)) + (DEFINED (BusFault_Handler)?BusFault_Handler:0x0 + 0x1)) + (DEFINED (UsageFault_Handler)?UsageFault_Handler:0x0 + 0x1))))
                0x00000000                _image_start = LOADADDR (.text)
                0x00001334                _image_end = (LOADADDR (.data) + SIZEOF (.data))
                0x00001334                _image_size = (_image_end - _image_start)
OUTPUT(TPFinalDigital3.axf elf32-littlearm)
LOAD linker stubs

.debug_info     0x00000000     0x63f0
 .debug_info    0x00000000      0x27f ./src/cr_startup_lpc175x_6x.o
 .debug_info    0x0000027f       0x40 ./src/crp.o
 .debug_info    0x000002bf      0xf75 ./src/main.o
 .debug_info    0x00001234      0x347 F:\Users\Matias Garcia\Documents\MCUXpressoIDE_11.4.0_6237\workspace - copia\CMSISv2p00_LPC17xx\Debug\libCMSISv2p00_LPC17xx.a(system_LPC17xx.o)
 .debug_info    0x0000157b      0x8f0 F:\Users\Matias Garcia\Documents\MCUXpressoIDE_11.4.0_6237\workspace - copia\CMSISv2p00_LPC17xx\Debug\libCMSISv2p00_LPC17xx.a(lpc17xx_adc.o)
 .debug_info    0x00001e6b      0x6ca F:\Users\Matias Garcia\Documents\MCUXpressoIDE_11.4.0_6237\workspace - copia\CMSISv2p00_LPC17xx\Debug\libCMSISv2p00_LPC17xx.a(lpc17xx_clkpwr.o)
 .debug_info    0x00002535      0xfb3 F:\Users\Matias Garcia\Documents\MCUXpressoIDE_11.4.0_6237\workspace - copia\CMSISv2p00_LPC17xx\Debug\libCMSISv2p00_LPC17xx.a(lpc17xx_gpio.o)
 .debug_info    0x000034e8       0xd4 F:\Users\Matias Garcia\Documents\MCUXpressoIDE_11.4.0_6237\workspace - copia\CMSISv2p00_LPC17xx\Debug\libCMSISv2p00_LPC17xx.a(lpc17xx_libcfg_default.o)
 .debug_info    0x000035bc      0x544 F:\Users\Matias Garcia\Documents\MCUXpressoIDE_11.4.0_6237\workspace - copia\CMSISv2p00_LPC17xx\Debug\libCMSISv2p00_LPC17xx.a(lpc17xx_pinsel.o)
 .debug_info    0x00003b00      0xc54 F:\Users\Matias Garcia\Documents\MCUXpressoIDE_11.4.0_6237\workspace - copia\CMSISv2p00_LPC17xx\Debug\libCMSISv2p00_LPC17xx.a(lpc17xx_timer.o)
 .debug_info    0x00004754     0x1c9c F:\Users\Matias Garcia\Documents\MCUXpressoIDE_11.4.0_6237\workspace - copia\CMSISv2p00_LPC17xx\Debug\libCMSISv2p00_LPC17xx.a(lpc17xx_uart.o)

.debug_abbrev   0x00000000     0x140d
 .debug_abbrev  0x00000000      0x122 ./src/cr_startup_lpc175x_6x.o
 .debug_abbrev  0x00000122       0x38 ./src/crp.o
 .debug_abbrev  0x0000015a      0x29c ./src/main.o
 .debug_abbrev  0x000003f6      0x10e F:\Users\Matias Garcia\Documents\MCUXpressoIDE_11.4.0_6237\workspace - copia\CMSISv2p00_LPC17xx\Debug\libCMSISv2p00_LPC17xx.a(system_LPC17xx.o)
 .debug_abbrev  0x00000504      0x1bb F:\Users\Matias Garcia\Documents\MCUXpressoIDE_11.4.0_6237\workspace - copia\CMSISv2p00_LPC17xx\Debug\libCMSISv2p00_LPC17xx.a(lpc17xx_adc.o)
 .debug_abbrev  0x000006bf      0x1f1 F:\Users\Matias Garcia\Documents\MCUXpressoIDE_11.4.0_6237\workspace - copia\CMSISv2p00_LPC17xx\Debug\libCMSISv2p00_LPC17xx.a(lpc17xx_clkpwr.o)
 .debug_abbrev  0x000008b0      0x303 F:\Users\Matias Garcia\Documents\MCUXpressoIDE_11.4.0_6237\workspace - copia\CMSISv2p00_LPC17xx\Debug\libCMSISv2p00_LPC17xx.a(lpc17xx_gpio.o)
 .debug_abbrev  0x00000bb3       0x75 F:\Users\Matias Garcia\Documents\MCUXpressoIDE_11.4.0_6237\workspace - copia\CMSISv2p00_LPC17xx\Debug\libCMSISv2p00_LPC17xx.a(lpc17xx_libcfg_default.o)
 .debug_abbrev  0x00000c28      0x1b9 F:\Users\Matias Garcia\Documents\MCUXpressoIDE_11.4.0_6237\workspace - copia\CMSISv2p00_LPC17xx\Debug\libCMSISv2p00_LPC17xx.a(lpc17xx_pinsel.o)
 .debug_abbrev  0x00000de1      0x2c8 F:\Users\Matias Garcia\Documents\MCUXpressoIDE_11.4.0_6237\workspace - copia\CMSISv2p00_LPC17xx\Debug\libCMSISv2p00_LPC17xx.a(lpc17xx_timer.o)
 .debug_abbrev  0x000010a9      0x364 F:\Users\Matias Garcia\Documents\MCUXpressoIDE_11.4.0_6237\workspace - copia\CMSISv2p00_LPC17xx\Debug\libCMSISv2p00_LPC17xx.a(lpc17xx_uart.o)

.debug_aranges  0x00000000      0x4b8
 .debug_aranges
                0x00000000       0x80 ./src/cr_startup_lpc175x_6x.o
 .debug_aranges
                0x00000080       0x18 ./src/crp.o
 .debug_aranges
                0x00000098       0x70 ./src/main.o
 .debug_aranges
                0x00000108       0x28 F:\Users\Matias Garcia\Documents\MCUXpressoIDE_11.4.0_6237\workspace - copia\CMSISv2p00_LPC17xx\Debug\libCMSISv2p00_LPC17xx.a(system_LPC17xx.o)
 .debug_aranges
                0x00000130       0x80 F:\Users\Matias Garcia\Documents\MCUXpressoIDE_11.4.0_6237\workspace - copia\CMSISv2p00_LPC17xx\Debug\libCMSISv2p00_LPC17xx.a(lpc17xx_adc.o)
 .debug_aranges
                0x000001b0       0x58 F:\Users\Matias Garcia\Documents\MCUXpressoIDE_11.4.0_6237\workspace - copia\CMSISv2p00_LPC17xx\Debug\libCMSISv2p00_LPC17xx.a(lpc17xx_clkpwr.o)
 .debug_aranges
                0x00000208       0xe8 F:\Users\Matias Garcia\Documents\MCUXpressoIDE_11.4.0_6237\workspace - copia\CMSISv2p00_LPC17xx\Debug\libCMSISv2p00_LPC17xx.a(lpc17xx_gpio.o)
 .debug_aranges
                0x000002f0       0x20 F:\Users\Matias Garcia\Documents\MCUXpressoIDE_11.4.0_6237\workspace - copia\CMSISv2p00_LPC17xx\Debug\libCMSISv2p00_LPC17xx.a(lpc17xx_libcfg_default.o)
 .debug_aranges
                0x00000310       0x30 F:\Users\Matias Garcia\Documents\MCUXpressoIDE_11.4.0_6237\workspace - copia\CMSISv2p00_LPC17xx\Debug\libCMSISv2p00_LPC17xx.a(lpc17xx_pinsel.o)
 .debug_aranges
                0x00000340       0x80 F:\Users\Matias Garcia\Documents\MCUXpressoIDE_11.4.0_6237\workspace - copia\CMSISv2p00_LPC17xx\Debug\libCMSISv2p00_LPC17xx.a(lpc17xx_timer.o)
 .debug_aranges
                0x000003c0       0xf8 F:\Users\Matias Garcia\Documents\MCUXpressoIDE_11.4.0_6237\workspace - copia\CMSISv2p00_LPC17xx\Debug\libCMSISv2p00_LPC17xx.a(lpc17xx_uart.o)

.debug_ranges   0x00000000      0x518
 .debug_ranges  0x00000000       0x70 ./src/cr_startup_lpc175x_6x.o
 .debug_ranges  0x00000070       0x60 ./src/main.o
 .debug_ranges  0x000000d0       0x18 F:\Users\Matias Garcia\Documents\MCUXpressoIDE_11.4.0_6237\workspace - copia\CMSISv2p00_LPC17xx\Debug\libCMSISv2p00_LPC17xx.a(system_LPC17xx.o)
 .debug_ranges  0x000000e8       0x70 F:\Users\Matias Garcia\Documents\MCUXpressoIDE_11.4.0_6237\workspace - copia\CMSISv2p00_LPC17xx\Debug\libCMSISv2p00_LPC17xx.a(lpc17xx_adc.o)
 .debug_ranges  0x00000158       0x48 F:\Users\Matias Garcia\Documents\MCUXpressoIDE_11.4.0_6237\workspace - copia\CMSISv2p00_LPC17xx\Debug\libCMSISv2p00_LPC17xx.a(lpc17xx_clkpwr.o)
 .debug_ranges  0x000001a0       0xf0 F:\Users\Matias Garcia\Documents\MCUXpressoIDE_11.4.0_6237\workspace - copia\CMSISv2p00_LPC17xx\Debug\libCMSISv2p00_LPC17xx.a(lpc17xx_gpio.o)
 .debug_ranges  0x00000290       0x10 F:\Users\Matias Garcia\Documents\MCUXpressoIDE_11.4.0_6237\workspace - copia\CMSISv2p00_LPC17xx\Debug\libCMSISv2p00_LPC17xx.a(lpc17xx_libcfg_default.o)
 .debug_ranges  0x000002a0       0x60 F:\Users\Matias Garcia\Documents\MCUXpressoIDE_11.4.0_6237\workspace - copia\CMSISv2p00_LPC17xx\Debug\libCMSISv2p00_LPC17xx.a(lpc17xx_pinsel.o)
 .debug_ranges  0x00000300       0xe8 F:\Users\Matias Garcia\Documents\MCUXpressoIDE_11.4.0_6237\workspace - copia\CMSISv2p00_LPC17xx\Debug\libCMSISv2p00_LPC17xx.a(lpc17xx_timer.o)
 .debug_ranges  0x000003e8      0x130 F:\Users\Matias Garcia\Documents\MCUXpressoIDE_11.4.0_6237\workspace - copia\CMSISv2p00_LPC17xx\Debug\libCMSISv2p00_LPC17xx.a(lpc17xx_uart.o)

.debug_macro    0x00000000     0x4263
 .debug_macro   0x00000000       0x1d ./src/cr_startup_lpc175x_6x.o
 .debug_macro   0x0000001d      0xa7e ./src/cr_startup_lpc175x_6x.o
 .debug_macro   0x00000a9b       0x1a ./src/crp.o
 .debug_macro   0x00000ab5       0x34 ./src/crp.o
 .debug_macro   0x00000ae9      0x103 ./src/main.o
 .debug_macro   0x00000bec       0x1c ./src/main.o
 .debug_macro   0x00000c08       0x2e ./src/main.o
 .debug_macro   0x00000c36       0x10 ./src/main.o
 .debug_macro   0x00000c46      0x12e ./src/main.o
 .debug_macro   0x00000d74      0x5b3 ./src/main.o
 .debug_macro   0x00001327       0x18 ./src/main.o
 .debug_macro   0x0000133f      0x7af ./src/main.o
 .debug_macro   0x00001aee      0x2c7 ./src/main.o
 .debug_macro   0x00001db5       0x63 ./src/main.o
 .debug_macro   0x00001e18       0x40 ./src/main.o
 .debug_macro   0x00001e58       0xea ./src/main.o
 .debug_macro   0x00001f42      0x13f ./src/main.o
 .debug_macro   0x00002081      0x2fd ./src/main.o
 .debug_macro   0x0000237e       0x22 ./src/main.o
 .debug_macro   0x000023a0       0xeb ./src/main.o
 .debug_macro   0x0000248b      0x334 ./src/main.o
 .debug_macro   0x000027bf      0x12b F:\Users\Matias Garcia\Documents\MCUXpressoIDE_11.4.0_6237\workspace - copia\CMSISv2p00_LPC17xx\Debug\libCMSISv2p00_LPC17xx.a(system_LPC17xx.o)
 .debug_macro   0x000028ea      0xa78 F:\Users\Matias Garcia\Documents\MCUXpressoIDE_11.4.0_6237\workspace - copia\CMSISv2p00_LPC17xx\Debug\libCMSISv2p00_LPC17xx.a(system_LPC17xx.o)
 .debug_macro   0x00003362       0xa9 F:\Users\Matias Garcia\Documents\MCUXpressoIDE_11.4.0_6237\workspace - copia\CMSISv2p00_LPC17xx\Debug\libCMSISv2p00_LPC17xx.a(lpc17xx_adc.o)
 .debug_macro   0x0000340b       0xe5 F:\Users\Matias Garcia\Documents\MCUXpressoIDE_11.4.0_6237\workspace - copia\CMSISv2p00_LPC17xx\Debug\libCMSISv2p00_LPC17xx.a(lpc17xx_adc.o)
 .debug_macro   0x000034f0      0x2f1 F:\Users\Matias Garcia\Documents\MCUXpressoIDE_11.4.0_6237\workspace - copia\CMSISv2p00_LPC17xx\Debug\libCMSISv2p00_LPC17xx.a(lpc17xx_adc.o)
 .debug_macro   0x000037e1       0xdd F:\Users\Matias Garcia\Documents\MCUXpressoIDE_11.4.0_6237\workspace - copia\CMSISv2p00_LPC17xx\Debug\libCMSISv2p00_LPC17xx.a(lpc17xx_adc.o)
 .debug_macro   0x000038be       0x8d F:\Users\Matias Garcia\Documents\MCUXpressoIDE_11.4.0_6237\workspace - copia\CMSISv2p00_LPC17xx\Debug\libCMSISv2p00_LPC17xx.a(lpc17xx_clkpwr.o)
 .debug_macro   0x0000394b       0x1c F:\Users\Matias Garcia\Documents\MCUXpressoIDE_11.4.0_6237\workspace - copia\CMSISv2p00_LPC17xx\Debug\libCMSISv2p00_LPC17xx.a(lpc17xx_clkpwr.o)
 .debug_macro   0x00003967      0x2c7 F:\Users\Matias Garcia\Documents\MCUXpressoIDE_11.4.0_6237\workspace - copia\CMSISv2p00_LPC17xx\Debug\libCMSISv2p00_LPC17xx.a(lpc17xx_clkpwr.o)
 .debug_macro   0x00003c2e       0x96 F:\Users\Matias Garcia\Documents\MCUXpressoIDE_11.4.0_6237\workspace - copia\CMSISv2p00_LPC17xx\Debug\libCMSISv2p00_LPC17xx.a(lpc17xx_gpio.o)
 .debug_macro   0x00003cc4       0x5a F:\Users\Matias Garcia\Documents\MCUXpressoIDE_11.4.0_6237\workspace - copia\CMSISv2p00_LPC17xx\Debug\libCMSISv2p00_LPC17xx.a(lpc17xx_libcfg_default.o)
 .debug_macro   0x00003d1e       0x5d F:\Users\Matias Garcia\Documents\MCUXpressoIDE_11.4.0_6237\workspace - copia\CMSISv2p00_LPC17xx\Debug\libCMSISv2p00_LPC17xx.a(lpc17xx_libcfg_default.o)
 .debug_macro   0x00003d7b       0xd7 F:\Users\Matias Garcia\Documents\MCUXpressoIDE_11.4.0_6237\workspace - copia\CMSISv2p00_LPC17xx\Debug\libCMSISv2p00_LPC17xx.a(lpc17xx_libcfg_default.o)
 .debug_macro   0x00003e52       0x8d F:\Users\Matias Garcia\Documents\MCUXpressoIDE_11.4.0_6237\workspace - copia\CMSISv2p00_LPC17xx\Debug\libCMSISv2p00_LPC17xx.a(lpc17xx_pinsel.o)
 .debug_macro   0x00003edf       0xb2 F:\Users\Matias Garcia\Documents\MCUXpressoIDE_11.4.0_6237\workspace - copia\CMSISv2p00_LPC17xx\Debug\libCMSISv2p00_LPC17xx.a(lpc17xx_timer.o)
 .debug_macro   0x00003f91       0xe4 F:\Users\Matias Garcia\Documents\MCUXpressoIDE_11.4.0_6237\workspace - copia\CMSISv2p00_LPC17xx\Debug\libCMSISv2p00_LPC17xx.a(lpc17xx_timer.o)
 .debug_macro   0x00004075      0x145 F:\Users\Matias Garcia\Documents\MCUXpressoIDE_11.4.0_6237\workspace - copia\CMSISv2p00_LPC17xx\Debug\libCMSISv2p00_LPC17xx.a(lpc17xx_timer.o)
 .debug_macro   0x000041ba       0xa9 F:\Users\Matias Garcia\Documents\MCUXpressoIDE_11.4.0_6237\workspace - copia\CMSISv2p00_LPC17xx\Debug\libCMSISv2p00_LPC17xx.a(lpc17xx_uart.o)

.debug_line     0x00000000     0x422d
 .debug_line    0x00000000      0x160 ./src/cr_startup_lpc175x_6x.o
 .debug_line    0x00000160       0xb1 ./src/crp.o
 .debug_line    0x00000211      0x728 ./src/main.o
 .debug_line    0x00000939      0x434 F:\Users\Matias Garcia\Documents\MCUXpressoIDE_11.4.0_6237\workspace - copia\CMSISv2p00_LPC17xx\Debug\libCMSISv2p00_LPC17xx.a(system_LPC17xx.o)
 .debug_line    0x00000d6d      0x6b7 F:\Users\Matias Garcia\Documents\MCUXpressoIDE_11.4.0_6237\workspace - copia\CMSISv2p00_LPC17xx\Debug\libCMSISv2p00_LPC17xx.a(lpc17xx_adc.o)
 .debug_line    0x00001424      0x47b F:\Users\Matias Garcia\Documents\MCUXpressoIDE_11.4.0_6237\workspace - copia\CMSISv2p00_LPC17xx\Debug\libCMSISv2p00_LPC17xx.a(lpc17xx_clkpwr.o)
 .debug_line    0x0000189f      0x866 F:\Users\Matias Garcia\Documents\MCUXpressoIDE_11.4.0_6237\workspace - copia\CMSISv2p00_LPC17xx\Debug\libCMSISv2p00_LPC17xx.a(lpc17xx_gpio.o)
 .debug_line    0x00002105      0x22d F:\Users\Matias Garcia\Documents\MCUXpressoIDE_11.4.0_6237\workspace - copia\CMSISv2p00_LPC17xx\Debug\libCMSISv2p00_LPC17xx.a(lpc17xx_libcfg_default.o)
 .debug_line    0x00002332      0x389 F:\Users\Matias Garcia\Documents\MCUXpressoIDE_11.4.0_6237\workspace - copia\CMSISv2p00_LPC17xx\Debug\libCMSISv2p00_LPC17xx.a(lpc17xx_pinsel.o)
 .debug_line    0x000026bb      0x965 F:\Users\Matias Garcia\Documents\MCUXpressoIDE_11.4.0_6237\workspace - copia\CMSISv2p00_LPC17xx\Debug\libCMSISv2p00_LPC17xx.a(lpc17xx_timer.o)
 .debug_line    0x00003020     0x120d F:\Users\Matias Garcia\Documents\MCUXpressoIDE_11.4.0_6237\workspace - copia\CMSISv2p00_LPC17xx\Debug\libCMSISv2p00_LPC17xx.a(lpc17xx_uart.o)

.debug_str      0x00000000     0xec30
 .debug_str     0x00000000     0x2ecf ./src/cr_startup_lpc175x_6x.o
                               0x2ee2 (size before relaxing)
 .debug_str     0x00002ecf       0xe9 ./src/crp.o
                               0x2e03 (size before relaxing)
 .debug_str     0x00002fb8     0xa304 ./src/main.o
                               0xd0ae (size before relaxing)
 .debug_str     0x0000d2bc      0x550 F:\Users\Matias Garcia\Documents\MCUXpressoIDE_11.4.0_6237\workspace - copia\CMSISv2p00_LPC17xx\Debug\libCMSISv2p00_LPC17xx.a(system_LPC17xx.o)
                               0x88c4 (size before relaxing)
 .debug_str     0x0000d80c      0x38f F:\Users\Matias Garcia\Documents\MCUXpressoIDE_11.4.0_6237\workspace - copia\CMSISv2p00_LPC17xx\Debug\libCMSISv2p00_LPC17xx.a(lpc17xx_adc.o)
                               0xa4b3 (size before relaxing)
 .debug_str     0x0000db9b      0x100 F:\Users\Matias Garcia\Documents\MCUXpressoIDE_11.4.0_6237\workspace - copia\CMSISv2p00_LPC17xx\Debug\libCMSISv2p00_LPC17xx.a(lpc17xx_clkpwr.o)
                               0x9ac6 (size before relaxing)
 .debug_str     0x0000dc9b      0x301 F:\Users\Matias Garcia\Documents\MCUXpressoIDE_11.4.0_6237\workspace - copia\CMSISv2p00_LPC17xx\Debug\libCMSISv2p00_LPC17xx.a(lpc17xx_gpio.o)
                               0x8e1d (size before relaxing)
 .debug_str     0x0000df9c       0x2d F:\Users\Matias Garcia\Documents\MCUXpressoIDE_11.4.0_6237\workspace - copia\CMSISv2p00_LPC17xx\Debug\libCMSISv2p00_LPC17xx.a(lpc17xx_libcfg_default.o)
                               0x46eb (size before relaxing)
 .debug_str     0x0000dfc9      0x211 F:\Users\Matias Garcia\Documents\MCUXpressoIDE_11.4.0_6237\workspace - copia\CMSISv2p00_LPC17xx\Debug\libCMSISv2p00_LPC17xx.a(lpc17xx_pinsel.o)
                               0x8d36 (size before relaxing)
 .debug_str     0x0000e1da      0x294 F:\Users\Matias Garcia\Documents\MCUXpressoIDE_11.4.0_6237\workspace - copia\CMSISv2p00_LPC17xx\Debug\libCMSISv2p00_LPC17xx.a(lpc17xx_timer.o)
                               0xaaeb (size before relaxing)
 .debug_str     0x0000e46e      0x7c2 F:\Users\Matias Garcia\Documents\MCUXpressoIDE_11.4.0_6237\workspace - copia\CMSISv2p00_LPC17xx\Debug\libCMSISv2p00_LPC17xx.a(lpc17xx_uart.o)
                               0xbb7b (size before relaxing)

.comment        0x00000000       0x4d
 .comment       0x00000000       0x4d ./src/cr_startup_lpc175x_6x.o
                                 0x4e (size before relaxing)
 .comment       0x0000004d       0x4e ./src/crp.o
 .comment       0x0000004d       0x4e ./src/main.o
 .comment       0x0000004d       0x4e F:\Users\Matias Garcia\Documents\MCUXpressoIDE_11.4.0_6237\workspace - copia\CMSISv2p00_LPC17xx\Debug\libCMSISv2p00_LPC17xx.a(system_LPC17xx.o)
 .comment       0x0000004d       0x4e F:\Users\Matias Garcia\Documents\MCUXpressoIDE_11.4.0_6237\workspace - copia\CMSISv2p00_LPC17xx\Debug\libCMSISv2p00_LPC17xx.a(lpc17xx_adc.o)
 .comment       0x0000004d       0x4e F:\Users\Matias Garcia\Documents\MCUXpressoIDE_11.4.0_6237\workspace - copia\CMSISv2p00_LPC17xx\Debug\libCMSISv2p00_LPC17xx.a(lpc17xx_clkpwr.o)
 .comment       0x0000004d       0x4e F:\Users\Matias Garcia\Documents\MCUXpressoIDE_11.4.0_6237\workspace - copia\CMSISv2p00_LPC17xx\Debug\libCMSISv2p00_LPC17xx.a(lpc17xx_gpio.o)
 .comment       0x0000004d       0x4e F:\Users\Matias Garcia\Documents\MCUXpressoIDE_11.4.0_6237\workspace - copia\CMSISv2p00_LPC17xx\Debug\libCMSISv2p00_LPC17xx.a(lpc17xx_libcfg_default.o)
 .comment       0x0000004d       0x4e F:\Users\Matias Garcia\Documents\MCUXpressoIDE_11.4.0_6237\workspace - copia\CMSISv2p00_LPC17xx\Debug\libCMSISv2p00_LPC17xx.a(lpc17xx_pinsel.o)
 .comment       0x0000004d       0x4e F:\Users\Matias Garcia\Documents\MCUXpressoIDE_11.4.0_6237\workspace - copia\CMSISv2p00_LPC17xx\Debug\libCMSISv2p00_LPC17xx.a(lpc17xx_timer.o)
 .comment       0x0000004d       0x4e F:\Users\Matias Garcia\Documents\MCUXpressoIDE_11.4.0_6237\workspace - copia\CMSISv2p00_LPC17xx\Debug\libCMSISv2p00_LPC17xx.a(lpc17xx_uart.o)
 .comment       0x0000004d       0x4e f:/nxp/mcuxpressoide_11.4.0_6237/ide/plugins/com.nxp.mcuxpresso.tools.win32_11.4.0.202103011116/tools/bin/../lib/gcc/arm-none-eabi/10.2.1/../../../../arm-none-eabi/lib/thumb/v7-m/nofp\libcr_c.a(__weak__main.o)

.ARM.attributes
                0x00000000       0x2b
 .ARM.attributes
                0x00000000       0x2d ./src/cr_startup_lpc175x_6x.o
 .ARM.attributes
                0x0000002d       0x33 ./src/crp.o
 .ARM.attributes
                0x00000060       0x2d ./src/main.o
 .ARM.attributes
                0x0000008d       0x2d F:\Users\Matias Garcia\Documents\MCUXpressoIDE_11.4.0_6237\workspace - copia\CMSISv2p00_LPC17xx\Debug\libCMSISv2p00_LPC17xx.a(system_LPC17xx.o)
 .ARM.attributes
                0x000000ba       0x2d F:\Users\Matias Garcia\Documents\MCUXpressoIDE_11.4.0_6237\workspace - copia\CMSISv2p00_LPC17xx\Debug\libCMSISv2p00_LPC17xx.a(lpc17xx_adc.o)
 .ARM.attributes
                0x000000e7       0x2d F:\Users\Matias Garcia\Documents\MCUXpressoIDE_11.4.0_6237\workspace - copia\CMSISv2p00_LPC17xx\Debug\libCMSISv2p00_LPC17xx.a(lpc17xx_clkpwr.o)
 .ARM.attributes
                0x00000114       0x2d F:\Users\Matias Garcia\Documents\MCUXpressoIDE_11.4.0_6237\workspace - copia\CMSISv2p00_LPC17xx\Debug\libCMSISv2p00_LPC17xx.a(lpc17xx_gpio.o)
 .ARM.attributes
                0x00000141       0x2d F:\Users\Matias Garcia\Documents\MCUXpressoIDE_11.4.0_6237\workspace - copia\CMSISv2p00_LPC17xx\Debug\libCMSISv2p00_LPC17xx.a(lpc17xx_libcfg_default.o)
 .ARM.attributes
                0x0000016e       0x2d F:\Users\Matias Garcia\Documents\MCUXpressoIDE_11.4.0_6237\workspace - copia\CMSISv2p00_LPC17xx\Debug\libCMSISv2p00_LPC17xx.a(lpc17xx_pinsel.o)
 .ARM.attributes
                0x0000019b       0x2d F:\Users\Matias Garcia\Documents\MCUXpressoIDE_11.4.0_6237\workspace - copia\CMSISv2p00_LPC17xx\Debug\libCMSISv2p00_LPC17xx.a(lpc17xx_timer.o)
 .ARM.attributes
                0x000001c8       0x2d F:\Users\Matias Garcia\Documents\MCUXpressoIDE_11.4.0_6237\workspace - copia\CMSISv2p00_LPC17xx\Debug\libCMSISv2p00_LPC17xx.a(lpc17xx_uart.o)
 .ARM.attributes
                0x000001f5       0x2d f:/nxp/mcuxpressoide_11.4.0_6237/ide/plugins/com.nxp.mcuxpresso.tools.win32_11.4.0.202103011116/tools/bin/../lib/gcc/arm-none-eabi/10.2.1/../../../../arm-none-eabi/lib/thumb/v7-m/nofp\libcr_c.a(__weak__main.o)
 .ARM.attributes
                0x00000222       0x1b f:/nxp/mcuxpressoide_11.4.0_6237/ide/plugins/com.nxp.mcuxpresso.tools.win32_11.4.0.202103011116/tools/bin/../lib/gcc/arm-none-eabi/10.2.1/thumb/v7-m/nofp\libcr_eabihelpers.a(division_64.o)
 .ARM.attributes
                0x0000023d       0x1b f:/nxp/mcuxpressoide_11.4.0_6237/ide/plugins/com.nxp.mcuxpresso.tools.win32_11.4.0.202103011116/tools/bin/../lib/gcc/arm-none-eabi/10.2.1/thumb/v7-m/nofp\libcr_eabihelpers.a(division_idiv0.o)

.debug_frame    0x00000000      0xc44
 .debug_frame   0x00000000      0x170 ./src/cr_startup_lpc175x_6x.o
 .debug_frame   0x00000170      0x17c ./src/main.o
 .debug_frame   0x000002ec       0x3c F:\Users\Matias Garcia\Documents\MCUXpressoIDE_11.4.0_6237\workspace - copia\CMSISv2p00_LPC17xx\Debug\libCMSISv2p00_LPC17xx.a(system_LPC17xx.o)
 .debug_frame   0x00000328      0x16c F:\Users\Matias Garcia\Documents\MCUXpressoIDE_11.4.0_6237\workspace - copia\CMSISv2p00_LPC17xx\Debug\libCMSISv2p00_LPC17xx.a(lpc17xx_adc.o)
 .debug_frame   0x00000494       0xa0 F:\Users\Matias Garcia\Documents\MCUXpressoIDE_11.4.0_6237\workspace - copia\CMSISv2p00_LPC17xx\Debug\libCMSISv2p00_LPC17xx.a(lpc17xx_clkpwr.o)
 .debug_frame   0x00000534      0x228 F:\Users\Matias Garcia\Documents\MCUXpressoIDE_11.4.0_6237\workspace - copia\CMSISv2p00_LPC17xx\Debug\libCMSISv2p00_LPC17xx.a(lpc17xx_gpio.o)
 .debug_frame   0x0000075c       0x20 F:\Users\Matias Garcia\Documents\MCUXpressoIDE_11.4.0_6237\workspace - copia\CMSISv2p00_LPC17xx\Debug\libCMSISv2p00_LPC17xx.a(lpc17xx_libcfg_default.o)
 .debug_frame   0x0000077c       0x50 F:\Users\Matias Garcia\Documents\MCUXpressoIDE_11.4.0_6237\workspace - copia\CMSISv2p00_LPC17xx\Debug\libCMSISv2p00_LPC17xx.a(lpc17xx_pinsel.o)
 .debug_frame   0x000007cc      0x174 F:\Users\Matias Garcia\Documents\MCUXpressoIDE_11.4.0_6237\workspace - copia\CMSISv2p00_LPC17xx\Debug\libCMSISv2p00_LPC17xx.a(lpc17xx_timer.o)
 .debug_frame   0x00000940      0x304 F:\Users\Matias Garcia\Documents\MCUXpressoIDE_11.4.0_6237\workspace - copia\CMSISv2p00_LPC17xx\Debug\libCMSISv2p00_LPC17xx.a(lpc17xx_uart.o)

.debug_loc      0x00000000     0x2d4e
 .debug_loc     0x00000000      0x5a9 F:\Users\Matias Garcia\Documents\MCUXpressoIDE_11.4.0_6237\workspace - copia\CMSISv2p00_LPC17xx\Debug\libCMSISv2p00_LPC17xx.a(lpc17xx_adc.o)
 .debug_loc     0x000005a9      0x1fa F:\Users\Matias Garcia\Documents\MCUXpressoIDE_11.4.0_6237\workspace - copia\CMSISv2p00_LPC17xx\Debug\libCMSISv2p00_LPC17xx.a(lpc17xx_clkpwr.o)
 .debug_loc     0x000007a3      0x88e F:\Users\Matias Garcia\Documents\MCUXpressoIDE_11.4.0_6237\workspace - copia\CMSISv2p00_LPC17xx\Debug\libCMSISv2p00_LPC17xx.a(lpc17xx_gpio.o)
 .debug_loc     0x00001031       0x2a F:\Users\Matias Garcia\Documents\MCUXpressoIDE_11.4.0_6237\workspace - copia\CMSISv2p00_LPC17xx\Debug\libCMSISv2p00_LPC17xx.a(lpc17xx_libcfg_default.o)
 .debug_loc     0x0000105b      0x1a1 F:\Users\Matias Garcia\Documents\MCUXpressoIDE_11.4.0_6237\workspace - copia\CMSISv2p00_LPC17xx\Debug\libCMSISv2p00_LPC17xx.a(lpc17xx_pinsel.o)
 .debug_loc     0x000011fc      0x6ca F:\Users\Matias Garcia\Documents\MCUXpressoIDE_11.4.0_6237\workspace - copia\CMSISv2p00_LPC17xx\Debug\libCMSISv2p00_LPC17xx.a(lpc17xx_timer.o)
 .debug_loc     0x000018c6     0x1488 F:\Users\Matias Garcia\Documents\MCUXpressoIDE_11.4.0_6237\workspace - copia\CMSISv2p00_LPC17xx\Debug\libCMSISv2p00_LPC17xx.a(lpc17xx_uart.o)

Cross Reference Table

Symbol                                            File
ADC_BurstCmd                                      F:\Users\Matias Garcia\Documents\MCUXpressoIDE_11.4.0_6237\workspace - copia\CMSISv2p00_LPC17xx\Debug\libCMSISv2p00_LPC17xx.a(lpc17xx_adc.o)
                                                  ./src/main.o
ADC_ChannelCmd                                    F:\Users\Matias Garcia\Documents\MCUXpressoIDE_11.4.0_6237\workspace - copia\CMSISv2p00_LPC17xx\Debug\libCMSISv2p00_LPC17xx.a(lpc17xx_adc.o)
                                                  ./src/main.o
ADC_ChannelGetData                                F:\Users\Matias Garcia\Documents\MCUXpressoIDE_11.4.0_6237\workspace - copia\CMSISv2p00_LPC17xx\Debug\libCMSISv2p00_LPC17xx.a(lpc17xx_adc.o)
ADC_ChannelGetStatus                              F:\Users\Matias Garcia\Documents\MCUXpressoIDE_11.4.0_6237\workspace - copia\CMSISv2p00_LPC17xx\Debug\libCMSISv2p00_LPC17xx.a(lpc17xx_adc.o)
ADC_DeInit                                        F:\Users\Matias Garcia\Documents\MCUXpressoIDE_11.4.0_6237\workspace - copia\CMSISv2p00_LPC17xx\Debug\libCMSISv2p00_LPC17xx.a(lpc17xx_adc.o)
ADC_EdgeStartConfig                               F:\Users\Matias Garcia\Documents\MCUXpressoIDE_11.4.0_6237\workspace - copia\CMSISv2p00_LPC17xx\Debug\libCMSISv2p00_LPC17xx.a(lpc17xx_adc.o)
                                                  ./src/main.o
ADC_GetData                                       F:\Users\Matias Garcia\Documents\MCUXpressoIDE_11.4.0_6237\workspace - copia\CMSISv2p00_LPC17xx\Debug\libCMSISv2p00_LPC17xx.a(lpc17xx_adc.o)
ADC_GlobalGetData                                 F:\Users\Matias Garcia\Documents\MCUXpressoIDE_11.4.0_6237\workspace - copia\CMSISv2p00_LPC17xx\Debug\libCMSISv2p00_LPC17xx.a(lpc17xx_adc.o)
ADC_GlobalGetStatus                               F:\Users\Matias Garcia\Documents\MCUXpressoIDE_11.4.0_6237\workspace - copia\CMSISv2p00_LPC17xx\Debug\libCMSISv2p00_LPC17xx.a(lpc17xx_adc.o)
ADC_IRQHandler                                    ./src/cr_startup_lpc175x_6x.o
ADC_Init                                          F:\Users\Matias Garcia\Documents\MCUXpressoIDE_11.4.0_6237\workspace - copia\CMSISv2p00_LPC17xx\Debug\libCMSISv2p00_LPC17xx.a(lpc17xx_adc.o)
                                                  ./src/main.o
ADC_IntConfig                                     F:\Users\Matias Garcia\Documents\MCUXpressoIDE_11.4.0_6237\workspace - copia\CMSISv2p00_LPC17xx\Debug\libCMSISv2p00_LPC17xx.a(lpc17xx_adc.o)
                                                  ./src/main.o
ADC_PowerdownCmd                                  F:\Users\Matias Garcia\Documents\MCUXpressoIDE_11.4.0_6237\workspace - copia\CMSISv2p00_LPC17xx\Debug\libCMSISv2p00_LPC17xx.a(lpc17xx_adc.o)
ADC_StartCmd                                      F:\Users\Matias Garcia\Documents\MCUXpressoIDE_11.4.0_6237\workspace - copia\CMSISv2p00_LPC17xx\Debug\libCMSISv2p00_LPC17xx.a(lpc17xx_adc.o)
                                                  ./src/main.o
BOD_IRQHandler                                    ./src/cr_startup_lpc175x_6x.o
BusFault_Handler                                  ./src/cr_startup_lpc175x_6x.o
CANActivity_IRQHandler                            ./src/cr_startup_lpc175x_6x.o
CAN_IRQHandler                                    ./src/cr_startup_lpc175x_6x.o
CLKPWR_ConfigPPWR                                 F:\Users\Matias Garcia\Documents\MCUXpressoIDE_11.4.0_6237\workspace - copia\CMSISv2p00_LPC17xx\Debug\libCMSISv2p00_LPC17xx.a(lpc17xx_clkpwr.o)
                                                  F:\Users\Matias Garcia\Documents\MCUXpressoIDE_11.4.0_6237\workspace - copia\CMSISv2p00_LPC17xx\Debug\libCMSISv2p00_LPC17xx.a(lpc17xx_uart.o)
                                                  F:\Users\Matias Garcia\Documents\MCUXpressoIDE_11.4.0_6237\workspace - copia\CMSISv2p00_LPC17xx\Debug\libCMSISv2p00_LPC17xx.a(lpc17xx_timer.o)
                                                  F:\Users\Matias Garcia\Documents\MCUXpressoIDE_11.4.0_6237\workspace - copia\CMSISv2p00_LPC17xx\Debug\libCMSISv2p00_LPC17xx.a(lpc17xx_adc.o)
CLKPWR_DeepPowerDown                              F:\Users\Matias Garcia\Documents\MCUXpressoIDE_11.4.0_6237\workspace - copia\CMSISv2p00_LPC17xx\Debug\libCMSISv2p00_LPC17xx.a(lpc17xx_clkpwr.o)
CLKPWR_DeepSleep                                  F:\Users\Matias Garcia\Documents\MCUXpressoIDE_11.4.0_6237\workspace - copia\CMSISv2p00_LPC17xx\Debug\libCMSISv2p00_LPC17xx.a(lpc17xx_clkpwr.o)
CLKPWR_GetPCLK                                    F:\Users\Matias Garcia\Documents\MCUXpressoIDE_11.4.0_6237\workspace - copia\CMSISv2p00_LPC17xx\Debug\libCMSISv2p00_LPC17xx.a(lpc17xx_clkpwr.o)
                                                  F:\Users\Matias Garcia\Documents\MCUXpressoIDE_11.4.0_6237\workspace - copia\CMSISv2p00_LPC17xx\Debug\libCMSISv2p00_LPC17xx.a(lpc17xx_uart.o)
                                                  F:\Users\Matias Garcia\Documents\MCUXpressoIDE_11.4.0_6237\workspace - copia\CMSISv2p00_LPC17xx\Debug\libCMSISv2p00_LPC17xx.a(lpc17xx_timer.o)
                                                  F:\Users\Matias Garcia\Documents\MCUXpressoIDE_11.4.0_6237\workspace - copia\CMSISv2p00_LPC17xx\Debug\libCMSISv2p00_LPC17xx.a(lpc17xx_adc.o)
CLKPWR_GetPCLKSEL                                 F:\Users\Matias Garcia\Documents\MCUXpressoIDE_11.4.0_6237\workspace - copia\CMSISv2p00_LPC17xx\Debug\libCMSISv2p00_LPC17xx.a(lpc17xx_clkpwr.o)
CLKPWR_PowerDown                                  F:\Users\Matias Garcia\Documents\MCUXpressoIDE_11.4.0_6237\workspace - copia\CMSISv2p00_LPC17xx\Debug\libCMSISv2p00_LPC17xx.a(lpc17xx_clkpwr.o)
CLKPWR_SetPCLKDiv                                 F:\Users\Matias Garcia\Documents\MCUXpressoIDE_11.4.0_6237\workspace - copia\CMSISv2p00_LPC17xx\Debug\libCMSISv2p00_LPC17xx.a(lpc17xx_clkpwr.o)
                                                  F:\Users\Matias Garcia\Documents\MCUXpressoIDE_11.4.0_6237\workspace - copia\CMSISv2p00_LPC17xx\Debug\libCMSISv2p00_LPC17xx.a(lpc17xx_timer.o)
CLKPWR_Sleep                                      F:\Users\Matias Garcia\Documents\MCUXpressoIDE_11.4.0_6237\workspace - copia\CMSISv2p00_LPC17xx\Debug\libCMSISv2p00_LPC17xx.a(lpc17xx_clkpwr.o)
CRP_WORD                                          ./src/crp.o
DMA_IRQHandler                                    ./src/cr_startup_lpc175x_6x.o
DebugMon_Handler                                  ./src/cr_startup_lpc175x_6x.o
EINT0_IRQHandler                                  ./src/cr_startup_lpc175x_6x.o
EINT1_IRQHandler                                  ./src/cr_startup_lpc175x_6x.o
EINT2_IRQHandler                                  ./src/cr_startup_lpc175x_6x.o
EINT3_IRQHandler                                  ./src/cr_startup_lpc175x_6x.o
ENET_IRQHandler                                   ./src/cr_startup_lpc175x_6x.o
FIO_ByteClearValue                                F:\Users\Matias Garcia\Documents\MCUXpressoIDE_11.4.0_6237\workspace - copia\CMSISv2p00_LPC17xx\Debug\libCMSISv2p00_LPC17xx.a(lpc17xx_gpio.o)
FIO_ByteReadValue                                 F:\Users\Matias Garcia\Documents\MCUXpressoIDE_11.4.0_6237\workspace - copia\CMSISv2p00_LPC17xx\Debug\libCMSISv2p00_LPC17xx.a(lpc17xx_gpio.o)
FIO_ByteSetDir                                    F:\Users\Matias Garcia\Documents\MCUXpressoIDE_11.4.0_6237\workspace - copia\CMSISv2p00_LPC17xx\Debug\libCMSISv2p00_LPC17xx.a(lpc17xx_gpio.o)
FIO_ByteSetMask                                   F:\Users\Matias Garcia\Documents\MCUXpressoIDE_11.4.0_6237\workspace - copia\CMSISv2p00_LPC17xx\Debug\libCMSISv2p00_LPC17xx.a(lpc17xx_gpio.o)
FIO_ByteSetValue                                  F:\Users\Matias Garcia\Documents\MCUXpressoIDE_11.4.0_6237\workspace - copia\CMSISv2p00_LPC17xx\Debug\libCMSISv2p00_LPC17xx.a(lpc17xx_gpio.o)
FIO_ClearInt                                      F:\Users\Matias Garcia\Documents\MCUXpressoIDE_11.4.0_6237\workspace - copia\CMSISv2p00_LPC17xx\Debug\libCMSISv2p00_LPC17xx.a(lpc17xx_gpio.o)
FIO_ClearValue                                    F:\Users\Matias Garcia\Documents\MCUXpressoIDE_11.4.0_6237\workspace - copia\CMSISv2p00_LPC17xx\Debug\libCMSISv2p00_LPC17xx.a(lpc17xx_gpio.o)
FIO_GetIntStatus                                  F:\Users\Matias Garcia\Documents\MCUXpressoIDE_11.4.0_6237\workspace - copia\CMSISv2p00_LPC17xx\Debug\libCMSISv2p00_LPC17xx.a(lpc17xx_gpio.o)
FIO_HalfWordClearValue                            F:\Users\Matias Garcia\Documents\MCUXpressoIDE_11.4.0_6237\workspace - copia\CMSISv2p00_LPC17xx\Debug\libCMSISv2p00_LPC17xx.a(lpc17xx_gpio.o)
FIO_HalfWordReadValue                             F:\Users\Matias Garcia\Documents\MCUXpressoIDE_11.4.0_6237\workspace - copia\CMSISv2p00_LPC17xx\Debug\libCMSISv2p00_LPC17xx.a(lpc17xx_gpio.o)
FIO_HalfWordSetDir                                F:\Users\Matias Garcia\Documents\MCUXpressoIDE_11.4.0_6237\workspace - copia\CMSISv2p00_LPC17xx\Debug\libCMSISv2p00_LPC17xx.a(lpc17xx_gpio.o)
FIO_HalfWordSetMask                               F:\Users\Matias Garcia\Documents\MCUXpressoIDE_11.4.0_6237\workspace - copia\CMSISv2p00_LPC17xx\Debug\libCMSISv2p00_LPC17xx.a(lpc17xx_gpio.o)
FIO_HalfWordSetValue                              F:\Users\Matias Garcia\Documents\MCUXpressoIDE_11.4.0_6237\workspace - copia\CMSISv2p00_LPC17xx\Debug\libCMSISv2p00_LPC17xx.a(lpc17xx_gpio.o)
FIO_IntCmd                                        F:\Users\Matias Garcia\Documents\MCUXpressoIDE_11.4.0_6237\workspace - copia\CMSISv2p00_LPC17xx\Debug\libCMSISv2p00_LPC17xx.a(lpc17xx_gpio.o)
FIO_ReadValue                                     F:\Users\Matias Garcia\Documents\MCUXpressoIDE_11.4.0_6237\workspace - copia\CMSISv2p00_LPC17xx\Debug\libCMSISv2p00_LPC17xx.a(lpc17xx_gpio.o)
FIO_SetDir                                        F:\Users\Matias Garcia\Documents\MCUXpressoIDE_11.4.0_6237\workspace - copia\CMSISv2p00_LPC17xx\Debug\libCMSISv2p00_LPC17xx.a(lpc17xx_gpio.o)
FIO_SetMask                                       F:\Users\Matias Garcia\Documents\MCUXpressoIDE_11.4.0_6237\workspace - copia\CMSISv2p00_LPC17xx\Debug\libCMSISv2p00_LPC17xx.a(lpc17xx_gpio.o)
FIO_SetValue                                      F:\Users\Matias Garcia\Documents\MCUXpressoIDE_11.4.0_6237\workspace - copia\CMSISv2p00_LPC17xx\Debug\libCMSISv2p00_LPC17xx.a(lpc17xx_gpio.o)
GPIO_ClearInt                                     F:\Users\Matias Garcia\Documents\MCUXpressoIDE_11.4.0_6237\workspace - copia\CMSISv2p00_LPC17xx\Debug\libCMSISv2p00_LPC17xx.a(lpc17xx_gpio.o)
GPIO_ClearValue                                   F:\Users\Matias Garcia\Documents\MCUXpressoIDE_11.4.0_6237\workspace - copia\CMSISv2p00_LPC17xx\Debug\libCMSISv2p00_LPC17xx.a(lpc17xx_gpio.o)
GPIO_GetIntStatus                                 F:\Users\Matias Garcia\Documents\MCUXpressoIDE_11.4.0_6237\workspace - copia\CMSISv2p00_LPC17xx\Debug\libCMSISv2p00_LPC17xx.a(lpc17xx_gpio.o)
GPIO_IntCmd                                       F:\Users\Matias Garcia\Documents\MCUXpressoIDE_11.4.0_6237\workspace - copia\CMSISv2p00_LPC17xx\Debug\libCMSISv2p00_LPC17xx.a(lpc17xx_gpio.o)
GPIO_ReadValue                                    F:\Users\Matias Garcia\Documents\MCUXpressoIDE_11.4.0_6237\workspace - copia\CMSISv2p00_LPC17xx\Debug\libCMSISv2p00_LPC17xx.a(lpc17xx_gpio.o)
GPIO_SetDir                                       F:\Users\Matias Garcia\Documents\MCUXpressoIDE_11.4.0_6237\workspace - copia\CMSISv2p00_LPC17xx\Debug\libCMSISv2p00_LPC17xx.a(lpc17xx_gpio.o)
                                                  ./src/main.o
GPIO_SetValue                                     F:\Users\Matias Garcia\Documents\MCUXpressoIDE_11.4.0_6237\workspace - copia\CMSISv2p00_LPC17xx\Debug\libCMSISv2p00_LPC17xx.a(lpc17xx_gpio.o)
HardFault_Handler                                 ./src/cr_startup_lpc175x_6x.o
I2C0_IRQHandler                                   ./src/cr_startup_lpc175x_6x.o
I2C1_IRQHandler                                   ./src/cr_startup_lpc175x_6x.o
I2C2_IRQHandler                                   ./src/cr_startup_lpc175x_6x.o
I2S_IRQHandler                                    ./src/cr_startup_lpc175x_6x.o
IntDefaultHandler                                 ./src/cr_startup_lpc175x_6x.o
MCPWM_IRQHandler                                  ./src/cr_startup_lpc175x_6x.o
MemManage_Handler                                 ./src/cr_startup_lpc175x_6x.o
NMI_Handler                                       ./src/cr_startup_lpc175x_6x.o
PINSEL_ConfigPin                                  F:\Users\Matias Garcia\Documents\MCUXpressoIDE_11.4.0_6237\workspace - copia\CMSISv2p00_LPC17xx\Debug\libCMSISv2p00_LPC17xx.a(lpc17xx_pinsel.o)
                                                  ./src/main.o
PINSEL_ConfigTraceFunc                            F:\Users\Matias Garcia\Documents\MCUXpressoIDE_11.4.0_6237\workspace - copia\CMSISv2p00_LPC17xx\Debug\libCMSISv2p00_LPC17xx.a(lpc17xx_pinsel.o)
PINSEL_SetI2C0Pins                                F:\Users\Matias Garcia\Documents\MCUXpressoIDE_11.4.0_6237\workspace - copia\CMSISv2p00_LPC17xx\Debug\libCMSISv2p00_LPC17xx.a(lpc17xx_pinsel.o)
PLL0_IRQHandler                                   ./src/cr_startup_lpc175x_6x.o
PLL1_IRQHandler                                   ./src/cr_startup_lpc175x_6x.o
PWM1_IRQHandler                                   ./src/cr_startup_lpc175x_6x.o
PendSV_Handler                                    ./src/cr_startup_lpc175x_6x.o
QEI_IRQHandler                                    ./src/cr_startup_lpc175x_6x.o
RIT_IRQHandler                                    ./src/cr_startup_lpc175x_6x.o
RTC_IRQHandler                                    ./src/cr_startup_lpc175x_6x.o
ResetISR                                          ./src/cr_startup_lpc175x_6x.o
SPI_IRQHandler                                    ./src/cr_startup_lpc175x_6x.o
SSP0_IRQHandler                                   ./src/cr_startup_lpc175x_6x.o
SSP1_IRQHandler                                   ./src/cr_startup_lpc175x_6x.o
SVC_Handler                                       ./src/cr_startup_lpc175x_6x.o
SysTick_Handler                                   ./src/cr_startup_lpc175x_6x.o
SystemCoreClock                                   F:\Users\Matias Garcia\Documents\MCUXpressoIDE_11.4.0_6237\workspace - copia\CMSISv2p00_LPC17xx\Debug\libCMSISv2p00_LPC17xx.a(system_LPC17xx.o)
                                                  F:\Users\Matias Garcia\Documents\MCUXpressoIDE_11.4.0_6237\workspace - copia\CMSISv2p00_LPC17xx\Debug\libCMSISv2p00_LPC17xx.a(lpc17xx_clkpwr.o)
SystemCoreClockUpdate                             F:\Users\Matias Garcia\Documents\MCUXpressoIDE_11.4.0_6237\workspace - copia\CMSISv2p00_LPC17xx\Debug\libCMSISv2p00_LPC17xx.a(system_LPC17xx.o)
SystemInit                                        F:\Users\Matias Garcia\Documents\MCUXpressoIDE_11.4.0_6237\workspace - copia\CMSISv2p00_LPC17xx\Debug\libCMSISv2p00_LPC17xx.a(system_LPC17xx.o)
                                                  ./src/cr_startup_lpc175x_6x.o
TIMER0_IRQHandler                                 ./src/cr_startup_lpc175x_6x.o
TIMER1_IRQHandler                                 ./src/main.o
                                                  ./src/cr_startup_lpc175x_6x.o
TIMER2_IRQHandler                                 ./src/cr_startup_lpc175x_6x.o
TIMER3_IRQHandler                                 ./src/cr_startup_lpc175x_6x.o
TIM_ClearIntCapturePending                        F:\Users\Matias Garcia\Documents\MCUXpressoIDE_11.4.0_6237\workspace - copia\CMSISv2p00_LPC17xx\Debug\libCMSISv2p00_LPC17xx.a(lpc17xx_timer.o)
TIM_ClearIntPending                               F:\Users\Matias Garcia\Documents\MCUXpressoIDE_11.4.0_6237\workspace - copia\CMSISv2p00_LPC17xx\Debug\libCMSISv2p00_LPC17xx.a(lpc17xx_timer.o)
                                                  ./src/main.o
TIM_Cmd                                           F:\Users\Matias Garcia\Documents\MCUXpressoIDE_11.4.0_6237\workspace - copia\CMSISv2p00_LPC17xx\Debug\libCMSISv2p00_LPC17xx.a(lpc17xx_timer.o)
                                                  ./src/main.o
TIM_ConfigCapture                                 F:\Users\Matias Garcia\Documents\MCUXpressoIDE_11.4.0_6237\workspace - copia\CMSISv2p00_LPC17xx\Debug\libCMSISv2p00_LPC17xx.a(lpc17xx_timer.o)
TIM_ConfigMatch                                   F:\Users\Matias Garcia\Documents\MCUXpressoIDE_11.4.0_6237\workspace - copia\CMSISv2p00_LPC17xx\Debug\libCMSISv2p00_LPC17xx.a(lpc17xx_timer.o)
                                                  ./src/main.o
TIM_ConfigStructInit                              F:\Users\Matias Garcia\Documents\MCUXpressoIDE_11.4.0_6237\workspace - copia\CMSISv2p00_LPC17xx\Debug\libCMSISv2p00_LPC17xx.a(lpc17xx_timer.o)
TIM_DeInit                                        F:\Users\Matias Garcia\Documents\MCUXpressoIDE_11.4.0_6237\workspace - copia\CMSISv2p00_LPC17xx\Debug\libCMSISv2p00_LPC17xx.a(lpc17xx_timer.o)
TIM_GetCaptureValue                               F:\Users\Matias Garcia\Documents\MCUXpressoIDE_11.4.0_6237\workspace - copia\CMSISv2p00_LPC17xx\Debug\libCMSISv2p00_LPC17xx.a(lpc17xx_timer.o)
TIM_GetIntCaptureStatus                           F:\Users\Matias Garcia\Documents\MCUXpressoIDE_11.4.0_6237\workspace - copia\CMSISv2p00_LPC17xx\Debug\libCMSISv2p00_LPC17xx.a(lpc17xx_timer.o)
TIM_GetIntStatus                                  F:\Users\Matias Garcia\Documents\MCUXpressoIDE_11.4.0_6237\workspace - copia\CMSISv2p00_LPC17xx\Debug\libCMSISv2p00_LPC17xx.a(lpc17xx_timer.o)
TIM_Init                                          F:\Users\Matias Garcia\Documents\MCUXpressoIDE_11.4.0_6237\workspace - copia\CMSISv2p00_LPC17xx\Debug\libCMSISv2p00_LPC17xx.a(lpc17xx_timer.o)
                                                  ./src/main.o
TIM_ResetCounter                                  F:\Users\Matias Garcia\Documents\MCUXpressoIDE_11.4.0_6237\workspace - copia\CMSISv2p00_LPC17xx\Debug\libCMSISv2p00_LPC17xx.a(lpc17xx_timer.o)
TIM_UpdateMatchValue                              F:\Users\Matias Garcia\Documents\MCUXpressoIDE_11.4.0_6237\workspace - copia\CMSISv2p00_LPC17xx\Debug\libCMSISv2p00_LPC17xx.a(lpc17xx_timer.o)
UART0_IRQHandler                                  ./src/cr_startup_lpc175x_6x.o
UART1_IRQHandler                                  ./src/cr_startup_lpc175x_6x.o
UART2_IRQHandler                                  ./src/cr_startup_lpc175x_6x.o
UART3_IRQHandler                                  ./src/cr_startup_lpc175x_6x.o
UART_ABClearIntPending                            F:\Users\Matias Garcia\Documents\MCUXpressoIDE_11.4.0_6237\workspace - copia\CMSISv2p00_LPC17xx\Debug\libCMSISv2p00_LPC17xx.a(lpc17xx_uart.o)
UART_ABCmd                                        F:\Users\Matias Garcia\Documents\MCUXpressoIDE_11.4.0_6237\workspace - copia\CMSISv2p00_LPC17xx\Debug\libCMSISv2p00_LPC17xx.a(lpc17xx_uart.o)
UART_CheckBusy                                    F:\Users\Matias Garcia\Documents\MCUXpressoIDE_11.4.0_6237\workspace - copia\CMSISv2p00_LPC17xx\Debug\libCMSISv2p00_LPC17xx.a(lpc17xx_uart.o)
UART_ConfigStructInit                             F:\Users\Matias Garcia\Documents\MCUXpressoIDE_11.4.0_6237\workspace - copia\CMSISv2p00_LPC17xx\Debug\libCMSISv2p00_LPC17xx.a(lpc17xx_uart.o)
                                                  ./src/main.o
UART_DeInit                                       F:\Users\Matias Garcia\Documents\MCUXpressoIDE_11.4.0_6237\workspace - copia\CMSISv2p00_LPC17xx\Debug\libCMSISv2p00_LPC17xx.a(lpc17xx_uart.o)
UART_FIFOConfig                                   F:\Users\Matias Garcia\Documents\MCUXpressoIDE_11.4.0_6237\workspace - copia\CMSISv2p00_LPC17xx\Debug\libCMSISv2p00_LPC17xx.a(lpc17xx_uart.o)
                                                  ./src/main.o
UART_FIFOConfigStructInit                         F:\Users\Matias Garcia\Documents\MCUXpressoIDE_11.4.0_6237\workspace - copia\CMSISv2p00_LPC17xx\Debug\libCMSISv2p00_LPC17xx.a(lpc17xx_uart.o)
                                                  ./src/main.o
UART_ForceBreak                                   F:\Users\Matias Garcia\Documents\MCUXpressoIDE_11.4.0_6237\workspace - copia\CMSISv2p00_LPC17xx\Debug\libCMSISv2p00_LPC17xx.a(lpc17xx_uart.o)
UART_FullModemConfigMode                          F:\Users\Matias Garcia\Documents\MCUXpressoIDE_11.4.0_6237\workspace - copia\CMSISv2p00_LPC17xx\Debug\libCMSISv2p00_LPC17xx.a(lpc17xx_uart.o)
UART_FullModemForcePinState                       F:\Users\Matias Garcia\Documents\MCUXpressoIDE_11.4.0_6237\workspace - copia\CMSISv2p00_LPC17xx\Debug\libCMSISv2p00_LPC17xx.a(lpc17xx_uart.o)
UART_FullModemGetStatus                           F:\Users\Matias Garcia\Documents\MCUXpressoIDE_11.4.0_6237\workspace - copia\CMSISv2p00_LPC17xx\Debug\libCMSISv2p00_LPC17xx.a(lpc17xx_uart.o)
UART_GetIntId                                     F:\Users\Matias Garcia\Documents\MCUXpressoIDE_11.4.0_6237\workspace - copia\CMSISv2p00_LPC17xx\Debug\libCMSISv2p00_LPC17xx.a(lpc17xx_uart.o)
UART_GetLineStatus                                F:\Users\Matias Garcia\Documents\MCUXpressoIDE_11.4.0_6237\workspace - copia\CMSISv2p00_LPC17xx\Debug\libCMSISv2p00_LPC17xx.a(lpc17xx_uart.o)
UART_Init                                         F:\Users\Matias Garcia\Documents\MCUXpressoIDE_11.4.0_6237\workspace - copia\CMSISv2p00_LPC17xx\Debug\libCMSISv2p00_LPC17xx.a(lpc17xx_uart.o)
                                                  ./src/main.o
UART_IntConfig                                    F:\Users\Matias Garcia\Documents\MCUXpressoIDE_11.4.0_6237\workspace - copia\CMSISv2p00_LPC17xx\Debug\libCMSISv2p00_LPC17xx.a(lpc17xx_uart.o)
UART_IrDACmd                                      F:\Users\Matias Garcia\Documents\MCUXpressoIDE_11.4.0_6237\workspace - copia\CMSISv2p00_LPC17xx\Debug\libCMSISv2p00_LPC17xx.a(lpc17xx_uart.o)
UART_IrDAInvtInputCmd                             F:\Users\Matias Garcia\Documents\MCUXpressoIDE_11.4.0_6237\workspace - copia\CMSISv2p00_LPC17xx\Debug\libCMSISv2p00_LPC17xx.a(lpc17xx_uart.o)
UART_IrDAPulseDivConfig                           F:\Users\Matias Garcia\Documents\MCUXpressoIDE_11.4.0_6237\workspace - copia\CMSISv2p00_LPC17xx\Debug\libCMSISv2p00_LPC17xx.a(lpc17xx_uart.o)
UART_RS485Config                                  F:\Users\Matias Garcia\Documents\MCUXpressoIDE_11.4.0_6237\workspace - copia\CMSISv2p00_LPC17xx\Debug\libCMSISv2p00_LPC17xx.a(lpc17xx_uart.o)
UART_RS485ReceiverCmd                             F:\Users\Matias Garcia\Documents\MCUXpressoIDE_11.4.0_6237\workspace - copia\CMSISv2p00_LPC17xx\Debug\libCMSISv2p00_LPC17xx.a(lpc17xx_uart.o)
UART_RS485Send                                    F:\Users\Matias Garcia\Documents\MCUXpressoIDE_11.4.0_6237\workspace - copia\CMSISv2p00_LPC17xx\Debug\libCMSISv2p00_LPC17xx.a(lpc17xx_uart.o)
UART_RS485SendData                                F:\Users\Matias Garcia\Documents\MCUXpressoIDE_11.4.0_6237\workspace - copia\CMSISv2p00_LPC17xx\Debug\libCMSISv2p00_LPC17xx.a(lpc17xx_uart.o)
UART_RS485SendSlvAddr                             F:\Users\Matias Garcia\Documents\MCUXpressoIDE_11.4.0_6237\workspace - copia\CMSISv2p00_LPC17xx\Debug\libCMSISv2p00_LPC17xx.a(lpc17xx_uart.o)
UART_Receive                                      F:\Users\Matias Garcia\Documents\MCUXpressoIDE_11.4.0_6237\workspace - copia\CMSISv2p00_LPC17xx\Debug\libCMSISv2p00_LPC17xx.a(lpc17xx_uart.o)
UART_ReceiveByte                                  F:\Users\Matias Garcia\Documents\MCUXpressoIDE_11.4.0_6237\workspace - copia\CMSISv2p00_LPC17xx\Debug\libCMSISv2p00_LPC17xx.a(lpc17xx_uart.o)
UART_Send                                         F:\Users\Matias Garcia\Documents\MCUXpressoIDE_11.4.0_6237\workspace - copia\CMSISv2p00_LPC17xx\Debug\libCMSISv2p00_LPC17xx.a(lpc17xx_uart.o)
                                                  ./src/main.o
UART_SendByte                                     F:\Users\Matias Garcia\Documents\MCUXpressoIDE_11.4.0_6237\workspace - copia\CMSISv2p00_LPC17xx\Debug\libCMSISv2p00_LPC17xx.a(lpc17xx_uart.o)
UART_TxCmd                                        F:\Users\Matias Garcia\Documents\MCUXpressoIDE_11.4.0_6237\workspace - copia\CMSISv2p00_LPC17xx\Debug\libCMSISv2p00_LPC17xx.a(lpc17xx_uart.o)
                                                  ./src/main.o
USBActivity_IRQHandler                            ./src/cr_startup_lpc175x_6x.o
USB_IRQHandler                                    ./src/cr_startup_lpc175x_6x.o
UsageFault_Handler                                ./src/cr_startup_lpc175x_6x.o
WDT_IRQHandler                                    ./src/cr_startup_lpc175x_6x.o
__aeabi_idiv0                                     f:/nxp/mcuxpressoide_11.4.0_6237/ide/plugins/com.nxp.mcuxpresso.tools.win32_11.4.0.202103011116/tools/bin/../lib/gcc/arm-none-eabi/10.2.1/thumb/v7-m/nofp\libcr_eabihelpers.a(division_idiv0.o)
                                                  f:/nxp/mcuxpressoide_11.4.0_6237/ide/plugins/com.nxp.mcuxpresso.tools.win32_11.4.0.202103011116/tools/bin/../lib/gcc/arm-none-eabi/10.2.1/thumb/v7-m/nofp\libcr_eabihelpers.a(division_64.o)
__aeabi_ldivmod                                   f:/nxp/mcuxpressoide_11.4.0_6237/ide/plugins/com.nxp.mcuxpresso.tools.win32_11.4.0.202103011116/tools/bin/../lib/gcc/arm-none-eabi/10.2.1/thumb/v7-m/nofp\libcr_eabihelpers.a(division_64.o)
                                                  F:\Users\Matias Garcia\Documents\MCUXpressoIDE_11.4.0_6237\workspace - copia\CMSISv2p00_LPC17xx\Debug\libCMSISv2p00_LPC17xx.a(system_LPC17xx.o)
__aeabi_uldivmod                                  f:/nxp/mcuxpressoide_11.4.0_6237/ide/plugins/com.nxp.mcuxpresso.tools.win32_11.4.0.202103011116/tools/bin/../lib/gcc/arm-none-eabi/10.2.1/thumb/v7-m/nofp\libcr_eabihelpers.a(division_64.o)
                                                  F:\Users\Matias Garcia\Documents\MCUXpressoIDE_11.4.0_6237\workspace - copia\CMSISv2p00_LPC17xx\Debug\libCMSISv2p00_LPC17xx.a(lpc17xx_timer.o)
                                                  F:\Users\Matias Garcia\Documents\MCUXpressoIDE_11.4.0_6237\workspace - copia\CMSISv2p00_LPC17xx\Debug\libCMSISv2p00_LPC17xx.a(system_LPC17xx.o)
__bhs_ldivmod1                                    f:/nxp/mcuxpressoide_11.4.0_6237/ide/plugins/com.nxp.mcuxpresso.tools.win32_11.4.0.202103011116/tools/bin/../lib/gcc/arm-none-eabi/10.2.1/thumb/v7-m/nofp\libcr_eabihelpers.a(division_64.o)
__bss_section_table_end                           ./src/cr_startup_lpc175x_6x.o
__data_section_table                              ./src/cr_startup_lpc175x_6x.o
__data_section_table_end                          ./src/cr_startup_lpc175x_6x.o
__main                                            f:/nxp/mcuxpressoide_11.4.0_6237/ide/plugins/com.nxp.mcuxpresso.tools.win32_11.4.0.202103011116/tools/bin/../lib/gcc/arm-none-eabi/10.2.1/../../../../arm-none-eabi/lib/thumb/v7-m/nofp\libcr_c.a(__weak__main.o)
                                                  ./src/cr_startup_lpc175x_6x.o
__valid_user_code_checksum                        ./src/cr_startup_lpc175x_6x.o
__weak_main                                       f:/nxp/mcuxpressoide_11.4.0_6237/ide/plugins/com.nxp.mcuxpresso.tools.win32_11.4.0.202103011116/tools/bin/../lib/gcc/arm-none-eabi/10.2.1/../../../../arm-none-eabi/lib/thumb/v7-m/nofp\libcr_c.a(__weak__main.o)
_vStackTop                                        ./src/cr_startup_lpc175x_6x.o
bss_init                                          ./src/cr_startup_lpc175x_6x.o
check_failed                                      F:\Users\Matias Garcia\Documents\MCUXpressoIDE_11.4.0_6237\workspace - copia\CMSISv2p00_LPC17xx\Debug\libCMSISv2p00_LPC17xx.a(lpc17xx_libcfg_default.o)
                                                  F:\Users\Matias Garcia\Documents\MCUXpressoIDE_11.4.0_6237\workspace - copia\CMSISv2p00_LPC17xx\Debug\libCMSISv2p00_LPC17xx.a(lpc17xx_uart.o)
                                                  F:\Users\Matias Garcia\Documents\MCUXpressoIDE_11.4.0_6237\workspace - copia\CMSISv2p00_LPC17xx\Debug\libCMSISv2p00_LPC17xx.a(lpc17xx_timer.o)
                                                  F:\Users\Matias Garcia\Documents\MCUXpressoIDE_11.4.0_6237\workspace - copia\CMSISv2p00_LPC17xx\Debug\libCMSISv2p00_LPC17xx.a(lpc17xx_adc.o)
clear                                             ./src/main.o
confADC                                           ./src/main.o
confTimers                                        ./src/main.o
confUart                                          ./src/main.o
config_GPIO                                       ./src/main.o
consoleclear                                      ./src/main.o
data                                              ./src/main.o
data_init                                         ./src/cr_startup_lpc175x_6x.o
g_pfnVectors                                      ./src/cr_startup_lpc175x_6x.o
keypad                                            ./src/main.o
keypress                                          ./src/main.o
main                                              ./src/main.o
                                                  f:/nxp/mcuxpressoide_11.4.0_6237/ide/plugins/com.nxp.mcuxpresso.tools.win32_11.4.0.202103011116/tools/bin/../lib/gcc/arm-none-eabi/10.2.1/../../../../arm-none-eabi/lib/thumb/v7-m/nofp\libcr_c.a(__weak__main.o)
readkey                                           ./src/main.o
retardo                                           ./src/main.o
sendData                                          ./src/main.o
