C:\Users\lucho\Documents\MCUXpressoIDE_11.4.0_6237\workspace_drivers\CMSISv2p00_LPC17xx\inc/core_cm3.h:928:22:NVIC_EnableIRQ	16	static
../src/configuraciones.h:16:6:config_GPIO	16	static
../src/configuraciones.h:64:6:configINT	8	static
../src/configuraciones.h:71:6:Antirebote	16	static
../src/TecladoMatricial.h:13:6:readkey	16	static
../src/TecladoMatricial.h:31:6:retardo	16	static
../src/TecladoMatricial.h:37:6:presiona	4	static
../src/TecladoMatricial.h:40:6:suelta	4	static
../src/uart.h:7:6:setReloj	24	static
../src/uart.h:32:6:setTemperatura	24	static
../src/uart.h:57:6:confUart	24	static
../src/uart.h:71:6:consoleclear	8	static
../src/uart.h:75:6:enviarReloj	8	static
../src/uart.h:79:6:enviarRTemperatura	8	static
../src/timer.h:2:6:confTimers	32	static
../src/timer.h:40:6:TIMER0_IRQHandler	4	static
../src/ADC.h:2:6:confADC	8	static
../src/main.c:18:5:main	8	static
../src/main.c:43:6:EINT3_IRQHandler	16	static
../src/main.c:66:6:SetAlarma	4	static
../src/main.c:69:6:SetHora	168	static
../src/main.c:116:6:CambiarMenu	4	static
../src/main.c:124:6:VerificarAlarma	8	static
../src/main.c:131:6:MostrarTemp	8	static
../src/main.c:142:6:MostrarHora	8	static
../src/main.c:148:6:SonarAlarma	4	static
