F:\Users\Matias Garcia\Documents\MCUXpressoIDE_11.4.0_6237\workspace - copia\CMSISv2p00_LPC17xx\inc/core_cm3.h:928:22:NVIC_EnableIRQ	16	static
../src/configuraciones.h:16:6:config_GPIO	16	static
../src/configuraciones.h:64:6:Antirebote	16	static
../src/TecladoMatricial.h:13:6:readkey	16	static
../src/TecladoMatricial.h:31:6:retardo	16	static
../src/uart.h:7:6:setReloj	24	static
../src/uart.h:32:6:confUart	24	static
../src/uart.h:46:6:consoleclear	8	static
../src/uart.h:50:6:sendData	8	static
../src/timer.h:2:6:confTimers	32	static
../src/timer.h:40:6:TIMER0_IRQHandler	8	static
../src/ADC.h:2:6:confADC	8	static
../src/main.c:17:5:main	8	static
../src/main.c:39:6:EINT3_IRQHandler	16	static
../src/main.c:59:6:SetAlarma	4	static
../src/main.c:62:6:SetHora	4	static
../src/main.c:65:6:CambiarMenu	4	static
../src/main.c:73:6:VerificarAlarma	8	static
../src/main.c:80:6:MostrarTemp	4	static
../src/main.c:84:6:MostrarHora	4	static
../src/main.c:88:6:SonarAlarma	4	static
