F:\Users\Matias Garcia\Documents\MCUXpressoIDE_11.4.0_6237\workspace - copia\CMSISv2p00_LPC17xx\inc/core_cm3.h:928:22:NVIC_EnableIRQ	16	static
../src/configuraciones.h:16:6:config_GPIO	16	static
../src/configuraciones.h:64:6:configINT	8	static
../src/configuraciones.h:71:6:Antirebote	16	static
../src/configuraciones.h:76:6:retardo10ms	16	static
../src/TecladoMatricial.h:35:6:presiona	16	static
../src/TecladoMatricial.h:68:6:readkey	16	static
../src/TecladoMatricial.h:103:6:suelta	16	static
../src/TecladoMatricial.h:119:6:retardo	16	static
../src/uart.h:7:6:setReloj	24	static
../src/uart.h:32:6:setTemperatura	24	static
../src/uart.h:57:6:confUart	24	static
../src/uart.h:71:6:consoleclear	8	static
../src/uart.h:75:6:enviarReloj	8	static
../src/uart.h:79:6:enviarRTemperatura	8	static
../src/timer.h:2:6:confTimers	32	static
../src/timer.h:40:6:TIMER0_IRQHandler	4	static
../src/ADC.h:2:6:confADC	8	static
../src/dma.h:3:6:confDMA	48	static
../src/main.c:19:5:main	8	static
../src/main.c:44:6:EINT3_IRQHandler	16	static
../src/main.c:68:6:SetAlarma	4	static
../src/main.c:71:6:SetHora	168	static
../src/main.c:131:6:CambiarMenu	4	static
../src/main.c:139:6:VerificarAlarma	8	static
../src/main.c:146:6:MostrarTemp	8	static
../src/main.c:157:6:MostrarHora	8	static
../src/main.c:163:6:SonarAlarma	4	static
