F:\Users\Matias Garcia\Documents\MCUXpressoIDE_11.4.0_6237\workspace\CMSISv2p00_LPC17xx\inc\core_cm3.h:928:22:NVIC_EnableIRQ	16	static
../src/configuraciones.h:2:6:config_GPIO	16	static
../src/TecladoMatricial.h:13:6:readkey	16	static
../src/TecladoMatricial.h:31:6:retardo	16	static
../src/uart.h:4:6:confUart	24	static
../src/uart.h:18:6:consoleclear	8	static
../src/uart.h:22:6:sendData	8	static
../src/timer.h:2:6:confTimers	32	static
../src/timer.h:40:6:TIMER1_IRQHandler	8	static
../src/ADC.h:2:6:confADC	8	static
../src/main.c:23:5:main	8	static
